[2026-05-16T02:51:14.150+0000] {local_task_job_runner.py:120} INFO - ::group::Pre task execution logs
[2026-05-16T02:51:14.191+0000] {taskinstance.py:2076} INFO - Dependencies all met for dep_context=non-requeueable deps ti=<TaskInstance: newyork_fhv_ingestion.ingest_fhv_base_aggregate manual__2026-05-16T02:51:12.501166+00:00 [queued]>
[2026-05-16T02:51:14.209+0000] {taskinstance.py:2076} INFO - Dependencies all met for dep_context=requeueable deps ti=<TaskInstance: newyork_fhv_ingestion.ingest_fhv_base_aggregate manual__2026-05-16T02:51:12.501166+00:00 [queued]>
[2026-05-16T02:51:14.212+0000] {taskinstance.py:2306} INFO - Starting attempt 1 of 2
[2026-05-16T02:51:14.238+0000] {taskinstance.py:2330} INFO - Executing <Task(PythonOperator): ingest_fhv_base_aggregate> on 2026-05-16 02:51:12.501166+00:00
[2026-05-16T02:51:14.249+0000] {warnings.py:110} WARNING - /home/***/.local/lib/python3.12/site-packages/***/task/task_runner/standard_task_runner.py:61: DeprecationWarning: This process (pid=203) is multi-threaded, use of fork() may lead to deadlocks in the child.
  pid = os.fork()

[2026-05-16T02:51:14.250+0000] {standard_task_runner.py:90} INFO - Running: ['***', 'tasks', 'run', 'newyork_fhv_ingestion', 'ingest_fhv_base_aggregate', 'manual__2026-05-16T02:51:12.501166+00:00', '--job-id', '85', '--raw', '--subdir', 'DAGS_FOLDER/newyork_fhv_ingestion.py', '--cfg-path', '/tmp/tmp0ngp37ek']
[2026-05-16T02:51:14.253+0000] {standard_task_runner.py:63} INFO - Started process 204 to run task
[2026-05-16T02:51:14.254+0000] {standard_task_runner.py:91} INFO - Job 85: Subtask ingest_fhv_base_aggregate
[2026-05-16T02:51:14.364+0000] {task_command.py:426} INFO - Running <TaskInstance: newyork_fhv_ingestion.ingest_fhv_base_aggregate manual__2026-05-16T02:51:12.501166+00:00 [running]> on host 63db16498da3
[2026-05-16T02:51:14.512+0000] {taskinstance.py:2648} INFO - Exporting env vars: AIRFLOW_CTX_DAG_OWNER='***' AIRFLOW_CTX_DAG_ID='newyork_fhv_ingestion' AIRFLOW_CTX_TASK_ID='ingest_fhv_base_aggregate' AIRFLOW_CTX_EXECUTION_DATE='2026-05-16T02:51:12.501166+00:00' AIRFLOW_CTX_TRY_NUMBER='1' AIRFLOW_CTX_DAG_RUN_ID='manual__2026-05-16T02:51:12.501166+00:00'
[2026-05-16T02:51:14.513+0000] {taskinstance.py:430} INFO - ::endgroup::
[2026-05-16T02:51:14.544+0000] {logging_mixin.py:188} INFO - [Ingestion] Fetching data from: https://data.cityofnewyork.us/resource/2v9c-2k7f.json
[2026-05-16T02:51:19.879+0000] {logging_mixin.py:188} INFO - [Ingestion] Records fetched: 50000
[2026-05-16T02:51:21.450+0000] {logging_mixin.py:188} INFO - [Ingestion] Saved to: /opt/***/data/bronze/newyork_fhv_base_aggregate_raw.json
[2026-05-16T02:51:21.472+0000] {python.py:237} INFO - Done. Returned value was: 50000
[2026-05-16T02:51:21.473+0000] {taskinstance.py:441} INFO - ::group::Post task execution logs
[2026-05-16T02:51:21.513+0000] {taskinstance.py:1206} INFO - Marking task as SUCCESS. dag_id=newyork_fhv_ingestion, task_id=ingest_fhv_base_aggregate, run_id=manual__2026-05-16T02:51:12.501166+00:00, execution_date=20260516T025112, start_date=20260516T025114, end_date=20260516T025121
[2026-05-16T02:51:21.568+0000] {local_task_job_runner.py:240} INFO - Task exited with return code 0
[2026-05-16T02:51:21.593+0000] {taskinstance.py:3498} INFO - 0 downstream tasks scheduled from follow-on schedule check
[2026-05-16T02:51:21.597+0000] {local_task_job_runner.py:222} INFO - ::endgroup::
