[2026-04-30T09:05:58.049+0000] {local_task_job_runner.py:120} INFO - ::group::Pre task execution logs
[2026-04-30T09:05:58.091+0000] {taskinstance.py:2076} INFO - Dependencies all met for dep_context=non-requeueable deps ti=<TaskInstance: nyc_fhv_pipeline.trigger_quality_check manual__2026-04-30T08:59:07.261721+00:00 [queued]>
[2026-04-30T09:05:58.106+0000] {taskinstance.py:2076} INFO - Dependencies all met for dep_context=requeueable deps ti=<TaskInstance: nyc_fhv_pipeline.trigger_quality_check manual__2026-04-30T08:59:07.261721+00:00 [queued]>
[2026-04-30T09:05:58.109+0000] {taskinstance.py:2306} INFO - Starting attempt 1 of 2
[2026-04-30T09:05:58.135+0000] {taskinstance.py:2330} INFO - Executing <Task(TriggerDagRunOperator): trigger_quality_check> on 2026-04-30 08:59:07.261721+00:00
[2026-04-30T09:05:58.144+0000] {warnings.py:110} WARNING - /home/***/.local/lib/python3.12/site-packages/***/task/task_runner/standard_task_runner.py:61: DeprecationWarning: This process (pid=211) is multi-threaded, use of fork() may lead to deadlocks in the child.
  pid = os.fork()

[2026-04-30T09:05:58.147+0000] {standard_task_runner.py:63} INFO - Started process 213 to run task
[2026-04-30T09:05:58.147+0000] {standard_task_runner.py:90} INFO - Running: ['***', 'tasks', 'run', 'nyc_fhv_pipeline', 'trigger_quality_check', 'manual__2026-04-30T08:59:07.261721+00:00', '--job-id', '17', '--raw', '--subdir', 'DAGS_FOLDER/nyc_fhv_pipeline.py', '--cfg-path', '/tmp/tmp6h1dfopo']
[2026-04-30T09:05:58.149+0000] {standard_task_runner.py:91} INFO - Job 17: Subtask trigger_quality_check
[2026-04-30T09:05:58.255+0000] {task_command.py:426} INFO - Running <TaskInstance: nyc_fhv_pipeline.trigger_quality_check manual__2026-04-30T08:59:07.261721+00:00 [running]> on host 129dc407573d
[2026-04-30T09:05:58.499+0000] {taskinstance.py:2648} INFO - Exporting env vars: AIRFLOW_CTX_DAG_OWNER='***' AIRFLOW_CTX_DAG_ID='nyc_fhv_pipeline' AIRFLOW_CTX_TASK_ID='trigger_quality_check' AIRFLOW_CTX_EXECUTION_DATE='2026-04-30T08:59:07.261721+00:00' AIRFLOW_CTX_TRY_NUMBER='1' AIRFLOW_CTX_DAG_RUN_ID='manual__2026-04-30T08:59:07.261721+00:00'
[2026-04-30T09:05:58.506+0000] {taskinstance.py:430} INFO - ::endgroup::
[2026-04-30T09:05:58.719+0000] {trigger_dagrun.py:222} INFO - Waiting for nyc_fhv_quality_check on 2026-04-30 09:05:58.554144+00:00 to become allowed state ['success'] ...
[2026-04-30T09:06:08.734+0000] {trigger_dagrun.py:235} INFO - nyc_fhv_quality_check finished with allowed state success
[2026-04-30T09:06:08.735+0000] {taskinstance.py:441} INFO - ::group::Post task execution logs
[2026-04-30T09:06:08.746+0000] {taskinstance.py:1206} INFO - Marking task as SUCCESS. dag_id=nyc_fhv_pipeline, task_id=trigger_quality_check, run_id=manual__2026-04-30T08:59:07.261721+00:00, execution_date=20260430T085907, start_date=20260430T090558, end_date=20260430T090608
[2026-04-30T09:06:08.797+0000] {local_task_job_runner.py:240} INFO - Task exited with return code 0
[2026-04-30T09:06:08.827+0000] {taskinstance.py:3498} INFO - 1 downstream tasks scheduled from follow-on schedule check
[2026-04-30T09:06:08.830+0000] {local_task_job_runner.py:222} INFO - ::endgroup::
