[2026-04-30T09:05:42.465+0000] {local_task_job_runner.py:120} INFO - ::group::Pre task execution logs
[2026-04-30T09:05:42.947+0000] {taskinstance.py:2076} INFO - Dependencies all met for dep_context=non-requeueable deps ti=<TaskInstance: nyc_fhv_quality_check.check_null_values manual__2026-04-30T09:05:37.187291+00:00 [queued]>
[2026-04-30T09:05:43.004+0000] {taskinstance.py:2076} INFO - Dependencies all met for dep_context=requeueable deps ti=<TaskInstance: nyc_fhv_quality_check.check_null_values manual__2026-04-30T09:05:37.187291+00:00 [queued]>
[2026-04-30T09:05:43.015+0000] {taskinstance.py:2306} INFO - Starting attempt 1 of 2
[2026-04-30T09:05:43.086+0000] {taskinstance.py:2330} INFO - Executing <Task(PythonOperator): check_null_values> on 2026-04-30 09:05:37.187291+00:00
[2026-04-30T09:05:43.111+0000] {warnings.py:110} WARNING - /home/***/.local/lib/python3.12/site-packages/***/task/task_runner/standard_task_runner.py:61: DeprecationWarning: This process (pid=195) is multi-threaded, use of fork() may lead to deadlocks in the child.
  pid = os.fork()

[2026-04-30T09:05:43.141+0000] {standard_task_runner.py:63} INFO - Started process 202 to run task
[2026-04-30T09:05:43.121+0000] {standard_task_runner.py:90} INFO - Running: ['***', 'tasks', 'run', 'nyc_fhv_quality_check', 'check_null_values', 'manual__2026-04-30T09:05:37.187291+00:00', '--job-id', '16', '--raw', '--subdir', 'DAGS_FOLDER/nyc_fhv_quality_check.py', '--cfg-path', '/tmp/tmpolxydeck']
[2026-04-30T09:05:43.175+0000] {standard_task_runner.py:91} INFO - Job 16: Subtask check_null_values
[2026-04-30T09:05:43.420+0000] {task_command.py:426} INFO - Running <TaskInstance: nyc_fhv_quality_check.check_null_values manual__2026-04-30T09:05:37.187291+00:00 [running]> on host 129dc407573d
[2026-04-30T09:05:43.694+0000] {taskinstance.py:2648} INFO - Exporting env vars: AIRFLOW_CTX_DAG_OWNER='***' AIRFLOW_CTX_DAG_ID='nyc_fhv_quality_check' AIRFLOW_CTX_TASK_ID='check_null_values' AIRFLOW_CTX_EXECUTION_DATE='2026-04-30T09:05:37.187291+00:00' AIRFLOW_CTX_TRY_NUMBER='1' AIRFLOW_CTX_DAG_RUN_ID='manual__2026-04-30T09:05:37.187291+00:00'
[2026-04-30T09:05:43.698+0000] {taskinstance.py:430} INFO - ::endgroup::
[2026-04-30T09:05:43.976+0000] {taskinstance.py:441} INFO - ::group::Post task execution logs
[2026-04-30T09:05:43.983+0000] {taskinstance.py:2905} ERROR - Task failed with exception
Traceback (most recent call last):
  File "/home/airflow/.local/lib/python3.12/site-packages/airflow/models/taskinstance.py", line 465, in _execute_task
    result = _execute_callable(context=context, **execute_callable_kwargs)
             ^^^^^^^^^^^^^^^^^^^^^^^^^^^^^^^^^^^^^^^^^^^^^^^^^^^^^^^^^^^^^
  File "/home/airflow/.local/lib/python3.12/site-packages/airflow/models/taskinstance.py", line 432, in _execute_callable
    return execute_callable(context=context, **execute_callable_kwargs)
           ^^^^^^^^^^^^^^^^^^^^^^^^^^^^^^^^^^^^^^^^^^^^^^^^^^^^^^^^^^^^
  File "/home/airflow/.local/lib/python3.12/site-packages/airflow/models/baseoperator.py", line 400, in wrapper
    return func(self, *args, **kwargs)
           ^^^^^^^^^^^^^^^^^^^^^^^^^^^
  File "/home/airflow/.local/lib/python3.12/site-packages/airflow/operators/python.py", line 235, in execute
    return_value = self.execute_callable()
                   ^^^^^^^^^^^^^^^^^^^^^^^
  File "/home/airflow/.local/lib/python3.12/site-packages/airflow/operators/python.py", line 252, in execute_callable
    return self.python_callable(*self.op_args, **self.op_kwargs)
           ^^^^^^^^^^^^^^^^^^^^^^^^^^^^^^^^^^^^^^^^^^^^^^^^^^^^^
  File "/opt/airflow/dags/nyc_fhv_quality_check.py", line 34, in check_null_values
    data = json.load(f)
           ^^^^^^^^^^^^
  File "/usr/local/lib/python3.12/json/__init__.py", line 293, in load
    return loads(fp.read(),
           ^^^^^^^^^^^^^^^^
  File "/usr/local/lib/python3.12/json/__init__.py", line 346, in loads
    return _default_decoder.decode(s)
           ^^^^^^^^^^^^^^^^^^^^^^^^^^
  File "/usr/local/lib/python3.12/json/decoder.py", line 337, in decode
    obj, end = self.raw_decode(s, idx=_w(s, 0).end())
               ^^^^^^^^^^^^^^^^^^^^^^^^^^^^^^^^^^^^^^
  File "/usr/local/lib/python3.12/json/decoder.py", line 353, in raw_decode
    obj, end = self.scan_once(s, idx)
               ^^^^^^^^^^^^^^^^^^^^^^
json.decoder.JSONDecodeError: Expecting property name enclosed in double quotes: line 121903 column 5 (char 3371991)
[2026-04-30T09:05:44.037+0000] {taskinstance.py:1206} INFO - Marking task as UP_FOR_RETRY. dag_id=nyc_fhv_quality_check, task_id=check_null_values, run_id=manual__2026-04-30T09:05:37.187291+00:00, execution_date=20260430T090537, start_date=20260430T090542, end_date=20260430T090544
[2026-04-30T09:05:44.059+0000] {standard_task_runner.py:110} ERROR - Failed to execute job 16 for task check_null_values (Expecting property name enclosed in double quotes: line 121903 column 5 (char 3371991); 202)
[2026-04-30T09:05:44.087+0000] {local_task_job_runner.py:240} INFO - Task exited with return code 1
[2026-04-30T09:05:44.146+0000] {taskinstance.py:3498} INFO - 0 downstream tasks scheduled from follow-on schedule check
[2026-04-30T09:05:44.152+0000] {local_task_job_runner.py:222} INFO - ::endgroup::
