[2026-04-30T09:10:45.213+0000] {local_task_job_runner.py:120} INFO - ::group::Pre task execution logs
[2026-04-30T09:10:45.240+0000] {taskinstance.py:2076} INFO - Dependencies all met for dep_context=non-requeueable deps ti=<TaskInstance: nyc_fhv_quality_check.check_null_values manual__2026-04-30T09:05:37.187291+00:00 [queued]>
[2026-04-30T09:10:45.252+0000] {taskinstance.py:2076} INFO - Dependencies all met for dep_context=requeueable deps ti=<TaskInstance: nyc_fhv_quality_check.check_null_values manual__2026-04-30T09:05:37.187291+00:00 [queued]>
[2026-04-30T09:10:45.253+0000] {taskinstance.py:2306} INFO - Starting attempt 2 of 2
[2026-04-30T09:10:45.270+0000] {taskinstance.py:2330} INFO - Executing <Task(PythonOperator): check_null_values> on 2026-04-30 09:05:37.187291+00:00
[2026-04-30T09:10:45.279+0000] {warnings.py:110} WARNING - /home/***/.local/lib/python3.12/site-packages/***/task/task_runner/standard_task_runner.py:61: DeprecationWarning: This process (pid=308) is multi-threaded, use of fork() may lead to deadlocks in the child.
  pid = os.fork()

[2026-04-30T09:10:45.281+0000] {standard_task_runner.py:90} INFO - Running: ['***', 'tasks', 'run', 'nyc_fhv_quality_check', 'check_null_values', 'manual__2026-04-30T09:05:37.187291+00:00', '--job-id', '39', '--raw', '--subdir', 'DAGS_FOLDER/nyc_fhv_quality_check.py', '--cfg-path', '/tmp/tmp3k5uqlu3']
[2026-04-30T09:10:45.282+0000] {standard_task_runner.py:63} INFO - Started process 310 to run task
[2026-04-30T09:10:45.283+0000] {standard_task_runner.py:91} INFO - Job 39: Subtask check_null_values
[2026-04-30T09:10:45.385+0000] {task_command.py:426} INFO - Running <TaskInstance: nyc_fhv_quality_check.check_null_values manual__2026-04-30T09:05:37.187291+00:00 [running]> on host 129dc407573d
[2026-04-30T09:10:45.506+0000] {taskinstance.py:2648} INFO - Exporting env vars: AIRFLOW_CTX_DAG_OWNER='***' AIRFLOW_CTX_DAG_ID='nyc_fhv_quality_check' AIRFLOW_CTX_TASK_ID='check_null_values' AIRFLOW_CTX_EXECUTION_DATE='2026-04-30T09:05:37.187291+00:00' AIRFLOW_CTX_TRY_NUMBER='2' AIRFLOW_CTX_DAG_RUN_ID='manual__2026-04-30T09:05:37.187291+00:00'
[2026-04-30T09:10:45.508+0000] {taskinstance.py:430} INFO - ::endgroup::
[2026-04-30T09:10:45.825+0000] {logging_mixin.py:188} INFO - [QC] WARNING: Column 'base_number' has 50000 null values
[2026-04-30T09:10:45.845+0000] {logging_mixin.py:188} INFO - [QC] Null check report: {'base_number': 50000, 'base_name': 0, 'year': 0, 'month': 0, 'total_dispatched_trips': 0, 'unique_dispatched_vehicles': 0}
[2026-04-30T09:10:45.889+0000] {python.py:237} INFO - Done. Returned value was: {'base_number': 50000, 'base_name': 0, 'year': 0, 'month': 0, 'total_dispatched_trips': 0, 'unique_dispatched_vehicles': 0}
[2026-04-30T09:10:45.896+0000] {taskinstance.py:441} INFO - ::group::Post task execution logs
[2026-04-30T09:10:45.938+0000] {taskinstance.py:1206} INFO - Marking task as SUCCESS. dag_id=nyc_fhv_quality_check, task_id=check_null_values, run_id=manual__2026-04-30T09:05:37.187291+00:00, execution_date=20260430T090537, start_date=20260430T091045, end_date=20260430T091045
[2026-04-30T09:10:46.022+0000] {local_task_job_runner.py:240} INFO - Task exited with return code 0
[2026-04-30T09:10:46.086+0000] {taskinstance.py:3498} INFO - 1 downstream tasks scheduled from follow-on schedule check
[2026-04-30T09:10:46.090+0000] {local_task_job_runner.py:222} INFO - ::endgroup::
