[2026-05-16T02:42:44.587+0000] {processor.py:161} INFO - Started process (PID=84) to work on /opt/airflow/dags/newyork_fhv_quality_check.py
[2026-05-16T02:42:44.589+0000] {processor.py:830} INFO - Processing file /opt/airflow/dags/newyork_fhv_quality_check.py for tasks to queue
[2026-05-16T02:42:44.592+0000] {logging_mixin.py:188} INFO - [2026-05-16T02:42:44.591+0000] {dagbag.py:545} INFO - Filling up the DagBag from /opt/airflow/dags/newyork_fhv_quality_check.py
[2026-05-16T02:42:44.623+0000] {processor.py:840} INFO - DAG(s) 'newyork_fhv_quality_check' retrieved from /opt/airflow/dags/newyork_fhv_quality_check.py
[2026-05-16T02:42:44.752+0000] {logging_mixin.py:188} INFO - [2026-05-16T02:42:44.752+0000] {dag.py:3096} INFO - Sync 1 DAGs
[2026-05-16T02:42:44.766+0000] {logging_mixin.py:188} INFO - [2026-05-16T02:42:44.766+0000] {dag.py:3954} INFO - Setting next_dagrun for newyork_fhv_quality_check to None, run_after=None
[2026-05-16T02:42:44.797+0000] {processor.py:183} INFO - Processing /opt/airflow/dags/newyork_fhv_quality_check.py took 0.219 seconds
[2026-05-16T02:43:15.253+0000] {processor.py:161} INFO - Started process (PID=95) to work on /opt/airflow/dags/newyork_fhv_quality_check.py
[2026-05-16T02:43:15.255+0000] {processor.py:830} INFO - Processing file /opt/airflow/dags/newyork_fhv_quality_check.py for tasks to queue
[2026-05-16T02:43:15.257+0000] {logging_mixin.py:188} INFO - [2026-05-16T02:43:15.257+0000] {dagbag.py:545} INFO - Filling up the DagBag from /opt/airflow/dags/newyork_fhv_quality_check.py
[2026-05-16T02:43:15.293+0000] {processor.py:840} INFO - DAG(s) 'newyork_fhv_quality_check' retrieved from /opt/airflow/dags/newyork_fhv_quality_check.py
[2026-05-16T02:43:15.322+0000] {logging_mixin.py:188} INFO - [2026-05-16T02:43:15.322+0000] {dag.py:3096} INFO - Sync 1 DAGs
[2026-05-16T02:43:15.335+0000] {logging_mixin.py:188} INFO - [2026-05-16T02:43:15.335+0000] {dag.py:3954} INFO - Setting next_dagrun for newyork_fhv_quality_check to None, run_after=None
[2026-05-16T02:43:15.359+0000] {processor.py:183} INFO - Processing /opt/airflow/dags/newyork_fhv_quality_check.py took 0.114 seconds
[2026-05-16T02:43:46.172+0000] {processor.py:161} INFO - Started process (PID=106) to work on /opt/airflow/dags/newyork_fhv_quality_check.py
[2026-05-16T02:43:46.174+0000] {processor.py:830} INFO - Processing file /opt/airflow/dags/newyork_fhv_quality_check.py for tasks to queue
[2026-05-16T02:43:46.176+0000] {logging_mixin.py:188} INFO - [2026-05-16T02:43:46.176+0000] {dagbag.py:545} INFO - Filling up the DagBag from /opt/airflow/dags/newyork_fhv_quality_check.py
[2026-05-16T02:43:46.206+0000] {processor.py:840} INFO - DAG(s) 'newyork_fhv_quality_check' retrieved from /opt/airflow/dags/newyork_fhv_quality_check.py
[2026-05-16T02:43:46.232+0000] {logging_mixin.py:188} INFO - [2026-05-16T02:43:46.232+0000] {dag.py:3096} INFO - Sync 1 DAGs
[2026-05-16T02:43:46.254+0000] {logging_mixin.py:188} INFO - [2026-05-16T02:43:46.253+0000] {dag.py:3954} INFO - Setting next_dagrun for newyork_fhv_quality_check to None, run_after=None
[2026-05-16T02:43:46.284+0000] {processor.py:183} INFO - Processing /opt/airflow/dags/newyork_fhv_quality_check.py took 0.118 seconds
[2026-05-16T02:44:17.113+0000] {processor.py:161} INFO - Started process (PID=117) to work on /opt/airflow/dags/newyork_fhv_quality_check.py
[2026-05-16T02:44:17.114+0000] {processor.py:830} INFO - Processing file /opt/airflow/dags/newyork_fhv_quality_check.py for tasks to queue
[2026-05-16T02:44:17.117+0000] {logging_mixin.py:188} INFO - [2026-05-16T02:44:17.117+0000] {dagbag.py:545} INFO - Filling up the DagBag from /opt/airflow/dags/newyork_fhv_quality_check.py
[2026-05-16T02:44:17.152+0000] {processor.py:840} INFO - DAG(s) 'newyork_fhv_quality_check' retrieved from /opt/airflow/dags/newyork_fhv_quality_check.py
[2026-05-16T02:44:17.189+0000] {logging_mixin.py:188} INFO - [2026-05-16T02:44:17.189+0000] {dag.py:3096} INFO - Sync 1 DAGs
[2026-05-16T02:44:17.212+0000] {logging_mixin.py:188} INFO - [2026-05-16T02:44:17.212+0000] {dag.py:3954} INFO - Setting next_dagrun for newyork_fhv_quality_check to None, run_after=None
[2026-05-16T02:44:17.239+0000] {processor.py:183} INFO - Processing /opt/airflow/dags/newyork_fhv_quality_check.py took 0.134 seconds
[2026-05-16T02:44:47.996+0000] {processor.py:161} INFO - Started process (PID=128) to work on /opt/airflow/dags/newyork_fhv_quality_check.py
[2026-05-16T02:44:47.998+0000] {processor.py:830} INFO - Processing file /opt/airflow/dags/newyork_fhv_quality_check.py for tasks to queue
[2026-05-16T02:44:48.001+0000] {logging_mixin.py:188} INFO - [2026-05-16T02:44:48.001+0000] {dagbag.py:545} INFO - Filling up the DagBag from /opt/airflow/dags/newyork_fhv_quality_check.py
[2026-05-16T02:44:48.038+0000] {processor.py:840} INFO - DAG(s) 'newyork_fhv_quality_check' retrieved from /opt/airflow/dags/newyork_fhv_quality_check.py
[2026-05-16T02:44:48.084+0000] {logging_mixin.py:188} INFO - [2026-05-16T02:44:48.083+0000] {dag.py:3096} INFO - Sync 1 DAGs
[2026-05-16T02:44:48.099+0000] {logging_mixin.py:188} INFO - [2026-05-16T02:44:48.098+0000] {dag.py:3954} INFO - Setting next_dagrun for newyork_fhv_quality_check to None, run_after=None
[2026-05-16T02:44:48.122+0000] {processor.py:183} INFO - Processing /opt/airflow/dags/newyork_fhv_quality_check.py took 0.135 seconds
[2026-05-16T02:45:18.953+0000] {processor.py:161} INFO - Started process (PID=145) to work on /opt/airflow/dags/newyork_fhv_quality_check.py
[2026-05-16T02:45:18.954+0000] {processor.py:830} INFO - Processing file /opt/airflow/dags/newyork_fhv_quality_check.py for tasks to queue
[2026-05-16T02:45:18.957+0000] {logging_mixin.py:188} INFO - [2026-05-16T02:45:18.957+0000] {dagbag.py:545} INFO - Filling up the DagBag from /opt/airflow/dags/newyork_fhv_quality_check.py
[2026-05-16T02:45:18.987+0000] {processor.py:840} INFO - DAG(s) 'newyork_fhv_quality_check' retrieved from /opt/airflow/dags/newyork_fhv_quality_check.py
[2026-05-16T02:45:19.015+0000] {logging_mixin.py:188} INFO - [2026-05-16T02:45:19.015+0000] {dag.py:3096} INFO - Sync 1 DAGs
[2026-05-16T02:45:19.030+0000] {logging_mixin.py:188} INFO - [2026-05-16T02:45:19.030+0000] {dag.py:3954} INFO - Setting next_dagrun for newyork_fhv_quality_check to None, run_after=None
[2026-05-16T02:45:19.056+0000] {processor.py:183} INFO - Processing /opt/airflow/dags/newyork_fhv_quality_check.py took 0.110 seconds
[2026-05-16T02:45:50.051+0000] {processor.py:161} INFO - Started process (PID=156) to work on /opt/airflow/dags/newyork_fhv_quality_check.py
[2026-05-16T02:45:50.053+0000] {processor.py:830} INFO - Processing file /opt/airflow/dags/newyork_fhv_quality_check.py for tasks to queue
[2026-05-16T02:45:50.057+0000] {logging_mixin.py:188} INFO - [2026-05-16T02:45:50.056+0000] {dagbag.py:545} INFO - Filling up the DagBag from /opt/airflow/dags/newyork_fhv_quality_check.py
[2026-05-16T02:45:50.101+0000] {processor.py:840} INFO - DAG(s) 'newyork_fhv_quality_check' retrieved from /opt/airflow/dags/newyork_fhv_quality_check.py
[2026-05-16T02:45:50.130+0000] {logging_mixin.py:188} INFO - [2026-05-16T02:45:50.129+0000] {dag.py:3096} INFO - Sync 1 DAGs
[2026-05-16T02:45:50.144+0000] {logging_mixin.py:188} INFO - [2026-05-16T02:45:50.144+0000] {dag.py:3954} INFO - Setting next_dagrun for newyork_fhv_quality_check to None, run_after=None
[2026-05-16T02:45:50.171+0000] {processor.py:183} INFO - Processing /opt/airflow/dags/newyork_fhv_quality_check.py took 0.132 seconds
[2026-05-16T02:46:20.852+0000] {processor.py:161} INFO - Started process (PID=168) to work on /opt/airflow/dags/newyork_fhv_quality_check.py
[2026-05-16T02:46:20.853+0000] {processor.py:830} INFO - Processing file /opt/airflow/dags/newyork_fhv_quality_check.py for tasks to queue
[2026-05-16T02:46:20.856+0000] {logging_mixin.py:188} INFO - [2026-05-16T02:46:20.855+0000] {dagbag.py:545} INFO - Filling up the DagBag from /opt/airflow/dags/newyork_fhv_quality_check.py
[2026-05-16T02:46:20.884+0000] {processor.py:840} INFO - DAG(s) 'newyork_fhv_quality_check' retrieved from /opt/airflow/dags/newyork_fhv_quality_check.py
[2026-05-16T02:46:20.907+0000] {logging_mixin.py:188} INFO - [2026-05-16T02:46:20.906+0000] {dag.py:3096} INFO - Sync 1 DAGs
[2026-05-16T02:46:20.919+0000] {logging_mixin.py:188} INFO - [2026-05-16T02:46:20.919+0000] {dag.py:3954} INFO - Setting next_dagrun for newyork_fhv_quality_check to None, run_after=None
[2026-05-16T02:46:20.942+0000] {processor.py:183} INFO - Processing /opt/airflow/dags/newyork_fhv_quality_check.py took 0.099 seconds
[2026-05-16T02:46:51.819+0000] {processor.py:161} INFO - Started process (PID=179) to work on /opt/airflow/dags/newyork_fhv_quality_check.py
[2026-05-16T02:46:51.821+0000] {processor.py:830} INFO - Processing file /opt/airflow/dags/newyork_fhv_quality_check.py for tasks to queue
[2026-05-16T02:46:51.824+0000] {logging_mixin.py:188} INFO - [2026-05-16T02:46:51.823+0000] {dagbag.py:545} INFO - Filling up the DagBag from /opt/airflow/dags/newyork_fhv_quality_check.py
[2026-05-16T02:46:51.865+0000] {processor.py:840} INFO - DAG(s) 'newyork_fhv_quality_check' retrieved from /opt/airflow/dags/newyork_fhv_quality_check.py
[2026-05-16T02:46:51.890+0000] {logging_mixin.py:188} INFO - [2026-05-16T02:46:51.890+0000] {dag.py:3096} INFO - Sync 1 DAGs
[2026-05-16T02:46:51.904+0000] {logging_mixin.py:188} INFO - [2026-05-16T02:46:51.904+0000] {dag.py:3954} INFO - Setting next_dagrun for newyork_fhv_quality_check to None, run_after=None
[2026-05-16T02:46:51.928+0000] {processor.py:183} INFO - Processing /opt/airflow/dags/newyork_fhv_quality_check.py took 0.120 seconds
[2026-05-16T02:47:23.066+0000] {processor.py:161} INFO - Started process (PID=190) to work on /opt/airflow/dags/newyork_fhv_quality_check.py
[2026-05-16T02:47:23.068+0000] {processor.py:830} INFO - Processing file /opt/airflow/dags/newyork_fhv_quality_check.py for tasks to queue
[2026-05-16T02:47:23.075+0000] {logging_mixin.py:188} INFO - [2026-05-16T02:47:23.074+0000] {dagbag.py:545} INFO - Filling up the DagBag from /opt/airflow/dags/newyork_fhv_quality_check.py
[2026-05-16T02:47:23.136+0000] {processor.py:840} INFO - DAG(s) 'newyork_fhv_quality_check' retrieved from /opt/airflow/dags/newyork_fhv_quality_check.py
[2026-05-16T02:47:23.179+0000] {logging_mixin.py:188} INFO - [2026-05-16T02:47:23.179+0000] {dag.py:3096} INFO - Sync 1 DAGs
[2026-05-16T02:47:23.195+0000] {logging_mixin.py:188} INFO - [2026-05-16T02:47:23.195+0000] {dag.py:3954} INFO - Setting next_dagrun for newyork_fhv_quality_check to None, run_after=None
[2026-05-16T02:47:23.225+0000] {processor.py:183} INFO - Processing /opt/airflow/dags/newyork_fhv_quality_check.py took 0.179 seconds
[2026-05-16T02:47:53.493+0000] {processor.py:161} INFO - Started process (PID=201) to work on /opt/airflow/dags/newyork_fhv_quality_check.py
[2026-05-16T02:47:53.496+0000] {processor.py:830} INFO - Processing file /opt/airflow/dags/newyork_fhv_quality_check.py for tasks to queue
[2026-05-16T02:47:53.500+0000] {logging_mixin.py:188} INFO - [2026-05-16T02:47:53.499+0000] {dagbag.py:545} INFO - Filling up the DagBag from /opt/airflow/dags/newyork_fhv_quality_check.py
[2026-05-16T02:47:53.556+0000] {processor.py:840} INFO - DAG(s) 'newyork_fhv_quality_check' retrieved from /opt/airflow/dags/newyork_fhv_quality_check.py
[2026-05-16T02:47:53.595+0000] {logging_mixin.py:188} INFO - [2026-05-16T02:47:53.595+0000] {dag.py:3096} INFO - Sync 1 DAGs
[2026-05-16T02:47:53.614+0000] {logging_mixin.py:188} INFO - [2026-05-16T02:47:53.613+0000] {dag.py:3954} INFO - Setting next_dagrun for newyork_fhv_quality_check to None, run_after=None
[2026-05-16T02:47:53.658+0000] {processor.py:183} INFO - Processing /opt/airflow/dags/newyork_fhv_quality_check.py took 0.177 seconds
[2026-05-16T02:48:23.771+0000] {processor.py:161} INFO - Started process (PID=212) to work on /opt/airflow/dags/newyork_fhv_quality_check.py
[2026-05-16T02:48:23.773+0000] {processor.py:830} INFO - Processing file /opt/airflow/dags/newyork_fhv_quality_check.py for tasks to queue
[2026-05-16T02:48:23.776+0000] {logging_mixin.py:188} INFO - [2026-05-16T02:48:23.776+0000] {dagbag.py:545} INFO - Filling up the DagBag from /opt/airflow/dags/newyork_fhv_quality_check.py
[2026-05-16T02:48:23.826+0000] {processor.py:840} INFO - DAG(s) 'newyork_fhv_quality_check' retrieved from /opt/airflow/dags/newyork_fhv_quality_check.py
[2026-05-16T02:48:23.855+0000] {logging_mixin.py:188} INFO - [2026-05-16T02:48:23.854+0000] {dag.py:3096} INFO - Sync 1 DAGs
[2026-05-16T02:48:23.875+0000] {logging_mixin.py:188} INFO - [2026-05-16T02:48:23.875+0000] {dag.py:3954} INFO - Setting next_dagrun for newyork_fhv_quality_check to None, run_after=None
[2026-05-16T02:48:23.911+0000] {processor.py:183} INFO - Processing /opt/airflow/dags/newyork_fhv_quality_check.py took 0.151 seconds
[2026-05-16T02:48:54.848+0000] {processor.py:161} INFO - Started process (PID=223) to work on /opt/airflow/dags/newyork_fhv_quality_check.py
[2026-05-16T02:48:54.849+0000] {processor.py:830} INFO - Processing file /opt/airflow/dags/newyork_fhv_quality_check.py for tasks to queue
[2026-05-16T02:48:54.852+0000] {logging_mixin.py:188} INFO - [2026-05-16T02:48:54.851+0000] {dagbag.py:545} INFO - Filling up the DagBag from /opt/airflow/dags/newyork_fhv_quality_check.py
[2026-05-16T02:48:54.885+0000] {processor.py:840} INFO - DAG(s) 'newyork_fhv_quality_check' retrieved from /opt/airflow/dags/newyork_fhv_quality_check.py
[2026-05-16T02:48:54.911+0000] {logging_mixin.py:188} INFO - [2026-05-16T02:48:54.910+0000] {dag.py:3096} INFO - Sync 1 DAGs
[2026-05-16T02:48:54.927+0000] {logging_mixin.py:188} INFO - [2026-05-16T02:48:54.927+0000] {dag.py:3954} INFO - Setting next_dagrun for newyork_fhv_quality_check to None, run_after=None
[2026-05-16T02:48:54.952+0000] {processor.py:183} INFO - Processing /opt/airflow/dags/newyork_fhv_quality_check.py took 0.110 seconds
[2026-05-16T02:49:25.997+0000] {processor.py:161} INFO - Started process (PID=234) to work on /opt/airflow/dags/newyork_fhv_quality_check.py
[2026-05-16T02:49:25.999+0000] {processor.py:830} INFO - Processing file /opt/airflow/dags/newyork_fhv_quality_check.py for tasks to queue
[2026-05-16T02:49:26.004+0000] {logging_mixin.py:188} INFO - [2026-05-16T02:49:26.003+0000] {dagbag.py:545} INFO - Filling up the DagBag from /opt/airflow/dags/newyork_fhv_quality_check.py
[2026-05-16T02:49:26.070+0000] {processor.py:840} INFO - DAG(s) 'newyork_fhv_quality_check' retrieved from /opt/airflow/dags/newyork_fhv_quality_check.py
[2026-05-16T02:49:26.109+0000] {logging_mixin.py:188} INFO - [2026-05-16T02:49:26.109+0000] {dag.py:3096} INFO - Sync 1 DAGs
[2026-05-16T02:49:26.130+0000] {logging_mixin.py:188} INFO - [2026-05-16T02:49:26.129+0000] {dag.py:3954} INFO - Setting next_dagrun for newyork_fhv_quality_check to None, run_after=None
[2026-05-16T02:49:26.164+0000] {processor.py:183} INFO - Processing /opt/airflow/dags/newyork_fhv_quality_check.py took 0.186 seconds
[2026-05-16T02:49:56.477+0000] {processor.py:161} INFO - Started process (PID=245) to work on /opt/airflow/dags/newyork_fhv_quality_check.py
[2026-05-16T02:49:56.479+0000] {processor.py:830} INFO - Processing file /opt/airflow/dags/newyork_fhv_quality_check.py for tasks to queue
[2026-05-16T02:49:56.483+0000] {logging_mixin.py:188} INFO - [2026-05-16T02:49:56.482+0000] {dagbag.py:545} INFO - Filling up the DagBag from /opt/airflow/dags/newyork_fhv_quality_check.py
[2026-05-16T02:49:56.555+0000] {processor.py:840} INFO - DAG(s) 'newyork_fhv_quality_check' retrieved from /opt/airflow/dags/newyork_fhv_quality_check.py
[2026-05-16T02:49:56.613+0000] {logging_mixin.py:188} INFO - [2026-05-16T02:49:56.613+0000] {dag.py:3096} INFO - Sync 1 DAGs
[2026-05-16T02:49:56.644+0000] {logging_mixin.py:188} INFO - [2026-05-16T02:49:56.644+0000] {dag.py:3954} INFO - Setting next_dagrun for newyork_fhv_quality_check to None, run_after=None
[2026-05-16T02:49:56.687+0000] {processor.py:183} INFO - Processing /opt/airflow/dags/newyork_fhv_quality_check.py took 0.220 seconds
[2026-05-16T02:50:27.170+0000] {processor.py:161} INFO - Started process (PID=256) to work on /opt/airflow/dags/newyork_fhv_quality_check.py
[2026-05-16T02:50:27.172+0000] {processor.py:830} INFO - Processing file /opt/airflow/dags/newyork_fhv_quality_check.py for tasks to queue
[2026-05-16T02:50:27.176+0000] {logging_mixin.py:188} INFO - [2026-05-16T02:50:27.175+0000] {dagbag.py:545} INFO - Filling up the DagBag from /opt/airflow/dags/newyork_fhv_quality_check.py
[2026-05-16T02:50:27.400+0000] {processor.py:840} INFO - DAG(s) 'newyork_fhv_quality_check' retrieved from /opt/airflow/dags/newyork_fhv_quality_check.py
[2026-05-16T02:50:27.458+0000] {logging_mixin.py:188} INFO - [2026-05-16T02:50:27.457+0000] {dag.py:3096} INFO - Sync 1 DAGs
[2026-05-16T02:50:27.491+0000] {logging_mixin.py:188} INFO - [2026-05-16T02:50:27.490+0000] {dag.py:3954} INFO - Setting next_dagrun for newyork_fhv_quality_check to None, run_after=None
[2026-05-16T02:50:27.546+0000] {processor.py:183} INFO - Processing /opt/airflow/dags/newyork_fhv_quality_check.py took 0.386 seconds
[2026-05-16T02:50:57.726+0000] {processor.py:161} INFO - Started process (PID=267) to work on /opt/airflow/dags/newyork_fhv_quality_check.py
[2026-05-16T02:50:57.728+0000] {processor.py:830} INFO - Processing file /opt/airflow/dags/newyork_fhv_quality_check.py for tasks to queue
[2026-05-16T02:50:57.731+0000] {logging_mixin.py:188} INFO - [2026-05-16T02:50:57.731+0000] {dagbag.py:545} INFO - Filling up the DagBag from /opt/airflow/dags/newyork_fhv_quality_check.py
[2026-05-16T02:50:57.767+0000] {processor.py:840} INFO - DAG(s) 'newyork_fhv_quality_check' retrieved from /opt/airflow/dags/newyork_fhv_quality_check.py
[2026-05-16T02:50:57.795+0000] {logging_mixin.py:188} INFO - [2026-05-16T02:50:57.794+0000] {dag.py:3096} INFO - Sync 1 DAGs
[2026-05-16T02:50:57.810+0000] {logging_mixin.py:188} INFO - [2026-05-16T02:50:57.810+0000] {dag.py:3954} INFO - Setting next_dagrun for newyork_fhv_quality_check to None, run_after=None
[2026-05-16T02:50:57.842+0000] {processor.py:183} INFO - Processing /opt/airflow/dags/newyork_fhv_quality_check.py took 0.124 seconds
[2026-05-16T02:51:27.940+0000] {processor.py:161} INFO - Started process (PID=283) to work on /opt/airflow/dags/newyork_fhv_quality_check.py
[2026-05-16T02:51:27.941+0000] {processor.py:830} INFO - Processing file /opt/airflow/dags/newyork_fhv_quality_check.py for tasks to queue
[2026-05-16T02:51:27.944+0000] {logging_mixin.py:188} INFO - [2026-05-16T02:51:27.943+0000] {dagbag.py:545} INFO - Filling up the DagBag from /opt/airflow/dags/newyork_fhv_quality_check.py
[2026-05-16T02:51:27.976+0000] {processor.py:840} INFO - DAG(s) 'newyork_fhv_quality_check' retrieved from /opt/airflow/dags/newyork_fhv_quality_check.py
[2026-05-16T02:51:28.003+0000] {logging_mixin.py:188} INFO - [2026-05-16T02:51:28.003+0000] {dag.py:3096} INFO - Sync 1 DAGs
[2026-05-16T02:51:28.020+0000] {logging_mixin.py:188} INFO - [2026-05-16T02:51:28.019+0000] {dag.py:3954} INFO - Setting next_dagrun for newyork_fhv_quality_check to None, run_after=None
[2026-05-16T02:51:28.045+0000] {processor.py:183} INFO - Processing /opt/airflow/dags/newyork_fhv_quality_check.py took 0.113 seconds
[2026-05-16T02:51:58.980+0000] {processor.py:161} INFO - Started process (PID=294) to work on /opt/airflow/dags/newyork_fhv_quality_check.py
[2026-05-16T02:51:58.982+0000] {processor.py:830} INFO - Processing file /opt/airflow/dags/newyork_fhv_quality_check.py for tasks to queue
[2026-05-16T02:51:58.984+0000] {logging_mixin.py:188} INFO - [2026-05-16T02:51:58.984+0000] {dagbag.py:545} INFO - Filling up the DagBag from /opt/airflow/dags/newyork_fhv_quality_check.py
[2026-05-16T02:51:59.018+0000] {processor.py:840} INFO - DAG(s) 'newyork_fhv_quality_check' retrieved from /opt/airflow/dags/newyork_fhv_quality_check.py
[2026-05-16T02:51:59.045+0000] {logging_mixin.py:188} INFO - [2026-05-16T02:51:59.045+0000] {dag.py:3096} INFO - Sync 1 DAGs
[2026-05-16T02:51:59.064+0000] {logging_mixin.py:188} INFO - [2026-05-16T02:51:59.064+0000] {dag.py:3954} INFO - Setting next_dagrun for newyork_fhv_quality_check to None, run_after=None
[2026-05-16T02:51:59.102+0000] {processor.py:183} INFO - Processing /opt/airflow/dags/newyork_fhv_quality_check.py took 0.130 seconds
[2026-05-16T02:52:29.265+0000] {processor.py:161} INFO - Started process (PID=305) to work on /opt/airflow/dags/newyork_fhv_quality_check.py
[2026-05-16T02:52:29.267+0000] {processor.py:830} INFO - Processing file /opt/airflow/dags/newyork_fhv_quality_check.py for tasks to queue
[2026-05-16T02:52:29.270+0000] {logging_mixin.py:188} INFO - [2026-05-16T02:52:29.270+0000] {dagbag.py:545} INFO - Filling up the DagBag from /opt/airflow/dags/newyork_fhv_quality_check.py
[2026-05-16T02:52:29.319+0000] {processor.py:840} INFO - DAG(s) 'newyork_fhv_quality_check' retrieved from /opt/airflow/dags/newyork_fhv_quality_check.py
[2026-05-16T02:52:29.356+0000] {logging_mixin.py:188} INFO - [2026-05-16T02:52:29.356+0000] {dag.py:3096} INFO - Sync 1 DAGs
[2026-05-16T02:52:29.373+0000] {logging_mixin.py:188} INFO - [2026-05-16T02:52:29.372+0000] {dag.py:3954} INFO - Setting next_dagrun for newyork_fhv_quality_check to None, run_after=None
[2026-05-16T02:52:29.396+0000] {processor.py:183} INFO - Processing /opt/airflow/dags/newyork_fhv_quality_check.py took 0.138 seconds
[2026-05-16T02:52:59.775+0000] {processor.py:161} INFO - Started process (PID=316) to work on /opt/airflow/dags/newyork_fhv_quality_check.py
[2026-05-16T02:52:59.777+0000] {processor.py:830} INFO - Processing file /opt/airflow/dags/newyork_fhv_quality_check.py for tasks to queue
[2026-05-16T02:52:59.782+0000] {logging_mixin.py:188} INFO - [2026-05-16T02:52:59.781+0000] {dagbag.py:545} INFO - Filling up the DagBag from /opt/airflow/dags/newyork_fhv_quality_check.py
[2026-05-16T02:52:59.828+0000] {processor.py:840} INFO - DAG(s) 'newyork_fhv_quality_check' retrieved from /opt/airflow/dags/newyork_fhv_quality_check.py
[2026-05-16T02:52:59.869+0000] {logging_mixin.py:188} INFO - [2026-05-16T02:52:59.869+0000] {dag.py:3096} INFO - Sync 1 DAGs
[2026-05-16T02:52:59.891+0000] {logging_mixin.py:188} INFO - [2026-05-16T02:52:59.890+0000] {dag.py:3954} INFO - Setting next_dagrun for newyork_fhv_quality_check to None, run_after=None
[2026-05-16T02:52:59.922+0000] {processor.py:183} INFO - Processing /opt/airflow/dags/newyork_fhv_quality_check.py took 0.158 seconds
[2026-05-16T02:53:30.131+0000] {processor.py:161} INFO - Started process (PID=327) to work on /opt/airflow/dags/newyork_fhv_quality_check.py
[2026-05-16T02:53:30.134+0000] {processor.py:830} INFO - Processing file /opt/airflow/dags/newyork_fhv_quality_check.py for tasks to queue
[2026-05-16T02:53:30.139+0000] {logging_mixin.py:188} INFO - [2026-05-16T02:53:30.138+0000] {dagbag.py:545} INFO - Filling up the DagBag from /opt/airflow/dags/newyork_fhv_quality_check.py
[2026-05-16T02:53:30.196+0000] {processor.py:840} INFO - DAG(s) 'newyork_fhv_quality_check' retrieved from /opt/airflow/dags/newyork_fhv_quality_check.py
[2026-05-16T02:53:30.222+0000] {logging_mixin.py:188} INFO - [2026-05-16T02:53:30.221+0000] {dag.py:3096} INFO - Sync 1 DAGs
[2026-05-16T02:53:30.235+0000] {logging_mixin.py:188} INFO - [2026-05-16T02:53:30.234+0000] {dag.py:3954} INFO - Setting next_dagrun for newyork_fhv_quality_check to None, run_after=None
[2026-05-16T02:53:30.259+0000] {processor.py:183} INFO - Processing /opt/airflow/dags/newyork_fhv_quality_check.py took 0.139 seconds
[2026-05-16T02:54:00.526+0000] {processor.py:161} INFO - Started process (PID=338) to work on /opt/airflow/dags/newyork_fhv_quality_check.py
[2026-05-16T02:54:00.528+0000] {processor.py:830} INFO - Processing file /opt/airflow/dags/newyork_fhv_quality_check.py for tasks to queue
[2026-05-16T02:54:00.532+0000] {logging_mixin.py:188} INFO - [2026-05-16T02:54:00.531+0000] {dagbag.py:545} INFO - Filling up the DagBag from /opt/airflow/dags/newyork_fhv_quality_check.py
[2026-05-16T02:54:00.579+0000] {processor.py:840} INFO - DAG(s) 'newyork_fhv_quality_check' retrieved from /opt/airflow/dags/newyork_fhv_quality_check.py
[2026-05-16T02:54:00.617+0000] {logging_mixin.py:188} INFO - [2026-05-16T02:54:00.616+0000] {dag.py:3096} INFO - Sync 1 DAGs
[2026-05-16T02:54:00.637+0000] {logging_mixin.py:188} INFO - [2026-05-16T02:54:00.637+0000] {dag.py:3954} INFO - Setting next_dagrun for newyork_fhv_quality_check to None, run_after=None
[2026-05-16T02:54:00.674+0000] {processor.py:183} INFO - Processing /opt/airflow/dags/newyork_fhv_quality_check.py took 0.159 seconds
[2026-05-16T02:54:31.354+0000] {processor.py:161} INFO - Started process (PID=349) to work on /opt/airflow/dags/newyork_fhv_quality_check.py
[2026-05-16T02:54:31.356+0000] {processor.py:830} INFO - Processing file /opt/airflow/dags/newyork_fhv_quality_check.py for tasks to queue
[2026-05-16T02:54:31.359+0000] {logging_mixin.py:188} INFO - [2026-05-16T02:54:31.359+0000] {dagbag.py:545} INFO - Filling up the DagBag from /opt/airflow/dags/newyork_fhv_quality_check.py
[2026-05-16T02:54:31.397+0000] {processor.py:840} INFO - DAG(s) 'newyork_fhv_quality_check' retrieved from /opt/airflow/dags/newyork_fhv_quality_check.py
[2026-05-16T02:54:31.430+0000] {logging_mixin.py:188} INFO - [2026-05-16T02:54:31.430+0000] {dag.py:3096} INFO - Sync 1 DAGs
[2026-05-16T02:54:31.445+0000] {logging_mixin.py:188} INFO - [2026-05-16T02:54:31.445+0000] {dag.py:3954} INFO - Setting next_dagrun for newyork_fhv_quality_check to None, run_after=None
[2026-05-16T02:54:31.471+0000] {processor.py:183} INFO - Processing /opt/airflow/dags/newyork_fhv_quality_check.py took 0.127 seconds
[2026-05-16T02:55:02.191+0000] {processor.py:161} INFO - Started process (PID=360) to work on /opt/airflow/dags/newyork_fhv_quality_check.py
[2026-05-16T02:55:02.193+0000] {processor.py:830} INFO - Processing file /opt/airflow/dags/newyork_fhv_quality_check.py for tasks to queue
[2026-05-16T02:55:02.197+0000] {logging_mixin.py:188} INFO - [2026-05-16T02:55:02.197+0000] {dagbag.py:545} INFO - Filling up the DagBag from /opt/airflow/dags/newyork_fhv_quality_check.py
[2026-05-16T02:55:02.241+0000] {processor.py:840} INFO - DAG(s) 'newyork_fhv_quality_check' retrieved from /opt/airflow/dags/newyork_fhv_quality_check.py
[2026-05-16T02:55:02.284+0000] {logging_mixin.py:188} INFO - [2026-05-16T02:55:02.283+0000] {dag.py:3096} INFO - Sync 1 DAGs
[2026-05-16T02:55:02.304+0000] {logging_mixin.py:188} INFO - [2026-05-16T02:55:02.303+0000] {dag.py:3954} INFO - Setting next_dagrun for newyork_fhv_quality_check to None, run_after=None
[2026-05-16T02:55:02.332+0000] {processor.py:183} INFO - Processing /opt/airflow/dags/newyork_fhv_quality_check.py took 0.156 seconds
[2026-05-16T02:55:33.054+0000] {processor.py:161} INFO - Started process (PID=371) to work on /opt/airflow/dags/newyork_fhv_quality_check.py
[2026-05-16T02:55:33.057+0000] {processor.py:830} INFO - Processing file /opt/airflow/dags/newyork_fhv_quality_check.py for tasks to queue
[2026-05-16T02:55:33.062+0000] {logging_mixin.py:188} INFO - [2026-05-16T02:55:33.061+0000] {dagbag.py:545} INFO - Filling up the DagBag from /opt/airflow/dags/newyork_fhv_quality_check.py
[2026-05-16T02:55:33.108+0000] {processor.py:840} INFO - DAG(s) 'newyork_fhv_quality_check' retrieved from /opt/airflow/dags/newyork_fhv_quality_check.py
[2026-05-16T02:55:33.133+0000] {logging_mixin.py:188} INFO - [2026-05-16T02:55:33.133+0000] {dag.py:3096} INFO - Sync 1 DAGs
[2026-05-16T02:55:33.147+0000] {logging_mixin.py:188} INFO - [2026-05-16T02:55:33.147+0000] {dag.py:3954} INFO - Setting next_dagrun for newyork_fhv_quality_check to None, run_after=None
[2026-05-16T02:55:33.169+0000] {processor.py:183} INFO - Processing /opt/airflow/dags/newyork_fhv_quality_check.py took 0.130 seconds
[2026-05-16T02:56:03.929+0000] {processor.py:161} INFO - Started process (PID=382) to work on /opt/airflow/dags/newyork_fhv_quality_check.py
[2026-05-16T02:56:03.931+0000] {processor.py:830} INFO - Processing file /opt/airflow/dags/newyork_fhv_quality_check.py for tasks to queue
[2026-05-16T02:56:03.935+0000] {logging_mixin.py:188} INFO - [2026-05-16T02:56:03.934+0000] {dagbag.py:545} INFO - Filling up the DagBag from /opt/airflow/dags/newyork_fhv_quality_check.py
[2026-05-16T02:56:03.974+0000] {processor.py:840} INFO - DAG(s) 'newyork_fhv_quality_check' retrieved from /opt/airflow/dags/newyork_fhv_quality_check.py
[2026-05-16T02:56:04.003+0000] {logging_mixin.py:188} INFO - [2026-05-16T02:56:04.003+0000] {dag.py:3096} INFO - Sync 1 DAGs
[2026-05-16T02:56:04.020+0000] {logging_mixin.py:188} INFO - [2026-05-16T02:56:04.020+0000] {dag.py:3954} INFO - Setting next_dagrun for newyork_fhv_quality_check to None, run_after=None
[2026-05-16T02:56:04.049+0000] {processor.py:183} INFO - Processing /opt/airflow/dags/newyork_fhv_quality_check.py took 0.133 seconds
[2026-05-16T02:56:34.923+0000] {processor.py:161} INFO - Started process (PID=393) to work on /opt/airflow/dags/newyork_fhv_quality_check.py
[2026-05-16T02:56:34.924+0000] {processor.py:830} INFO - Processing file /opt/airflow/dags/newyork_fhv_quality_check.py for tasks to queue
[2026-05-16T02:56:34.928+0000] {logging_mixin.py:188} INFO - [2026-05-16T02:56:34.927+0000] {dagbag.py:545} INFO - Filling up the DagBag from /opt/airflow/dags/newyork_fhv_quality_check.py
[2026-05-16T02:56:34.963+0000] {processor.py:840} INFO - DAG(s) 'newyork_fhv_quality_check' retrieved from /opt/airflow/dags/newyork_fhv_quality_check.py
[2026-05-16T02:56:34.995+0000] {logging_mixin.py:188} INFO - [2026-05-16T02:56:34.994+0000] {dag.py:3096} INFO - Sync 1 DAGs
[2026-05-16T02:56:35.009+0000] {logging_mixin.py:188} INFO - [2026-05-16T02:56:35.008+0000] {dag.py:3954} INFO - Setting next_dagrun for newyork_fhv_quality_check to None, run_after=None
[2026-05-16T02:56:35.049+0000] {processor.py:183} INFO - Processing /opt/airflow/dags/newyork_fhv_quality_check.py took 0.133 seconds
[2026-05-16T02:57:05.695+0000] {processor.py:161} INFO - Started process (PID=404) to work on /opt/airflow/dags/newyork_fhv_quality_check.py
[2026-05-16T02:57:05.699+0000] {processor.py:830} INFO - Processing file /opt/airflow/dags/newyork_fhv_quality_check.py for tasks to queue
[2026-05-16T02:57:05.703+0000] {logging_mixin.py:188} INFO - [2026-05-16T02:57:05.703+0000] {dagbag.py:545} INFO - Filling up the DagBag from /opt/airflow/dags/newyork_fhv_quality_check.py
[2026-05-16T02:57:05.740+0000] {processor.py:840} INFO - DAG(s) 'newyork_fhv_quality_check' retrieved from /opt/airflow/dags/newyork_fhv_quality_check.py
[2026-05-16T02:57:05.763+0000] {logging_mixin.py:188} INFO - [2026-05-16T02:57:05.763+0000] {dag.py:3096} INFO - Sync 1 DAGs
[2026-05-16T02:57:05.784+0000] {logging_mixin.py:188} INFO - [2026-05-16T02:57:05.783+0000] {dag.py:3954} INFO - Setting next_dagrun for newyork_fhv_quality_check to None, run_after=None
[2026-05-16T02:57:05.820+0000] {processor.py:183} INFO - Processing /opt/airflow/dags/newyork_fhv_quality_check.py took 0.136 seconds
[2026-05-16T02:57:36.605+0000] {processor.py:161} INFO - Started process (PID=415) to work on /opt/airflow/dags/newyork_fhv_quality_check.py
[2026-05-16T02:57:36.606+0000] {processor.py:830} INFO - Processing file /opt/airflow/dags/newyork_fhv_quality_check.py for tasks to queue
[2026-05-16T02:57:36.609+0000] {logging_mixin.py:188} INFO - [2026-05-16T02:57:36.609+0000] {dagbag.py:545} INFO - Filling up the DagBag from /opt/airflow/dags/newyork_fhv_quality_check.py
[2026-05-16T02:57:36.640+0000] {processor.py:840} INFO - DAG(s) 'newyork_fhv_quality_check' retrieved from /opt/airflow/dags/newyork_fhv_quality_check.py
[2026-05-16T02:57:36.670+0000] {logging_mixin.py:188} INFO - [2026-05-16T02:57:36.670+0000] {dag.py:3096} INFO - Sync 1 DAGs
[2026-05-16T02:57:36.686+0000] {logging_mixin.py:188} INFO - [2026-05-16T02:57:36.686+0000] {dag.py:3954} INFO - Setting next_dagrun for newyork_fhv_quality_check to None, run_after=None
[2026-05-16T02:57:36.710+0000] {processor.py:183} INFO - Processing /opt/airflow/dags/newyork_fhv_quality_check.py took 0.115 seconds
[2026-05-16T02:58:07.448+0000] {processor.py:161} INFO - Started process (PID=427) to work on /opt/airflow/dags/newyork_fhv_quality_check.py
[2026-05-16T02:58:07.449+0000] {processor.py:830} INFO - Processing file /opt/airflow/dags/newyork_fhv_quality_check.py for tasks to queue
[2026-05-16T02:58:07.452+0000] {logging_mixin.py:188} INFO - [2026-05-16T02:58:07.451+0000] {dagbag.py:545} INFO - Filling up the DagBag from /opt/airflow/dags/newyork_fhv_quality_check.py
[2026-05-16T02:58:07.481+0000] {processor.py:840} INFO - DAG(s) 'newyork_fhv_quality_check' retrieved from /opt/airflow/dags/newyork_fhv_quality_check.py
[2026-05-16T02:58:07.514+0000] {logging_mixin.py:188} INFO - [2026-05-16T02:58:07.514+0000] {dag.py:3096} INFO - Sync 1 DAGs
[2026-05-16T02:58:07.537+0000] {logging_mixin.py:188} INFO - [2026-05-16T02:58:07.536+0000] {dag.py:3954} INFO - Setting next_dagrun for newyork_fhv_quality_check to None, run_after=None
[2026-05-16T02:58:07.568+0000] {processor.py:183} INFO - Processing /opt/airflow/dags/newyork_fhv_quality_check.py took 0.129 seconds
[2026-05-16T02:58:38.293+0000] {processor.py:161} INFO - Started process (PID=438) to work on /opt/airflow/dags/newyork_fhv_quality_check.py
[2026-05-16T02:58:38.294+0000] {processor.py:830} INFO - Processing file /opt/airflow/dags/newyork_fhv_quality_check.py for tasks to queue
[2026-05-16T02:58:38.297+0000] {logging_mixin.py:188} INFO - [2026-05-16T02:58:38.296+0000] {dagbag.py:545} INFO - Filling up the DagBag from /opt/airflow/dags/newyork_fhv_quality_check.py
[2026-05-16T02:58:38.329+0000] {processor.py:840} INFO - DAG(s) 'newyork_fhv_quality_check' retrieved from /opt/airflow/dags/newyork_fhv_quality_check.py
[2026-05-16T02:58:38.357+0000] {logging_mixin.py:188} INFO - [2026-05-16T02:58:38.357+0000] {dag.py:3096} INFO - Sync 1 DAGs
[2026-05-16T02:58:38.370+0000] {logging_mixin.py:188} INFO - [2026-05-16T02:58:38.370+0000] {dag.py:3954} INFO - Setting next_dagrun for newyork_fhv_quality_check to None, run_after=None
[2026-05-16T02:58:38.396+0000] {processor.py:183} INFO - Processing /opt/airflow/dags/newyork_fhv_quality_check.py took 0.110 seconds
[2026-05-16T02:59:08.951+0000] {processor.py:161} INFO - Started process (PID=449) to work on /opt/airflow/dags/newyork_fhv_quality_check.py
[2026-05-16T02:59:08.953+0000] {processor.py:830} INFO - Processing file /opt/airflow/dags/newyork_fhv_quality_check.py for tasks to queue
[2026-05-16T02:59:08.956+0000] {logging_mixin.py:188} INFO - [2026-05-16T02:59:08.955+0000] {dagbag.py:545} INFO - Filling up the DagBag from /opt/airflow/dags/newyork_fhv_quality_check.py
[2026-05-16T02:59:08.988+0000] {processor.py:840} INFO - DAG(s) 'newyork_fhv_quality_check' retrieved from /opt/airflow/dags/newyork_fhv_quality_check.py
[2026-05-16T02:59:09.016+0000] {logging_mixin.py:188} INFO - [2026-05-16T02:59:09.016+0000] {dag.py:3096} INFO - Sync 1 DAGs
[2026-05-16T02:59:09.030+0000] {logging_mixin.py:188} INFO - [2026-05-16T02:59:09.030+0000] {dag.py:3954} INFO - Setting next_dagrun for newyork_fhv_quality_check to None, run_after=None
[2026-05-16T02:59:09.056+0000] {processor.py:183} INFO - Processing /opt/airflow/dags/newyork_fhv_quality_check.py took 0.112 seconds
[2026-05-16T02:59:39.780+0000] {processor.py:161} INFO - Started process (PID=460) to work on /opt/airflow/dags/newyork_fhv_quality_check.py
[2026-05-16T02:59:39.782+0000] {processor.py:830} INFO - Processing file /opt/airflow/dags/newyork_fhv_quality_check.py for tasks to queue
[2026-05-16T02:59:39.786+0000] {logging_mixin.py:188} INFO - [2026-05-16T02:59:39.785+0000] {dagbag.py:545} INFO - Filling up the DagBag from /opt/airflow/dags/newyork_fhv_quality_check.py
[2026-05-16T02:59:39.820+0000] {processor.py:840} INFO - DAG(s) 'newyork_fhv_quality_check' retrieved from /opt/airflow/dags/newyork_fhv_quality_check.py
[2026-05-16T02:59:39.842+0000] {logging_mixin.py:188} INFO - [2026-05-16T02:59:39.842+0000] {dag.py:3096} INFO - Sync 1 DAGs
[2026-05-16T02:59:39.855+0000] {logging_mixin.py:188} INFO - [2026-05-16T02:59:39.855+0000] {dag.py:3954} INFO - Setting next_dagrun for newyork_fhv_quality_check to None, run_after=None
[2026-05-16T02:59:39.882+0000] {processor.py:183} INFO - Processing /opt/airflow/dags/newyork_fhv_quality_check.py took 0.110 seconds
[2026-05-16T03:00:10.622+0000] {processor.py:161} INFO - Started process (PID=471) to work on /opt/airflow/dags/newyork_fhv_quality_check.py
[2026-05-16T03:00:10.624+0000] {processor.py:830} INFO - Processing file /opt/airflow/dags/newyork_fhv_quality_check.py for tasks to queue
[2026-05-16T03:00:10.626+0000] {logging_mixin.py:188} INFO - [2026-05-16T03:00:10.626+0000] {dagbag.py:545} INFO - Filling up the DagBag from /opt/airflow/dags/newyork_fhv_quality_check.py
[2026-05-16T03:00:10.664+0000] {processor.py:840} INFO - DAG(s) 'newyork_fhv_quality_check' retrieved from /opt/airflow/dags/newyork_fhv_quality_check.py
[2026-05-16T03:00:10.692+0000] {logging_mixin.py:188} INFO - [2026-05-16T03:00:10.691+0000] {dag.py:3096} INFO - Sync 1 DAGs
[2026-05-16T03:00:10.708+0000] {logging_mixin.py:188} INFO - [2026-05-16T03:00:10.708+0000] {dag.py:3954} INFO - Setting next_dagrun for newyork_fhv_quality_check to None, run_after=None
[2026-05-16T03:00:10.864+0000] {processor.py:183} INFO - Processing /opt/airflow/dags/newyork_fhv_quality_check.py took 0.250 seconds
[2026-05-16T03:00:41.695+0000] {processor.py:161} INFO - Started process (PID=482) to work on /opt/airflow/dags/newyork_fhv_quality_check.py
[2026-05-16T03:00:41.699+0000] {processor.py:830} INFO - Processing file /opt/airflow/dags/newyork_fhv_quality_check.py for tasks to queue
[2026-05-16T03:00:41.704+0000] {logging_mixin.py:188} INFO - [2026-05-16T03:00:41.703+0000] {dagbag.py:545} INFO - Filling up the DagBag from /opt/airflow/dags/newyork_fhv_quality_check.py
[2026-05-16T03:00:41.744+0000] {processor.py:840} INFO - DAG(s) 'newyork_fhv_quality_check' retrieved from /opt/airflow/dags/newyork_fhv_quality_check.py
[2026-05-16T03:00:41.790+0000] {logging_mixin.py:188} INFO - [2026-05-16T03:00:41.789+0000] {dag.py:3096} INFO - Sync 1 DAGs
[2026-05-16T03:00:41.803+0000] {logging_mixin.py:188} INFO - [2026-05-16T03:00:41.803+0000] {dag.py:3954} INFO - Setting next_dagrun for newyork_fhv_quality_check to None, run_after=None
[2026-05-16T03:00:41.826+0000] {processor.py:183} INFO - Processing /opt/airflow/dags/newyork_fhv_quality_check.py took 0.141 seconds
[2026-05-16T03:01:12.554+0000] {processor.py:161} INFO - Started process (PID=493) to work on /opt/airflow/dags/newyork_fhv_quality_check.py
[2026-05-16T03:01:12.556+0000] {processor.py:830} INFO - Processing file /opt/airflow/dags/newyork_fhv_quality_check.py for tasks to queue
[2026-05-16T03:01:12.558+0000] {logging_mixin.py:188} INFO - [2026-05-16T03:01:12.558+0000] {dagbag.py:545} INFO - Filling up the DagBag from /opt/airflow/dags/newyork_fhv_quality_check.py
[2026-05-16T03:01:12.599+0000] {processor.py:840} INFO - DAG(s) 'newyork_fhv_quality_check' retrieved from /opt/airflow/dags/newyork_fhv_quality_check.py
[2026-05-16T03:01:12.624+0000] {logging_mixin.py:188} INFO - [2026-05-16T03:01:12.624+0000] {dag.py:3096} INFO - Sync 1 DAGs
[2026-05-16T03:01:12.639+0000] {logging_mixin.py:188} INFO - [2026-05-16T03:01:12.639+0000] {dag.py:3954} INFO - Setting next_dagrun for newyork_fhv_quality_check to None, run_after=None
[2026-05-16T03:01:12.667+0000] {processor.py:183} INFO - Processing /opt/airflow/dags/newyork_fhv_quality_check.py took 0.119 seconds
[2026-05-16T03:01:43.392+0000] {processor.py:161} INFO - Started process (PID=504) to work on /opt/airflow/dags/newyork_fhv_quality_check.py
[2026-05-16T03:01:43.393+0000] {processor.py:830} INFO - Processing file /opt/airflow/dags/newyork_fhv_quality_check.py for tasks to queue
[2026-05-16T03:01:43.395+0000] {logging_mixin.py:188} INFO - [2026-05-16T03:01:43.395+0000] {dagbag.py:545} INFO - Filling up the DagBag from /opt/airflow/dags/newyork_fhv_quality_check.py
[2026-05-16T03:01:43.425+0000] {processor.py:840} INFO - DAG(s) 'newyork_fhv_quality_check' retrieved from /opt/airflow/dags/newyork_fhv_quality_check.py
[2026-05-16T03:01:43.449+0000] {logging_mixin.py:188} INFO - [2026-05-16T03:01:43.448+0000] {dag.py:3096} INFO - Sync 1 DAGs
[2026-05-16T03:01:43.469+0000] {logging_mixin.py:188} INFO - [2026-05-16T03:01:43.468+0000] {dag.py:3954} INFO - Setting next_dagrun for newyork_fhv_quality_check to None, run_after=None
[2026-05-16T03:01:43.492+0000] {processor.py:183} INFO - Processing /opt/airflow/dags/newyork_fhv_quality_check.py took 0.110 seconds
[2026-05-16T03:02:14.233+0000] {processor.py:161} INFO - Started process (PID=515) to work on /opt/airflow/dags/newyork_fhv_quality_check.py
[2026-05-16T03:02:14.234+0000] {processor.py:830} INFO - Processing file /opt/airflow/dags/newyork_fhv_quality_check.py for tasks to queue
[2026-05-16T03:02:14.236+0000] {logging_mixin.py:188} INFO - [2026-05-16T03:02:14.236+0000] {dagbag.py:545} INFO - Filling up the DagBag from /opt/airflow/dags/newyork_fhv_quality_check.py
[2026-05-16T03:02:14.268+0000] {processor.py:840} INFO - DAG(s) 'newyork_fhv_quality_check' retrieved from /opt/airflow/dags/newyork_fhv_quality_check.py
[2026-05-16T03:02:14.291+0000] {logging_mixin.py:188} INFO - [2026-05-16T03:02:14.291+0000] {dag.py:3096} INFO - Sync 1 DAGs
[2026-05-16T03:02:14.307+0000] {logging_mixin.py:188} INFO - [2026-05-16T03:02:14.306+0000] {dag.py:3954} INFO - Setting next_dagrun for newyork_fhv_quality_check to None, run_after=None
[2026-05-16T03:02:14.334+0000] {processor.py:183} INFO - Processing /opt/airflow/dags/newyork_fhv_quality_check.py took 0.108 seconds
[2026-05-16T03:02:44.994+0000] {processor.py:161} INFO - Started process (PID=526) to work on /opt/airflow/dags/newyork_fhv_quality_check.py
[2026-05-16T03:02:44.996+0000] {processor.py:830} INFO - Processing file /opt/airflow/dags/newyork_fhv_quality_check.py for tasks to queue
[2026-05-16T03:02:44.999+0000] {logging_mixin.py:188} INFO - [2026-05-16T03:02:44.998+0000] {dagbag.py:545} INFO - Filling up the DagBag from /opt/airflow/dags/newyork_fhv_quality_check.py
[2026-05-16T03:02:45.046+0000] {processor.py:840} INFO - DAG(s) 'newyork_fhv_quality_check' retrieved from /opt/airflow/dags/newyork_fhv_quality_check.py
[2026-05-16T03:02:45.084+0000] {logging_mixin.py:188} INFO - [2026-05-16T03:02:45.083+0000] {dag.py:3096} INFO - Sync 1 DAGs
[2026-05-16T03:02:45.105+0000] {logging_mixin.py:188} INFO - [2026-05-16T03:02:45.105+0000] {dag.py:3954} INFO - Setting next_dagrun for newyork_fhv_quality_check to None, run_after=None
[2026-05-16T03:02:45.133+0000] {processor.py:183} INFO - Processing /opt/airflow/dags/newyork_fhv_quality_check.py took 0.146 seconds
[2026-05-16T03:03:15.934+0000] {processor.py:161} INFO - Started process (PID=537) to work on /opt/airflow/dags/newyork_fhv_quality_check.py
[2026-05-16T03:03:15.935+0000] {processor.py:830} INFO - Processing file /opt/airflow/dags/newyork_fhv_quality_check.py for tasks to queue
[2026-05-16T03:03:15.938+0000] {logging_mixin.py:188} INFO - [2026-05-16T03:03:15.938+0000] {dagbag.py:545} INFO - Filling up the DagBag from /opt/airflow/dags/newyork_fhv_quality_check.py
[2026-05-16T03:03:16.001+0000] {processor.py:840} INFO - DAG(s) 'newyork_fhv_quality_check' retrieved from /opt/airflow/dags/newyork_fhv_quality_check.py
[2026-05-16T03:03:16.036+0000] {logging_mixin.py:188} INFO - [2026-05-16T03:03:16.036+0000] {dag.py:3096} INFO - Sync 1 DAGs
[2026-05-16T03:03:16.057+0000] {logging_mixin.py:188} INFO - [2026-05-16T03:03:16.056+0000] {dag.py:3954} INFO - Setting next_dagrun for newyork_fhv_quality_check to None, run_after=None
[2026-05-16T03:03:16.090+0000] {processor.py:183} INFO - Processing /opt/airflow/dags/newyork_fhv_quality_check.py took 0.163 seconds
[2026-05-16T03:03:46.707+0000] {processor.py:161} INFO - Started process (PID=548) to work on /opt/airflow/dags/newyork_fhv_quality_check.py
[2026-05-16T03:03:46.709+0000] {processor.py:830} INFO - Processing file /opt/airflow/dags/newyork_fhv_quality_check.py for tasks to queue
[2026-05-16T03:03:46.712+0000] {logging_mixin.py:188} INFO - [2026-05-16T03:03:46.711+0000] {dagbag.py:545} INFO - Filling up the DagBag from /opt/airflow/dags/newyork_fhv_quality_check.py
[2026-05-16T03:03:46.750+0000] {processor.py:840} INFO - DAG(s) 'newyork_fhv_quality_check' retrieved from /opt/airflow/dags/newyork_fhv_quality_check.py
[2026-05-16T03:03:46.780+0000] {logging_mixin.py:188} INFO - [2026-05-16T03:03:46.780+0000] {dag.py:3096} INFO - Sync 1 DAGs
[2026-05-16T03:03:46.802+0000] {logging_mixin.py:188} INFO - [2026-05-16T03:03:46.802+0000] {dag.py:3954} INFO - Setting next_dagrun for newyork_fhv_quality_check to None, run_after=None
[2026-05-16T03:03:46.834+0000] {processor.py:183} INFO - Processing /opt/airflow/dags/newyork_fhv_quality_check.py took 0.138 seconds
[2026-05-16T03:04:17.544+0000] {processor.py:161} INFO - Started process (PID=559) to work on /opt/airflow/dags/newyork_fhv_quality_check.py
[2026-05-16T03:04:17.546+0000] {processor.py:830} INFO - Processing file /opt/airflow/dags/newyork_fhv_quality_check.py for tasks to queue
[2026-05-16T03:04:17.550+0000] {logging_mixin.py:188} INFO - [2026-05-16T03:04:17.550+0000] {dagbag.py:545} INFO - Filling up the DagBag from /opt/airflow/dags/newyork_fhv_quality_check.py
[2026-05-16T03:04:17.594+0000] {processor.py:840} INFO - DAG(s) 'newyork_fhv_quality_check' retrieved from /opt/airflow/dags/newyork_fhv_quality_check.py
[2026-05-16T03:04:17.624+0000] {logging_mixin.py:188} INFO - [2026-05-16T03:04:17.623+0000] {dag.py:3096} INFO - Sync 1 DAGs
[2026-05-16T03:04:17.638+0000] {logging_mixin.py:188} INFO - [2026-05-16T03:04:17.638+0000] {dag.py:3954} INFO - Setting next_dagrun for newyork_fhv_quality_check to None, run_after=None
[2026-05-16T03:04:17.667+0000] {processor.py:183} INFO - Processing /opt/airflow/dags/newyork_fhv_quality_check.py took 0.138 seconds
[2026-05-16T03:04:48.282+0000] {processor.py:161} INFO - Started process (PID=570) to work on /opt/airflow/dags/newyork_fhv_quality_check.py
[2026-05-16T03:04:48.283+0000] {processor.py:830} INFO - Processing file /opt/airflow/dags/newyork_fhv_quality_check.py for tasks to queue
[2026-05-16T03:04:48.286+0000] {logging_mixin.py:188} INFO - [2026-05-16T03:04:48.285+0000] {dagbag.py:545} INFO - Filling up the DagBag from /opt/airflow/dags/newyork_fhv_quality_check.py
[2026-05-16T03:04:48.317+0000] {processor.py:840} INFO - DAG(s) 'newyork_fhv_quality_check' retrieved from /opt/airflow/dags/newyork_fhv_quality_check.py
[2026-05-16T03:04:48.347+0000] {logging_mixin.py:188} INFO - [2026-05-16T03:04:48.346+0000] {dag.py:3096} INFO - Sync 1 DAGs
[2026-05-16T03:04:48.362+0000] {logging_mixin.py:188} INFO - [2026-05-16T03:04:48.362+0000] {dag.py:3954} INFO - Setting next_dagrun for newyork_fhv_quality_check to None, run_after=None
[2026-05-16T03:04:48.389+0000] {processor.py:183} INFO - Processing /opt/airflow/dags/newyork_fhv_quality_check.py took 0.114 seconds
[2026-05-16T03:05:19.126+0000] {processor.py:161} INFO - Started process (PID=581) to work on /opt/airflow/dags/newyork_fhv_quality_check.py
[2026-05-16T03:05:19.128+0000] {processor.py:830} INFO - Processing file /opt/airflow/dags/newyork_fhv_quality_check.py for tasks to queue
[2026-05-16T03:05:19.132+0000] {logging_mixin.py:188} INFO - [2026-05-16T03:05:19.131+0000] {dagbag.py:545} INFO - Filling up the DagBag from /opt/airflow/dags/newyork_fhv_quality_check.py
[2026-05-16T03:05:19.165+0000] {processor.py:840} INFO - DAG(s) 'newyork_fhv_quality_check' retrieved from /opt/airflow/dags/newyork_fhv_quality_check.py
[2026-05-16T03:05:19.202+0000] {logging_mixin.py:188} INFO - [2026-05-16T03:05:19.202+0000] {dag.py:3096} INFO - Sync 1 DAGs
[2026-05-16T03:05:19.222+0000] {logging_mixin.py:188} INFO - [2026-05-16T03:05:19.222+0000] {dag.py:3954} INFO - Setting next_dagrun for newyork_fhv_quality_check to None, run_after=None
[2026-05-16T03:05:19.369+0000] {processor.py:183} INFO - Processing /opt/airflow/dags/newyork_fhv_quality_check.py took 0.251 seconds
[2026-05-16T03:05:50.209+0000] {processor.py:161} INFO - Started process (PID=592) to work on /opt/airflow/dags/newyork_fhv_quality_check.py
[2026-05-16T03:05:50.211+0000] {processor.py:830} INFO - Processing file /opt/airflow/dags/newyork_fhv_quality_check.py for tasks to queue
[2026-05-16T03:05:50.214+0000] {logging_mixin.py:188} INFO - [2026-05-16T03:05:50.213+0000] {dagbag.py:545} INFO - Filling up the DagBag from /opt/airflow/dags/newyork_fhv_quality_check.py
[2026-05-16T03:05:50.251+0000] {processor.py:840} INFO - DAG(s) 'newyork_fhv_quality_check' retrieved from /opt/airflow/dags/newyork_fhv_quality_check.py
[2026-05-16T03:05:50.282+0000] {logging_mixin.py:188} INFO - [2026-05-16T03:05:50.282+0000] {dag.py:3096} INFO - Sync 1 DAGs
[2026-05-16T03:05:50.301+0000] {logging_mixin.py:188} INFO - [2026-05-16T03:05:50.301+0000] {dag.py:3954} INFO - Setting next_dagrun for newyork_fhv_quality_check to None, run_after=None
[2026-05-16T03:05:50.336+0000] {processor.py:183} INFO - Processing /opt/airflow/dags/newyork_fhv_quality_check.py took 0.135 seconds
[2026-05-16T03:06:20.953+0000] {processor.py:161} INFO - Started process (PID=603) to work on /opt/airflow/dags/newyork_fhv_quality_check.py
[2026-05-16T03:06:20.955+0000] {processor.py:830} INFO - Processing file /opt/airflow/dags/newyork_fhv_quality_check.py for tasks to queue
[2026-05-16T03:06:20.958+0000] {logging_mixin.py:188} INFO - [2026-05-16T03:06:20.957+0000] {dagbag.py:545} INFO - Filling up the DagBag from /opt/airflow/dags/newyork_fhv_quality_check.py
[2026-05-16T03:06:20.996+0000] {processor.py:840} INFO - DAG(s) 'newyork_fhv_quality_check' retrieved from /opt/airflow/dags/newyork_fhv_quality_check.py
[2026-05-16T03:06:21.036+0000] {logging_mixin.py:188} INFO - [2026-05-16T03:06:21.035+0000] {dag.py:3096} INFO - Sync 1 DAGs
[2026-05-16T03:06:21.050+0000] {logging_mixin.py:188} INFO - [2026-05-16T03:06:21.050+0000] {dag.py:3954} INFO - Setting next_dagrun for newyork_fhv_quality_check to None, run_after=None
[2026-05-16T03:06:21.074+0000] {processor.py:183} INFO - Processing /opt/airflow/dags/newyork_fhv_quality_check.py took 0.129 seconds
[2026-05-16T03:06:51.688+0000] {processor.py:161} INFO - Started process (PID=614) to work on /opt/airflow/dags/newyork_fhv_quality_check.py
[2026-05-16T03:06:51.690+0000] {processor.py:830} INFO - Processing file /opt/airflow/dags/newyork_fhv_quality_check.py for tasks to queue
[2026-05-16T03:06:51.694+0000] {logging_mixin.py:188} INFO - [2026-05-16T03:06:51.693+0000] {dagbag.py:545} INFO - Filling up the DagBag from /opt/airflow/dags/newyork_fhv_quality_check.py
[2026-05-16T03:06:51.739+0000] {processor.py:840} INFO - DAG(s) 'newyork_fhv_quality_check' retrieved from /opt/airflow/dags/newyork_fhv_quality_check.py
[2026-05-16T03:06:51.777+0000] {logging_mixin.py:188} INFO - [2026-05-16T03:06:51.777+0000] {dag.py:3096} INFO - Sync 1 DAGs
[2026-05-16T03:06:51.791+0000] {logging_mixin.py:188} INFO - [2026-05-16T03:06:51.790+0000] {dag.py:3954} INFO - Setting next_dagrun for newyork_fhv_quality_check to None, run_after=None
[2026-05-16T03:06:51.815+0000] {processor.py:183} INFO - Processing /opt/airflow/dags/newyork_fhv_quality_check.py took 0.138 seconds
[2026-05-16T03:07:22.635+0000] {processor.py:161} INFO - Started process (PID=625) to work on /opt/airflow/dags/newyork_fhv_quality_check.py
[2026-05-16T03:07:22.637+0000] {processor.py:830} INFO - Processing file /opt/airflow/dags/newyork_fhv_quality_check.py for tasks to queue
[2026-05-16T03:07:22.640+0000] {logging_mixin.py:188} INFO - [2026-05-16T03:07:22.639+0000] {dagbag.py:545} INFO - Filling up the DagBag from /opt/airflow/dags/newyork_fhv_quality_check.py
[2026-05-16T03:07:22.681+0000] {processor.py:840} INFO - DAG(s) 'newyork_fhv_quality_check' retrieved from /opt/airflow/dags/newyork_fhv_quality_check.py
[2026-05-16T03:07:22.718+0000] {logging_mixin.py:188} INFO - [2026-05-16T03:07:22.717+0000] {dag.py:3096} INFO - Sync 1 DAGs
[2026-05-16T03:07:22.745+0000] {logging_mixin.py:188} INFO - [2026-05-16T03:07:22.745+0000] {dag.py:3954} INFO - Setting next_dagrun for newyork_fhv_quality_check to None, run_after=None
[2026-05-16T03:07:22.796+0000] {processor.py:183} INFO - Processing /opt/airflow/dags/newyork_fhv_quality_check.py took 0.171 seconds
[2026-05-16T03:07:53.638+0000] {processor.py:161} INFO - Started process (PID=636) to work on /opt/airflow/dags/newyork_fhv_quality_check.py
[2026-05-16T03:07:53.640+0000] {processor.py:830} INFO - Processing file /opt/airflow/dags/newyork_fhv_quality_check.py for tasks to queue
[2026-05-16T03:07:53.643+0000] {logging_mixin.py:188} INFO - [2026-05-16T03:07:53.642+0000] {dagbag.py:545} INFO - Filling up the DagBag from /opt/airflow/dags/newyork_fhv_quality_check.py
[2026-05-16T03:07:53.693+0000] {processor.py:840} INFO - DAG(s) 'newyork_fhv_quality_check' retrieved from /opt/airflow/dags/newyork_fhv_quality_check.py
[2026-05-16T03:07:53.739+0000] {logging_mixin.py:188} INFO - [2026-05-16T03:07:53.739+0000] {dag.py:3096} INFO - Sync 1 DAGs
[2026-05-16T03:07:53.752+0000] {logging_mixin.py:188} INFO - [2026-05-16T03:07:53.752+0000] {dag.py:3954} INFO - Setting next_dagrun for newyork_fhv_quality_check to None, run_after=None
[2026-05-16T03:07:53.781+0000] {processor.py:183} INFO - Processing /opt/airflow/dags/newyork_fhv_quality_check.py took 0.152 seconds
[2026-05-16T03:08:24.454+0000] {processor.py:161} INFO - Started process (PID=653) to work on /opt/airflow/dags/newyork_fhv_quality_check.py
[2026-05-16T03:08:24.456+0000] {processor.py:830} INFO - Processing file /opt/airflow/dags/newyork_fhv_quality_check.py for tasks to queue
[2026-05-16T03:08:24.462+0000] {logging_mixin.py:188} INFO - [2026-05-16T03:08:24.461+0000] {dagbag.py:545} INFO - Filling up the DagBag from /opt/airflow/dags/newyork_fhv_quality_check.py
[2026-05-16T03:08:24.499+0000] {processor.py:840} INFO - DAG(s) 'newyork_fhv_quality_check' retrieved from /opt/airflow/dags/newyork_fhv_quality_check.py
[2026-05-16T03:08:24.532+0000] {logging_mixin.py:188} INFO - [2026-05-16T03:08:24.532+0000] {dag.py:3096} INFO - Sync 1 DAGs
[2026-05-16T03:08:24.555+0000] {logging_mixin.py:188} INFO - [2026-05-16T03:08:24.555+0000] {dag.py:3954} INFO - Setting next_dagrun for newyork_fhv_quality_check to None, run_after=None
[2026-05-16T03:08:24.585+0000] {processor.py:183} INFO - Processing /opt/airflow/dags/newyork_fhv_quality_check.py took 0.157 seconds
[2026-05-16T03:08:55.370+0000] {processor.py:161} INFO - Started process (PID=664) to work on /opt/airflow/dags/newyork_fhv_quality_check.py
[2026-05-16T03:08:55.372+0000] {processor.py:830} INFO - Processing file /opt/airflow/dags/newyork_fhv_quality_check.py for tasks to queue
[2026-05-16T03:08:55.375+0000] {logging_mixin.py:188} INFO - [2026-05-16T03:08:55.374+0000] {dagbag.py:545} INFO - Filling up the DagBag from /opt/airflow/dags/newyork_fhv_quality_check.py
[2026-05-16T03:08:55.409+0000] {processor.py:840} INFO - DAG(s) 'newyork_fhv_quality_check' retrieved from /opt/airflow/dags/newyork_fhv_quality_check.py
[2026-05-16T03:08:55.439+0000] {logging_mixin.py:188} INFO - [2026-05-16T03:08:55.438+0000] {dag.py:3096} INFO - Sync 1 DAGs
[2026-05-16T03:08:55.452+0000] {logging_mixin.py:188} INFO - [2026-05-16T03:08:55.452+0000] {dag.py:3954} INFO - Setting next_dagrun for newyork_fhv_quality_check to None, run_after=None
[2026-05-16T03:08:55.477+0000] {processor.py:183} INFO - Processing /opt/airflow/dags/newyork_fhv_quality_check.py took 0.114 seconds
