[2026-05-16T02:42:44.297+0000] {processor.py:161} INFO - Started process (PID=83) to work on /opt/airflow/dags/newyork_fhv_silver.py
[2026-05-16T02:42:44.299+0000] {processor.py:830} INFO - Processing file /opt/airflow/dags/newyork_fhv_silver.py for tasks to queue
[2026-05-16T02:42:44.302+0000] {logging_mixin.py:188} INFO - [2026-05-16T02:42:44.301+0000] {dagbag.py:545} INFO - Filling up the DagBag from /opt/airflow/dags/newyork_fhv_silver.py
[2026-05-16T02:42:44.362+0000] {processor.py:840} INFO - DAG(s) 'newyork_fhv_silver' retrieved from /opt/airflow/dags/newyork_fhv_silver.py
[2026-05-16T02:42:44.490+0000] {logging_mixin.py:188} INFO - [2026-05-16T02:42:44.490+0000] {dag.py:3096} INFO - Sync 1 DAGs
[2026-05-16T02:42:44.505+0000] {logging_mixin.py:188} INFO - [2026-05-16T02:42:44.504+0000] {dag.py:3954} INFO - Setting next_dagrun for newyork_fhv_silver to None, run_after=None
[2026-05-16T02:42:44.531+0000] {processor.py:183} INFO - Processing /opt/airflow/dags/newyork_fhv_silver.py took 0.241 seconds
[2026-05-16T02:43:15.222+0000] {processor.py:161} INFO - Started process (PID=94) to work on /opt/airflow/dags/newyork_fhv_silver.py
[2026-05-16T02:43:15.224+0000] {processor.py:830} INFO - Processing file /opt/airflow/dags/newyork_fhv_silver.py for tasks to queue
[2026-05-16T02:43:15.227+0000] {logging_mixin.py:188} INFO - [2026-05-16T02:43:15.226+0000] {dagbag.py:545} INFO - Filling up the DagBag from /opt/airflow/dags/newyork_fhv_silver.py
[2026-05-16T02:43:15.259+0000] {processor.py:840} INFO - DAG(s) 'newyork_fhv_silver' retrieved from /opt/airflow/dags/newyork_fhv_silver.py
[2026-05-16T02:43:15.285+0000] {logging_mixin.py:188} INFO - [2026-05-16T02:43:15.284+0000] {dag.py:3096} INFO - Sync 1 DAGs
[2026-05-16T02:43:15.299+0000] {logging_mixin.py:188} INFO - [2026-05-16T02:43:15.299+0000] {dag.py:3954} INFO - Setting next_dagrun for newyork_fhv_silver to None, run_after=None
[2026-05-16T02:43:15.321+0000] {processor.py:183} INFO - Processing /opt/airflow/dags/newyork_fhv_silver.py took 0.106 seconds
[2026-05-16T02:43:46.146+0000] {processor.py:161} INFO - Started process (PID=105) to work on /opt/airflow/dags/newyork_fhv_silver.py
[2026-05-16T02:43:46.147+0000] {processor.py:830} INFO - Processing file /opt/airflow/dags/newyork_fhv_silver.py for tasks to queue
[2026-05-16T02:43:46.150+0000] {logging_mixin.py:188} INFO - [2026-05-16T02:43:46.150+0000] {dagbag.py:545} INFO - Filling up the DagBag from /opt/airflow/dags/newyork_fhv_silver.py
[2026-05-16T02:43:46.179+0000] {processor.py:840} INFO - DAG(s) 'newyork_fhv_silver' retrieved from /opt/airflow/dags/newyork_fhv_silver.py
[2026-05-16T02:43:46.202+0000] {logging_mixin.py:188} INFO - [2026-05-16T02:43:46.202+0000] {dag.py:3096} INFO - Sync 1 DAGs
[2026-05-16T02:43:46.217+0000] {logging_mixin.py:188} INFO - [2026-05-16T02:43:46.216+0000] {dag.py:3954} INFO - Setting next_dagrun for newyork_fhv_silver to None, run_after=None
[2026-05-16T02:43:46.244+0000] {processor.py:183} INFO - Processing /opt/airflow/dags/newyork_fhv_silver.py took 0.104 seconds
[2026-05-16T02:44:17.099+0000] {processor.py:161} INFO - Started process (PID=116) to work on /opt/airflow/dags/newyork_fhv_silver.py
[2026-05-16T02:44:17.101+0000] {processor.py:830} INFO - Processing file /opt/airflow/dags/newyork_fhv_silver.py for tasks to queue
[2026-05-16T02:44:17.103+0000] {logging_mixin.py:188} INFO - [2026-05-16T02:44:17.103+0000] {dagbag.py:545} INFO - Filling up the DagBag from /opt/airflow/dags/newyork_fhv_silver.py
[2026-05-16T02:44:17.135+0000] {processor.py:840} INFO - DAG(s) 'newyork_fhv_silver' retrieved from /opt/airflow/dags/newyork_fhv_silver.py
[2026-05-16T02:44:17.163+0000] {logging_mixin.py:188} INFO - [2026-05-16T02:44:17.163+0000] {dag.py:3096} INFO - Sync 1 DAGs
[2026-05-16T02:44:17.189+0000] {logging_mixin.py:188} INFO - [2026-05-16T02:44:17.188+0000] {dag.py:3954} INFO - Setting next_dagrun for newyork_fhv_silver to None, run_after=None
[2026-05-16T02:44:17.220+0000] {processor.py:183} INFO - Processing /opt/airflow/dags/newyork_fhv_silver.py took 0.129 seconds
[2026-05-16T02:44:47.971+0000] {processor.py:161} INFO - Started process (PID=127) to work on /opt/airflow/dags/newyork_fhv_silver.py
[2026-05-16T02:44:47.973+0000] {processor.py:830} INFO - Processing file /opt/airflow/dags/newyork_fhv_silver.py for tasks to queue
[2026-05-16T02:44:47.976+0000] {logging_mixin.py:188} INFO - [2026-05-16T02:44:47.976+0000] {dagbag.py:545} INFO - Filling up the DagBag from /opt/airflow/dags/newyork_fhv_silver.py
[2026-05-16T02:44:48.014+0000] {processor.py:840} INFO - DAG(s) 'newyork_fhv_silver' retrieved from /opt/airflow/dags/newyork_fhv_silver.py
[2026-05-16T02:44:48.042+0000] {logging_mixin.py:188} INFO - [2026-05-16T02:44:48.042+0000] {dag.py:3096} INFO - Sync 1 DAGs
[2026-05-16T02:44:48.070+0000] {logging_mixin.py:188} INFO - [2026-05-16T02:44:48.070+0000] {dag.py:3954} INFO - Setting next_dagrun for newyork_fhv_silver to None, run_after=None
[2026-05-16T02:44:48.097+0000] {processor.py:183} INFO - Processing /opt/airflow/dags/newyork_fhv_silver.py took 0.134 seconds
[2026-05-16T02:45:18.931+0000] {processor.py:161} INFO - Started process (PID=144) to work on /opt/airflow/dags/newyork_fhv_silver.py
[2026-05-16T02:45:18.933+0000] {processor.py:830} INFO - Processing file /opt/airflow/dags/newyork_fhv_silver.py for tasks to queue
[2026-05-16T02:45:18.935+0000] {logging_mixin.py:188} INFO - [2026-05-16T02:45:18.935+0000] {dagbag.py:545} INFO - Filling up the DagBag from /opt/airflow/dags/newyork_fhv_silver.py
[2026-05-16T02:45:18.964+0000] {processor.py:840} INFO - DAG(s) 'newyork_fhv_silver' retrieved from /opt/airflow/dags/newyork_fhv_silver.py
[2026-05-16T02:45:18.987+0000] {logging_mixin.py:188} INFO - [2026-05-16T02:45:18.986+0000] {dag.py:3096} INFO - Sync 1 DAGs
[2026-05-16T02:45:19.001+0000] {logging_mixin.py:188} INFO - [2026-05-16T02:45:19.000+0000] {dag.py:3954} INFO - Setting next_dagrun for newyork_fhv_silver to None, run_after=None
[2026-05-16T02:45:19.024+0000] {processor.py:183} INFO - Processing /opt/airflow/dags/newyork_fhv_silver.py took 0.102 seconds
[2026-05-16T02:45:49.818+0000] {processor.py:161} INFO - Started process (PID=155) to work on /opt/airflow/dags/newyork_fhv_silver.py
[2026-05-16T02:45:49.821+0000] {processor.py:830} INFO - Processing file /opt/airflow/dags/newyork_fhv_silver.py for tasks to queue
[2026-05-16T02:45:49.828+0000] {logging_mixin.py:188} INFO - [2026-05-16T02:45:49.827+0000] {dagbag.py:545} INFO - Filling up the DagBag from /opt/airflow/dags/newyork_fhv_silver.py
[2026-05-16T02:45:49.884+0000] {processor.py:840} INFO - DAG(s) 'newyork_fhv_silver' retrieved from /opt/airflow/dags/newyork_fhv_silver.py
[2026-05-16T02:45:49.919+0000] {logging_mixin.py:188} INFO - [2026-05-16T02:45:49.918+0000] {dag.py:3096} INFO - Sync 1 DAGs
[2026-05-16T02:45:49.942+0000] {logging_mixin.py:188} INFO - [2026-05-16T02:45:49.941+0000] {dag.py:3954} INFO - Setting next_dagrun for newyork_fhv_silver to None, run_after=None
[2026-05-16T02:45:49.978+0000] {processor.py:183} INFO - Processing /opt/airflow/dags/newyork_fhv_silver.py took 0.179 seconds
[2026-05-16T02:46:20.835+0000] {processor.py:161} INFO - Started process (PID=167) to work on /opt/airflow/dags/newyork_fhv_silver.py
[2026-05-16T02:46:20.837+0000] {processor.py:830} INFO - Processing file /opt/airflow/dags/newyork_fhv_silver.py for tasks to queue
[2026-05-16T02:46:20.837+0000] {logging_mixin.py:188} INFO - [2026-05-16T02:46:20.837+0000] {dagbag.py:545} INFO - Filling up the DagBag from /opt/airflow/dags/newyork_fhv_silver.py
[2026-05-16T02:46:20.867+0000] {processor.py:840} INFO - DAG(s) 'newyork_fhv_silver' retrieved from /opt/airflow/dags/newyork_fhv_silver.py
[2026-05-16T02:46:20.887+0000] {logging_mixin.py:188} INFO - [2026-05-16T02:46:20.887+0000] {dag.py:3096} INFO - Sync 1 DAGs
[2026-05-16T02:46:20.899+0000] {logging_mixin.py:188} INFO - [2026-05-16T02:46:20.899+0000] {dag.py:3954} INFO - Setting next_dagrun for newyork_fhv_silver to None, run_after=None
[2026-05-16T02:46:20.921+0000] {processor.py:183} INFO - Processing /opt/airflow/dags/newyork_fhv_silver.py took 0.096 seconds
[2026-05-16T02:46:51.789+0000] {processor.py:161} INFO - Started process (PID=178) to work on /opt/airflow/dags/newyork_fhv_silver.py
[2026-05-16T02:46:51.790+0000] {processor.py:830} INFO - Processing file /opt/airflow/dags/newyork_fhv_silver.py for tasks to queue
[2026-05-16T02:46:51.794+0000] {logging_mixin.py:188} INFO - [2026-05-16T02:46:51.793+0000] {dagbag.py:545} INFO - Filling up the DagBag from /opt/airflow/dags/newyork_fhv_silver.py
[2026-05-16T02:46:51.836+0000] {processor.py:840} INFO - DAG(s) 'newyork_fhv_silver' retrieved from /opt/airflow/dags/newyork_fhv_silver.py
[2026-05-16T02:46:51.864+0000] {logging_mixin.py:188} INFO - [2026-05-16T02:46:51.864+0000] {dag.py:3096} INFO - Sync 1 DAGs
[2026-05-16T02:46:51.879+0000] {logging_mixin.py:188} INFO - [2026-05-16T02:46:51.879+0000] {dag.py:3954} INFO - Setting next_dagrun for newyork_fhv_silver to None, run_after=None
[2026-05-16T02:46:51.903+0000] {processor.py:183} INFO - Processing /opt/airflow/dags/newyork_fhv_silver.py took 0.125 seconds
[2026-05-16T02:47:22.836+0000] {processor.py:161} INFO - Started process (PID=189) to work on /opt/airflow/dags/newyork_fhv_silver.py
[2026-05-16T02:47:22.838+0000] {processor.py:830} INFO - Processing file /opt/airflow/dags/newyork_fhv_silver.py for tasks to queue
[2026-05-16T02:47:22.840+0000] {logging_mixin.py:188} INFO - [2026-05-16T02:47:22.840+0000] {dagbag.py:545} INFO - Filling up the DagBag from /opt/airflow/dags/newyork_fhv_silver.py
[2026-05-16T02:47:22.887+0000] {processor.py:840} INFO - DAG(s) 'newyork_fhv_silver' retrieved from /opt/airflow/dags/newyork_fhv_silver.py
[2026-05-16T02:47:22.916+0000] {logging_mixin.py:188} INFO - [2026-05-16T02:47:22.915+0000] {dag.py:3096} INFO - Sync 1 DAGs
[2026-05-16T02:47:22.935+0000] {logging_mixin.py:188} INFO - [2026-05-16T02:47:22.935+0000] {dag.py:3954} INFO - Setting next_dagrun for newyork_fhv_silver to None, run_after=None
[2026-05-16T02:47:22.966+0000] {processor.py:183} INFO - Processing /opt/airflow/dags/newyork_fhv_silver.py took 0.140 seconds
[2026-05-16T02:47:53.174+0000] {processor.py:161} INFO - Started process (PID=200) to work on /opt/airflow/dags/newyork_fhv_silver.py
[2026-05-16T02:47:53.176+0000] {processor.py:830} INFO - Processing file /opt/airflow/dags/newyork_fhv_silver.py for tasks to queue
[2026-05-16T02:47:53.180+0000] {logging_mixin.py:188} INFO - [2026-05-16T02:47:53.179+0000] {dagbag.py:545} INFO - Filling up the DagBag from /opt/airflow/dags/newyork_fhv_silver.py
[2026-05-16T02:47:53.248+0000] {processor.py:840} INFO - DAG(s) 'newyork_fhv_silver' retrieved from /opt/airflow/dags/newyork_fhv_silver.py
[2026-05-16T02:47:53.283+0000] {logging_mixin.py:188} INFO - [2026-05-16T02:47:53.282+0000] {dag.py:3096} INFO - Sync 1 DAGs
[2026-05-16T02:47:53.309+0000] {logging_mixin.py:188} INFO - [2026-05-16T02:47:53.308+0000] {dag.py:3954} INFO - Setting next_dagrun for newyork_fhv_silver to None, run_after=None
[2026-05-16T02:47:53.353+0000] {processor.py:183} INFO - Processing /opt/airflow/dags/newyork_fhv_silver.py took 0.186 seconds
[2026-05-16T02:48:23.712+0000] {processor.py:161} INFO - Started process (PID=211) to work on /opt/airflow/dags/newyork_fhv_silver.py
[2026-05-16T02:48:23.713+0000] {processor.py:830} INFO - Processing file /opt/airflow/dags/newyork_fhv_silver.py for tasks to queue
[2026-05-16T02:48:23.717+0000] {logging_mixin.py:188} INFO - [2026-05-16T02:48:23.716+0000] {dagbag.py:545} INFO - Filling up the DagBag from /opt/airflow/dags/newyork_fhv_silver.py
[2026-05-16T02:48:23.768+0000] {processor.py:840} INFO - DAG(s) 'newyork_fhv_silver' retrieved from /opt/airflow/dags/newyork_fhv_silver.py
[2026-05-16T02:48:23.796+0000] {logging_mixin.py:188} INFO - [2026-05-16T02:48:23.795+0000] {dag.py:3096} INFO - Sync 1 DAGs
[2026-05-16T02:48:23.818+0000] {logging_mixin.py:188} INFO - [2026-05-16T02:48:23.818+0000] {dag.py:3954} INFO - Setting next_dagrun for newyork_fhv_silver to None, run_after=None
[2026-05-16T02:48:23.849+0000] {processor.py:183} INFO - Processing /opt/airflow/dags/newyork_fhv_silver.py took 0.144 seconds
[2026-05-16T02:48:54.697+0000] {processor.py:161} INFO - Started process (PID=222) to work on /opt/airflow/dags/newyork_fhv_silver.py
[2026-05-16T02:48:54.698+0000] {processor.py:830} INFO - Processing file /opt/airflow/dags/newyork_fhv_silver.py for tasks to queue
[2026-05-16T02:48:54.701+0000] {logging_mixin.py:188} INFO - [2026-05-16T02:48:54.700+0000] {dagbag.py:545} INFO - Filling up the DagBag from /opt/airflow/dags/newyork_fhv_silver.py
[2026-05-16T02:48:54.735+0000] {processor.py:840} INFO - DAG(s) 'newyork_fhv_silver' retrieved from /opt/airflow/dags/newyork_fhv_silver.py
[2026-05-16T02:48:54.756+0000] {logging_mixin.py:188} INFO - [2026-05-16T02:48:54.756+0000] {dag.py:3096} INFO - Sync 1 DAGs
[2026-05-16T02:48:54.769+0000] {logging_mixin.py:188} INFO - [2026-05-16T02:48:54.769+0000] {dag.py:3954} INFO - Setting next_dagrun for newyork_fhv_silver to None, run_after=None
[2026-05-16T02:48:54.791+0000] {processor.py:183} INFO - Processing /opt/airflow/dags/newyork_fhv_silver.py took 0.101 seconds
[2026-05-16T02:49:25.737+0000] {processor.py:161} INFO - Started process (PID=233) to work on /opt/airflow/dags/newyork_fhv_silver.py
[2026-05-16T02:49:25.739+0000] {processor.py:830} INFO - Processing file /opt/airflow/dags/newyork_fhv_silver.py for tasks to queue
[2026-05-16T02:49:25.742+0000] {logging_mixin.py:188} INFO - [2026-05-16T02:49:25.742+0000] {dagbag.py:545} INFO - Filling up the DagBag from /opt/airflow/dags/newyork_fhv_silver.py
[2026-05-16T02:49:25.790+0000] {processor.py:840} INFO - DAG(s) 'newyork_fhv_silver' retrieved from /opt/airflow/dags/newyork_fhv_silver.py
[2026-05-16T02:49:25.822+0000] {logging_mixin.py:188} INFO - [2026-05-16T02:49:25.822+0000] {dag.py:3096} INFO - Sync 1 DAGs
[2026-05-16T02:49:25.841+0000] {logging_mixin.py:188} INFO - [2026-05-16T02:49:25.841+0000] {dag.py:3954} INFO - Setting next_dagrun for newyork_fhv_silver to None, run_after=None
[2026-05-16T02:49:25.881+0000] {processor.py:183} INFO - Processing /opt/airflow/dags/newyork_fhv_silver.py took 0.158 seconds
[2026-05-16T02:49:56.366+0000] {processor.py:161} INFO - Started process (PID=244) to work on /opt/airflow/dags/newyork_fhv_silver.py
[2026-05-16T02:49:56.372+0000] {processor.py:830} INFO - Processing file /opt/airflow/dags/newyork_fhv_silver.py for tasks to queue
[2026-05-16T02:49:56.380+0000] {logging_mixin.py:188} INFO - [2026-05-16T02:49:56.379+0000] {dagbag.py:545} INFO - Filling up the DagBag from /opt/airflow/dags/newyork_fhv_silver.py
[2026-05-16T02:49:56.486+0000] {processor.py:840} INFO - DAG(s) 'newyork_fhv_silver' retrieved from /opt/airflow/dags/newyork_fhv_silver.py
[2026-05-16T02:49:56.527+0000] {logging_mixin.py:188} INFO - [2026-05-16T02:49:56.527+0000] {dag.py:3096} INFO - Sync 1 DAGs
[2026-05-16T02:49:56.560+0000] {logging_mixin.py:188} INFO - [2026-05-16T02:49:56.560+0000] {dag.py:3954} INFO - Setting next_dagrun for newyork_fhv_silver to None, run_after=None
[2026-05-16T02:49:56.620+0000] {processor.py:183} INFO - Processing /opt/airflow/dags/newyork_fhv_silver.py took 0.263 seconds
[2026-05-16T02:50:26.937+0000] {processor.py:161} INFO - Started process (PID=255) to work on /opt/airflow/dags/newyork_fhv_silver.py
[2026-05-16T02:50:26.939+0000] {processor.py:830} INFO - Processing file /opt/airflow/dags/newyork_fhv_silver.py for tasks to queue
[2026-05-16T02:50:26.942+0000] {logging_mixin.py:188} INFO - [2026-05-16T02:50:26.942+0000] {dagbag.py:545} INFO - Filling up the DagBag from /opt/airflow/dags/newyork_fhv_silver.py
[2026-05-16T02:50:26.984+0000] {processor.py:840} INFO - DAG(s) 'newyork_fhv_silver' retrieved from /opt/airflow/dags/newyork_fhv_silver.py
[2026-05-16T02:50:27.023+0000] {logging_mixin.py:188} INFO - [2026-05-16T02:50:27.022+0000] {dag.py:3096} INFO - Sync 1 DAGs
[2026-05-16T02:50:27.050+0000] {logging_mixin.py:188} INFO - [2026-05-16T02:50:27.049+0000] {dag.py:3954} INFO - Setting next_dagrun for newyork_fhv_silver to None, run_after=None
[2026-05-16T02:50:27.091+0000] {processor.py:183} INFO - Processing /opt/airflow/dags/newyork_fhv_silver.py took 0.166 seconds
[2026-05-16T02:50:57.525+0000] {processor.py:161} INFO - Started process (PID=266) to work on /opt/airflow/dags/newyork_fhv_silver.py
[2026-05-16T02:50:57.527+0000] {processor.py:830} INFO - Processing file /opt/airflow/dags/newyork_fhv_silver.py for tasks to queue
[2026-05-16T02:50:57.532+0000] {logging_mixin.py:188} INFO - [2026-05-16T02:50:57.530+0000] {dagbag.py:545} INFO - Filling up the DagBag from /opt/airflow/dags/newyork_fhv_silver.py
[2026-05-16T02:50:57.581+0000] {processor.py:840} INFO - DAG(s) 'newyork_fhv_silver' retrieved from /opt/airflow/dags/newyork_fhv_silver.py
[2026-05-16T02:50:57.613+0000] {logging_mixin.py:188} INFO - [2026-05-16T02:50:57.612+0000] {dag.py:3096} INFO - Sync 1 DAGs
[2026-05-16T02:50:57.633+0000] {logging_mixin.py:188} INFO - [2026-05-16T02:50:57.633+0000] {dag.py:3954} INFO - Setting next_dagrun for newyork_fhv_silver to None, run_after=None
[2026-05-16T02:50:57.661+0000] {processor.py:183} INFO - Processing /opt/airflow/dags/newyork_fhv_silver.py took 0.145 seconds
[2026-05-16T02:51:27.763+0000] {processor.py:161} INFO - Started process (PID=282) to work on /opt/airflow/dags/newyork_fhv_silver.py
[2026-05-16T02:51:27.766+0000] {processor.py:830} INFO - Processing file /opt/airflow/dags/newyork_fhv_silver.py for tasks to queue
[2026-05-16T02:51:27.769+0000] {logging_mixin.py:188} INFO - [2026-05-16T02:51:27.768+0000] {dagbag.py:545} INFO - Filling up the DagBag from /opt/airflow/dags/newyork_fhv_silver.py
[2026-05-16T02:51:27.803+0000] {processor.py:840} INFO - DAG(s) 'newyork_fhv_silver' retrieved from /opt/airflow/dags/newyork_fhv_silver.py
[2026-05-16T02:51:27.828+0000] {logging_mixin.py:188} INFO - [2026-05-16T02:51:27.828+0000] {dag.py:3096} INFO - Sync 1 DAGs
[2026-05-16T02:51:27.845+0000] {logging_mixin.py:188} INFO - [2026-05-16T02:51:27.845+0000] {dag.py:3954} INFO - Setting next_dagrun for newyork_fhv_silver to None, run_after=None
[2026-05-16T02:51:27.871+0000] {processor.py:183} INFO - Processing /opt/airflow/dags/newyork_fhv_silver.py took 0.124 seconds
[2026-05-16T02:51:58.795+0000] {processor.py:161} INFO - Started process (PID=293) to work on /opt/airflow/dags/newyork_fhv_silver.py
[2026-05-16T02:51:58.796+0000] {processor.py:830} INFO - Processing file /opt/airflow/dags/newyork_fhv_silver.py for tasks to queue
[2026-05-16T02:51:58.799+0000] {logging_mixin.py:188} INFO - [2026-05-16T02:51:58.799+0000] {dagbag.py:545} INFO - Filling up the DagBag from /opt/airflow/dags/newyork_fhv_silver.py
[2026-05-16T02:51:58.838+0000] {processor.py:840} INFO - DAG(s) 'newyork_fhv_silver' retrieved from /opt/airflow/dags/newyork_fhv_silver.py
[2026-05-16T02:51:58.861+0000] {logging_mixin.py:188} INFO - [2026-05-16T02:51:58.860+0000] {dag.py:3096} INFO - Sync 1 DAGs
[2026-05-16T02:51:58.879+0000] {logging_mixin.py:188} INFO - [2026-05-16T02:51:58.879+0000] {dag.py:3954} INFO - Setting next_dagrun for newyork_fhv_silver to None, run_after=None
[2026-05-16T02:51:58.908+0000] {processor.py:183} INFO - Processing /opt/airflow/dags/newyork_fhv_silver.py took 0.120 seconds
[2026-05-16T02:52:29.056+0000] {processor.py:161} INFO - Started process (PID=304) to work on /opt/airflow/dags/newyork_fhv_silver.py
[2026-05-16T02:52:29.059+0000] {processor.py:830} INFO - Processing file /opt/airflow/dags/newyork_fhv_silver.py for tasks to queue
[2026-05-16T02:52:29.062+0000] {logging_mixin.py:188} INFO - [2026-05-16T02:52:29.062+0000] {dagbag.py:545} INFO - Filling up the DagBag from /opt/airflow/dags/newyork_fhv_silver.py
[2026-05-16T02:52:29.107+0000] {processor.py:840} INFO - DAG(s) 'newyork_fhv_silver' retrieved from /opt/airflow/dags/newyork_fhv_silver.py
[2026-05-16T02:52:29.140+0000] {logging_mixin.py:188} INFO - [2026-05-16T02:52:29.140+0000] {dag.py:3096} INFO - Sync 1 DAGs
[2026-05-16T02:52:29.159+0000] {logging_mixin.py:188} INFO - [2026-05-16T02:52:29.159+0000] {dag.py:3954} INFO - Setting next_dagrun for newyork_fhv_silver to None, run_after=None
[2026-05-16T02:52:29.190+0000] {processor.py:183} INFO - Processing /opt/airflow/dags/newyork_fhv_silver.py took 0.143 seconds
[2026-05-16T02:52:59.304+0000] {processor.py:161} INFO - Started process (PID=314) to work on /opt/airflow/dags/newyork_fhv_silver.py
[2026-05-16T02:52:59.307+0000] {processor.py:830} INFO - Processing file /opt/airflow/dags/newyork_fhv_silver.py for tasks to queue
[2026-05-16T02:52:59.311+0000] {logging_mixin.py:188} INFO - [2026-05-16T02:52:59.310+0000] {dagbag.py:545} INFO - Filling up the DagBag from /opt/airflow/dags/newyork_fhv_silver.py
[2026-05-16T02:52:59.349+0000] {processor.py:840} INFO - DAG(s) 'newyork_fhv_silver' retrieved from /opt/airflow/dags/newyork_fhv_silver.py
[2026-05-16T02:52:59.377+0000] {logging_mixin.py:188} INFO - [2026-05-16T02:52:59.377+0000] {dag.py:3096} INFO - Sync 1 DAGs
[2026-05-16T02:52:59.394+0000] {logging_mixin.py:188} INFO - [2026-05-16T02:52:59.393+0000] {dag.py:3954} INFO - Setting next_dagrun for newyork_fhv_silver to None, run_after=None
[2026-05-16T02:52:59.417+0000] {processor.py:183} INFO - Processing /opt/airflow/dags/newyork_fhv_silver.py took 0.125 seconds
[2026-05-16T02:53:29.737+0000] {processor.py:161} INFO - Started process (PID=325) to work on /opt/airflow/dags/newyork_fhv_silver.py
[2026-05-16T02:53:29.739+0000] {processor.py:830} INFO - Processing file /opt/airflow/dags/newyork_fhv_silver.py for tasks to queue
[2026-05-16T02:53:29.743+0000] {logging_mixin.py:188} INFO - [2026-05-16T02:53:29.742+0000] {dagbag.py:545} INFO - Filling up the DagBag from /opt/airflow/dags/newyork_fhv_silver.py
[2026-05-16T02:53:29.789+0000] {processor.py:840} INFO - DAG(s) 'newyork_fhv_silver' retrieved from /opt/airflow/dags/newyork_fhv_silver.py
[2026-05-16T02:53:29.817+0000] {logging_mixin.py:188} INFO - [2026-05-16T02:53:29.816+0000] {dag.py:3096} INFO - Sync 1 DAGs
[2026-05-16T02:53:29.831+0000] {logging_mixin.py:188} INFO - [2026-05-16T02:53:29.831+0000] {dag.py:3954} INFO - Setting next_dagrun for newyork_fhv_silver to None, run_after=None
[2026-05-16T02:53:29.861+0000] {processor.py:183} INFO - Processing /opt/airflow/dags/newyork_fhv_silver.py took 0.136 seconds
[2026-05-16T02:53:59.979+0000] {processor.py:161} INFO - Started process (PID=336) to work on /opt/airflow/dags/newyork_fhv_silver.py
[2026-05-16T02:53:59.980+0000] {processor.py:830} INFO - Processing file /opt/airflow/dags/newyork_fhv_silver.py for tasks to queue
[2026-05-16T02:53:59.983+0000] {logging_mixin.py:188} INFO - [2026-05-16T02:53:59.983+0000] {dagbag.py:545} INFO - Filling up the DagBag from /opt/airflow/dags/newyork_fhv_silver.py
[2026-05-16T02:54:00.043+0000] {processor.py:840} INFO - DAG(s) 'newyork_fhv_silver' retrieved from /opt/airflow/dags/newyork_fhv_silver.py
[2026-05-16T02:54:00.079+0000] {logging_mixin.py:188} INFO - [2026-05-16T02:54:00.079+0000] {dag.py:3096} INFO - Sync 1 DAGs
[2026-05-16T02:54:00.102+0000] {logging_mixin.py:188} INFO - [2026-05-16T02:54:00.101+0000] {dag.py:3954} INFO - Setting next_dagrun for newyork_fhv_silver to None, run_after=None
[2026-05-16T02:54:00.140+0000] {processor.py:183} INFO - Processing /opt/airflow/dags/newyork_fhv_silver.py took 0.169 seconds
[2026-05-16T02:54:30.283+0000] {processor.py:161} INFO - Started process (PID=347) to work on /opt/airflow/dags/newyork_fhv_silver.py
[2026-05-16T02:54:30.285+0000] {processor.py:830} INFO - Processing file /opt/airflow/dags/newyork_fhv_silver.py for tasks to queue
[2026-05-16T02:54:30.289+0000] {logging_mixin.py:188} INFO - [2026-05-16T02:54:30.288+0000] {dagbag.py:545} INFO - Filling up the DagBag from /opt/airflow/dags/newyork_fhv_silver.py
[2026-05-16T02:54:30.333+0000] {processor.py:840} INFO - DAG(s) 'newyork_fhv_silver' retrieved from /opt/airflow/dags/newyork_fhv_silver.py
[2026-05-16T02:54:30.357+0000] {logging_mixin.py:188} INFO - [2026-05-16T02:54:30.357+0000] {dag.py:3096} INFO - Sync 1 DAGs
[2026-05-16T02:54:30.371+0000] {logging_mixin.py:188} INFO - [2026-05-16T02:54:30.370+0000] {dag.py:3954} INFO - Setting next_dagrun for newyork_fhv_silver to None, run_after=None
[2026-05-16T02:54:30.397+0000] {processor.py:183} INFO - Processing /opt/airflow/dags/newyork_fhv_silver.py took 0.125 seconds
[2026-05-16T02:55:01.033+0000] {processor.py:161} INFO - Started process (PID=358) to work on /opt/airflow/dags/newyork_fhv_silver.py
[2026-05-16T02:55:01.036+0000] {processor.py:830} INFO - Processing file /opt/airflow/dags/newyork_fhv_silver.py for tasks to queue
[2026-05-16T02:55:01.042+0000] {logging_mixin.py:188} INFO - [2026-05-16T02:55:01.041+0000] {dagbag.py:545} INFO - Filling up the DagBag from /opt/airflow/dags/newyork_fhv_silver.py
[2026-05-16T02:55:01.092+0000] {processor.py:840} INFO - DAG(s) 'newyork_fhv_silver' retrieved from /opt/airflow/dags/newyork_fhv_silver.py
[2026-05-16T02:55:01.121+0000] {logging_mixin.py:188} INFO - [2026-05-16T02:55:01.120+0000] {dag.py:3096} INFO - Sync 1 DAGs
[2026-05-16T02:55:01.142+0000] {logging_mixin.py:188} INFO - [2026-05-16T02:55:01.142+0000] {dag.py:3954} INFO - Setting next_dagrun for newyork_fhv_silver to None, run_after=None
[2026-05-16T02:55:01.171+0000] {processor.py:183} INFO - Processing /opt/airflow/dags/newyork_fhv_silver.py took 0.157 seconds
[2026-05-16T02:55:31.930+0000] {processor.py:161} INFO - Started process (PID=369) to work on /opt/airflow/dags/newyork_fhv_silver.py
[2026-05-16T02:55:31.931+0000] {processor.py:830} INFO - Processing file /opt/airflow/dags/newyork_fhv_silver.py for tasks to queue
[2026-05-16T02:55:31.933+0000] {logging_mixin.py:188} INFO - [2026-05-16T02:55:31.933+0000] {dagbag.py:545} INFO - Filling up the DagBag from /opt/airflow/dags/newyork_fhv_silver.py
[2026-05-16T02:55:31.967+0000] {processor.py:840} INFO - DAG(s) 'newyork_fhv_silver' retrieved from /opt/airflow/dags/newyork_fhv_silver.py
[2026-05-16T02:55:31.995+0000] {logging_mixin.py:188} INFO - [2026-05-16T02:55:31.995+0000] {dag.py:3096} INFO - Sync 1 DAGs
[2026-05-16T02:55:32.010+0000] {logging_mixin.py:188} INFO - [2026-05-16T02:55:32.010+0000] {dag.py:3954} INFO - Setting next_dagrun for newyork_fhv_silver to None, run_after=None
[2026-05-16T02:55:32.035+0000] {processor.py:183} INFO - Processing /opt/airflow/dags/newyork_fhv_silver.py took 0.112 seconds
[2026-05-16T02:56:02.757+0000] {processor.py:161} INFO - Started process (PID=380) to work on /opt/airflow/dags/newyork_fhv_silver.py
[2026-05-16T02:56:02.758+0000] {processor.py:830} INFO - Processing file /opt/airflow/dags/newyork_fhv_silver.py for tasks to queue
[2026-05-16T02:56:02.761+0000] {logging_mixin.py:188} INFO - [2026-05-16T02:56:02.760+0000] {dagbag.py:545} INFO - Filling up the DagBag from /opt/airflow/dags/newyork_fhv_silver.py
[2026-05-16T02:56:02.797+0000] {processor.py:840} INFO - DAG(s) 'newyork_fhv_silver' retrieved from /opt/airflow/dags/newyork_fhv_silver.py
[2026-05-16T02:56:02.827+0000] {logging_mixin.py:188} INFO - [2026-05-16T02:56:02.827+0000] {dag.py:3096} INFO - Sync 1 DAGs
[2026-05-16T02:56:02.842+0000] {logging_mixin.py:188} INFO - [2026-05-16T02:56:02.841+0000] {dag.py:3954} INFO - Setting next_dagrun for newyork_fhv_silver to None, run_after=None
[2026-05-16T02:56:02.867+0000] {processor.py:183} INFO - Processing /opt/airflow/dags/newyork_fhv_silver.py took 0.117 seconds
[2026-05-16T02:56:33.843+0000] {processor.py:161} INFO - Started process (PID=391) to work on /opt/airflow/dags/newyork_fhv_silver.py
[2026-05-16T02:56:33.845+0000] {processor.py:830} INFO - Processing file /opt/airflow/dags/newyork_fhv_silver.py for tasks to queue
[2026-05-16T02:56:33.848+0000] {logging_mixin.py:188} INFO - [2026-05-16T02:56:33.848+0000] {dagbag.py:545} INFO - Filling up the DagBag from /opt/airflow/dags/newyork_fhv_silver.py
[2026-05-16T02:56:33.892+0000] {processor.py:840} INFO - DAG(s) 'newyork_fhv_silver' retrieved from /opt/airflow/dags/newyork_fhv_silver.py
[2026-05-16T02:56:33.924+0000] {logging_mixin.py:188} INFO - [2026-05-16T02:56:33.923+0000] {dag.py:3096} INFO - Sync 1 DAGs
[2026-05-16T02:56:33.939+0000] {logging_mixin.py:188} INFO - [2026-05-16T02:56:33.939+0000] {dag.py:3954} INFO - Setting next_dagrun for newyork_fhv_silver to None, run_after=None
[2026-05-16T02:56:33.963+0000] {processor.py:183} INFO - Processing /opt/airflow/dags/newyork_fhv_silver.py took 0.130 seconds
[2026-05-16T02:57:04.631+0000] {processor.py:161} INFO - Started process (PID=402) to work on /opt/airflow/dags/newyork_fhv_silver.py
[2026-05-16T02:57:04.632+0000] {processor.py:830} INFO - Processing file /opt/airflow/dags/newyork_fhv_silver.py for tasks to queue
[2026-05-16T02:57:04.634+0000] {logging_mixin.py:188} INFO - [2026-05-16T02:57:04.634+0000] {dagbag.py:545} INFO - Filling up the DagBag from /opt/airflow/dags/newyork_fhv_silver.py
[2026-05-16T02:57:04.656+0000] {processor.py:840} INFO - DAG(s) 'newyork_fhv_silver' retrieved from /opt/airflow/dags/newyork_fhv_silver.py
[2026-05-16T02:57:04.676+0000] {logging_mixin.py:188} INFO - [2026-05-16T02:57:04.676+0000] {dag.py:3096} INFO - Sync 1 DAGs
[2026-05-16T02:57:04.690+0000] {logging_mixin.py:188} INFO - [2026-05-16T02:57:04.690+0000] {dag.py:3954} INFO - Setting next_dagrun for newyork_fhv_silver to None, run_after=None
[2026-05-16T02:57:04.711+0000] {processor.py:183} INFO - Processing /opt/airflow/dags/newyork_fhv_silver.py took 0.087 seconds
[2026-05-16T02:57:35.444+0000] {processor.py:161} INFO - Started process (PID=413) to work on /opt/airflow/dags/newyork_fhv_silver.py
[2026-05-16T02:57:35.446+0000] {processor.py:830} INFO - Processing file /opt/airflow/dags/newyork_fhv_silver.py for tasks to queue
[2026-05-16T02:57:35.449+0000] {logging_mixin.py:188} INFO - [2026-05-16T02:57:35.448+0000] {dagbag.py:545} INFO - Filling up the DagBag from /opt/airflow/dags/newyork_fhv_silver.py
[2026-05-16T02:57:35.486+0000] {processor.py:840} INFO - DAG(s) 'newyork_fhv_silver' retrieved from /opt/airflow/dags/newyork_fhv_silver.py
[2026-05-16T02:57:35.510+0000] {logging_mixin.py:188} INFO - [2026-05-16T02:57:35.509+0000] {dag.py:3096} INFO - Sync 1 DAGs
[2026-05-16T02:57:35.525+0000] {logging_mixin.py:188} INFO - [2026-05-16T02:57:35.525+0000] {dag.py:3954} INFO - Setting next_dagrun for newyork_fhv_silver to None, run_after=None
[2026-05-16T02:57:35.549+0000] {processor.py:183} INFO - Processing /opt/airflow/dags/newyork_fhv_silver.py took 0.112 seconds
[2026-05-16T02:58:06.388+0000] {processor.py:161} INFO - Started process (PID=425) to work on /opt/airflow/dags/newyork_fhv_silver.py
[2026-05-16T02:58:06.389+0000] {processor.py:830} INFO - Processing file /opt/airflow/dags/newyork_fhv_silver.py for tasks to queue
[2026-05-16T02:58:06.392+0000] {logging_mixin.py:188} INFO - [2026-05-16T02:58:06.392+0000] {dagbag.py:545} INFO - Filling up the DagBag from /opt/airflow/dags/newyork_fhv_silver.py
[2026-05-16T02:58:06.429+0000] {processor.py:840} INFO - DAG(s) 'newyork_fhv_silver' retrieved from /opt/airflow/dags/newyork_fhv_silver.py
[2026-05-16T02:58:06.454+0000] {logging_mixin.py:188} INFO - [2026-05-16T02:58:06.454+0000] {dag.py:3096} INFO - Sync 1 DAGs
[2026-05-16T02:58:06.469+0000] {logging_mixin.py:188} INFO - [2026-05-16T02:58:06.469+0000] {dag.py:3954} INFO - Setting next_dagrun for newyork_fhv_silver to None, run_after=None
[2026-05-16T02:58:06.502+0000] {processor.py:183} INFO - Processing /opt/airflow/dags/newyork_fhv_silver.py took 0.122 seconds
[2026-05-16T02:58:37.223+0000] {processor.py:161} INFO - Started process (PID=436) to work on /opt/airflow/dags/newyork_fhv_silver.py
[2026-05-16T02:58:37.224+0000] {processor.py:830} INFO - Processing file /opt/airflow/dags/newyork_fhv_silver.py for tasks to queue
[2026-05-16T02:58:37.227+0000] {logging_mixin.py:188} INFO - [2026-05-16T02:58:37.226+0000] {dagbag.py:545} INFO - Filling up the DagBag from /opt/airflow/dags/newyork_fhv_silver.py
[2026-05-16T02:58:37.263+0000] {processor.py:840} INFO - DAG(s) 'newyork_fhv_silver' retrieved from /opt/airflow/dags/newyork_fhv_silver.py
[2026-05-16T02:58:37.286+0000] {logging_mixin.py:188} INFO - [2026-05-16T02:58:37.286+0000] {dag.py:3096} INFO - Sync 1 DAGs
[2026-05-16T02:58:37.298+0000] {logging_mixin.py:188} INFO - [2026-05-16T02:58:37.298+0000] {dag.py:3954} INFO - Setting next_dagrun for newyork_fhv_silver to None, run_after=None
[2026-05-16T02:58:37.320+0000] {processor.py:183} INFO - Processing /opt/airflow/dags/newyork_fhv_silver.py took 0.107 seconds
[2026-05-16T02:59:07.892+0000] {processor.py:161} INFO - Started process (PID=447) to work on /opt/airflow/dags/newyork_fhv_silver.py
[2026-05-16T02:59:07.894+0000] {processor.py:830} INFO - Processing file /opt/airflow/dags/newyork_fhv_silver.py for tasks to queue
[2026-05-16T02:59:07.897+0000] {logging_mixin.py:188} INFO - [2026-05-16T02:59:07.896+0000] {dagbag.py:545} INFO - Filling up the DagBag from /opt/airflow/dags/newyork_fhv_silver.py
[2026-05-16T02:59:07.926+0000] {processor.py:840} INFO - DAG(s) 'newyork_fhv_silver' retrieved from /opt/airflow/dags/newyork_fhv_silver.py
[2026-05-16T02:59:07.951+0000] {logging_mixin.py:188} INFO - [2026-05-16T02:59:07.950+0000] {dag.py:3096} INFO - Sync 1 DAGs
[2026-05-16T02:59:07.968+0000] {logging_mixin.py:188} INFO - [2026-05-16T02:59:07.967+0000] {dag.py:3954} INFO - Setting next_dagrun for newyork_fhv_silver to None, run_after=None
[2026-05-16T02:59:07.991+0000] {processor.py:183} INFO - Processing /opt/airflow/dags/newyork_fhv_silver.py took 0.109 seconds
[2026-05-16T02:59:38.665+0000] {processor.py:161} INFO - Started process (PID=458) to work on /opt/airflow/dags/newyork_fhv_silver.py
[2026-05-16T02:59:38.667+0000] {processor.py:830} INFO - Processing file /opt/airflow/dags/newyork_fhv_silver.py for tasks to queue
[2026-05-16T02:59:38.671+0000] {logging_mixin.py:188} INFO - [2026-05-16T02:59:38.670+0000] {dagbag.py:545} INFO - Filling up the DagBag from /opt/airflow/dags/newyork_fhv_silver.py
[2026-05-16T02:59:38.711+0000] {processor.py:840} INFO - DAG(s) 'newyork_fhv_silver' retrieved from /opt/airflow/dags/newyork_fhv_silver.py
[2026-05-16T02:59:38.735+0000] {logging_mixin.py:188} INFO - [2026-05-16T02:59:38.735+0000] {dag.py:3096} INFO - Sync 1 DAGs
[2026-05-16T02:59:38.750+0000] {logging_mixin.py:188} INFO - [2026-05-16T02:59:38.749+0000] {dag.py:3954} INFO - Setting next_dagrun for newyork_fhv_silver to None, run_after=None
[2026-05-16T02:59:38.776+0000] {processor.py:183} INFO - Processing /opt/airflow/dags/newyork_fhv_silver.py took 0.118 seconds
[2026-05-16T03:00:09.471+0000] {processor.py:161} INFO - Started process (PID=469) to work on /opt/airflow/dags/newyork_fhv_silver.py
[2026-05-16T03:00:09.473+0000] {processor.py:830} INFO - Processing file /opt/airflow/dags/newyork_fhv_silver.py for tasks to queue
[2026-05-16T03:00:09.477+0000] {logging_mixin.py:188} INFO - [2026-05-16T03:00:09.476+0000] {dagbag.py:545} INFO - Filling up the DagBag from /opt/airflow/dags/newyork_fhv_silver.py
[2026-05-16T03:00:09.514+0000] {processor.py:840} INFO - DAG(s) 'newyork_fhv_silver' retrieved from /opt/airflow/dags/newyork_fhv_silver.py
[2026-05-16T03:00:09.536+0000] {logging_mixin.py:188} INFO - [2026-05-16T03:00:09.536+0000] {dag.py:3096} INFO - Sync 1 DAGs
[2026-05-16T03:00:09.549+0000] {logging_mixin.py:188} INFO - [2026-05-16T03:00:09.549+0000] {dag.py:3954} INFO - Setting next_dagrun for newyork_fhv_silver to None, run_after=None
[2026-05-16T03:00:09.573+0000] {processor.py:183} INFO - Processing /opt/airflow/dags/newyork_fhv_silver.py took 0.113 seconds
[2026-05-16T03:00:40.612+0000] {processor.py:161} INFO - Started process (PID=480) to work on /opt/airflow/dags/newyork_fhv_silver.py
[2026-05-16T03:00:40.615+0000] {processor.py:830} INFO - Processing file /opt/airflow/dags/newyork_fhv_silver.py for tasks to queue
[2026-05-16T03:00:40.618+0000] {logging_mixin.py:188} INFO - [2026-05-16T03:00:40.617+0000] {dagbag.py:545} INFO - Filling up the DagBag from /opt/airflow/dags/newyork_fhv_silver.py
[2026-05-16T03:00:40.663+0000] {processor.py:840} INFO - DAG(s) 'newyork_fhv_silver' retrieved from /opt/airflow/dags/newyork_fhv_silver.py
[2026-05-16T03:00:40.697+0000] {logging_mixin.py:188} INFO - [2026-05-16T03:00:40.696+0000] {dag.py:3096} INFO - Sync 1 DAGs
[2026-05-16T03:00:40.718+0000] {logging_mixin.py:188} INFO - [2026-05-16T03:00:40.718+0000] {dag.py:3954} INFO - Setting next_dagrun for newyork_fhv_silver to None, run_after=None
[2026-05-16T03:00:40.755+0000] {processor.py:183} INFO - Processing /opt/airflow/dags/newyork_fhv_silver.py took 0.151 seconds
[2026-05-16T03:01:11.396+0000] {processor.py:161} INFO - Started process (PID=491) to work on /opt/airflow/dags/newyork_fhv_silver.py
[2026-05-16T03:01:11.398+0000] {processor.py:830} INFO - Processing file /opt/airflow/dags/newyork_fhv_silver.py for tasks to queue
[2026-05-16T03:01:11.401+0000] {logging_mixin.py:188} INFO - [2026-05-16T03:01:11.401+0000] {dagbag.py:545} INFO - Filling up the DagBag from /opt/airflow/dags/newyork_fhv_silver.py
[2026-05-16T03:01:11.443+0000] {processor.py:840} INFO - DAG(s) 'newyork_fhv_silver' retrieved from /opt/airflow/dags/newyork_fhv_silver.py
[2026-05-16T03:01:11.473+0000] {logging_mixin.py:188} INFO - [2026-05-16T03:01:11.473+0000] {dag.py:3096} INFO - Sync 1 DAGs
[2026-05-16T03:01:11.490+0000] {logging_mixin.py:188} INFO - [2026-05-16T03:01:11.490+0000] {dag.py:3954} INFO - Setting next_dagrun for newyork_fhv_silver to None, run_after=None
[2026-05-16T03:01:11.516+0000] {processor.py:183} INFO - Processing /opt/airflow/dags/newyork_fhv_silver.py took 0.130 seconds
[2026-05-16T03:01:42.234+0000] {processor.py:161} INFO - Started process (PID=502) to work on /opt/airflow/dags/newyork_fhv_silver.py
[2026-05-16T03:01:42.236+0000] {processor.py:830} INFO - Processing file /opt/airflow/dags/newyork_fhv_silver.py for tasks to queue
[2026-05-16T03:01:42.238+0000] {logging_mixin.py:188} INFO - [2026-05-16T03:01:42.238+0000] {dagbag.py:545} INFO - Filling up the DagBag from /opt/airflow/dags/newyork_fhv_silver.py
[2026-05-16T03:01:42.260+0000] {processor.py:840} INFO - DAG(s) 'newyork_fhv_silver' retrieved from /opt/airflow/dags/newyork_fhv_silver.py
[2026-05-16T03:01:42.290+0000] {logging_mixin.py:188} INFO - [2026-05-16T03:01:42.290+0000] {dag.py:3096} INFO - Sync 1 DAGs
[2026-05-16T03:01:42.305+0000] {logging_mixin.py:188} INFO - [2026-05-16T03:01:42.304+0000] {dag.py:3954} INFO - Setting next_dagrun for newyork_fhv_silver to None, run_after=None
[2026-05-16T03:01:42.329+0000] {processor.py:183} INFO - Processing /opt/airflow/dags/newyork_fhv_silver.py took 0.103 seconds
[2026-05-16T03:02:13.038+0000] {processor.py:161} INFO - Started process (PID=513) to work on /opt/airflow/dags/newyork_fhv_silver.py
[2026-05-16T03:02:13.040+0000] {processor.py:830} INFO - Processing file /opt/airflow/dags/newyork_fhv_silver.py for tasks to queue
[2026-05-16T03:02:13.043+0000] {logging_mixin.py:188} INFO - [2026-05-16T03:02:13.042+0000] {dagbag.py:545} INFO - Filling up the DagBag from /opt/airflow/dags/newyork_fhv_silver.py
[2026-05-16T03:02:13.086+0000] {processor.py:840} INFO - DAG(s) 'newyork_fhv_silver' retrieved from /opt/airflow/dags/newyork_fhv_silver.py
[2026-05-16T03:02:13.112+0000] {logging_mixin.py:188} INFO - [2026-05-16T03:02:13.111+0000] {dag.py:3096} INFO - Sync 1 DAGs
[2026-05-16T03:02:13.126+0000] {logging_mixin.py:188} INFO - [2026-05-16T03:02:13.126+0000] {dag.py:3954} INFO - Setting next_dagrun for newyork_fhv_silver to None, run_after=None
[2026-05-16T03:02:13.156+0000] {processor.py:183} INFO - Processing /opt/airflow/dags/newyork_fhv_silver.py took 0.124 seconds
[2026-05-16T03:02:43.926+0000] {processor.py:161} INFO - Started process (PID=524) to work on /opt/airflow/dags/newyork_fhv_silver.py
[2026-05-16T03:02:43.931+0000] {processor.py:830} INFO - Processing file /opt/airflow/dags/newyork_fhv_silver.py for tasks to queue
[2026-05-16T03:02:43.934+0000] {logging_mixin.py:188} INFO - [2026-05-16T03:02:43.933+0000] {dagbag.py:545} INFO - Filling up the DagBag from /opt/airflow/dags/newyork_fhv_silver.py
[2026-05-16T03:02:43.976+0000] {processor.py:840} INFO - DAG(s) 'newyork_fhv_silver' retrieved from /opt/airflow/dags/newyork_fhv_silver.py
[2026-05-16T03:02:44.010+0000] {logging_mixin.py:188} INFO - [2026-05-16T03:02:44.009+0000] {dag.py:3096} INFO - Sync 1 DAGs
[2026-05-16T03:02:44.028+0000] {logging_mixin.py:188} INFO - [2026-05-16T03:02:44.027+0000] {dag.py:3954} INFO - Setting next_dagrun for newyork_fhv_silver to None, run_after=None
[2026-05-16T03:02:44.058+0000] {processor.py:183} INFO - Processing /opt/airflow/dags/newyork_fhv_silver.py took 0.145 seconds
[2026-05-16T03:03:14.753+0000] {processor.py:161} INFO - Started process (PID=535) to work on /opt/airflow/dags/newyork_fhv_silver.py
[2026-05-16T03:03:14.754+0000] {processor.py:830} INFO - Processing file /opt/airflow/dags/newyork_fhv_silver.py for tasks to queue
[2026-05-16T03:03:14.758+0000] {logging_mixin.py:188} INFO - [2026-05-16T03:03:14.757+0000] {dagbag.py:545} INFO - Filling up the DagBag from /opt/airflow/dags/newyork_fhv_silver.py
[2026-05-16T03:03:14.794+0000] {processor.py:840} INFO - DAG(s) 'newyork_fhv_silver' retrieved from /opt/airflow/dags/newyork_fhv_silver.py
[2026-05-16T03:03:14.817+0000] {logging_mixin.py:188} INFO - [2026-05-16T03:03:14.817+0000] {dag.py:3096} INFO - Sync 1 DAGs
[2026-05-16T03:03:14.831+0000] {logging_mixin.py:188} INFO - [2026-05-16T03:03:14.831+0000] {dag.py:3954} INFO - Setting next_dagrun for newyork_fhv_silver to None, run_after=None
[2026-05-16T03:03:14.857+0000] {processor.py:183} INFO - Processing /opt/airflow/dags/newyork_fhv_silver.py took 0.113 seconds
[2026-05-16T03:03:45.607+0000] {processor.py:161} INFO - Started process (PID=546) to work on /opt/airflow/dags/newyork_fhv_silver.py
[2026-05-16T03:03:45.609+0000] {processor.py:830} INFO - Processing file /opt/airflow/dags/newyork_fhv_silver.py for tasks to queue
[2026-05-16T03:03:45.612+0000] {logging_mixin.py:188} INFO - [2026-05-16T03:03:45.611+0000] {dagbag.py:545} INFO - Filling up the DagBag from /opt/airflow/dags/newyork_fhv_silver.py
[2026-05-16T03:03:45.638+0000] {processor.py:840} INFO - DAG(s) 'newyork_fhv_silver' retrieved from /opt/airflow/dags/newyork_fhv_silver.py
[2026-05-16T03:03:45.661+0000] {logging_mixin.py:188} INFO - [2026-05-16T03:03:45.661+0000] {dag.py:3096} INFO - Sync 1 DAGs
[2026-05-16T03:03:45.680+0000] {logging_mixin.py:188} INFO - [2026-05-16T03:03:45.680+0000] {dag.py:3954} INFO - Setting next_dagrun for newyork_fhv_silver to None, run_after=None
[2026-05-16T03:03:45.704+0000] {processor.py:183} INFO - Processing /opt/airflow/dags/newyork_fhv_silver.py took 0.105 seconds
[2026-05-16T03:04:16.458+0000] {processor.py:161} INFO - Started process (PID=557) to work on /opt/airflow/dags/newyork_fhv_silver.py
[2026-05-16T03:04:16.460+0000] {processor.py:830} INFO - Processing file /opt/airflow/dags/newyork_fhv_silver.py for tasks to queue
[2026-05-16T03:04:16.462+0000] {logging_mixin.py:188} INFO - [2026-05-16T03:04:16.461+0000] {dagbag.py:545} INFO - Filling up the DagBag from /opt/airflow/dags/newyork_fhv_silver.py
[2026-05-16T03:04:16.486+0000] {processor.py:840} INFO - DAG(s) 'newyork_fhv_silver' retrieved from /opt/airflow/dags/newyork_fhv_silver.py
[2026-05-16T03:04:16.506+0000] {logging_mixin.py:188} INFO - [2026-05-16T03:04:16.506+0000] {dag.py:3096} INFO - Sync 1 DAGs
[2026-05-16T03:04:16.520+0000] {logging_mixin.py:188} INFO - [2026-05-16T03:04:16.520+0000] {dag.py:3954} INFO - Setting next_dagrun for newyork_fhv_silver to None, run_after=None
[2026-05-16T03:04:16.544+0000] {processor.py:183} INFO - Processing /opt/airflow/dags/newyork_fhv_silver.py took 0.092 seconds
[2026-05-16T03:04:47.219+0000] {processor.py:161} INFO - Started process (PID=568) to work on /opt/airflow/dags/newyork_fhv_silver.py
[2026-05-16T03:04:47.221+0000] {processor.py:830} INFO - Processing file /opt/airflow/dags/newyork_fhv_silver.py for tasks to queue
[2026-05-16T03:04:47.223+0000] {logging_mixin.py:188} INFO - [2026-05-16T03:04:47.223+0000] {dagbag.py:545} INFO - Filling up the DagBag from /opt/airflow/dags/newyork_fhv_silver.py
[2026-05-16T03:04:47.253+0000] {processor.py:840} INFO - DAG(s) 'newyork_fhv_silver' retrieved from /opt/airflow/dags/newyork_fhv_silver.py
[2026-05-16T03:04:47.278+0000] {logging_mixin.py:188} INFO - [2026-05-16T03:04:47.277+0000] {dag.py:3096} INFO - Sync 1 DAGs
[2026-05-16T03:04:47.292+0000] {logging_mixin.py:188} INFO - [2026-05-16T03:04:47.292+0000] {dag.py:3954} INFO - Setting next_dagrun for newyork_fhv_silver to None, run_after=None
[2026-05-16T03:04:47.318+0000] {processor.py:183} INFO - Processing /opt/airflow/dags/newyork_fhv_silver.py took 0.107 seconds
[2026-05-16T03:05:17.969+0000] {processor.py:161} INFO - Started process (PID=579) to work on /opt/airflow/dags/newyork_fhv_silver.py
[2026-05-16T03:05:17.973+0000] {processor.py:830} INFO - Processing file /opt/airflow/dags/newyork_fhv_silver.py for tasks to queue
[2026-05-16T03:05:17.979+0000] {logging_mixin.py:188} INFO - [2026-05-16T03:05:17.978+0000] {dagbag.py:545} INFO - Filling up the DagBag from /opt/airflow/dags/newyork_fhv_silver.py
[2026-05-16T03:05:18.016+0000] {processor.py:840} INFO - DAG(s) 'newyork_fhv_silver' retrieved from /opt/airflow/dags/newyork_fhv_silver.py
[2026-05-16T03:05:18.046+0000] {logging_mixin.py:188} INFO - [2026-05-16T03:05:18.045+0000] {dag.py:3096} INFO - Sync 1 DAGs
[2026-05-16T03:05:18.068+0000] {logging_mixin.py:188} INFO - [2026-05-16T03:05:18.068+0000] {dag.py:3954} INFO - Setting next_dagrun for newyork_fhv_silver to None, run_after=None
[2026-05-16T03:05:18.107+0000] {processor.py:183} INFO - Processing /opt/airflow/dags/newyork_fhv_silver.py took 0.153 seconds
[2026-05-16T03:05:49.116+0000] {processor.py:161} INFO - Started process (PID=590) to work on /opt/airflow/dags/newyork_fhv_silver.py
[2026-05-16T03:05:49.117+0000] {processor.py:830} INFO - Processing file /opt/airflow/dags/newyork_fhv_silver.py for tasks to queue
[2026-05-16T03:05:49.120+0000] {logging_mixin.py:188} INFO - [2026-05-16T03:05:49.120+0000] {dagbag.py:545} INFO - Filling up the DagBag from /opt/airflow/dags/newyork_fhv_silver.py
[2026-05-16T03:05:49.158+0000] {processor.py:840} INFO - DAG(s) 'newyork_fhv_silver' retrieved from /opt/airflow/dags/newyork_fhv_silver.py
[2026-05-16T03:05:49.187+0000] {logging_mixin.py:188} INFO - [2026-05-16T03:05:49.187+0000] {dag.py:3096} INFO - Sync 1 DAGs
[2026-05-16T03:05:49.207+0000] {logging_mixin.py:188} INFO - [2026-05-16T03:05:49.207+0000] {dag.py:3954} INFO - Setting next_dagrun for newyork_fhv_silver to None, run_after=None
[2026-05-16T03:05:49.236+0000] {processor.py:183} INFO - Processing /opt/airflow/dags/newyork_fhv_silver.py took 0.129 seconds
[2026-05-16T03:06:19.872+0000] {processor.py:161} INFO - Started process (PID=601) to work on /opt/airflow/dags/newyork_fhv_silver.py
[2026-05-16T03:06:19.873+0000] {processor.py:830} INFO - Processing file /opt/airflow/dags/newyork_fhv_silver.py for tasks to queue
[2026-05-16T03:06:19.875+0000] {logging_mixin.py:188} INFO - [2026-05-16T03:06:19.875+0000] {dagbag.py:545} INFO - Filling up the DagBag from /opt/airflow/dags/newyork_fhv_silver.py
[2026-05-16T03:06:19.910+0000] {processor.py:840} INFO - DAG(s) 'newyork_fhv_silver' retrieved from /opt/airflow/dags/newyork_fhv_silver.py
[2026-05-16T03:06:19.938+0000] {logging_mixin.py:188} INFO - [2026-05-16T03:06:19.937+0000] {dag.py:3096} INFO - Sync 1 DAGs
[2026-05-16T03:06:19.950+0000] {logging_mixin.py:188} INFO - [2026-05-16T03:06:19.950+0000] {dag.py:3954} INFO - Setting next_dagrun for newyork_fhv_silver to None, run_after=None
[2026-05-16T03:06:19.974+0000] {processor.py:183} INFO - Processing /opt/airflow/dags/newyork_fhv_silver.py took 0.109 seconds
[2026-05-16T03:06:50.617+0000] {processor.py:161} INFO - Started process (PID=612) to work on /opt/airflow/dags/newyork_fhv_silver.py
[2026-05-16T03:06:50.618+0000] {processor.py:830} INFO - Processing file /opt/airflow/dags/newyork_fhv_silver.py for tasks to queue
[2026-05-16T03:06:50.622+0000] {logging_mixin.py:188} INFO - [2026-05-16T03:06:50.621+0000] {dagbag.py:545} INFO - Filling up the DagBag from /opt/airflow/dags/newyork_fhv_silver.py
[2026-05-16T03:06:50.667+0000] {processor.py:840} INFO - DAG(s) 'newyork_fhv_silver' retrieved from /opt/airflow/dags/newyork_fhv_silver.py
[2026-05-16T03:06:50.692+0000] {logging_mixin.py:188} INFO - [2026-05-16T03:06:50.691+0000] {dag.py:3096} INFO - Sync 1 DAGs
[2026-05-16T03:06:50.705+0000] {logging_mixin.py:188} INFO - [2026-05-16T03:06:50.705+0000] {dag.py:3954} INFO - Setting next_dagrun for newyork_fhv_silver to None, run_after=None
[2026-05-16T03:06:50.732+0000] {processor.py:183} INFO - Processing /opt/airflow/dags/newyork_fhv_silver.py took 0.127 seconds
[2026-05-16T03:07:21.430+0000] {processor.py:161} INFO - Started process (PID=623) to work on /opt/airflow/dags/newyork_fhv_silver.py
[2026-05-16T03:07:21.432+0000] {processor.py:830} INFO - Processing file /opt/airflow/dags/newyork_fhv_silver.py for tasks to queue
[2026-05-16T03:07:21.435+0000] {logging_mixin.py:188} INFO - [2026-05-16T03:07:21.434+0000] {dagbag.py:545} INFO - Filling up the DagBag from /opt/airflow/dags/newyork_fhv_silver.py
[2026-05-16T03:07:21.470+0000] {processor.py:840} INFO - DAG(s) 'newyork_fhv_silver' retrieved from /opt/airflow/dags/newyork_fhv_silver.py
[2026-05-16T03:07:21.497+0000] {logging_mixin.py:188} INFO - [2026-05-16T03:07:21.497+0000] {dag.py:3096} INFO - Sync 1 DAGs
[2026-05-16T03:07:21.517+0000] {logging_mixin.py:188} INFO - [2026-05-16T03:07:21.517+0000] {dag.py:3954} INFO - Setting next_dagrun for newyork_fhv_silver to None, run_after=None
[2026-05-16T03:07:21.551+0000] {processor.py:183} INFO - Processing /opt/airflow/dags/newyork_fhv_silver.py took 0.132 seconds
[2026-05-16T03:07:52.567+0000] {processor.py:161} INFO - Started process (PID=634) to work on /opt/airflow/dags/newyork_fhv_silver.py
[2026-05-16T03:07:52.568+0000] {processor.py:830} INFO - Processing file /opt/airflow/dags/newyork_fhv_silver.py for tasks to queue
[2026-05-16T03:07:52.571+0000] {logging_mixin.py:188} INFO - [2026-05-16T03:07:52.570+0000] {dagbag.py:545} INFO - Filling up the DagBag from /opt/airflow/dags/newyork_fhv_silver.py
[2026-05-16T03:07:52.597+0000] {processor.py:840} INFO - DAG(s) 'newyork_fhv_silver' retrieved from /opt/airflow/dags/newyork_fhv_silver.py
[2026-05-16T03:07:52.620+0000] {logging_mixin.py:188} INFO - [2026-05-16T03:07:52.620+0000] {dag.py:3096} INFO - Sync 1 DAGs
[2026-05-16T03:07:52.635+0000] {logging_mixin.py:188} INFO - [2026-05-16T03:07:52.635+0000] {dag.py:3954} INFO - Setting next_dagrun for newyork_fhv_silver to None, run_after=None
[2026-05-16T03:07:52.659+0000] {processor.py:183} INFO - Processing /opt/airflow/dags/newyork_fhv_silver.py took 0.099 seconds
[2026-05-16T03:08:23.331+0000] {processor.py:161} INFO - Started process (PID=645) to work on /opt/airflow/dags/newyork_fhv_silver.py
[2026-05-16T03:08:23.332+0000] {processor.py:830} INFO - Processing file /opt/airflow/dags/newyork_fhv_silver.py for tasks to queue
[2026-05-16T03:08:23.335+0000] {logging_mixin.py:188} INFO - [2026-05-16T03:08:23.334+0000] {dagbag.py:545} INFO - Filling up the DagBag from /opt/airflow/dags/newyork_fhv_silver.py
[2026-05-16T03:08:23.354+0000] {processor.py:840} INFO - DAG(s) 'newyork_fhv_silver' retrieved from /opt/airflow/dags/newyork_fhv_silver.py
[2026-05-16T03:08:23.374+0000] {logging_mixin.py:188} INFO - [2026-05-16T03:08:23.374+0000] {dag.py:3096} INFO - Sync 1 DAGs
[2026-05-16T03:08:23.389+0000] {logging_mixin.py:188} INFO - [2026-05-16T03:08:23.389+0000] {dag.py:3954} INFO - Setting next_dagrun for newyork_fhv_silver to None, run_after=None
[2026-05-16T03:08:23.411+0000] {processor.py:183} INFO - Processing /opt/airflow/dags/newyork_fhv_silver.py took 0.089 seconds
[2026-05-16T03:08:54.190+0000] {processor.py:161} INFO - Started process (PID=662) to work on /opt/airflow/dags/newyork_fhv_silver.py
[2026-05-16T03:08:54.191+0000] {processor.py:830} INFO - Processing file /opt/airflow/dags/newyork_fhv_silver.py for tasks to queue
[2026-05-16T03:08:54.193+0000] {logging_mixin.py:188} INFO - [2026-05-16T03:08:54.193+0000] {dagbag.py:545} INFO - Filling up the DagBag from /opt/airflow/dags/newyork_fhv_silver.py
[2026-05-16T03:08:54.229+0000] {processor.py:840} INFO - DAG(s) 'newyork_fhv_silver' retrieved from /opt/airflow/dags/newyork_fhv_silver.py
[2026-05-16T03:08:54.254+0000] {logging_mixin.py:188} INFO - [2026-05-16T03:08:54.254+0000] {dag.py:3096} INFO - Sync 1 DAGs
[2026-05-16T03:08:54.268+0000] {logging_mixin.py:188} INFO - [2026-05-16T03:08:54.268+0000] {dag.py:3954} INFO - Setting next_dagrun for newyork_fhv_silver to None, run_after=None
[2026-05-16T03:08:54.292+0000] {processor.py:183} INFO - Processing /opt/airflow/dags/newyork_fhv_silver.py took 0.110 seconds
