[2026-05-16T02:42:43.928+0000] {processor.py:161} INFO - Started process (PID=82) to work on /opt/airflow/dags/newyork_fhv_pipeline.py
[2026-05-16T02:42:43.930+0000] {processor.py:830} INFO - Processing file /opt/airflow/dags/newyork_fhv_pipeline.py for tasks to queue
[2026-05-16T02:42:43.935+0000] {logging_mixin.py:188} INFO - [2026-05-16T02:42:43.934+0000] {dagbag.py:545} INFO - Filling up the DagBag from /opt/airflow/dags/newyork_fhv_pipeline.py
[2026-05-16T02:42:43.973+0000] {processor.py:840} INFO - DAG(s) 'newyork_fhv_pipeline' retrieved from /opt/airflow/dags/newyork_fhv_pipeline.py
[2026-05-16T02:42:44.196+0000] {logging_mixin.py:188} INFO - [2026-05-16T02:42:44.196+0000] {dag.py:3096} INFO - Sync 1 DAGs
[2026-05-16T02:42:44.221+0000] {logging_mixin.py:188} INFO - [2026-05-16T02:42:44.221+0000] {dag.py:3954} INFO - Setting next_dagrun for newyork_fhv_pipeline to 2026-05-01 00:00:00+00:00, run_after=2026-06-01 00:00:00+00:00
[2026-05-16T02:42:44.248+0000] {processor.py:183} INFO - Processing /opt/airflow/dags/newyork_fhv_pipeline.py took 0.328 seconds
[2026-05-16T02:43:15.085+0000] {processor.py:161} INFO - Started process (PID=93) to work on /opt/airflow/dags/newyork_fhv_pipeline.py
[2026-05-16T02:43:15.087+0000] {processor.py:830} INFO - Processing file /opt/airflow/dags/newyork_fhv_pipeline.py for tasks to queue
[2026-05-16T02:43:15.090+0000] {logging_mixin.py:188} INFO - [2026-05-16T02:43:15.090+0000] {dagbag.py:545} INFO - Filling up the DagBag from /opt/airflow/dags/newyork_fhv_pipeline.py
[2026-05-16T02:43:15.123+0000] {processor.py:840} INFO - DAG(s) 'newyork_fhv_pipeline' retrieved from /opt/airflow/dags/newyork_fhv_pipeline.py
[2026-05-16T02:43:15.150+0000] {logging_mixin.py:188} INFO - [2026-05-16T02:43:15.150+0000] {dag.py:3096} INFO - Sync 1 DAGs
[2026-05-16T02:43:15.178+0000] {logging_mixin.py:188} INFO - [2026-05-16T02:43:15.178+0000] {dag.py:3954} INFO - Setting next_dagrun for newyork_fhv_pipeline to 2026-05-01 00:00:00+00:00, run_after=2026-06-01 00:00:00+00:00
[2026-05-16T02:43:15.201+0000] {processor.py:183} INFO - Processing /opt/airflow/dags/newyork_fhv_pipeline.py took 0.123 seconds
[2026-05-16T02:43:45.960+0000] {processor.py:161} INFO - Started process (PID=104) to work on /opt/airflow/dags/newyork_fhv_pipeline.py
[2026-05-16T02:43:45.963+0000] {processor.py:830} INFO - Processing file /opt/airflow/dags/newyork_fhv_pipeline.py for tasks to queue
[2026-05-16T02:43:45.970+0000] {logging_mixin.py:188} INFO - [2026-05-16T02:43:45.969+0000] {dagbag.py:545} INFO - Filling up the DagBag from /opt/airflow/dags/newyork_fhv_pipeline.py
[2026-05-16T02:43:46.025+0000] {processor.py:840} INFO - DAG(s) 'newyork_fhv_pipeline' retrieved from /opt/airflow/dags/newyork_fhv_pipeline.py
[2026-05-16T02:43:46.062+0000] {logging_mixin.py:188} INFO - [2026-05-16T02:43:46.062+0000] {dag.py:3096} INFO - Sync 1 DAGs
[2026-05-16T02:43:46.094+0000] {logging_mixin.py:188} INFO - [2026-05-16T02:43:46.094+0000] {dag.py:3954} INFO - Setting next_dagrun for newyork_fhv_pipeline to 2026-05-01 00:00:00+00:00, run_after=2026-06-01 00:00:00+00:00
[2026-05-16T02:43:46.122+0000] {processor.py:183} INFO - Processing /opt/airflow/dags/newyork_fhv_pipeline.py took 0.177 seconds
[2026-05-16T02:44:16.890+0000] {processor.py:161} INFO - Started process (PID=115) to work on /opt/airflow/dags/newyork_fhv_pipeline.py
[2026-05-16T02:44:16.893+0000] {processor.py:830} INFO - Processing file /opt/airflow/dags/newyork_fhv_pipeline.py for tasks to queue
[2026-05-16T02:44:16.896+0000] {logging_mixin.py:188} INFO - [2026-05-16T02:44:16.896+0000] {dagbag.py:545} INFO - Filling up the DagBag from /opt/airflow/dags/newyork_fhv_pipeline.py
[2026-05-16T02:44:16.942+0000] {processor.py:840} INFO - DAG(s) 'newyork_fhv_pipeline' retrieved from /opt/airflow/dags/newyork_fhv_pipeline.py
[2026-05-16T02:44:16.980+0000] {logging_mixin.py:188} INFO - [2026-05-16T02:44:16.979+0000] {dag.py:3096} INFO - Sync 1 DAGs
[2026-05-16T02:44:17.023+0000] {logging_mixin.py:188} INFO - [2026-05-16T02:44:17.023+0000] {dag.py:3954} INFO - Setting next_dagrun for newyork_fhv_pipeline to 2026-05-01 00:00:00+00:00, run_after=2026-06-01 00:00:00+00:00
[2026-05-16T02:44:17.057+0000] {processor.py:183} INFO - Processing /opt/airflow/dags/newyork_fhv_pipeline.py took 0.177 seconds
[2026-05-16T02:44:47.817+0000] {processor.py:161} INFO - Started process (PID=126) to work on /opt/airflow/dags/newyork_fhv_pipeline.py
[2026-05-16T02:44:47.819+0000] {processor.py:830} INFO - Processing file /opt/airflow/dags/newyork_fhv_pipeline.py for tasks to queue
[2026-05-16T02:44:47.822+0000] {logging_mixin.py:188} INFO - [2026-05-16T02:44:47.821+0000] {dagbag.py:545} INFO - Filling up the DagBag from /opt/airflow/dags/newyork_fhv_pipeline.py
[2026-05-16T02:44:47.864+0000] {processor.py:840} INFO - DAG(s) 'newyork_fhv_pipeline' retrieved from /opt/airflow/dags/newyork_fhv_pipeline.py
[2026-05-16T02:44:47.889+0000] {logging_mixin.py:188} INFO - [2026-05-16T02:44:47.889+0000] {dag.py:3096} INFO - Sync 1 DAGs
[2026-05-16T02:44:47.914+0000] {logging_mixin.py:188} INFO - [2026-05-16T02:44:47.914+0000] {dag.py:3954} INFO - Setting next_dagrun for newyork_fhv_pipeline to 2026-05-01 00:00:00+00:00, run_after=2026-06-01 00:00:00+00:00
[2026-05-16T02:44:47.935+0000] {processor.py:183} INFO - Processing /opt/airflow/dags/newyork_fhv_pipeline.py took 0.129 seconds
[2026-05-16T02:45:18.740+0000] {processor.py:161} INFO - Started process (PID=143) to work on /opt/airflow/dags/newyork_fhv_pipeline.py
[2026-05-16T02:45:18.741+0000] {processor.py:830} INFO - Processing file /opt/airflow/dags/newyork_fhv_pipeline.py for tasks to queue
[2026-05-16T02:45:18.745+0000] {logging_mixin.py:188} INFO - [2026-05-16T02:45:18.744+0000] {dagbag.py:545} INFO - Filling up the DagBag from /opt/airflow/dags/newyork_fhv_pipeline.py
[2026-05-16T02:45:18.798+0000] {processor.py:840} INFO - DAG(s) 'newyork_fhv_pipeline' retrieved from /opt/airflow/dags/newyork_fhv_pipeline.py
[2026-05-16T02:45:18.839+0000] {logging_mixin.py:188} INFO - [2026-05-16T02:45:18.839+0000] {dag.py:3096} INFO - Sync 1 DAGs
[2026-05-16T02:45:18.868+0000] {logging_mixin.py:188} INFO - [2026-05-16T02:45:18.867+0000] {dag.py:3954} INFO - Setting next_dagrun for newyork_fhv_pipeline to 2026-05-01 00:00:00+00:00, run_after=2026-06-01 00:00:00+00:00
[2026-05-16T02:45:18.898+0000] {processor.py:183} INFO - Processing /opt/airflow/dags/newyork_fhv_pipeline.py took 0.169 seconds
[2026-05-16T02:45:49.650+0000] {processor.py:161} INFO - Started process (PID=154) to work on /opt/airflow/dags/newyork_fhv_pipeline.py
[2026-05-16T02:45:49.652+0000] {processor.py:830} INFO - Processing file /opt/airflow/dags/newyork_fhv_pipeline.py for tasks to queue
[2026-05-16T02:45:49.655+0000] {logging_mixin.py:188} INFO - [2026-05-16T02:45:49.655+0000] {dagbag.py:545} INFO - Filling up the DagBag from /opt/airflow/dags/newyork_fhv_pipeline.py
[2026-05-16T02:45:49.678+0000] {processor.py:840} INFO - DAG(s) 'newyork_fhv_pipeline' retrieved from /opt/airflow/dags/newyork_fhv_pipeline.py
[2026-05-16T02:45:49.701+0000] {logging_mixin.py:188} INFO - [2026-05-16T02:45:49.700+0000] {dag.py:3096} INFO - Sync 1 DAGs
[2026-05-16T02:45:49.726+0000] {logging_mixin.py:188} INFO - [2026-05-16T02:45:49.725+0000] {dag.py:3954} INFO - Setting next_dagrun for newyork_fhv_pipeline to 2026-05-01 00:00:00+00:00, run_after=2026-06-01 00:00:00+00:00
[2026-05-16T02:45:49.750+0000] {processor.py:183} INFO - Processing /opt/airflow/dags/newyork_fhv_pipeline.py took 0.106 seconds
[2026-05-16T02:46:20.649+0000] {processor.py:161} INFO - Started process (PID=166) to work on /opt/airflow/dags/newyork_fhv_pipeline.py
[2026-05-16T02:46:20.650+0000] {processor.py:830} INFO - Processing file /opt/airflow/dags/newyork_fhv_pipeline.py for tasks to queue
[2026-05-16T02:46:20.654+0000] {logging_mixin.py:188} INFO - [2026-05-16T02:46:20.654+0000] {dagbag.py:545} INFO - Filling up the DagBag from /opt/airflow/dags/newyork_fhv_pipeline.py
[2026-05-16T02:46:20.697+0000] {processor.py:840} INFO - DAG(s) 'newyork_fhv_pipeline' retrieved from /opt/airflow/dags/newyork_fhv_pipeline.py
[2026-05-16T02:46:20.728+0000] {logging_mixin.py:188} INFO - [2026-05-16T02:46:20.728+0000] {dag.py:3096} INFO - Sync 1 DAGs
[2026-05-16T02:46:20.754+0000] {logging_mixin.py:188} INFO - [2026-05-16T02:46:20.754+0000] {dag.py:3954} INFO - Setting next_dagrun for newyork_fhv_pipeline to 2026-05-01 00:00:00+00:00, run_after=2026-06-01 00:00:00+00:00
[2026-05-16T02:46:20.795+0000] {processor.py:183} INFO - Processing /opt/airflow/dags/newyork_fhv_pipeline.py took 0.159 seconds
[2026-05-16T02:46:51.588+0000] {processor.py:161} INFO - Started process (PID=177) to work on /opt/airflow/dags/newyork_fhv_pipeline.py
[2026-05-16T02:46:51.590+0000] {processor.py:830} INFO - Processing file /opt/airflow/dags/newyork_fhv_pipeline.py for tasks to queue
[2026-05-16T02:46:51.595+0000] {logging_mixin.py:188} INFO - [2026-05-16T02:46:51.594+0000] {dagbag.py:545} INFO - Filling up the DagBag from /opt/airflow/dags/newyork_fhv_pipeline.py
[2026-05-16T02:46:51.658+0000] {processor.py:840} INFO - DAG(s) 'newyork_fhv_pipeline' retrieved from /opt/airflow/dags/newyork_fhv_pipeline.py
[2026-05-16T02:46:51.686+0000] {logging_mixin.py:188} INFO - [2026-05-16T02:46:51.686+0000] {dag.py:3096} INFO - Sync 1 DAGs
[2026-05-16T02:46:51.712+0000] {logging_mixin.py:188} INFO - [2026-05-16T02:46:51.711+0000] {dag.py:3954} INFO - Setting next_dagrun for newyork_fhv_pipeline to 2026-05-01 00:00:00+00:00, run_after=2026-06-01 00:00:00+00:00
[2026-05-16T02:46:51.741+0000] {processor.py:183} INFO - Processing /opt/airflow/dags/newyork_fhv_pipeline.py took 0.164 seconds
[2026-05-16T02:47:22.620+0000] {processor.py:161} INFO - Started process (PID=188) to work on /opt/airflow/dags/newyork_fhv_pipeline.py
[2026-05-16T02:47:22.622+0000] {processor.py:830} INFO - Processing file /opt/airflow/dags/newyork_fhv_pipeline.py for tasks to queue
[2026-05-16T02:47:22.625+0000] {logging_mixin.py:188} INFO - [2026-05-16T02:47:22.624+0000] {dagbag.py:545} INFO - Filling up the DagBag from /opt/airflow/dags/newyork_fhv_pipeline.py
[2026-05-16T02:47:22.678+0000] {processor.py:840} INFO - DAG(s) 'newyork_fhv_pipeline' retrieved from /opt/airflow/dags/newyork_fhv_pipeline.py
[2026-05-16T02:47:22.714+0000] {logging_mixin.py:188} INFO - [2026-05-16T02:47:22.714+0000] {dag.py:3096} INFO - Sync 1 DAGs
[2026-05-16T02:47:22.744+0000] {logging_mixin.py:188} INFO - [2026-05-16T02:47:22.744+0000] {dag.py:3954} INFO - Setting next_dagrun for newyork_fhv_pipeline to 2026-05-01 00:00:00+00:00, run_after=2026-06-01 00:00:00+00:00
[2026-05-16T02:47:22.773+0000] {processor.py:183} INFO - Processing /opt/airflow/dags/newyork_fhv_pipeline.py took 0.163 seconds
[2026-05-16T02:47:52.942+0000] {processor.py:161} INFO - Started process (PID=199) to work on /opt/airflow/dags/newyork_fhv_pipeline.py
[2026-05-16T02:47:52.945+0000] {processor.py:830} INFO - Processing file /opt/airflow/dags/newyork_fhv_pipeline.py for tasks to queue
[2026-05-16T02:47:52.949+0000] {logging_mixin.py:188} INFO - [2026-05-16T02:47:52.949+0000] {dagbag.py:545} INFO - Filling up the DagBag from /opt/airflow/dags/newyork_fhv_pipeline.py
[2026-05-16T02:47:53.002+0000] {processor.py:840} INFO - DAG(s) 'newyork_fhv_pipeline' retrieved from /opt/airflow/dags/newyork_fhv_pipeline.py
[2026-05-16T02:47:53.047+0000] {logging_mixin.py:188} INFO - [2026-05-16T02:47:53.046+0000] {dag.py:3096} INFO - Sync 1 DAGs
[2026-05-16T02:47:53.092+0000] {logging_mixin.py:188} INFO - [2026-05-16T02:47:53.091+0000] {dag.py:3954} INFO - Setting next_dagrun for newyork_fhv_pipeline to 2026-05-01 00:00:00+00:00, run_after=2026-06-01 00:00:00+00:00
[2026-05-16T02:47:53.130+0000] {processor.py:183} INFO - Processing /opt/airflow/dags/newyork_fhv_pipeline.py took 0.200 seconds
[2026-05-16T02:48:23.533+0000] {processor.py:161} INFO - Started process (PID=210) to work on /opt/airflow/dags/newyork_fhv_pipeline.py
[2026-05-16T02:48:23.535+0000] {processor.py:830} INFO - Processing file /opt/airflow/dags/newyork_fhv_pipeline.py for tasks to queue
[2026-05-16T02:48:23.539+0000] {logging_mixin.py:188} INFO - [2026-05-16T02:48:23.538+0000] {dagbag.py:545} INFO - Filling up the DagBag from /opt/airflow/dags/newyork_fhv_pipeline.py
[2026-05-16T02:48:23.589+0000] {processor.py:840} INFO - DAG(s) 'newyork_fhv_pipeline' retrieved from /opt/airflow/dags/newyork_fhv_pipeline.py
[2026-05-16T02:48:23.625+0000] {logging_mixin.py:188} INFO - [2026-05-16T02:48:23.624+0000] {dag.py:3096} INFO - Sync 1 DAGs
[2026-05-16T02:48:23.661+0000] {logging_mixin.py:188} INFO - [2026-05-16T02:48:23.660+0000] {dag.py:3954} INFO - Setting next_dagrun for newyork_fhv_pipeline to 2026-05-01 00:00:00+00:00, run_after=2026-06-01 00:00:00+00:00
[2026-05-16T02:48:23.691+0000] {processor.py:183} INFO - Processing /opt/airflow/dags/newyork_fhv_pipeline.py took 0.170 seconds
[2026-05-16T02:48:54.538+0000] {processor.py:161} INFO - Started process (PID=221) to work on /opt/airflow/dags/newyork_fhv_pipeline.py
[2026-05-16T02:48:54.540+0000] {processor.py:830} INFO - Processing file /opt/airflow/dags/newyork_fhv_pipeline.py for tasks to queue
[2026-05-16T02:48:54.542+0000] {logging_mixin.py:188} INFO - [2026-05-16T02:48:54.542+0000] {dagbag.py:545} INFO - Filling up the DagBag from /opt/airflow/dags/newyork_fhv_pipeline.py
[2026-05-16T02:48:54.578+0000] {processor.py:840} INFO - DAG(s) 'newyork_fhv_pipeline' retrieved from /opt/airflow/dags/newyork_fhv_pipeline.py
[2026-05-16T02:48:54.603+0000] {logging_mixin.py:188} INFO - [2026-05-16T02:48:54.603+0000] {dag.py:3096} INFO - Sync 1 DAGs
[2026-05-16T02:48:54.632+0000] {logging_mixin.py:188} INFO - [2026-05-16T02:48:54.632+0000] {dag.py:3954} INFO - Setting next_dagrun for newyork_fhv_pipeline to 2026-05-01 00:00:00+00:00, run_after=2026-06-01 00:00:00+00:00
[2026-05-16T02:48:54.657+0000] {processor.py:183} INFO - Processing /opt/airflow/dags/newyork_fhv_pipeline.py took 0.125 seconds
[2026-05-16T02:49:25.507+0000] {processor.py:161} INFO - Started process (PID=232) to work on /opt/airflow/dags/newyork_fhv_pipeline.py
[2026-05-16T02:49:25.510+0000] {processor.py:830} INFO - Processing file /opt/airflow/dags/newyork_fhv_pipeline.py for tasks to queue
[2026-05-16T02:49:25.514+0000] {logging_mixin.py:188} INFO - [2026-05-16T02:49:25.513+0000] {dagbag.py:545} INFO - Filling up the DagBag from /opt/airflow/dags/newyork_fhv_pipeline.py
[2026-05-16T02:49:25.568+0000] {processor.py:840} INFO - DAG(s) 'newyork_fhv_pipeline' retrieved from /opt/airflow/dags/newyork_fhv_pipeline.py
[2026-05-16T02:49:25.598+0000] {logging_mixin.py:188} INFO - [2026-05-16T02:49:25.598+0000] {dag.py:3096} INFO - Sync 1 DAGs
[2026-05-16T02:49:25.631+0000] {logging_mixin.py:188} INFO - [2026-05-16T02:49:25.631+0000] {dag.py:3954} INFO - Setting next_dagrun for newyork_fhv_pipeline to 2026-05-01 00:00:00+00:00, run_after=2026-06-01 00:00:00+00:00
[2026-05-16T02:49:25.665+0000] {processor.py:183} INFO - Processing /opt/airflow/dags/newyork_fhv_pipeline.py took 0.172 seconds
[2026-05-16T02:49:56.003+0000] {processor.py:161} INFO - Started process (PID=243) to work on /opt/airflow/dags/newyork_fhv_pipeline.py
[2026-05-16T02:49:56.005+0000] {processor.py:830} INFO - Processing file /opt/airflow/dags/newyork_fhv_pipeline.py for tasks to queue
[2026-05-16T02:49:56.009+0000] {logging_mixin.py:188} INFO - [2026-05-16T02:49:56.008+0000] {dagbag.py:545} INFO - Filling up the DagBag from /opt/airflow/dags/newyork_fhv_pipeline.py
[2026-05-16T02:49:56.077+0000] {processor.py:840} INFO - DAG(s) 'newyork_fhv_pipeline' retrieved from /opt/airflow/dags/newyork_fhv_pipeline.py
[2026-05-16T02:49:56.113+0000] {logging_mixin.py:188} INFO - [2026-05-16T02:49:56.112+0000] {dag.py:3096} INFO - Sync 1 DAGs
[2026-05-16T02:49:56.152+0000] {logging_mixin.py:188} INFO - [2026-05-16T02:49:56.152+0000] {dag.py:3954} INFO - Setting next_dagrun for newyork_fhv_pipeline to 2026-05-01 00:00:00+00:00, run_after=2026-06-01 00:00:00+00:00
[2026-05-16T02:49:56.187+0000] {processor.py:183} INFO - Processing /opt/airflow/dags/newyork_fhv_pipeline.py took 0.194 seconds
[2026-05-16T02:50:26.694+0000] {processor.py:161} INFO - Started process (PID=254) to work on /opt/airflow/dags/newyork_fhv_pipeline.py
[2026-05-16T02:50:26.697+0000] {processor.py:830} INFO - Processing file /opt/airflow/dags/newyork_fhv_pipeline.py for tasks to queue
[2026-05-16T02:50:26.701+0000] {logging_mixin.py:188} INFO - [2026-05-16T02:50:26.700+0000] {dagbag.py:545} INFO - Filling up the DagBag from /opt/airflow/dags/newyork_fhv_pipeline.py
[2026-05-16T02:50:26.765+0000] {processor.py:840} INFO - DAG(s) 'newyork_fhv_pipeline' retrieved from /opt/airflow/dags/newyork_fhv_pipeline.py
[2026-05-16T02:50:26.795+0000] {logging_mixin.py:188} INFO - [2026-05-16T02:50:26.794+0000] {dag.py:3096} INFO - Sync 1 DAGs
[2026-05-16T02:50:26.825+0000] {logging_mixin.py:188} INFO - [2026-05-16T02:50:26.824+0000] {dag.py:3954} INFO - Setting next_dagrun for newyork_fhv_pipeline to 2026-05-01 00:00:00+00:00, run_after=2026-06-01 00:00:00+00:00
[2026-05-16T02:50:26.863+0000] {processor.py:183} INFO - Processing /opt/airflow/dags/newyork_fhv_pipeline.py took 0.178 seconds
[2026-05-16T02:50:57.273+0000] {processor.py:161} INFO - Started process (PID=265) to work on /opt/airflow/dags/newyork_fhv_pipeline.py
[2026-05-16T02:50:57.275+0000] {processor.py:830} INFO - Processing file /opt/airflow/dags/newyork_fhv_pipeline.py for tasks to queue
[2026-05-16T02:50:57.278+0000] {logging_mixin.py:188} INFO - [2026-05-16T02:50:57.277+0000] {dagbag.py:545} INFO - Filling up the DagBag from /opt/airflow/dags/newyork_fhv_pipeline.py
[2026-05-16T02:50:57.325+0000] {processor.py:840} INFO - DAG(s) 'newyork_fhv_pipeline' retrieved from /opt/airflow/dags/newyork_fhv_pipeline.py
[2026-05-16T02:50:57.383+0000] {logging_mixin.py:188} INFO - [2026-05-16T02:50:57.383+0000] {dag.py:3096} INFO - Sync 1 DAGs
[2026-05-16T02:50:57.436+0000] {logging_mixin.py:188} INFO - [2026-05-16T02:50:57.434+0000] {dag.py:3954} INFO - Setting next_dagrun for newyork_fhv_pipeline to 2026-05-01 00:00:00+00:00, run_after=2026-06-01 00:00:00+00:00
[2026-05-16T02:50:57.481+0000] {processor.py:183} INFO - Processing /opt/airflow/dags/newyork_fhv_pipeline.py took 0.215 seconds
[2026-05-16T02:51:27.743+0000] {processor.py:161} INFO - Started process (PID=281) to work on /opt/airflow/dags/newyork_fhv_pipeline.py
[2026-05-16T02:51:27.747+0000] {processor.py:830} INFO - Processing file /opt/airflow/dags/newyork_fhv_pipeline.py for tasks to queue
[2026-05-16T02:51:27.754+0000] {logging_mixin.py:188} INFO - [2026-05-16T02:51:27.754+0000] {dagbag.py:545} INFO - Filling up the DagBag from /opt/airflow/dags/newyork_fhv_pipeline.py
[2026-05-16T02:51:27.800+0000] {processor.py:840} INFO - DAG(s) 'newyork_fhv_pipeline' retrieved from /opt/airflow/dags/newyork_fhv_pipeline.py
[2026-05-16T02:51:27.828+0000] {logging_mixin.py:188} INFO - [2026-05-16T02:51:27.828+0000] {dag.py:3096} INFO - Sync 1 DAGs
[2026-05-16T02:51:27.858+0000] {logging_mixin.py:188} INFO - [2026-05-16T02:51:27.858+0000] {dag.py:3954} INFO - Setting next_dagrun for newyork_fhv_pipeline to 2026-05-01 00:00:00+00:00, run_after=2026-06-01 00:00:00+00:00
[2026-05-16T02:51:27.885+0000] {processor.py:183} INFO - Processing /opt/airflow/dags/newyork_fhv_pipeline.py took 0.152 seconds
[2026-05-16T02:51:58.786+0000] {processor.py:161} INFO - Started process (PID=292) to work on /opt/airflow/dags/newyork_fhv_pipeline.py
[2026-05-16T02:51:58.788+0000] {processor.py:830} INFO - Processing file /opt/airflow/dags/newyork_fhv_pipeline.py for tasks to queue
[2026-05-16T02:51:58.790+0000] {logging_mixin.py:188} INFO - [2026-05-16T02:51:58.790+0000] {dagbag.py:545} INFO - Filling up the DagBag from /opt/airflow/dags/newyork_fhv_pipeline.py
[2026-05-16T02:51:58.833+0000] {processor.py:840} INFO - DAG(s) 'newyork_fhv_pipeline' retrieved from /opt/airflow/dags/newyork_fhv_pipeline.py
[2026-05-16T02:51:58.861+0000] {logging_mixin.py:188} INFO - [2026-05-16T02:51:58.860+0000] {dag.py:3096} INFO - Sync 1 DAGs
[2026-05-16T02:51:58.890+0000] {logging_mixin.py:188} INFO - [2026-05-16T02:51:58.890+0000] {dag.py:3954} INFO - Setting next_dagrun for newyork_fhv_pipeline to 2026-05-01 00:00:00+00:00, run_after=2026-06-01 00:00:00+00:00
[2026-05-16T02:51:58.916+0000] {processor.py:183} INFO - Processing /opt/airflow/dags/newyork_fhv_pipeline.py took 0.137 seconds
[2026-05-16T02:52:29.043+0000] {processor.py:161} INFO - Started process (PID=303) to work on /opt/airflow/dags/newyork_fhv_pipeline.py
[2026-05-16T02:52:29.045+0000] {processor.py:830} INFO - Processing file /opt/airflow/dags/newyork_fhv_pipeline.py for tasks to queue
[2026-05-16T02:52:29.047+0000] {logging_mixin.py:188} INFO - [2026-05-16T02:52:29.047+0000] {dagbag.py:545} INFO - Filling up the DagBag from /opt/airflow/dags/newyork_fhv_pipeline.py
[2026-05-16T02:52:29.092+0000] {processor.py:840} INFO - DAG(s) 'newyork_fhv_pipeline' retrieved from /opt/airflow/dags/newyork_fhv_pipeline.py
[2026-05-16T02:52:29.133+0000] {logging_mixin.py:188} INFO - [2026-05-16T02:52:29.133+0000] {dag.py:3096} INFO - Sync 1 DAGs
[2026-05-16T02:52:29.166+0000] {logging_mixin.py:188} INFO - [2026-05-16T02:52:29.166+0000] {dag.py:3954} INFO - Setting next_dagrun for newyork_fhv_pipeline to 2026-05-01 00:00:00+00:00, run_after=2026-06-01 00:00:00+00:00
[2026-05-16T02:52:29.201+0000] {processor.py:183} INFO - Processing /opt/airflow/dags/newyork_fhv_pipeline.py took 0.169 seconds
[2026-05-16T02:52:59.496+0000] {processor.py:161} INFO - Started process (PID=315) to work on /opt/airflow/dags/newyork_fhv_pipeline.py
[2026-05-16T02:52:59.499+0000] {processor.py:830} INFO - Processing file /opt/airflow/dags/newyork_fhv_pipeline.py for tasks to queue
[2026-05-16T02:52:59.503+0000] {logging_mixin.py:188} INFO - [2026-05-16T02:52:59.502+0000] {dagbag.py:545} INFO - Filling up the DagBag from /opt/airflow/dags/newyork_fhv_pipeline.py
[2026-05-16T02:52:59.559+0000] {processor.py:840} INFO - DAG(s) 'newyork_fhv_pipeline' retrieved from /opt/airflow/dags/newyork_fhv_pipeline.py
[2026-05-16T02:52:59.598+0000] {logging_mixin.py:188} INFO - [2026-05-16T02:52:59.597+0000] {dag.py:3096} INFO - Sync 1 DAGs
[2026-05-16T02:52:59.648+0000] {logging_mixin.py:188} INFO - [2026-05-16T02:52:59.648+0000] {dag.py:3954} INFO - Setting next_dagrun for newyork_fhv_pipeline to 2026-05-01 00:00:00+00:00, run_after=2026-06-01 00:00:00+00:00
[2026-05-16T02:52:59.682+0000] {processor.py:183} INFO - Processing /opt/airflow/dags/newyork_fhv_pipeline.py took 0.199 seconds
[2026-05-16T02:53:29.939+0000] {processor.py:161} INFO - Started process (PID=326) to work on /opt/airflow/dags/newyork_fhv_pipeline.py
[2026-05-16T02:53:29.940+0000] {processor.py:830} INFO - Processing file /opt/airflow/dags/newyork_fhv_pipeline.py for tasks to queue
[2026-05-16T02:53:29.943+0000] {logging_mixin.py:188} INFO - [2026-05-16T02:53:29.942+0000] {dagbag.py:545} INFO - Filling up the DagBag from /opt/airflow/dags/newyork_fhv_pipeline.py
[2026-05-16T02:53:29.975+0000] {processor.py:840} INFO - DAG(s) 'newyork_fhv_pipeline' retrieved from /opt/airflow/dags/newyork_fhv_pipeline.py
[2026-05-16T02:53:30.002+0000] {logging_mixin.py:188} INFO - [2026-05-16T02:53:30.002+0000] {dag.py:3096} INFO - Sync 1 DAGs
[2026-05-16T02:53:30.029+0000] {logging_mixin.py:188} INFO - [2026-05-16T02:53:30.029+0000] {dag.py:3954} INFO - Setting next_dagrun for newyork_fhv_pipeline to 2026-05-01 00:00:00+00:00, run_after=2026-06-01 00:00:00+00:00
[2026-05-16T02:53:30.059+0000] {processor.py:183} INFO - Processing /opt/airflow/dags/newyork_fhv_pipeline.py took 0.130 seconds
[2026-05-16T02:54:00.247+0000] {processor.py:161} INFO - Started process (PID=337) to work on /opt/airflow/dags/newyork_fhv_pipeline.py
[2026-05-16T02:54:00.249+0000] {processor.py:830} INFO - Processing file /opt/airflow/dags/newyork_fhv_pipeline.py for tasks to queue
[2026-05-16T02:54:00.253+0000] {logging_mixin.py:188} INFO - [2026-05-16T02:54:00.252+0000] {dagbag.py:545} INFO - Filling up the DagBag from /opt/airflow/dags/newyork_fhv_pipeline.py
[2026-05-16T02:54:00.311+0000] {processor.py:840} INFO - DAG(s) 'newyork_fhv_pipeline' retrieved from /opt/airflow/dags/newyork_fhv_pipeline.py
[2026-05-16T02:54:00.346+0000] {logging_mixin.py:188} INFO - [2026-05-16T02:54:00.345+0000] {dag.py:3096} INFO - Sync 1 DAGs
[2026-05-16T02:54:00.380+0000] {logging_mixin.py:188} INFO - [2026-05-16T02:54:00.379+0000] {dag.py:3954} INFO - Setting next_dagrun for newyork_fhv_pipeline to 2026-05-01 00:00:00+00:00, run_after=2026-06-01 00:00:00+00:00
[2026-05-16T02:54:00.420+0000] {processor.py:183} INFO - Processing /opt/airflow/dags/newyork_fhv_pipeline.py took 0.184 seconds
[2026-05-16T02:54:31.336+0000] {processor.py:161} INFO - Started process (PID=348) to work on /opt/airflow/dags/newyork_fhv_pipeline.py
[2026-05-16T02:54:31.338+0000] {processor.py:830} INFO - Processing file /opt/airflow/dags/newyork_fhv_pipeline.py for tasks to queue
[2026-05-16T02:54:31.341+0000] {logging_mixin.py:188} INFO - [2026-05-16T02:54:31.340+0000] {dagbag.py:545} INFO - Filling up the DagBag from /opt/airflow/dags/newyork_fhv_pipeline.py
[2026-05-16T02:54:31.383+0000] {processor.py:840} INFO - DAG(s) 'newyork_fhv_pipeline' retrieved from /opt/airflow/dags/newyork_fhv_pipeline.py
[2026-05-16T02:54:31.412+0000] {logging_mixin.py:188} INFO - [2026-05-16T02:54:31.412+0000] {dag.py:3096} INFO - Sync 1 DAGs
[2026-05-16T02:54:31.441+0000] {logging_mixin.py:188} INFO - [2026-05-16T02:54:31.441+0000] {dag.py:3954} INFO - Setting next_dagrun for newyork_fhv_pipeline to 2026-05-01 00:00:00+00:00, run_after=2026-06-01 00:00:00+00:00
[2026-05-16T02:54:31.470+0000] {processor.py:183} INFO - Processing /opt/airflow/dags/newyork_fhv_pipeline.py took 0.145 seconds
[2026-05-16T02:55:02.169+0000] {processor.py:161} INFO - Started process (PID=359) to work on /opt/airflow/dags/newyork_fhv_pipeline.py
[2026-05-16T02:55:02.172+0000] {processor.py:830} INFO - Processing file /opt/airflow/dags/newyork_fhv_pipeline.py for tasks to queue
[2026-05-16T02:55:02.178+0000] {logging_mixin.py:188} INFO - [2026-05-16T02:55:02.177+0000] {dagbag.py:545} INFO - Filling up the DagBag from /opt/airflow/dags/newyork_fhv_pipeline.py
[2026-05-16T02:55:02.232+0000] {processor.py:840} INFO - DAG(s) 'newyork_fhv_pipeline' retrieved from /opt/airflow/dags/newyork_fhv_pipeline.py
[2026-05-16T02:55:02.277+0000] {logging_mixin.py:188} INFO - [2026-05-16T02:55:02.277+0000] {dag.py:3096} INFO - Sync 1 DAGs
[2026-05-16T02:55:02.316+0000] {logging_mixin.py:188} INFO - [2026-05-16T02:55:02.316+0000] {dag.py:3954} INFO - Setting next_dagrun for newyork_fhv_pipeline to 2026-05-01 00:00:00+00:00, run_after=2026-06-01 00:00:00+00:00
[2026-05-16T02:55:02.340+0000] {processor.py:183} INFO - Processing /opt/airflow/dags/newyork_fhv_pipeline.py took 0.184 seconds
[2026-05-16T02:55:33.043+0000] {processor.py:161} INFO - Started process (PID=370) to work on /opt/airflow/dags/newyork_fhv_pipeline.py
[2026-05-16T02:55:33.046+0000] {processor.py:830} INFO - Processing file /opt/airflow/dags/newyork_fhv_pipeline.py for tasks to queue
[2026-05-16T02:55:33.051+0000] {logging_mixin.py:188} INFO - [2026-05-16T02:55:33.051+0000] {dagbag.py:545} INFO - Filling up the DagBag from /opt/airflow/dags/newyork_fhv_pipeline.py
[2026-05-16T02:55:33.102+0000] {processor.py:840} INFO - DAG(s) 'newyork_fhv_pipeline' retrieved from /opt/airflow/dags/newyork_fhv_pipeline.py
[2026-05-16T02:55:33.129+0000] {logging_mixin.py:188} INFO - [2026-05-16T02:55:33.129+0000] {dag.py:3096} INFO - Sync 1 DAGs
[2026-05-16T02:55:33.154+0000] {logging_mixin.py:188} INFO - [2026-05-16T02:55:33.153+0000] {dag.py:3954} INFO - Setting next_dagrun for newyork_fhv_pipeline to 2026-05-01 00:00:00+00:00, run_after=2026-06-01 00:00:00+00:00
[2026-05-16T02:55:33.176+0000] {processor.py:183} INFO - Processing /opt/airflow/dags/newyork_fhv_pipeline.py took 0.145 seconds
[2026-05-16T02:56:03.910+0000] {processor.py:161} INFO - Started process (PID=381) to work on /opt/airflow/dags/newyork_fhv_pipeline.py
[2026-05-16T02:56:03.913+0000] {processor.py:830} INFO - Processing file /opt/airflow/dags/newyork_fhv_pipeline.py for tasks to queue
[2026-05-16T02:56:03.918+0000] {logging_mixin.py:188} INFO - [2026-05-16T02:56:03.917+0000] {dagbag.py:545} INFO - Filling up the DagBag from /opt/airflow/dags/newyork_fhv_pipeline.py
[2026-05-16T02:56:03.967+0000] {processor.py:840} INFO - DAG(s) 'newyork_fhv_pipeline' retrieved from /opt/airflow/dags/newyork_fhv_pipeline.py
[2026-05-16T02:56:03.998+0000] {logging_mixin.py:188} INFO - [2026-05-16T02:56:03.997+0000] {dag.py:3096} INFO - Sync 1 DAGs
[2026-05-16T02:56:04.029+0000] {logging_mixin.py:188} INFO - [2026-05-16T02:56:04.029+0000] {dag.py:3954} INFO - Setting next_dagrun for newyork_fhv_pipeline to 2026-05-01 00:00:00+00:00, run_after=2026-06-01 00:00:00+00:00
[2026-05-16T02:56:04.055+0000] {processor.py:183} INFO - Processing /opt/airflow/dags/newyork_fhv_pipeline.py took 0.161 seconds
[2026-05-16T02:56:34.911+0000] {processor.py:161} INFO - Started process (PID=392) to work on /opt/airflow/dags/newyork_fhv_pipeline.py
[2026-05-16T02:56:34.913+0000] {processor.py:830} INFO - Processing file /opt/airflow/dags/newyork_fhv_pipeline.py for tasks to queue
[2026-05-16T02:56:34.915+0000] {logging_mixin.py:188} INFO - [2026-05-16T02:56:34.915+0000] {dagbag.py:545} INFO - Filling up the DagBag from /opt/airflow/dags/newyork_fhv_pipeline.py
[2026-05-16T02:56:34.949+0000] {processor.py:840} INFO - DAG(s) 'newyork_fhv_pipeline' retrieved from /opt/airflow/dags/newyork_fhv_pipeline.py
[2026-05-16T02:56:34.982+0000] {logging_mixin.py:188} INFO - [2026-05-16T02:56:34.982+0000] {dag.py:3096} INFO - Sync 1 DAGs
[2026-05-16T02:56:35.007+0000] {logging_mixin.py:188} INFO - [2026-05-16T02:56:35.007+0000] {dag.py:3954} INFO - Setting next_dagrun for newyork_fhv_pipeline to 2026-05-01 00:00:00+00:00, run_after=2026-06-01 00:00:00+00:00
[2026-05-16T02:56:35.047+0000] {processor.py:183} INFO - Processing /opt/airflow/dags/newyork_fhv_pipeline.py took 0.145 seconds
[2026-05-16T02:57:05.675+0000] {processor.py:161} INFO - Started process (PID=403) to work on /opt/airflow/dags/newyork_fhv_pipeline.py
[2026-05-16T02:57:05.678+0000] {processor.py:830} INFO - Processing file /opt/airflow/dags/newyork_fhv_pipeline.py for tasks to queue
[2026-05-16T02:57:05.681+0000] {logging_mixin.py:188} INFO - [2026-05-16T02:57:05.681+0000] {dagbag.py:545} INFO - Filling up the DagBag from /opt/airflow/dags/newyork_fhv_pipeline.py
[2026-05-16T02:57:05.729+0000] {processor.py:840} INFO - DAG(s) 'newyork_fhv_pipeline' retrieved from /opt/airflow/dags/newyork_fhv_pipeline.py
[2026-05-16T02:57:05.753+0000] {logging_mixin.py:188} INFO - [2026-05-16T02:57:05.753+0000] {dag.py:3096} INFO - Sync 1 DAGs
[2026-05-16T02:57:05.785+0000] {logging_mixin.py:188} INFO - [2026-05-16T02:57:05.784+0000] {dag.py:3954} INFO - Setting next_dagrun for newyork_fhv_pipeline to 2026-05-01 00:00:00+00:00, run_after=2026-06-01 00:00:00+00:00
[2026-05-16T02:57:05.819+0000] {processor.py:183} INFO - Processing /opt/airflow/dags/newyork_fhv_pipeline.py took 0.154 seconds
[2026-05-16T02:57:36.594+0000] {processor.py:161} INFO - Started process (PID=414) to work on /opt/airflow/dags/newyork_fhv_pipeline.py
[2026-05-16T02:57:36.596+0000] {processor.py:830} INFO - Processing file /opt/airflow/dags/newyork_fhv_pipeline.py for tasks to queue
[2026-05-16T02:57:36.600+0000] {logging_mixin.py:188} INFO - [2026-05-16T02:57:36.599+0000] {dagbag.py:545} INFO - Filling up the DagBag from /opt/airflow/dags/newyork_fhv_pipeline.py
[2026-05-16T02:57:36.637+0000] {processor.py:840} INFO - DAG(s) 'newyork_fhv_pipeline' retrieved from /opt/airflow/dags/newyork_fhv_pipeline.py
[2026-05-16T02:57:36.668+0000] {logging_mixin.py:188} INFO - [2026-05-16T02:57:36.668+0000] {dag.py:3096} INFO - Sync 1 DAGs
[2026-05-16T02:57:36.695+0000] {logging_mixin.py:188} INFO - [2026-05-16T02:57:36.695+0000] {dag.py:3954} INFO - Setting next_dagrun for newyork_fhv_pipeline to 2026-05-01 00:00:00+00:00, run_after=2026-06-01 00:00:00+00:00
[2026-05-16T02:57:36.718+0000] {processor.py:183} INFO - Processing /opt/airflow/dags/newyork_fhv_pipeline.py took 0.135 seconds
[2026-05-16T02:58:07.433+0000] {processor.py:161} INFO - Started process (PID=426) to work on /opt/airflow/dags/newyork_fhv_pipeline.py
[2026-05-16T02:58:07.434+0000] {processor.py:830} INFO - Processing file /opt/airflow/dags/newyork_fhv_pipeline.py for tasks to queue
[2026-05-16T02:58:07.437+0000] {logging_mixin.py:188} INFO - [2026-05-16T02:58:07.437+0000] {dagbag.py:545} INFO - Filling up the DagBag from /opt/airflow/dags/newyork_fhv_pipeline.py
[2026-05-16T02:58:07.468+0000] {processor.py:840} INFO - DAG(s) 'newyork_fhv_pipeline' retrieved from /opt/airflow/dags/newyork_fhv_pipeline.py
[2026-05-16T02:58:07.502+0000] {logging_mixin.py:188} INFO - [2026-05-16T02:58:07.501+0000] {dag.py:3096} INFO - Sync 1 DAGs
[2026-05-16T02:58:07.544+0000] {logging_mixin.py:188} INFO - [2026-05-16T02:58:07.544+0000] {dag.py:3954} INFO - Setting next_dagrun for newyork_fhv_pipeline to 2026-05-01 00:00:00+00:00, run_after=2026-06-01 00:00:00+00:00
[2026-05-16T02:58:07.589+0000] {processor.py:183} INFO - Processing /opt/airflow/dags/newyork_fhv_pipeline.py took 0.163 seconds
[2026-05-16T02:58:38.285+0000] {processor.py:161} INFO - Started process (PID=437) to work on /opt/airflow/dags/newyork_fhv_pipeline.py
[2026-05-16T02:58:38.286+0000] {processor.py:830} INFO - Processing file /opt/airflow/dags/newyork_fhv_pipeline.py for tasks to queue
[2026-05-16T02:58:38.289+0000] {logging_mixin.py:188} INFO - [2026-05-16T02:58:38.288+0000] {dagbag.py:545} INFO - Filling up the DagBag from /opt/airflow/dags/newyork_fhv_pipeline.py
[2026-05-16T02:58:38.325+0000] {processor.py:840} INFO - DAG(s) 'newyork_fhv_pipeline' retrieved from /opt/airflow/dags/newyork_fhv_pipeline.py
[2026-05-16T02:58:38.355+0000] {logging_mixin.py:188} INFO - [2026-05-16T02:58:38.355+0000] {dag.py:3096} INFO - Sync 1 DAGs
[2026-05-16T02:58:38.380+0000] {logging_mixin.py:188} INFO - [2026-05-16T02:58:38.380+0000] {dag.py:3954} INFO - Setting next_dagrun for newyork_fhv_pipeline to 2026-05-01 00:00:00+00:00, run_after=2026-06-01 00:00:00+00:00
[2026-05-16T02:58:38.405+0000] {processor.py:183} INFO - Processing /opt/airflow/dags/newyork_fhv_pipeline.py took 0.137 seconds
[2026-05-16T02:59:08.939+0000] {processor.py:161} INFO - Started process (PID=448) to work on /opt/airflow/dags/newyork_fhv_pipeline.py
[2026-05-16T02:59:08.941+0000] {processor.py:830} INFO - Processing file /opt/airflow/dags/newyork_fhv_pipeline.py for tasks to queue
[2026-05-16T02:59:08.943+0000] {logging_mixin.py:188} INFO - [2026-05-16T02:59:08.943+0000] {dagbag.py:545} INFO - Filling up the DagBag from /opt/airflow/dags/newyork_fhv_pipeline.py
[2026-05-16T02:59:08.981+0000] {processor.py:840} INFO - DAG(s) 'newyork_fhv_pipeline' retrieved from /opt/airflow/dags/newyork_fhv_pipeline.py
[2026-05-16T02:59:09.008+0000] {logging_mixin.py:188} INFO - [2026-05-16T02:59:09.008+0000] {dag.py:3096} INFO - Sync 1 DAGs
[2026-05-16T02:59:09.035+0000] {logging_mixin.py:188} INFO - [2026-05-16T02:59:09.034+0000] {dag.py:3954} INFO - Setting next_dagrun for newyork_fhv_pipeline to 2026-05-01 00:00:00+00:00, run_after=2026-06-01 00:00:00+00:00
[2026-05-16T02:59:09.058+0000] {processor.py:183} INFO - Processing /opt/airflow/dags/newyork_fhv_pipeline.py took 0.125 seconds
[2026-05-16T02:59:39.764+0000] {processor.py:161} INFO - Started process (PID=459) to work on /opt/airflow/dags/newyork_fhv_pipeline.py
[2026-05-16T02:59:39.766+0000] {processor.py:830} INFO - Processing file /opt/airflow/dags/newyork_fhv_pipeline.py for tasks to queue
[2026-05-16T02:59:39.770+0000] {logging_mixin.py:188} INFO - [2026-05-16T02:59:39.769+0000] {dagbag.py:545} INFO - Filling up the DagBag from /opt/airflow/dags/newyork_fhv_pipeline.py
[2026-05-16T02:59:39.811+0000] {processor.py:840} INFO - DAG(s) 'newyork_fhv_pipeline' retrieved from /opt/airflow/dags/newyork_fhv_pipeline.py
[2026-05-16T02:59:39.835+0000] {logging_mixin.py:188} INFO - [2026-05-16T02:59:39.834+0000] {dag.py:3096} INFO - Sync 1 DAGs
[2026-05-16T02:59:39.858+0000] {logging_mixin.py:188} INFO - [2026-05-16T02:59:39.858+0000] {dag.py:3954} INFO - Setting next_dagrun for newyork_fhv_pipeline to 2026-05-01 00:00:00+00:00, run_after=2026-06-01 00:00:00+00:00
[2026-05-16T02:59:39.883+0000] {processor.py:183} INFO - Processing /opt/airflow/dags/newyork_fhv_pipeline.py took 0.125 seconds
[2026-05-16T03:00:10.611+0000] {processor.py:161} INFO - Started process (PID=470) to work on /opt/airflow/dags/newyork_fhv_pipeline.py
[2026-05-16T03:00:10.613+0000] {processor.py:830} INFO - Processing file /opt/airflow/dags/newyork_fhv_pipeline.py for tasks to queue
[2026-05-16T03:00:10.616+0000] {logging_mixin.py:188} INFO - [2026-05-16T03:00:10.615+0000] {dagbag.py:545} INFO - Filling up the DagBag from /opt/airflow/dags/newyork_fhv_pipeline.py
[2026-05-16T03:00:10.657+0000] {processor.py:840} INFO - DAG(s) 'newyork_fhv_pipeline' retrieved from /opt/airflow/dags/newyork_fhv_pipeline.py
[2026-05-16T03:00:10.687+0000] {logging_mixin.py:188} INFO - [2026-05-16T03:00:10.686+0000] {dag.py:3096} INFO - Sync 1 DAGs
[2026-05-16T03:00:10.716+0000] {logging_mixin.py:188} INFO - [2026-05-16T03:00:10.715+0000] {dag.py:3954} INFO - Setting next_dagrun for newyork_fhv_pipeline to 2026-05-01 00:00:00+00:00, run_after=2026-06-01 00:00:00+00:00
[2026-05-16T03:00:10.946+0000] {processor.py:183} INFO - Processing /opt/airflow/dags/newyork_fhv_pipeline.py took 0.345 seconds
[2026-05-16T03:00:41.668+0000] {processor.py:161} INFO - Started process (PID=481) to work on /opt/airflow/dags/newyork_fhv_pipeline.py
[2026-05-16T03:00:41.670+0000] {processor.py:830} INFO - Processing file /opt/airflow/dags/newyork_fhv_pipeline.py for tasks to queue
[2026-05-16T03:00:41.675+0000] {logging_mixin.py:188} INFO - [2026-05-16T03:00:41.674+0000] {dagbag.py:545} INFO - Filling up the DagBag from /opt/airflow/dags/newyork_fhv_pipeline.py
[2026-05-16T03:00:41.737+0000] {processor.py:840} INFO - DAG(s) 'newyork_fhv_pipeline' retrieved from /opt/airflow/dags/newyork_fhv_pipeline.py
[2026-05-16T03:00:41.780+0000] {logging_mixin.py:188} INFO - [2026-05-16T03:00:41.780+0000] {dag.py:3096} INFO - Sync 1 DAGs
[2026-05-16T03:00:41.809+0000] {logging_mixin.py:188} INFO - [2026-05-16T03:00:41.809+0000] {dag.py:3954} INFO - Setting next_dagrun for newyork_fhv_pipeline to 2026-05-01 00:00:00+00:00, run_after=2026-06-01 00:00:00+00:00
[2026-05-16T03:00:41.835+0000] {processor.py:183} INFO - Processing /opt/airflow/dags/newyork_fhv_pipeline.py took 0.177 seconds
[2026-05-16T03:01:12.541+0000] {processor.py:161} INFO - Started process (PID=492) to work on /opt/airflow/dags/newyork_fhv_pipeline.py
[2026-05-16T03:01:12.543+0000] {processor.py:830} INFO - Processing file /opt/airflow/dags/newyork_fhv_pipeline.py for tasks to queue
[2026-05-16T03:01:12.545+0000] {logging_mixin.py:188} INFO - [2026-05-16T03:01:12.545+0000] {dagbag.py:545} INFO - Filling up the DagBag from /opt/airflow/dags/newyork_fhv_pipeline.py
[2026-05-16T03:01:12.589+0000] {processor.py:840} INFO - DAG(s) 'newyork_fhv_pipeline' retrieved from /opt/airflow/dags/newyork_fhv_pipeline.py
[2026-05-16T03:01:12.617+0000] {logging_mixin.py:188} INFO - [2026-05-16T03:01:12.616+0000] {dag.py:3096} INFO - Sync 1 DAGs
[2026-05-16T03:01:12.641+0000] {logging_mixin.py:188} INFO - [2026-05-16T03:01:12.641+0000] {dag.py:3954} INFO - Setting next_dagrun for newyork_fhv_pipeline to 2026-05-01 00:00:00+00:00, run_after=2026-06-01 00:00:00+00:00
[2026-05-16T03:01:12.666+0000] {processor.py:183} INFO - Processing /opt/airflow/dags/newyork_fhv_pipeline.py took 0.133 seconds
[2026-05-16T03:01:43.376+0000] {processor.py:161} INFO - Started process (PID=503) to work on /opt/airflow/dags/newyork_fhv_pipeline.py
[2026-05-16T03:01:43.379+0000] {processor.py:830} INFO - Processing file /opt/airflow/dags/newyork_fhv_pipeline.py for tasks to queue
[2026-05-16T03:01:43.383+0000] {logging_mixin.py:188} INFO - [2026-05-16T03:01:43.383+0000] {dagbag.py:545} INFO - Filling up the DagBag from /opt/airflow/dags/newyork_fhv_pipeline.py
[2026-05-16T03:01:43.417+0000] {processor.py:840} INFO - DAG(s) 'newyork_fhv_pipeline' retrieved from /opt/airflow/dags/newyork_fhv_pipeline.py
[2026-05-16T03:01:43.445+0000] {logging_mixin.py:188} INFO - [2026-05-16T03:01:43.444+0000] {dag.py:3096} INFO - Sync 1 DAGs
[2026-05-16T03:01:43.475+0000] {logging_mixin.py:188} INFO - [2026-05-16T03:01:43.475+0000] {dag.py:3954} INFO - Setting next_dagrun for newyork_fhv_pipeline to 2026-05-01 00:00:00+00:00, run_after=2026-06-01 00:00:00+00:00
[2026-05-16T03:01:43.499+0000] {processor.py:183} INFO - Processing /opt/airflow/dags/newyork_fhv_pipeline.py took 0.136 seconds
[2026-05-16T03:02:14.220+0000] {processor.py:161} INFO - Started process (PID=514) to work on /opt/airflow/dags/newyork_fhv_pipeline.py
[2026-05-16T03:02:14.221+0000] {processor.py:830} INFO - Processing file /opt/airflow/dags/newyork_fhv_pipeline.py for tasks to queue
[2026-05-16T03:02:14.224+0000] {logging_mixin.py:188} INFO - [2026-05-16T03:02:14.224+0000] {dagbag.py:545} INFO - Filling up the DagBag from /opt/airflow/dags/newyork_fhv_pipeline.py
[2026-05-16T03:02:14.265+0000] {processor.py:840} INFO - DAG(s) 'newyork_fhv_pipeline' retrieved from /opt/airflow/dags/newyork_fhv_pipeline.py
[2026-05-16T03:02:14.289+0000] {logging_mixin.py:188} INFO - [2026-05-16T03:02:14.289+0000] {dag.py:3096} INFO - Sync 1 DAGs
[2026-05-16T03:02:14.314+0000] {logging_mixin.py:188} INFO - [2026-05-16T03:02:14.314+0000] {dag.py:3954} INFO - Setting next_dagrun for newyork_fhv_pipeline to 2026-05-01 00:00:00+00:00, run_after=2026-06-01 00:00:00+00:00
[2026-05-16T03:02:14.339+0000] {processor.py:183} INFO - Processing /opt/airflow/dags/newyork_fhv_pipeline.py took 0.126 seconds
[2026-05-16T03:02:44.981+0000] {processor.py:161} INFO - Started process (PID=525) to work on /opt/airflow/dags/newyork_fhv_pipeline.py
[2026-05-16T03:02:44.983+0000] {processor.py:830} INFO - Processing file /opt/airflow/dags/newyork_fhv_pipeline.py for tasks to queue
[2026-05-16T03:02:44.985+0000] {logging_mixin.py:188} INFO - [2026-05-16T03:02:44.985+0000] {dagbag.py:545} INFO - Filling up the DagBag from /opt/airflow/dags/newyork_fhv_pipeline.py
[2026-05-16T03:02:45.027+0000] {processor.py:840} INFO - DAG(s) 'newyork_fhv_pipeline' retrieved from /opt/airflow/dags/newyork_fhv_pipeline.py
[2026-05-16T03:02:45.071+0000] {logging_mixin.py:188} INFO - [2026-05-16T03:02:45.071+0000] {dag.py:3096} INFO - Sync 1 DAGs
[2026-05-16T03:02:45.107+0000] {logging_mixin.py:188} INFO - [2026-05-16T03:02:45.106+0000] {dag.py:3954} INFO - Setting next_dagrun for newyork_fhv_pipeline to 2026-05-01 00:00:00+00:00, run_after=2026-06-01 00:00:00+00:00
[2026-05-16T03:02:45.135+0000] {processor.py:183} INFO - Processing /opt/airflow/dags/newyork_fhv_pipeline.py took 0.161 seconds
[2026-05-16T03:03:15.923+0000] {processor.py:161} INFO - Started process (PID=536) to work on /opt/airflow/dags/newyork_fhv_pipeline.py
[2026-05-16T03:03:15.924+0000] {processor.py:830} INFO - Processing file /opt/airflow/dags/newyork_fhv_pipeline.py for tasks to queue
[2026-05-16T03:03:15.928+0000] {logging_mixin.py:188} INFO - [2026-05-16T03:03:15.927+0000] {dagbag.py:545} INFO - Filling up the DagBag from /opt/airflow/dags/newyork_fhv_pipeline.py
[2026-05-16T03:03:15.986+0000] {processor.py:840} INFO - DAG(s) 'newyork_fhv_pipeline' retrieved from /opt/airflow/dags/newyork_fhv_pipeline.py
[2026-05-16T03:03:16.027+0000] {logging_mixin.py:188} INFO - [2026-05-16T03:03:16.026+0000] {dag.py:3096} INFO - Sync 1 DAGs
[2026-05-16T03:03:16.065+0000] {logging_mixin.py:188} INFO - [2026-05-16T03:03:16.064+0000] {dag.py:3954} INFO - Setting next_dagrun for newyork_fhv_pipeline to 2026-05-01 00:00:00+00:00, run_after=2026-06-01 00:00:00+00:00
[2026-05-16T03:03:16.096+0000] {processor.py:183} INFO - Processing /opt/airflow/dags/newyork_fhv_pipeline.py took 0.180 seconds
[2026-05-16T03:03:46.688+0000] {processor.py:161} INFO - Started process (PID=547) to work on /opt/airflow/dags/newyork_fhv_pipeline.py
[2026-05-16T03:03:46.692+0000] {processor.py:830} INFO - Processing file /opt/airflow/dags/newyork_fhv_pipeline.py for tasks to queue
[2026-05-16T03:03:46.698+0000] {logging_mixin.py:188} INFO - [2026-05-16T03:03:46.697+0000] {dagbag.py:545} INFO - Filling up the DagBag from /opt/airflow/dags/newyork_fhv_pipeline.py
[2026-05-16T03:03:46.736+0000] {processor.py:840} INFO - DAG(s) 'newyork_fhv_pipeline' retrieved from /opt/airflow/dags/newyork_fhv_pipeline.py
[2026-05-16T03:03:46.770+0000] {logging_mixin.py:188} INFO - [2026-05-16T03:03:46.769+0000] {dag.py:3096} INFO - Sync 1 DAGs
[2026-05-16T03:03:46.801+0000] {logging_mixin.py:188} INFO - [2026-05-16T03:03:46.801+0000] {dag.py:3954} INFO - Setting next_dagrun for newyork_fhv_pipeline to 2026-05-01 00:00:00+00:00, run_after=2026-06-01 00:00:00+00:00
[2026-05-16T03:03:46.834+0000] {processor.py:183} INFO - Processing /opt/airflow/dags/newyork_fhv_pipeline.py took 0.158 seconds
[2026-05-16T03:04:17.516+0000] {processor.py:161} INFO - Started process (PID=558) to work on /opt/airflow/dags/newyork_fhv_pipeline.py
[2026-05-16T03:04:17.518+0000] {processor.py:830} INFO - Processing file /opt/airflow/dags/newyork_fhv_pipeline.py for tasks to queue
[2026-05-16T03:04:17.522+0000] {logging_mixin.py:188} INFO - [2026-05-16T03:04:17.521+0000] {dagbag.py:545} INFO - Filling up the DagBag from /opt/airflow/dags/newyork_fhv_pipeline.py
[2026-05-16T03:04:17.579+0000] {processor.py:840} INFO - DAG(s) 'newyork_fhv_pipeline' retrieved from /opt/airflow/dags/newyork_fhv_pipeline.py
[2026-05-16T03:04:17.613+0000] {logging_mixin.py:188} INFO - [2026-05-16T03:04:17.613+0000] {dag.py:3096} INFO - Sync 1 DAGs
[2026-05-16T03:04:17.641+0000] {logging_mixin.py:188} INFO - [2026-05-16T03:04:17.641+0000] {dag.py:3954} INFO - Setting next_dagrun for newyork_fhv_pipeline to 2026-05-01 00:00:00+00:00, run_after=2026-06-01 00:00:00+00:00
[2026-05-16T03:04:17.668+0000] {processor.py:183} INFO - Processing /opt/airflow/dags/newyork_fhv_pipeline.py took 0.165 seconds
[2026-05-16T03:04:48.270+0000] {processor.py:161} INFO - Started process (PID=569) to work on /opt/airflow/dags/newyork_fhv_pipeline.py
[2026-05-16T03:04:48.271+0000] {processor.py:830} INFO - Processing file /opt/airflow/dags/newyork_fhv_pipeline.py for tasks to queue
[2026-05-16T03:04:48.274+0000] {logging_mixin.py:188} INFO - [2026-05-16T03:04:48.274+0000] {dagbag.py:545} INFO - Filling up the DagBag from /opt/airflow/dags/newyork_fhv_pipeline.py
[2026-05-16T03:04:48.308+0000] {processor.py:840} INFO - DAG(s) 'newyork_fhv_pipeline' retrieved from /opt/airflow/dags/newyork_fhv_pipeline.py
[2026-05-16T03:04:48.340+0000] {logging_mixin.py:188} INFO - [2026-05-16T03:04:48.339+0000] {dag.py:3096} INFO - Sync 1 DAGs
[2026-05-16T03:04:48.368+0000] {logging_mixin.py:188} INFO - [2026-05-16T03:04:48.367+0000] {dag.py:3954} INFO - Setting next_dagrun for newyork_fhv_pipeline to 2026-05-01 00:00:00+00:00, run_after=2026-06-01 00:00:00+00:00
[2026-05-16T03:04:48.393+0000] {processor.py:183} INFO - Processing /opt/airflow/dags/newyork_fhv_pipeline.py took 0.132 seconds
[2026-05-16T03:05:19.115+0000] {processor.py:161} INFO - Started process (PID=580) to work on /opt/airflow/dags/newyork_fhv_pipeline.py
[2026-05-16T03:05:19.116+0000] {processor.py:830} INFO - Processing file /opt/airflow/dags/newyork_fhv_pipeline.py for tasks to queue
[2026-05-16T03:05:19.120+0000] {logging_mixin.py:188} INFO - [2026-05-16T03:05:19.119+0000] {dagbag.py:545} INFO - Filling up the DagBag from /opt/airflow/dags/newyork_fhv_pipeline.py
[2026-05-16T03:05:19.158+0000] {processor.py:840} INFO - DAG(s) 'newyork_fhv_pipeline' retrieved from /opt/airflow/dags/newyork_fhv_pipeline.py
[2026-05-16T03:05:19.193+0000] {logging_mixin.py:188} INFO - [2026-05-16T03:05:19.192+0000] {dag.py:3096} INFO - Sync 1 DAGs
[2026-05-16T03:05:19.230+0000] {logging_mixin.py:188} INFO - [2026-05-16T03:05:19.230+0000] {dag.py:3954} INFO - Setting next_dagrun for newyork_fhv_pipeline to 2026-05-01 00:00:00+00:00, run_after=2026-06-01 00:00:00+00:00
[2026-05-16T03:05:19.430+0000] {processor.py:183} INFO - Processing /opt/airflow/dags/newyork_fhv_pipeline.py took 0.323 seconds
[2026-05-16T03:05:50.199+0000] {processor.py:161} INFO - Started process (PID=591) to work on /opt/airflow/dags/newyork_fhv_pipeline.py
[2026-05-16T03:05:50.201+0000] {processor.py:830} INFO - Processing file /opt/airflow/dags/newyork_fhv_pipeline.py for tasks to queue
[2026-05-16T03:05:50.205+0000] {logging_mixin.py:188} INFO - [2026-05-16T03:05:50.204+0000] {dagbag.py:545} INFO - Filling up the DagBag from /opt/airflow/dags/newyork_fhv_pipeline.py
[2026-05-16T03:05:50.242+0000] {processor.py:840} INFO - DAG(s) 'newyork_fhv_pipeline' retrieved from /opt/airflow/dags/newyork_fhv_pipeline.py
[2026-05-16T03:05:50.271+0000] {logging_mixin.py:188} INFO - [2026-05-16T03:05:50.271+0000] {dag.py:3096} INFO - Sync 1 DAGs
[2026-05-16T03:05:50.302+0000] {logging_mixin.py:188} INFO - [2026-05-16T03:05:50.302+0000] {dag.py:3954} INFO - Setting next_dagrun for newyork_fhv_pipeline to 2026-05-01 00:00:00+00:00, run_after=2026-06-01 00:00:00+00:00
[2026-05-16T03:05:50.334+0000] {processor.py:183} INFO - Processing /opt/airflow/dags/newyork_fhv_pipeline.py took 0.148 seconds
[2026-05-16T03:06:20.938+0000] {processor.py:161} INFO - Started process (PID=602) to work on /opt/airflow/dags/newyork_fhv_pipeline.py
[2026-05-16T03:06:20.940+0000] {processor.py:830} INFO - Processing file /opt/airflow/dags/newyork_fhv_pipeline.py for tasks to queue
[2026-05-16T03:06:20.945+0000] {logging_mixin.py:188} INFO - [2026-05-16T03:06:20.943+0000] {dagbag.py:545} INFO - Filling up the DagBag from /opt/airflow/dags/newyork_fhv_pipeline.py
[2026-05-16T03:06:20.991+0000] {processor.py:840} INFO - DAG(s) 'newyork_fhv_pipeline' retrieved from /opt/airflow/dags/newyork_fhv_pipeline.py
[2026-05-16T03:06:21.032+0000] {logging_mixin.py:188} INFO - [2026-05-16T03:06:21.031+0000] {dag.py:3096} INFO - Sync 1 DAGs
[2026-05-16T03:06:21.059+0000] {logging_mixin.py:188} INFO - [2026-05-16T03:06:21.058+0000] {dag.py:3954} INFO - Setting next_dagrun for newyork_fhv_pipeline to 2026-05-01 00:00:00+00:00, run_after=2026-06-01 00:00:00+00:00
[2026-05-16T03:06:21.089+0000] {processor.py:183} INFO - Processing /opt/airflow/dags/newyork_fhv_pipeline.py took 0.161 seconds
[2026-05-16T03:06:51.665+0000] {processor.py:161} INFO - Started process (PID=613) to work on /opt/airflow/dags/newyork_fhv_pipeline.py
[2026-05-16T03:06:51.668+0000] {processor.py:830} INFO - Processing file /opt/airflow/dags/newyork_fhv_pipeline.py for tasks to queue
[2026-05-16T03:06:51.673+0000] {logging_mixin.py:188} INFO - [2026-05-16T03:06:51.672+0000] {dagbag.py:545} INFO - Filling up the DagBag from /opt/airflow/dags/newyork_fhv_pipeline.py
[2026-05-16T03:06:51.725+0000] {processor.py:840} INFO - DAG(s) 'newyork_fhv_pipeline' retrieved from /opt/airflow/dags/newyork_fhv_pipeline.py
[2026-05-16T03:06:51.769+0000] {logging_mixin.py:188} INFO - [2026-05-16T03:06:51.768+0000] {dag.py:3096} INFO - Sync 1 DAGs
[2026-05-16T03:06:51.797+0000] {logging_mixin.py:188} INFO - [2026-05-16T03:06:51.797+0000] {dag.py:3954} INFO - Setting next_dagrun for newyork_fhv_pipeline to 2026-05-01 00:00:00+00:00, run_after=2026-06-01 00:00:00+00:00
[2026-05-16T03:06:51.821+0000] {processor.py:183} INFO - Processing /opt/airflow/dags/newyork_fhv_pipeline.py took 0.169 seconds
[2026-05-16T03:07:22.619+0000] {processor.py:161} INFO - Started process (PID=624) to work on /opt/airflow/dags/newyork_fhv_pipeline.py
[2026-05-16T03:07:22.621+0000] {processor.py:830} INFO - Processing file /opt/airflow/dags/newyork_fhv_pipeline.py for tasks to queue
[2026-05-16T03:07:22.624+0000] {logging_mixin.py:188} INFO - [2026-05-16T03:07:22.624+0000] {dagbag.py:545} INFO - Filling up the DagBag from /opt/airflow/dags/newyork_fhv_pipeline.py
[2026-05-16T03:07:22.671+0000] {processor.py:840} INFO - DAG(s) 'newyork_fhv_pipeline' retrieved from /opt/airflow/dags/newyork_fhv_pipeline.py
[2026-05-16T03:07:22.702+0000] {logging_mixin.py:188} INFO - [2026-05-16T03:07:22.702+0000] {dag.py:3096} INFO - Sync 1 DAGs
[2026-05-16T03:07:22.751+0000] {logging_mixin.py:188} INFO - [2026-05-16T03:07:22.750+0000] {dag.py:3954} INFO - Setting next_dagrun for newyork_fhv_pipeline to 2026-05-01 00:00:00+00:00, run_after=2026-06-01 00:00:00+00:00
[2026-05-16T03:07:22.797+0000] {processor.py:183} INFO - Processing /opt/airflow/dags/newyork_fhv_pipeline.py took 0.188 seconds
[2026-05-16T03:07:53.629+0000] {processor.py:161} INFO - Started process (PID=635) to work on /opt/airflow/dags/newyork_fhv_pipeline.py
[2026-05-16T03:07:53.631+0000] {processor.py:830} INFO - Processing file /opt/airflow/dags/newyork_fhv_pipeline.py for tasks to queue
[2026-05-16T03:07:53.633+0000] {logging_mixin.py:188} INFO - [2026-05-16T03:07:53.633+0000] {dagbag.py:545} INFO - Filling up the DagBag from /opt/airflow/dags/newyork_fhv_pipeline.py
[2026-05-16T03:07:53.680+0000] {processor.py:840} INFO - DAG(s) 'newyork_fhv_pipeline' retrieved from /opt/airflow/dags/newyork_fhv_pipeline.py
[2026-05-16T03:07:53.732+0000] {logging_mixin.py:188} INFO - [2026-05-16T03:07:53.732+0000] {dag.py:3096} INFO - Sync 1 DAGs
[2026-05-16T03:07:53.761+0000] {logging_mixin.py:188} INFO - [2026-05-16T03:07:53.760+0000] {dag.py:3954} INFO - Setting next_dagrun for newyork_fhv_pipeline to 2026-05-01 00:00:00+00:00, run_after=2026-06-01 00:00:00+00:00
[2026-05-16T03:07:53.788+0000] {processor.py:183} INFO - Processing /opt/airflow/dags/newyork_fhv_pipeline.py took 0.168 seconds
[2026-05-16T03:08:24.421+0000] {processor.py:161} INFO - Started process (PID=652) to work on /opt/airflow/dags/newyork_fhv_pipeline.py
[2026-05-16T03:08:24.424+0000] {processor.py:830} INFO - Processing file /opt/airflow/dags/newyork_fhv_pipeline.py for tasks to queue
[2026-05-16T03:08:24.429+0000] {logging_mixin.py:188} INFO - [2026-05-16T03:08:24.428+0000] {dagbag.py:545} INFO - Filling up the DagBag from /opt/airflow/dags/newyork_fhv_pipeline.py
[2026-05-16T03:08:24.491+0000] {processor.py:840} INFO - DAG(s) 'newyork_fhv_pipeline' retrieved from /opt/airflow/dags/newyork_fhv_pipeline.py
[2026-05-16T03:08:24.528+0000] {logging_mixin.py:188} INFO - [2026-05-16T03:08:24.528+0000] {dag.py:3096} INFO - Sync 1 DAGs
[2026-05-16T03:08:24.559+0000] {logging_mixin.py:188} INFO - [2026-05-16T03:08:24.558+0000] {dag.py:3954} INFO - Setting next_dagrun for newyork_fhv_pipeline to 2026-05-01 00:00:00+00:00, run_after=2026-06-01 00:00:00+00:00
[2026-05-16T03:08:24.591+0000] {processor.py:183} INFO - Processing /opt/airflow/dags/newyork_fhv_pipeline.py took 0.188 seconds
[2026-05-16T03:08:55.358+0000] {processor.py:161} INFO - Started process (PID=663) to work on /opt/airflow/dags/newyork_fhv_pipeline.py
[2026-05-16T03:08:55.360+0000] {processor.py:830} INFO - Processing file /opt/airflow/dags/newyork_fhv_pipeline.py for tasks to queue
[2026-05-16T03:08:55.363+0000] {logging_mixin.py:188} INFO - [2026-05-16T03:08:55.362+0000] {dagbag.py:545} INFO - Filling up the DagBag from /opt/airflow/dags/newyork_fhv_pipeline.py
[2026-05-16T03:08:55.403+0000] {processor.py:840} INFO - DAG(s) 'newyork_fhv_pipeline' retrieved from /opt/airflow/dags/newyork_fhv_pipeline.py
[2026-05-16T03:08:55.434+0000] {logging_mixin.py:188} INFO - [2026-05-16T03:08:55.434+0000] {dag.py:3096} INFO - Sync 1 DAGs
[2026-05-16T03:08:55.460+0000] {logging_mixin.py:188} INFO - [2026-05-16T03:08:55.460+0000] {dag.py:3954} INFO - Setting next_dagrun for newyork_fhv_pipeline to 2026-05-01 00:00:00+00:00, run_after=2026-06-01 00:00:00+00:00
[2026-05-16T03:08:55.483+0000] {processor.py:183} INFO - Processing /opt/airflow/dags/newyork_fhv_pipeline.py took 0.132 seconds
