[2026-05-16T02:42:44.596+0000] {processor.py:161} INFO - Started process (PID=85) to work on /opt/airflow/dags/newyork_fhv_ingestion.py
[2026-05-16T02:42:44.597+0000] {processor.py:830} INFO - Processing file /opt/airflow/dags/newyork_fhv_ingestion.py for tasks to queue
[2026-05-16T02:42:44.600+0000] {logging_mixin.py:188} INFO - [2026-05-16T02:42:44.600+0000] {dagbag.py:545} INFO - Filling up the DagBag from /opt/airflow/dags/newyork_fhv_ingestion.py
[2026-05-16T02:42:44.630+0000] {processor.py:840} INFO - DAG(s) 'newyork_fhv_ingestion' retrieved from /opt/airflow/dags/newyork_fhv_ingestion.py
[2026-05-16T02:42:44.752+0000] {logging_mixin.py:188} INFO - [2026-05-16T02:42:44.752+0000] {dag.py:3096} INFO - Sync 1 DAGs
[2026-05-16T02:42:44.765+0000] {logging_mixin.py:188} INFO - [2026-05-16T02:42:44.764+0000] {dag.py:3954} INFO - Setting next_dagrun for newyork_fhv_ingestion to None, run_after=None
[2026-05-16T02:42:44.796+0000] {processor.py:183} INFO - Processing /opt/airflow/dags/newyork_fhv_ingestion.py took 0.208 seconds
[2026-05-16T02:43:15.372+0000] {processor.py:161} INFO - Started process (PID=96) to work on /opt/airflow/dags/newyork_fhv_ingestion.py
[2026-05-16T02:43:15.373+0000] {processor.py:830} INFO - Processing file /opt/airflow/dags/newyork_fhv_ingestion.py for tasks to queue
[2026-05-16T02:43:15.376+0000] {logging_mixin.py:188} INFO - [2026-05-16T02:43:15.375+0000] {dagbag.py:545} INFO - Filling up the DagBag from /opt/airflow/dags/newyork_fhv_ingestion.py
[2026-05-16T02:43:15.409+0000] {processor.py:840} INFO - DAG(s) 'newyork_fhv_ingestion' retrieved from /opt/airflow/dags/newyork_fhv_ingestion.py
[2026-05-16T02:43:15.430+0000] {logging_mixin.py:188} INFO - [2026-05-16T02:43:15.430+0000] {dag.py:3096} INFO - Sync 1 DAGs
[2026-05-16T02:43:15.444+0000] {logging_mixin.py:188} INFO - [2026-05-16T02:43:15.443+0000] {dag.py:3954} INFO - Setting next_dagrun for newyork_fhv_ingestion to None, run_after=None
[2026-05-16T02:43:15.469+0000] {processor.py:183} INFO - Processing /opt/airflow/dags/newyork_fhv_ingestion.py took 0.104 seconds
[2026-05-16T02:43:46.306+0000] {processor.py:161} INFO - Started process (PID=107) to work on /opt/airflow/dags/newyork_fhv_ingestion.py
[2026-05-16T02:43:46.308+0000] {processor.py:830} INFO - Processing file /opt/airflow/dags/newyork_fhv_ingestion.py for tasks to queue
[2026-05-16T02:43:46.312+0000] {logging_mixin.py:188} INFO - [2026-05-16T02:43:46.311+0000] {dagbag.py:545} INFO - Filling up the DagBag from /opt/airflow/dags/newyork_fhv_ingestion.py
[2026-05-16T02:43:46.343+0000] {processor.py:840} INFO - DAG(s) 'newyork_fhv_ingestion' retrieved from /opt/airflow/dags/newyork_fhv_ingestion.py
[2026-05-16T02:43:46.376+0000] {logging_mixin.py:188} INFO - [2026-05-16T02:43:46.376+0000] {dag.py:3096} INFO - Sync 1 DAGs
[2026-05-16T02:43:46.395+0000] {logging_mixin.py:188} INFO - [2026-05-16T02:43:46.394+0000] {dag.py:3954} INFO - Setting next_dagrun for newyork_fhv_ingestion to None, run_after=None
[2026-05-16T02:43:46.419+0000] {processor.py:183} INFO - Processing /opt/airflow/dags/newyork_fhv_ingestion.py took 0.124 seconds
[2026-05-16T02:44:17.299+0000] {processor.py:161} INFO - Started process (PID=118) to work on /opt/airflow/dags/newyork_fhv_ingestion.py
[2026-05-16T02:44:17.301+0000] {processor.py:830} INFO - Processing file /opt/airflow/dags/newyork_fhv_ingestion.py for tasks to queue
[2026-05-16T02:44:17.304+0000] {logging_mixin.py:188} INFO - [2026-05-16T02:44:17.304+0000] {dagbag.py:545} INFO - Filling up the DagBag from /opt/airflow/dags/newyork_fhv_ingestion.py
[2026-05-16T02:44:17.339+0000] {processor.py:840} INFO - DAG(s) 'newyork_fhv_ingestion' retrieved from /opt/airflow/dags/newyork_fhv_ingestion.py
[2026-05-16T02:44:17.370+0000] {logging_mixin.py:188} INFO - [2026-05-16T02:44:17.370+0000] {dag.py:3096} INFO - Sync 1 DAGs
[2026-05-16T02:44:17.383+0000] {logging_mixin.py:188} INFO - [2026-05-16T02:44:17.383+0000] {dag.py:3954} INFO - Setting next_dagrun for newyork_fhv_ingestion to None, run_after=None
[2026-05-16T02:44:17.411+0000] {processor.py:183} INFO - Processing /opt/airflow/dags/newyork_fhv_ingestion.py took 0.119 seconds
[2026-05-16T02:44:48.153+0000] {processor.py:161} INFO - Started process (PID=129) to work on /opt/airflow/dags/newyork_fhv_ingestion.py
[2026-05-16T02:44:48.155+0000] {processor.py:830} INFO - Processing file /opt/airflow/dags/newyork_fhv_ingestion.py for tasks to queue
[2026-05-16T02:44:48.159+0000] {logging_mixin.py:188} INFO - [2026-05-16T02:44:48.158+0000] {dagbag.py:545} INFO - Filling up the DagBag from /opt/airflow/dags/newyork_fhv_ingestion.py
[2026-05-16T02:44:48.205+0000] {processor.py:840} INFO - DAG(s) 'newyork_fhv_ingestion' retrieved from /opt/airflow/dags/newyork_fhv_ingestion.py
[2026-05-16T02:44:48.243+0000] {logging_mixin.py:188} INFO - [2026-05-16T02:44:48.242+0000] {dag.py:3096} INFO - Sync 1 DAGs
[2026-05-16T02:44:48.262+0000] {logging_mixin.py:188} INFO - [2026-05-16T02:44:48.261+0000] {dag.py:3954} INFO - Setting next_dagrun for newyork_fhv_ingestion to None, run_after=None
[2026-05-16T02:44:48.299+0000] {processor.py:183} INFO - Processing /opt/airflow/dags/newyork_fhv_ingestion.py took 0.155 seconds
[2026-05-16T02:45:19.081+0000] {processor.py:161} INFO - Started process (PID=146) to work on /opt/airflow/dags/newyork_fhv_ingestion.py
[2026-05-16T02:45:19.084+0000] {processor.py:830} INFO - Processing file /opt/airflow/dags/newyork_fhv_ingestion.py for tasks to queue
[2026-05-16T02:45:19.087+0000] {logging_mixin.py:188} INFO - [2026-05-16T02:45:19.087+0000] {dagbag.py:545} INFO - Filling up the DagBag from /opt/airflow/dags/newyork_fhv_ingestion.py
[2026-05-16T02:45:19.124+0000] {processor.py:840} INFO - DAG(s) 'newyork_fhv_ingestion' retrieved from /opt/airflow/dags/newyork_fhv_ingestion.py
[2026-05-16T02:45:19.156+0000] {logging_mixin.py:188} INFO - [2026-05-16T02:45:19.156+0000] {dag.py:3096} INFO - Sync 1 DAGs
[2026-05-16T02:45:19.177+0000] {logging_mixin.py:188} INFO - [2026-05-16T02:45:19.177+0000] {dag.py:3954} INFO - Setting next_dagrun for newyork_fhv_ingestion to None, run_after=None
[2026-05-16T02:45:19.212+0000] {processor.py:183} INFO - Processing /opt/airflow/dags/newyork_fhv_ingestion.py took 0.140 seconds
[2026-05-16T02:45:50.068+0000] {processor.py:161} INFO - Started process (PID=157) to work on /opt/airflow/dags/newyork_fhv_ingestion.py
[2026-05-16T02:45:50.070+0000] {processor.py:830} INFO - Processing file /opt/airflow/dags/newyork_fhv_ingestion.py for tasks to queue
[2026-05-16T02:45:50.073+0000] {logging_mixin.py:188} INFO - [2026-05-16T02:45:50.072+0000] {dagbag.py:545} INFO - Filling up the DagBag from /opt/airflow/dags/newyork_fhv_ingestion.py
[2026-05-16T02:45:50.111+0000] {processor.py:840} INFO - DAG(s) 'newyork_fhv_ingestion' retrieved from /opt/airflow/dags/newyork_fhv_ingestion.py
[2026-05-16T02:45:50.137+0000] {logging_mixin.py:188} INFO - [2026-05-16T02:45:50.137+0000] {dag.py:3096} INFO - Sync 1 DAGs
[2026-05-16T02:45:50.150+0000] {logging_mixin.py:188} INFO - [2026-05-16T02:45:50.149+0000] {dag.py:3954} INFO - Setting next_dagrun for newyork_fhv_ingestion to None, run_after=None
[2026-05-16T02:45:50.181+0000] {processor.py:183} INFO - Processing /opt/airflow/dags/newyork_fhv_ingestion.py took 0.123 seconds
[2026-05-16T02:46:20.984+0000] {processor.py:161} INFO - Started process (PID=169) to work on /opt/airflow/dags/newyork_fhv_ingestion.py
[2026-05-16T02:46:20.985+0000] {processor.py:830} INFO - Processing file /opt/airflow/dags/newyork_fhv_ingestion.py for tasks to queue
[2026-05-16T02:46:20.988+0000] {logging_mixin.py:188} INFO - [2026-05-16T02:46:20.988+0000] {dagbag.py:545} INFO - Filling up the DagBag from /opt/airflow/dags/newyork_fhv_ingestion.py
[2026-05-16T02:46:21.036+0000] {processor.py:840} INFO - DAG(s) 'newyork_fhv_ingestion' retrieved from /opt/airflow/dags/newyork_fhv_ingestion.py
[2026-05-16T02:46:21.063+0000] {logging_mixin.py:188} INFO - [2026-05-16T02:46:21.063+0000] {dag.py:3096} INFO - Sync 1 DAGs
[2026-05-16T02:46:21.075+0000] {logging_mixin.py:188} INFO - [2026-05-16T02:46:21.075+0000] {dag.py:3954} INFO - Setting next_dagrun for newyork_fhv_ingestion to None, run_after=None
[2026-05-16T02:46:21.096+0000] {processor.py:183} INFO - Processing /opt/airflow/dags/newyork_fhv_ingestion.py took 0.122 seconds
[2026-05-16T02:46:51.975+0000] {processor.py:161} INFO - Started process (PID=180) to work on /opt/airflow/dags/newyork_fhv_ingestion.py
[2026-05-16T02:46:51.977+0000] {processor.py:830} INFO - Processing file /opt/airflow/dags/newyork_fhv_ingestion.py for tasks to queue
[2026-05-16T02:46:51.981+0000] {logging_mixin.py:188} INFO - [2026-05-16T02:46:51.980+0000] {dagbag.py:545} INFO - Filling up the DagBag from /opt/airflow/dags/newyork_fhv_ingestion.py
[2026-05-16T02:46:52.024+0000] {processor.py:840} INFO - DAG(s) 'newyork_fhv_ingestion' retrieved from /opt/airflow/dags/newyork_fhv_ingestion.py
[2026-05-16T02:46:52.047+0000] {logging_mixin.py:188} INFO - [2026-05-16T02:46:52.047+0000] {dag.py:3096} INFO - Sync 1 DAGs
[2026-05-16T02:46:52.065+0000] {logging_mixin.py:188} INFO - [2026-05-16T02:46:52.064+0000] {dag.py:3954} INFO - Setting next_dagrun for newyork_fhv_ingestion to None, run_after=None
[2026-05-16T02:46:52.106+0000] {processor.py:183} INFO - Processing /opt/airflow/dags/newyork_fhv_ingestion.py took 0.140 seconds
[2026-05-16T02:47:23.081+0000] {processor.py:161} INFO - Started process (PID=191) to work on /opt/airflow/dags/newyork_fhv_ingestion.py
[2026-05-16T02:47:23.084+0000] {processor.py:830} INFO - Processing file /opt/airflow/dags/newyork_fhv_ingestion.py for tasks to queue
[2026-05-16T02:47:23.091+0000] {logging_mixin.py:188} INFO - [2026-05-16T02:47:23.090+0000] {dagbag.py:545} INFO - Filling up the DagBag from /opt/airflow/dags/newyork_fhv_ingestion.py
[2026-05-16T02:47:23.139+0000] {processor.py:840} INFO - DAG(s) 'newyork_fhv_ingestion' retrieved from /opt/airflow/dags/newyork_fhv_ingestion.py
[2026-05-16T02:47:23.178+0000] {logging_mixin.py:188} INFO - [2026-05-16T02:47:23.177+0000] {dag.py:3096} INFO - Sync 1 DAGs
[2026-05-16T02:47:23.195+0000] {logging_mixin.py:188} INFO - [2026-05-16T02:47:23.194+0000] {dag.py:3954} INFO - Setting next_dagrun for newyork_fhv_ingestion to None, run_after=None
[2026-05-16T02:47:23.223+0000] {processor.py:183} INFO - Processing /opt/airflow/dags/newyork_fhv_ingestion.py took 0.158 seconds
[2026-05-16T02:47:53.502+0000] {processor.py:161} INFO - Started process (PID=202) to work on /opt/airflow/dags/newyork_fhv_ingestion.py
[2026-05-16T02:47:53.506+0000] {processor.py:830} INFO - Processing file /opt/airflow/dags/newyork_fhv_ingestion.py for tasks to queue
[2026-05-16T02:47:53.512+0000] {logging_mixin.py:188} INFO - [2026-05-16T02:47:53.511+0000] {dagbag.py:545} INFO - Filling up the DagBag from /opt/airflow/dags/newyork_fhv_ingestion.py
[2026-05-16T02:47:53.563+0000] {processor.py:840} INFO - DAG(s) 'newyork_fhv_ingestion' retrieved from /opt/airflow/dags/newyork_fhv_ingestion.py
[2026-05-16T02:47:53.601+0000] {logging_mixin.py:188} INFO - [2026-05-16T02:47:53.601+0000] {dag.py:3096} INFO - Sync 1 DAGs
[2026-05-16T02:47:53.619+0000] {logging_mixin.py:188} INFO - [2026-05-16T02:47:53.619+0000] {dag.py:3954} INFO - Setting next_dagrun for newyork_fhv_ingestion to None, run_after=None
[2026-05-16T02:47:53.663+0000] {processor.py:183} INFO - Processing /opt/airflow/dags/newyork_fhv_ingestion.py took 0.173 seconds
[2026-05-16T02:48:23.924+0000] {processor.py:161} INFO - Started process (PID=213) to work on /opt/airflow/dags/newyork_fhv_ingestion.py
[2026-05-16T02:48:23.926+0000] {processor.py:830} INFO - Processing file /opt/airflow/dags/newyork_fhv_ingestion.py for tasks to queue
[2026-05-16T02:48:23.929+0000] {logging_mixin.py:188} INFO - [2026-05-16T02:48:23.928+0000] {dagbag.py:545} INFO - Filling up the DagBag from /opt/airflow/dags/newyork_fhv_ingestion.py
[2026-05-16T02:48:23.971+0000] {processor.py:840} INFO - DAG(s) 'newyork_fhv_ingestion' retrieved from /opt/airflow/dags/newyork_fhv_ingestion.py
[2026-05-16T02:48:23.999+0000] {logging_mixin.py:188} INFO - [2026-05-16T02:48:23.998+0000] {dag.py:3096} INFO - Sync 1 DAGs
[2026-05-16T02:48:24.016+0000] {logging_mixin.py:188} INFO - [2026-05-16T02:48:24.016+0000] {dag.py:3954} INFO - Setting next_dagrun for newyork_fhv_ingestion to None, run_after=None
[2026-05-16T02:48:24.045+0000] {processor.py:183} INFO - Processing /opt/airflow/dags/newyork_fhv_ingestion.py took 0.129 seconds
[2026-05-16T02:48:54.857+0000] {processor.py:161} INFO - Started process (PID=224) to work on /opt/airflow/dags/newyork_fhv_ingestion.py
[2026-05-16T02:48:54.859+0000] {processor.py:830} INFO - Processing file /opt/airflow/dags/newyork_fhv_ingestion.py for tasks to queue
[2026-05-16T02:48:54.862+0000] {logging_mixin.py:188} INFO - [2026-05-16T02:48:54.862+0000] {dagbag.py:545} INFO - Filling up the DagBag from /opt/airflow/dags/newyork_fhv_ingestion.py
[2026-05-16T02:48:54.895+0000] {processor.py:840} INFO - DAG(s) 'newyork_fhv_ingestion' retrieved from /opt/airflow/dags/newyork_fhv_ingestion.py
[2026-05-16T02:48:54.920+0000] {logging_mixin.py:188} INFO - [2026-05-16T02:48:54.920+0000] {dag.py:3096} INFO - Sync 1 DAGs
[2026-05-16T02:48:54.934+0000] {logging_mixin.py:188} INFO - [2026-05-16T02:48:54.934+0000] {dag.py:3954} INFO - Setting next_dagrun for newyork_fhv_ingestion to None, run_after=None
[2026-05-16T02:48:54.960+0000] {processor.py:183} INFO - Processing /opt/airflow/dags/newyork_fhv_ingestion.py took 0.109 seconds
[2026-05-16T02:49:26.011+0000] {processor.py:161} INFO - Started process (PID=235) to work on /opt/airflow/dags/newyork_fhv_ingestion.py
[2026-05-16T02:49:26.015+0000] {processor.py:830} INFO - Processing file /opt/airflow/dags/newyork_fhv_ingestion.py for tasks to queue
[2026-05-16T02:49:26.022+0000] {logging_mixin.py:188} INFO - [2026-05-16T02:49:26.021+0000] {dagbag.py:545} INFO - Filling up the DagBag from /opt/airflow/dags/newyork_fhv_ingestion.py
[2026-05-16T02:49:26.079+0000] {processor.py:840} INFO - DAG(s) 'newyork_fhv_ingestion' retrieved from /opt/airflow/dags/newyork_fhv_ingestion.py
[2026-05-16T02:49:26.111+0000] {logging_mixin.py:188} INFO - [2026-05-16T02:49:26.110+0000] {dag.py:3096} INFO - Sync 1 DAGs
[2026-05-16T02:49:26.132+0000] {logging_mixin.py:188} INFO - [2026-05-16T02:49:26.132+0000] {dag.py:3954} INFO - Setting next_dagrun for newyork_fhv_ingestion to None, run_after=None
[2026-05-16T02:49:26.172+0000] {processor.py:183} INFO - Processing /opt/airflow/dags/newyork_fhv_ingestion.py took 0.177 seconds
[2026-05-16T02:49:56.706+0000] {processor.py:161} INFO - Started process (PID=246) to work on /opt/airflow/dags/newyork_fhv_ingestion.py
[2026-05-16T02:49:56.709+0000] {processor.py:830} INFO - Processing file /opt/airflow/dags/newyork_fhv_ingestion.py for tasks to queue
[2026-05-16T02:49:56.712+0000] {logging_mixin.py:188} INFO - [2026-05-16T02:49:56.711+0000] {dagbag.py:545} INFO - Filling up the DagBag from /opt/airflow/dags/newyork_fhv_ingestion.py
[2026-05-16T02:49:56.750+0000] {processor.py:840} INFO - DAG(s) 'newyork_fhv_ingestion' retrieved from /opt/airflow/dags/newyork_fhv_ingestion.py
[2026-05-16T02:49:56.781+0000] {logging_mixin.py:188} INFO - [2026-05-16T02:49:56.781+0000] {dag.py:3096} INFO - Sync 1 DAGs
[2026-05-16T02:49:56.805+0000] {logging_mixin.py:188} INFO - [2026-05-16T02:49:56.804+0000] {dag.py:3954} INFO - Setting next_dagrun for newyork_fhv_ingestion to None, run_after=None
[2026-05-16T02:49:56.838+0000] {processor.py:183} INFO - Processing /opt/airflow/dags/newyork_fhv_ingestion.py took 0.143 seconds
[2026-05-16T02:50:27.633+0000] {processor.py:161} INFO - Started process (PID=257) to work on /opt/airflow/dags/newyork_fhv_ingestion.py
[2026-05-16T02:50:27.634+0000] {processor.py:830} INFO - Processing file /opt/airflow/dags/newyork_fhv_ingestion.py for tasks to queue
[2026-05-16T02:50:27.638+0000] {logging_mixin.py:188} INFO - [2026-05-16T02:50:27.637+0000] {dagbag.py:545} INFO - Filling up the DagBag from /opt/airflow/dags/newyork_fhv_ingestion.py
[2026-05-16T02:50:27.667+0000] {processor.py:840} INFO - DAG(s) 'newyork_fhv_ingestion' retrieved from /opt/airflow/dags/newyork_fhv_ingestion.py
[2026-05-16T02:50:27.695+0000] {logging_mixin.py:188} INFO - [2026-05-16T02:50:27.695+0000] {dag.py:3096} INFO - Sync 1 DAGs
[2026-05-16T02:50:27.714+0000] {logging_mixin.py:188} INFO - [2026-05-16T02:50:27.714+0000] {dag.py:3954} INFO - Setting next_dagrun for newyork_fhv_ingestion to None, run_after=None
[2026-05-16T02:50:27.744+0000] {processor.py:183} INFO - Processing /opt/airflow/dags/newyork_fhv_ingestion.py took 0.119 seconds
[2026-05-16T02:50:57.907+0000] {processor.py:161} INFO - Started process (PID=268) to work on /opt/airflow/dags/newyork_fhv_ingestion.py
[2026-05-16T02:50:57.908+0000] {processor.py:830} INFO - Processing file /opt/airflow/dags/newyork_fhv_ingestion.py for tasks to queue
[2026-05-16T02:50:57.911+0000] {logging_mixin.py:188} INFO - [2026-05-16T02:50:57.911+0000] {dagbag.py:545} INFO - Filling up the DagBag from /opt/airflow/dags/newyork_fhv_ingestion.py
[2026-05-16T02:50:57.939+0000] {processor.py:840} INFO - DAG(s) 'newyork_fhv_ingestion' retrieved from /opt/airflow/dags/newyork_fhv_ingestion.py
[2026-05-16T02:50:57.964+0000] {logging_mixin.py:188} INFO - [2026-05-16T02:50:57.964+0000] {dag.py:3096} INFO - Sync 1 DAGs
[2026-05-16T02:50:57.980+0000] {logging_mixin.py:188} INFO - [2026-05-16T02:50:57.980+0000] {dag.py:3954} INFO - Setting next_dagrun for newyork_fhv_ingestion to None, run_after=None
[2026-05-16T02:50:58.013+0000] {processor.py:183} INFO - Processing /opt/airflow/dags/newyork_fhv_ingestion.py took 0.114 seconds
[2026-05-16T02:51:28.123+0000] {processor.py:161} INFO - Started process (PID=284) to work on /opt/airflow/dags/newyork_fhv_ingestion.py
[2026-05-16T02:51:28.125+0000] {processor.py:830} INFO - Processing file /opt/airflow/dags/newyork_fhv_ingestion.py for tasks to queue
[2026-05-16T02:51:28.130+0000] {logging_mixin.py:188} INFO - [2026-05-16T02:51:28.129+0000] {dagbag.py:545} INFO - Filling up the DagBag from /opt/airflow/dags/newyork_fhv_ingestion.py
[2026-05-16T02:51:28.164+0000] {processor.py:840} INFO - DAG(s) 'newyork_fhv_ingestion' retrieved from /opt/airflow/dags/newyork_fhv_ingestion.py
[2026-05-16T02:51:28.189+0000] {logging_mixin.py:188} INFO - [2026-05-16T02:51:28.189+0000] {dag.py:3096} INFO - Sync 1 DAGs
[2026-05-16T02:51:28.209+0000] {logging_mixin.py:188} INFO - [2026-05-16T02:51:28.209+0000] {dag.py:3954} INFO - Setting next_dagrun for newyork_fhv_ingestion to None, run_after=None
[2026-05-16T02:51:28.242+0000] {processor.py:183} INFO - Processing /opt/airflow/dags/newyork_fhv_ingestion.py took 0.128 seconds
[2026-05-16T02:51:59.181+0000] {processor.py:161} INFO - Started process (PID=295) to work on /opt/airflow/dags/newyork_fhv_ingestion.py
[2026-05-16T02:51:59.183+0000] {processor.py:830} INFO - Processing file /opt/airflow/dags/newyork_fhv_ingestion.py for tasks to queue
[2026-05-16T02:51:59.187+0000] {logging_mixin.py:188} INFO - [2026-05-16T02:51:59.186+0000] {dagbag.py:545} INFO - Filling up the DagBag from /opt/airflow/dags/newyork_fhv_ingestion.py
[2026-05-16T02:51:59.228+0000] {processor.py:840} INFO - DAG(s) 'newyork_fhv_ingestion' retrieved from /opt/airflow/dags/newyork_fhv_ingestion.py
[2026-05-16T02:51:59.260+0000] {logging_mixin.py:188} INFO - [2026-05-16T02:51:59.259+0000] {dag.py:3096} INFO - Sync 1 DAGs
[2026-05-16T02:51:59.274+0000] {logging_mixin.py:188} INFO - [2026-05-16T02:51:59.274+0000] {dag.py:3954} INFO - Setting next_dagrun for newyork_fhv_ingestion to None, run_after=None
[2026-05-16T02:51:59.297+0000] {processor.py:183} INFO - Processing /opt/airflow/dags/newyork_fhv_ingestion.py took 0.131 seconds
[2026-05-16T02:52:29.476+0000] {processor.py:161} INFO - Started process (PID=306) to work on /opt/airflow/dags/newyork_fhv_ingestion.py
[2026-05-16T02:52:29.479+0000] {processor.py:830} INFO - Processing file /opt/airflow/dags/newyork_fhv_ingestion.py for tasks to queue
[2026-05-16T02:52:29.484+0000] {logging_mixin.py:188} INFO - [2026-05-16T02:52:29.483+0000] {dagbag.py:545} INFO - Filling up the DagBag from /opt/airflow/dags/newyork_fhv_ingestion.py
[2026-05-16T02:52:29.533+0000] {processor.py:840} INFO - DAG(s) 'newyork_fhv_ingestion' retrieved from /opt/airflow/dags/newyork_fhv_ingestion.py
[2026-05-16T02:52:29.578+0000] {logging_mixin.py:188} INFO - [2026-05-16T02:52:29.578+0000] {dag.py:3096} INFO - Sync 1 DAGs
[2026-05-16T02:52:29.605+0000] {logging_mixin.py:188} INFO - [2026-05-16T02:52:29.604+0000] {dag.py:3954} INFO - Setting next_dagrun for newyork_fhv_ingestion to None, run_after=None
[2026-05-16T02:52:29.644+0000] {processor.py:183} INFO - Processing /opt/airflow/dags/newyork_fhv_ingestion.py took 0.179 seconds
[2026-05-16T02:53:00.037+0000] {processor.py:161} INFO - Started process (PID=317) to work on /opt/airflow/dags/newyork_fhv_ingestion.py
[2026-05-16T02:53:00.040+0000] {processor.py:830} INFO - Processing file /opt/airflow/dags/newyork_fhv_ingestion.py for tasks to queue
[2026-05-16T02:53:00.045+0000] {logging_mixin.py:188} INFO - [2026-05-16T02:53:00.045+0000] {dagbag.py:545} INFO - Filling up the DagBag from /opt/airflow/dags/newyork_fhv_ingestion.py
[2026-05-16T02:53:00.084+0000] {processor.py:840} INFO - DAG(s) 'newyork_fhv_ingestion' retrieved from /opt/airflow/dags/newyork_fhv_ingestion.py
[2026-05-16T02:53:00.119+0000] {logging_mixin.py:188} INFO - [2026-05-16T02:53:00.119+0000] {dag.py:3096} INFO - Sync 1 DAGs
[2026-05-16T02:53:00.149+0000] {logging_mixin.py:188} INFO - [2026-05-16T02:53:00.149+0000] {dag.py:3954} INFO - Setting next_dagrun for newyork_fhv_ingestion to None, run_after=None
[2026-05-16T02:53:00.188+0000] {processor.py:183} INFO - Processing /opt/airflow/dags/newyork_fhv_ingestion.py took 0.164 seconds
[2026-05-16T02:53:30.342+0000] {processor.py:161} INFO - Started process (PID=328) to work on /opt/airflow/dags/newyork_fhv_ingestion.py
[2026-05-16T02:53:30.344+0000] {processor.py:830} INFO - Processing file /opt/airflow/dags/newyork_fhv_ingestion.py for tasks to queue
[2026-05-16T02:53:30.347+0000] {logging_mixin.py:188} INFO - [2026-05-16T02:53:30.347+0000] {dagbag.py:545} INFO - Filling up the DagBag from /opt/airflow/dags/newyork_fhv_ingestion.py
[2026-05-16T02:53:30.381+0000] {processor.py:840} INFO - DAG(s) 'newyork_fhv_ingestion' retrieved from /opt/airflow/dags/newyork_fhv_ingestion.py
[2026-05-16T02:53:30.411+0000] {logging_mixin.py:188} INFO - [2026-05-16T02:53:30.410+0000] {dag.py:3096} INFO - Sync 1 DAGs
[2026-05-16T02:53:30.427+0000] {logging_mixin.py:188} INFO - [2026-05-16T02:53:30.427+0000] {dag.py:3954} INFO - Setting next_dagrun for newyork_fhv_ingestion to None, run_after=None
[2026-05-16T02:53:30.452+0000] {processor.py:183} INFO - Processing /opt/airflow/dags/newyork_fhv_ingestion.py took 0.119 seconds
[2026-05-16T02:54:00.780+0000] {processor.py:161} INFO - Started process (PID=339) to work on /opt/airflow/dags/newyork_fhv_ingestion.py
[2026-05-16T02:54:00.783+0000] {processor.py:830} INFO - Processing file /opt/airflow/dags/newyork_fhv_ingestion.py for tasks to queue
[2026-05-16T02:54:00.787+0000] {logging_mixin.py:188} INFO - [2026-05-16T02:54:00.787+0000] {dagbag.py:545} INFO - Filling up the DagBag from /opt/airflow/dags/newyork_fhv_ingestion.py
[2026-05-16T02:54:00.838+0000] {processor.py:840} INFO - DAG(s) 'newyork_fhv_ingestion' retrieved from /opt/airflow/dags/newyork_fhv_ingestion.py
[2026-05-16T02:54:00.884+0000] {logging_mixin.py:188} INFO - [2026-05-16T02:54:00.883+0000] {dag.py:3096} INFO - Sync 1 DAGs
[2026-05-16T02:54:00.907+0000] {logging_mixin.py:188} INFO - [2026-05-16T02:54:00.907+0000] {dag.py:3954} INFO - Setting next_dagrun for newyork_fhv_ingestion to None, run_after=None
[2026-05-16T02:54:00.953+0000] {processor.py:183} INFO - Processing /opt/airflow/dags/newyork_fhv_ingestion.py took 0.183 seconds
[2026-05-16T02:54:31.537+0000] {processor.py:161} INFO - Started process (PID=350) to work on /opt/airflow/dags/newyork_fhv_ingestion.py
[2026-05-16T02:54:31.540+0000] {processor.py:830} INFO - Processing file /opt/airflow/dags/newyork_fhv_ingestion.py for tasks to queue
[2026-05-16T02:54:31.545+0000] {logging_mixin.py:188} INFO - [2026-05-16T02:54:31.544+0000] {dagbag.py:545} INFO - Filling up the DagBag from /opt/airflow/dags/newyork_fhv_ingestion.py
[2026-05-16T02:54:31.586+0000] {processor.py:840} INFO - DAG(s) 'newyork_fhv_ingestion' retrieved from /opt/airflow/dags/newyork_fhv_ingestion.py
[2026-05-16T02:54:31.617+0000] {logging_mixin.py:188} INFO - [2026-05-16T02:54:31.616+0000] {dag.py:3096} INFO - Sync 1 DAGs
[2026-05-16T02:54:31.633+0000] {logging_mixin.py:188} INFO - [2026-05-16T02:54:31.633+0000] {dag.py:3954} INFO - Setting next_dagrun for newyork_fhv_ingestion to None, run_after=None
[2026-05-16T02:54:31.656+0000] {processor.py:183} INFO - Processing /opt/airflow/dags/newyork_fhv_ingestion.py took 0.129 seconds
[2026-05-16T02:55:02.388+0000] {processor.py:161} INFO - Started process (PID=361) to work on /opt/airflow/dags/newyork_fhv_ingestion.py
[2026-05-16T02:55:02.390+0000] {processor.py:830} INFO - Processing file /opt/airflow/dags/newyork_fhv_ingestion.py for tasks to queue
[2026-05-16T02:55:02.392+0000] {logging_mixin.py:188} INFO - [2026-05-16T02:55:02.392+0000] {dagbag.py:545} INFO - Filling up the DagBag from /opt/airflow/dags/newyork_fhv_ingestion.py
[2026-05-16T02:55:02.424+0000] {processor.py:840} INFO - DAG(s) 'newyork_fhv_ingestion' retrieved from /opt/airflow/dags/newyork_fhv_ingestion.py
[2026-05-16T02:55:02.449+0000] {logging_mixin.py:188} INFO - [2026-05-16T02:55:02.448+0000] {dag.py:3096} INFO - Sync 1 DAGs
[2026-05-16T02:55:02.464+0000] {logging_mixin.py:188} INFO - [2026-05-16T02:55:02.464+0000] {dag.py:3954} INFO - Setting next_dagrun for newyork_fhv_ingestion to None, run_after=None
[2026-05-16T02:55:02.491+0000] {processor.py:183} INFO - Processing /opt/airflow/dags/newyork_fhv_ingestion.py took 0.110 seconds
[2026-05-16T02:55:33.222+0000] {processor.py:161} INFO - Started process (PID=372) to work on /opt/airflow/dags/newyork_fhv_ingestion.py
[2026-05-16T02:55:33.224+0000] {processor.py:830} INFO - Processing file /opt/airflow/dags/newyork_fhv_ingestion.py for tasks to queue
[2026-05-16T02:55:33.227+0000] {logging_mixin.py:188} INFO - [2026-05-16T02:55:33.227+0000] {dagbag.py:545} INFO - Filling up the DagBag from /opt/airflow/dags/newyork_fhv_ingestion.py
[2026-05-16T02:55:33.258+0000] {processor.py:840} INFO - DAG(s) 'newyork_fhv_ingestion' retrieved from /opt/airflow/dags/newyork_fhv_ingestion.py
[2026-05-16T02:55:33.278+0000] {logging_mixin.py:188} INFO - [2026-05-16T02:55:33.278+0000] {dag.py:3096} INFO - Sync 1 DAGs
[2026-05-16T02:55:33.290+0000] {logging_mixin.py:188} INFO - [2026-05-16T02:55:33.290+0000] {dag.py:3954} INFO - Setting next_dagrun for newyork_fhv_ingestion to None, run_after=None
[2026-05-16T02:55:33.312+0000] {processor.py:183} INFO - Processing /opt/airflow/dags/newyork_fhv_ingestion.py took 0.098 seconds
[2026-05-16T02:56:04.127+0000] {processor.py:161} INFO - Started process (PID=383) to work on /opt/airflow/dags/newyork_fhv_ingestion.py
[2026-05-16T02:56:04.129+0000] {processor.py:830} INFO - Processing file /opt/airflow/dags/newyork_fhv_ingestion.py for tasks to queue
[2026-05-16T02:56:04.133+0000] {logging_mixin.py:188} INFO - [2026-05-16T02:56:04.132+0000] {dagbag.py:545} INFO - Filling up the DagBag from /opt/airflow/dags/newyork_fhv_ingestion.py
[2026-05-16T02:56:04.183+0000] {processor.py:840} INFO - DAG(s) 'newyork_fhv_ingestion' retrieved from /opt/airflow/dags/newyork_fhv_ingestion.py
[2026-05-16T02:56:04.209+0000] {logging_mixin.py:188} INFO - [2026-05-16T02:56:04.208+0000] {dag.py:3096} INFO - Sync 1 DAGs
[2026-05-16T02:56:04.225+0000] {logging_mixin.py:188} INFO - [2026-05-16T02:56:04.225+0000] {dag.py:3954} INFO - Setting next_dagrun for newyork_fhv_ingestion to None, run_after=None
[2026-05-16T02:56:04.256+0000] {processor.py:183} INFO - Processing /opt/airflow/dags/newyork_fhv_ingestion.py took 0.140 seconds
[2026-05-16T02:56:35.129+0000] {processor.py:161} INFO - Started process (PID=394) to work on /opt/airflow/dags/newyork_fhv_ingestion.py
[2026-05-16T02:56:35.131+0000] {processor.py:830} INFO - Processing file /opt/airflow/dags/newyork_fhv_ingestion.py for tasks to queue
[2026-05-16T02:56:35.136+0000] {logging_mixin.py:188} INFO - [2026-05-16T02:56:35.135+0000] {dagbag.py:545} INFO - Filling up the DagBag from /opt/airflow/dags/newyork_fhv_ingestion.py
[2026-05-16T02:56:35.183+0000] {processor.py:840} INFO - DAG(s) 'newyork_fhv_ingestion' retrieved from /opt/airflow/dags/newyork_fhv_ingestion.py
[2026-05-16T02:56:35.219+0000] {logging_mixin.py:188} INFO - [2026-05-16T02:56:35.219+0000] {dag.py:3096} INFO - Sync 1 DAGs
[2026-05-16T02:56:35.235+0000] {logging_mixin.py:188} INFO - [2026-05-16T02:56:35.235+0000] {dag.py:3954} INFO - Setting next_dagrun for newyork_fhv_ingestion to None, run_after=None
[2026-05-16T02:56:35.270+0000] {processor.py:183} INFO - Processing /opt/airflow/dags/newyork_fhv_ingestion.py took 0.152 seconds
[2026-05-16T02:57:05.894+0000] {processor.py:161} INFO - Started process (PID=405) to work on /opt/airflow/dags/newyork_fhv_ingestion.py
[2026-05-16T02:57:05.896+0000] {processor.py:830} INFO - Processing file /opt/airflow/dags/newyork_fhv_ingestion.py for tasks to queue
[2026-05-16T02:57:05.901+0000] {logging_mixin.py:188} INFO - [2026-05-16T02:57:05.900+0000] {dagbag.py:545} INFO - Filling up the DagBag from /opt/airflow/dags/newyork_fhv_ingestion.py
[2026-05-16T02:57:05.947+0000] {processor.py:840} INFO - DAG(s) 'newyork_fhv_ingestion' retrieved from /opt/airflow/dags/newyork_fhv_ingestion.py
[2026-05-16T02:57:05.988+0000] {logging_mixin.py:188} INFO - [2026-05-16T02:57:05.987+0000] {dag.py:3096} INFO - Sync 1 DAGs
[2026-05-16T02:57:06.011+0000] {logging_mixin.py:188} INFO - [2026-05-16T02:57:06.011+0000] {dag.py:3954} INFO - Setting next_dagrun for newyork_fhv_ingestion to None, run_after=None
[2026-05-16T02:57:06.052+0000] {processor.py:183} INFO - Processing /opt/airflow/dags/newyork_fhv_ingestion.py took 0.168 seconds
[2026-05-16T02:57:36.767+0000] {processor.py:161} INFO - Started process (PID=416) to work on /opt/airflow/dags/newyork_fhv_ingestion.py
[2026-05-16T02:57:36.769+0000] {processor.py:830} INFO - Processing file /opt/airflow/dags/newyork_fhv_ingestion.py for tasks to queue
[2026-05-16T02:57:36.771+0000] {logging_mixin.py:188} INFO - [2026-05-16T02:57:36.771+0000] {dagbag.py:545} INFO - Filling up the DagBag from /opt/airflow/dags/newyork_fhv_ingestion.py
[2026-05-16T02:57:36.800+0000] {processor.py:840} INFO - DAG(s) 'newyork_fhv_ingestion' retrieved from /opt/airflow/dags/newyork_fhv_ingestion.py
[2026-05-16T02:57:36.821+0000] {logging_mixin.py:188} INFO - [2026-05-16T02:57:36.821+0000] {dag.py:3096} INFO - Sync 1 DAGs
[2026-05-16T02:57:36.834+0000] {logging_mixin.py:188} INFO - [2026-05-16T02:57:36.834+0000] {dag.py:3954} INFO - Setting next_dagrun for newyork_fhv_ingestion to None, run_after=None
[2026-05-16T02:57:36.855+0000] {processor.py:183} INFO - Processing /opt/airflow/dags/newyork_fhv_ingestion.py took 0.094 seconds
[2026-05-16T02:58:07.636+0000] {processor.py:161} INFO - Started process (PID=428) to work on /opt/airflow/dags/newyork_fhv_ingestion.py
[2026-05-16T02:58:07.638+0000] {processor.py:830} INFO - Processing file /opt/airflow/dags/newyork_fhv_ingestion.py for tasks to queue
[2026-05-16T02:58:07.642+0000] {logging_mixin.py:188} INFO - [2026-05-16T02:58:07.641+0000] {dagbag.py:545} INFO - Filling up the DagBag from /opt/airflow/dags/newyork_fhv_ingestion.py
[2026-05-16T02:58:07.696+0000] {processor.py:840} INFO - DAG(s) 'newyork_fhv_ingestion' retrieved from /opt/airflow/dags/newyork_fhv_ingestion.py
[2026-05-16T02:58:07.761+0000] {logging_mixin.py:188} INFO - [2026-05-16T02:58:07.760+0000] {dag.py:3096} INFO - Sync 1 DAGs
[2026-05-16T02:58:07.800+0000] {logging_mixin.py:188} INFO - [2026-05-16T02:58:07.800+0000] {dag.py:3954} INFO - Setting next_dagrun for newyork_fhv_ingestion to None, run_after=None
[2026-05-16T02:58:07.846+0000] {processor.py:183} INFO - Processing /opt/airflow/dags/newyork_fhv_ingestion.py took 0.217 seconds
[2026-05-16T02:58:38.453+0000] {processor.py:161} INFO - Started process (PID=439) to work on /opt/airflow/dags/newyork_fhv_ingestion.py
[2026-05-16T02:58:38.454+0000] {processor.py:830} INFO - Processing file /opt/airflow/dags/newyork_fhv_ingestion.py for tasks to queue
[2026-05-16T02:58:38.457+0000] {logging_mixin.py:188} INFO - [2026-05-16T02:58:38.457+0000] {dagbag.py:545} INFO - Filling up the DagBag from /opt/airflow/dags/newyork_fhv_ingestion.py
[2026-05-16T02:58:38.495+0000] {processor.py:840} INFO - DAG(s) 'newyork_fhv_ingestion' retrieved from /opt/airflow/dags/newyork_fhv_ingestion.py
[2026-05-16T02:58:38.533+0000] {logging_mixin.py:188} INFO - [2026-05-16T02:58:38.532+0000] {dag.py:3096} INFO - Sync 1 DAGs
[2026-05-16T02:58:38.555+0000] {logging_mixin.py:188} INFO - [2026-05-16T02:58:38.555+0000] {dag.py:3954} INFO - Setting next_dagrun for newyork_fhv_ingestion to None, run_after=None
[2026-05-16T02:58:38.579+0000] {processor.py:183} INFO - Processing /opt/airflow/dags/newyork_fhv_ingestion.py took 0.134 seconds
[2026-05-16T02:59:09.109+0000] {processor.py:161} INFO - Started process (PID=450) to work on /opt/airflow/dags/newyork_fhv_ingestion.py
[2026-05-16T02:59:09.111+0000] {processor.py:830} INFO - Processing file /opt/airflow/dags/newyork_fhv_ingestion.py for tasks to queue
[2026-05-16T02:59:09.114+0000] {logging_mixin.py:188} INFO - [2026-05-16T02:59:09.113+0000] {dagbag.py:545} INFO - Filling up the DagBag from /opt/airflow/dags/newyork_fhv_ingestion.py
[2026-05-16T02:59:09.147+0000] {processor.py:840} INFO - DAG(s) 'newyork_fhv_ingestion' retrieved from /opt/airflow/dags/newyork_fhv_ingestion.py
[2026-05-16T02:59:09.169+0000] {logging_mixin.py:188} INFO - [2026-05-16T02:59:09.169+0000] {dag.py:3096} INFO - Sync 1 DAGs
[2026-05-16T02:59:09.182+0000] {logging_mixin.py:188} INFO - [2026-05-16T02:59:09.182+0000] {dag.py:3954} INFO - Setting next_dagrun for newyork_fhv_ingestion to None, run_after=None
[2026-05-16T02:59:09.207+0000] {processor.py:183} INFO - Processing /opt/airflow/dags/newyork_fhv_ingestion.py took 0.105 seconds
[2026-05-16T02:59:39.960+0000] {processor.py:161} INFO - Started process (PID=461) to work on /opt/airflow/dags/newyork_fhv_ingestion.py
[2026-05-16T02:59:39.962+0000] {processor.py:830} INFO - Processing file /opt/airflow/dags/newyork_fhv_ingestion.py for tasks to queue
[2026-05-16T02:59:39.965+0000] {logging_mixin.py:188} INFO - [2026-05-16T02:59:39.964+0000] {dagbag.py:545} INFO - Filling up the DagBag from /opt/airflow/dags/newyork_fhv_ingestion.py
[2026-05-16T02:59:40.010+0000] {processor.py:840} INFO - DAG(s) 'newyork_fhv_ingestion' retrieved from /opt/airflow/dags/newyork_fhv_ingestion.py
[2026-05-16T02:59:40.051+0000] {logging_mixin.py:188} INFO - [2026-05-16T02:59:40.051+0000] {dag.py:3096} INFO - Sync 1 DAGs
[2026-05-16T02:59:40.065+0000] {logging_mixin.py:188} INFO - [2026-05-16T02:59:40.065+0000] {dag.py:3954} INFO - Setting next_dagrun for newyork_fhv_ingestion to None, run_after=None
[2026-05-16T02:59:40.102+0000] {processor.py:183} INFO - Processing /opt/airflow/dags/newyork_fhv_ingestion.py took 0.152 seconds
[2026-05-16T03:00:10.920+0000] {processor.py:161} INFO - Started process (PID=472) to work on /opt/airflow/dags/newyork_fhv_ingestion.py
[2026-05-16T03:00:10.922+0000] {processor.py:830} INFO - Processing file /opt/airflow/dags/newyork_fhv_ingestion.py for tasks to queue
[2026-05-16T03:00:10.924+0000] {logging_mixin.py:188} INFO - [2026-05-16T03:00:10.924+0000] {dagbag.py:545} INFO - Filling up the DagBag from /opt/airflow/dags/newyork_fhv_ingestion.py
[2026-05-16T03:00:10.959+0000] {processor.py:840} INFO - DAG(s) 'newyork_fhv_ingestion' retrieved from /opt/airflow/dags/newyork_fhv_ingestion.py
[2026-05-16T03:00:10.990+0000] {logging_mixin.py:188} INFO - [2026-05-16T03:00:10.990+0000] {dag.py:3096} INFO - Sync 1 DAGs
[2026-05-16T03:00:11.008+0000] {logging_mixin.py:188} INFO - [2026-05-16T03:00:11.008+0000] {dag.py:3954} INFO - Setting next_dagrun for newyork_fhv_ingestion to None, run_after=None
[2026-05-16T03:00:11.036+0000] {processor.py:183} INFO - Processing /opt/airflow/dags/newyork_fhv_ingestion.py took 0.123 seconds
[2026-05-16T03:00:41.892+0000] {processor.py:161} INFO - Started process (PID=483) to work on /opt/airflow/dags/newyork_fhv_ingestion.py
[2026-05-16T03:00:41.894+0000] {processor.py:830} INFO - Processing file /opt/airflow/dags/newyork_fhv_ingestion.py for tasks to queue
[2026-05-16T03:00:41.896+0000] {logging_mixin.py:188} INFO - [2026-05-16T03:00:41.896+0000] {dagbag.py:545} INFO - Filling up the DagBag from /opt/airflow/dags/newyork_fhv_ingestion.py
[2026-05-16T03:00:41.932+0000] {processor.py:840} INFO - DAG(s) 'newyork_fhv_ingestion' retrieved from /opt/airflow/dags/newyork_fhv_ingestion.py
[2026-05-16T03:00:41.962+0000] {logging_mixin.py:188} INFO - [2026-05-16T03:00:41.961+0000] {dag.py:3096} INFO - Sync 1 DAGs
[2026-05-16T03:00:41.976+0000] {logging_mixin.py:188} INFO - [2026-05-16T03:00:41.976+0000] {dag.py:3954} INFO - Setting next_dagrun for newyork_fhv_ingestion to None, run_after=None
[2026-05-16T03:00:41.998+0000] {processor.py:183} INFO - Processing /opt/airflow/dags/newyork_fhv_ingestion.py took 0.116 seconds
[2026-05-16T03:01:12.742+0000] {processor.py:161} INFO - Started process (PID=494) to work on /opt/airflow/dags/newyork_fhv_ingestion.py
[2026-05-16T03:01:12.744+0000] {processor.py:830} INFO - Processing file /opt/airflow/dags/newyork_fhv_ingestion.py for tasks to queue
[2026-05-16T03:01:12.746+0000] {logging_mixin.py:188} INFO - [2026-05-16T03:01:12.746+0000] {dagbag.py:545} INFO - Filling up the DagBag from /opt/airflow/dags/newyork_fhv_ingestion.py
[2026-05-16T03:01:12.781+0000] {processor.py:840} INFO - DAG(s) 'newyork_fhv_ingestion' retrieved from /opt/airflow/dags/newyork_fhv_ingestion.py
[2026-05-16T03:01:12.807+0000] {logging_mixin.py:188} INFO - [2026-05-16T03:01:12.806+0000] {dag.py:3096} INFO - Sync 1 DAGs
[2026-05-16T03:01:12.822+0000] {logging_mixin.py:188} INFO - [2026-05-16T03:01:12.822+0000] {dag.py:3954} INFO - Setting next_dagrun for newyork_fhv_ingestion to None, run_after=None
[2026-05-16T03:01:12.847+0000] {processor.py:183} INFO - Processing /opt/airflow/dags/newyork_fhv_ingestion.py took 0.113 seconds
[2026-05-16T03:01:43.558+0000] {processor.py:161} INFO - Started process (PID=505) to work on /opt/airflow/dags/newyork_fhv_ingestion.py
[2026-05-16T03:01:43.560+0000] {processor.py:830} INFO - Processing file /opt/airflow/dags/newyork_fhv_ingestion.py for tasks to queue
[2026-05-16T03:01:43.566+0000] {logging_mixin.py:188} INFO - [2026-05-16T03:01:43.565+0000] {dagbag.py:545} INFO - Filling up the DagBag from /opt/airflow/dags/newyork_fhv_ingestion.py
[2026-05-16T03:01:43.610+0000] {processor.py:840} INFO - DAG(s) 'newyork_fhv_ingestion' retrieved from /opt/airflow/dags/newyork_fhv_ingestion.py
[2026-05-16T03:01:43.634+0000] {logging_mixin.py:188} INFO - [2026-05-16T03:01:43.633+0000] {dag.py:3096} INFO - Sync 1 DAGs
[2026-05-16T03:01:43.647+0000] {logging_mixin.py:188} INFO - [2026-05-16T03:01:43.647+0000] {dag.py:3954} INFO - Setting next_dagrun for newyork_fhv_ingestion to None, run_after=None
[2026-05-16T03:01:43.672+0000] {processor.py:183} INFO - Processing /opt/airflow/dags/newyork_fhv_ingestion.py took 0.123 seconds
[2026-05-16T03:02:14.414+0000] {processor.py:161} INFO - Started process (PID=516) to work on /opt/airflow/dags/newyork_fhv_ingestion.py
[2026-05-16T03:02:14.416+0000] {processor.py:830} INFO - Processing file /opt/airflow/dags/newyork_fhv_ingestion.py for tasks to queue
[2026-05-16T03:02:14.420+0000] {logging_mixin.py:188} INFO - [2026-05-16T03:02:14.419+0000] {dagbag.py:545} INFO - Filling up the DagBag from /opt/airflow/dags/newyork_fhv_ingestion.py
[2026-05-16T03:02:14.465+0000] {processor.py:840} INFO - DAG(s) 'newyork_fhv_ingestion' retrieved from /opt/airflow/dags/newyork_fhv_ingestion.py
[2026-05-16T03:02:14.507+0000] {logging_mixin.py:188} INFO - [2026-05-16T03:02:14.506+0000] {dag.py:3096} INFO - Sync 1 DAGs
[2026-05-16T03:02:14.534+0000] {logging_mixin.py:188} INFO - [2026-05-16T03:02:14.533+0000] {dag.py:3954} INFO - Setting next_dagrun for newyork_fhv_ingestion to None, run_after=None
[2026-05-16T03:02:14.570+0000] {processor.py:183} INFO - Processing /opt/airflow/dags/newyork_fhv_ingestion.py took 0.168 seconds
[2026-05-16T03:02:45.198+0000] {processor.py:161} INFO - Started process (PID=527) to work on /opt/airflow/dags/newyork_fhv_ingestion.py
[2026-05-16T03:02:45.200+0000] {processor.py:830} INFO - Processing file /opt/airflow/dags/newyork_fhv_ingestion.py for tasks to queue
[2026-05-16T03:02:45.204+0000] {logging_mixin.py:188} INFO - [2026-05-16T03:02:45.204+0000] {dagbag.py:545} INFO - Filling up the DagBag from /opt/airflow/dags/newyork_fhv_ingestion.py
[2026-05-16T03:02:45.246+0000] {processor.py:840} INFO - DAG(s) 'newyork_fhv_ingestion' retrieved from /opt/airflow/dags/newyork_fhv_ingestion.py
[2026-05-16T03:02:45.276+0000] {logging_mixin.py:188} INFO - [2026-05-16T03:02:45.275+0000] {dag.py:3096} INFO - Sync 1 DAGs
[2026-05-16T03:02:45.299+0000] {logging_mixin.py:188} INFO - [2026-05-16T03:02:45.298+0000] {dag.py:3954} INFO - Setting next_dagrun for newyork_fhv_ingestion to None, run_after=None
[2026-05-16T03:02:45.345+0000] {processor.py:183} INFO - Processing /opt/airflow/dags/newyork_fhv_ingestion.py took 0.156 seconds
[2026-05-16T03:03:16.137+0000] {processor.py:161} INFO - Started process (PID=538) to work on /opt/airflow/dags/newyork_fhv_ingestion.py
[2026-05-16T03:03:16.138+0000] {processor.py:830} INFO - Processing file /opt/airflow/dags/newyork_fhv_ingestion.py for tasks to queue
[2026-05-16T03:03:16.141+0000] {logging_mixin.py:188} INFO - [2026-05-16T03:03:16.141+0000] {dagbag.py:545} INFO - Filling up the DagBag from /opt/airflow/dags/newyork_fhv_ingestion.py
[2026-05-16T03:03:16.169+0000] {processor.py:840} INFO - DAG(s) 'newyork_fhv_ingestion' retrieved from /opt/airflow/dags/newyork_fhv_ingestion.py
[2026-05-16T03:03:16.193+0000] {logging_mixin.py:188} INFO - [2026-05-16T03:03:16.192+0000] {dag.py:3096} INFO - Sync 1 DAGs
[2026-05-16T03:03:16.207+0000] {logging_mixin.py:188} INFO - [2026-05-16T03:03:16.207+0000] {dag.py:3954} INFO - Setting next_dagrun for newyork_fhv_ingestion to None, run_after=None
[2026-05-16T03:03:16.241+0000] {processor.py:183} INFO - Processing /opt/airflow/dags/newyork_fhv_ingestion.py took 0.111 seconds
[2026-05-16T03:03:46.938+0000] {processor.py:161} INFO - Started process (PID=549) to work on /opt/airflow/dags/newyork_fhv_ingestion.py
[2026-05-16T03:03:46.940+0000] {processor.py:830} INFO - Processing file /opt/airflow/dags/newyork_fhv_ingestion.py for tasks to queue
[2026-05-16T03:03:46.943+0000] {logging_mixin.py:188} INFO - [2026-05-16T03:03:46.943+0000] {dagbag.py:545} INFO - Filling up the DagBag from /opt/airflow/dags/newyork_fhv_ingestion.py
[2026-05-16T03:03:46.989+0000] {processor.py:840} INFO - DAG(s) 'newyork_fhv_ingestion' retrieved from /opt/airflow/dags/newyork_fhv_ingestion.py
[2026-05-16T03:03:47.030+0000] {logging_mixin.py:188} INFO - [2026-05-16T03:03:47.029+0000] {dag.py:3096} INFO - Sync 1 DAGs
[2026-05-16T03:03:47.048+0000] {logging_mixin.py:188} INFO - [2026-05-16T03:03:47.048+0000] {dag.py:3954} INFO - Setting next_dagrun for newyork_fhv_ingestion to None, run_after=None
[2026-05-16T03:03:47.079+0000] {processor.py:183} INFO - Processing /opt/airflow/dags/newyork_fhv_ingestion.py took 0.153 seconds
[2026-05-16T03:04:17.744+0000] {processor.py:161} INFO - Started process (PID=560) to work on /opt/airflow/dags/newyork_fhv_ingestion.py
[2026-05-16T03:04:17.746+0000] {processor.py:830} INFO - Processing file /opt/airflow/dags/newyork_fhv_ingestion.py for tasks to queue
[2026-05-16T03:04:17.749+0000] {logging_mixin.py:188} INFO - [2026-05-16T03:04:17.748+0000] {dagbag.py:545} INFO - Filling up the DagBag from /opt/airflow/dags/newyork_fhv_ingestion.py
[2026-05-16T03:04:17.794+0000] {processor.py:840} INFO - DAG(s) 'newyork_fhv_ingestion' retrieved from /opt/airflow/dags/newyork_fhv_ingestion.py
[2026-05-16T03:04:17.817+0000] {logging_mixin.py:188} INFO - [2026-05-16T03:04:17.816+0000] {dag.py:3096} INFO - Sync 1 DAGs
[2026-05-16T03:04:17.830+0000] {logging_mixin.py:188} INFO - [2026-05-16T03:04:17.830+0000] {dag.py:3954} INFO - Setting next_dagrun for newyork_fhv_ingestion to None, run_after=None
[2026-05-16T03:04:17.858+0000] {processor.py:183} INFO - Processing /opt/airflow/dags/newyork_fhv_ingestion.py took 0.124 seconds
[2026-05-16T03:04:48.447+0000] {processor.py:161} INFO - Started process (PID=571) to work on /opt/airflow/dags/newyork_fhv_ingestion.py
[2026-05-16T03:04:48.449+0000] {processor.py:830} INFO - Processing file /opt/airflow/dags/newyork_fhv_ingestion.py for tasks to queue
[2026-05-16T03:04:48.451+0000] {logging_mixin.py:188} INFO - [2026-05-16T03:04:48.451+0000] {dagbag.py:545} INFO - Filling up the DagBag from /opt/airflow/dags/newyork_fhv_ingestion.py
[2026-05-16T03:04:48.479+0000] {processor.py:840} INFO - DAG(s) 'newyork_fhv_ingestion' retrieved from /opt/airflow/dags/newyork_fhv_ingestion.py
[2026-05-16T03:04:48.504+0000] {logging_mixin.py:188} INFO - [2026-05-16T03:04:48.503+0000] {dag.py:3096} INFO - Sync 1 DAGs
[2026-05-16T03:04:48.518+0000] {logging_mixin.py:188} INFO - [2026-05-16T03:04:48.518+0000] {dag.py:3954} INFO - Setting next_dagrun for newyork_fhv_ingestion to None, run_after=None
[2026-05-16T03:04:48.544+0000] {processor.py:183} INFO - Processing /opt/airflow/dags/newyork_fhv_ingestion.py took 0.103 seconds
[2026-05-16T03:05:19.435+0000] {processor.py:161} INFO - Started process (PID=582) to work on /opt/airflow/dags/newyork_fhv_ingestion.py
[2026-05-16T03:05:19.436+0000] {processor.py:830} INFO - Processing file /opt/airflow/dags/newyork_fhv_ingestion.py for tasks to queue
[2026-05-16T03:05:19.439+0000] {logging_mixin.py:188} INFO - [2026-05-16T03:05:19.439+0000] {dagbag.py:545} INFO - Filling up the DagBag from /opt/airflow/dags/newyork_fhv_ingestion.py
[2026-05-16T03:05:19.470+0000] {processor.py:840} INFO - DAG(s) 'newyork_fhv_ingestion' retrieved from /opt/airflow/dags/newyork_fhv_ingestion.py
[2026-05-16T03:05:19.493+0000] {logging_mixin.py:188} INFO - [2026-05-16T03:05:19.493+0000] {dag.py:3096} INFO - Sync 1 DAGs
[2026-05-16T03:05:19.509+0000] {logging_mixin.py:188} INFO - [2026-05-16T03:05:19.508+0000] {dag.py:3954} INFO - Setting next_dagrun for newyork_fhv_ingestion to None, run_after=None
[2026-05-16T03:05:19.535+0000] {processor.py:183} INFO - Processing /opt/airflow/dags/newyork_fhv_ingestion.py took 0.109 seconds
[2026-05-16T03:05:50.398+0000] {processor.py:161} INFO - Started process (PID=593) to work on /opt/airflow/dags/newyork_fhv_ingestion.py
[2026-05-16T03:05:50.400+0000] {processor.py:830} INFO - Processing file /opt/airflow/dags/newyork_fhv_ingestion.py for tasks to queue
[2026-05-16T03:05:50.403+0000] {logging_mixin.py:188} INFO - [2026-05-16T03:05:50.402+0000] {dagbag.py:545} INFO - Filling up the DagBag from /opt/airflow/dags/newyork_fhv_ingestion.py
[2026-05-16T03:05:50.442+0000] {processor.py:840} INFO - DAG(s) 'newyork_fhv_ingestion' retrieved from /opt/airflow/dags/newyork_fhv_ingestion.py
[2026-05-16T03:05:50.466+0000] {logging_mixin.py:188} INFO - [2026-05-16T03:05:50.466+0000] {dag.py:3096} INFO - Sync 1 DAGs
[2026-05-16T03:05:50.481+0000] {logging_mixin.py:188} INFO - [2026-05-16T03:05:50.480+0000] {dag.py:3954} INFO - Setting next_dagrun for newyork_fhv_ingestion to None, run_after=None
[2026-05-16T03:05:50.509+0000] {processor.py:183} INFO - Processing /opt/airflow/dags/newyork_fhv_ingestion.py took 0.119 seconds
[2026-05-16T03:06:21.149+0000] {processor.py:161} INFO - Started process (PID=604) to work on /opt/airflow/dags/newyork_fhv_ingestion.py
[2026-05-16T03:06:21.151+0000] {processor.py:830} INFO - Processing file /opt/airflow/dags/newyork_fhv_ingestion.py for tasks to queue
[2026-05-16T03:06:21.156+0000] {logging_mixin.py:188} INFO - [2026-05-16T03:06:21.155+0000] {dagbag.py:545} INFO - Filling up the DagBag from /opt/airflow/dags/newyork_fhv_ingestion.py
[2026-05-16T03:06:21.200+0000] {processor.py:840} INFO - DAG(s) 'newyork_fhv_ingestion' retrieved from /opt/airflow/dags/newyork_fhv_ingestion.py
[2026-05-16T03:06:21.228+0000] {logging_mixin.py:188} INFO - [2026-05-16T03:06:21.228+0000] {dag.py:3096} INFO - Sync 1 DAGs
[2026-05-16T03:06:21.248+0000] {logging_mixin.py:188} INFO - [2026-05-16T03:06:21.248+0000] {dag.py:3954} INFO - Setting next_dagrun for newyork_fhv_ingestion to None, run_after=None
[2026-05-16T03:06:21.286+0000] {processor.py:183} INFO - Processing /opt/airflow/dags/newyork_fhv_ingestion.py took 0.148 seconds
[2026-05-16T03:06:51.885+0000] {processor.py:161} INFO - Started process (PID=615) to work on /opt/airflow/dags/newyork_fhv_ingestion.py
[2026-05-16T03:06:51.887+0000] {processor.py:830} INFO - Processing file /opt/airflow/dags/newyork_fhv_ingestion.py for tasks to queue
[2026-05-16T03:06:51.891+0000] {logging_mixin.py:188} INFO - [2026-05-16T03:06:51.890+0000] {dagbag.py:545} INFO - Filling up the DagBag from /opt/airflow/dags/newyork_fhv_ingestion.py
[2026-05-16T03:06:51.931+0000] {processor.py:840} INFO - DAG(s) 'newyork_fhv_ingestion' retrieved from /opt/airflow/dags/newyork_fhv_ingestion.py
[2026-05-16T03:06:51.955+0000] {logging_mixin.py:188} INFO - [2026-05-16T03:06:51.955+0000] {dag.py:3096} INFO - Sync 1 DAGs
[2026-05-16T03:06:51.978+0000] {logging_mixin.py:188} INFO - [2026-05-16T03:06:51.977+0000] {dag.py:3954} INFO - Setting next_dagrun for newyork_fhv_ingestion to None, run_after=None
[2026-05-16T03:06:52.016+0000] {processor.py:183} INFO - Processing /opt/airflow/dags/newyork_fhv_ingestion.py took 0.142 seconds
[2026-05-16T03:07:22.848+0000] {processor.py:161} INFO - Started process (PID=626) to work on /opt/airflow/dags/newyork_fhv_ingestion.py
[2026-05-16T03:07:22.850+0000] {processor.py:830} INFO - Processing file /opt/airflow/dags/newyork_fhv_ingestion.py for tasks to queue
[2026-05-16T03:07:22.853+0000] {logging_mixin.py:188} INFO - [2026-05-16T03:07:22.853+0000] {dagbag.py:545} INFO - Filling up the DagBag from /opt/airflow/dags/newyork_fhv_ingestion.py
[2026-05-16T03:07:22.885+0000] {processor.py:840} INFO - DAG(s) 'newyork_fhv_ingestion' retrieved from /opt/airflow/dags/newyork_fhv_ingestion.py
[2026-05-16T03:07:22.921+0000] {logging_mixin.py:188} INFO - [2026-05-16T03:07:22.920+0000] {dag.py:3096} INFO - Sync 1 DAGs
[2026-05-16T03:07:22.941+0000] {logging_mixin.py:188} INFO - [2026-05-16T03:07:22.941+0000] {dag.py:3954} INFO - Setting next_dagrun for newyork_fhv_ingestion to None, run_after=None
[2026-05-16T03:07:22.970+0000] {processor.py:183} INFO - Processing /opt/airflow/dags/newyork_fhv_ingestion.py took 0.130 seconds
[2026-05-16T03:07:53.837+0000] {processor.py:161} INFO - Started process (PID=643) to work on /opt/airflow/dags/newyork_fhv_ingestion.py
[2026-05-16T03:07:53.838+0000] {processor.py:830} INFO - Processing file /opt/airflow/dags/newyork_fhv_ingestion.py for tasks to queue
[2026-05-16T03:07:53.841+0000] {logging_mixin.py:188} INFO - [2026-05-16T03:07:53.840+0000] {dagbag.py:545} INFO - Filling up the DagBag from /opt/airflow/dags/newyork_fhv_ingestion.py
[2026-05-16T03:07:53.871+0000] {processor.py:840} INFO - DAG(s) 'newyork_fhv_ingestion' retrieved from /opt/airflow/dags/newyork_fhv_ingestion.py
[2026-05-16T03:07:53.902+0000] {logging_mixin.py:188} INFO - [2026-05-16T03:07:53.902+0000] {dag.py:3096} INFO - Sync 1 DAGs
[2026-05-16T03:07:53.917+0000] {logging_mixin.py:188} INFO - [2026-05-16T03:07:53.917+0000] {dag.py:3954} INFO - Setting next_dagrun for newyork_fhv_ingestion to None, run_after=None
[2026-05-16T03:07:53.944+0000] {processor.py:183} INFO - Processing /opt/airflow/dags/newyork_fhv_ingestion.py took 0.113 seconds
[2026-05-16T03:08:24.656+0000] {processor.py:161} INFO - Started process (PID=654) to work on /opt/airflow/dags/newyork_fhv_ingestion.py
[2026-05-16T03:08:24.657+0000] {processor.py:830} INFO - Processing file /opt/airflow/dags/newyork_fhv_ingestion.py for tasks to queue
[2026-05-16T03:08:24.660+0000] {logging_mixin.py:188} INFO - [2026-05-16T03:08:24.659+0000] {dagbag.py:545} INFO - Filling up the DagBag from /opt/airflow/dags/newyork_fhv_ingestion.py
[2026-05-16T03:08:24.683+0000] {processor.py:840} INFO - DAG(s) 'newyork_fhv_ingestion' retrieved from /opt/airflow/dags/newyork_fhv_ingestion.py
[2026-05-16T03:08:24.708+0000] {logging_mixin.py:188} INFO - [2026-05-16T03:08:24.707+0000] {dag.py:3096} INFO - Sync 1 DAGs
[2026-05-16T03:08:24.724+0000] {logging_mixin.py:188} INFO - [2026-05-16T03:08:24.724+0000] {dag.py:3954} INFO - Setting next_dagrun for newyork_fhv_ingestion to None, run_after=None
[2026-05-16T03:08:24.763+0000] {processor.py:183} INFO - Processing /opt/airflow/dags/newyork_fhv_ingestion.py took 0.115 seconds
[2026-05-16T03:08:55.559+0000] {processor.py:161} INFO - Started process (PID=665) to work on /opt/airflow/dags/newyork_fhv_ingestion.py
[2026-05-16T03:08:55.561+0000] {processor.py:830} INFO - Processing file /opt/airflow/dags/newyork_fhv_ingestion.py for tasks to queue
[2026-05-16T03:08:55.564+0000] {logging_mixin.py:188} INFO - [2026-05-16T03:08:55.564+0000] {dagbag.py:545} INFO - Filling up the DagBag from /opt/airflow/dags/newyork_fhv_ingestion.py
[2026-05-16T03:08:55.605+0000] {processor.py:840} INFO - DAG(s) 'newyork_fhv_ingestion' retrieved from /opt/airflow/dags/newyork_fhv_ingestion.py
[2026-05-16T03:08:55.636+0000] {logging_mixin.py:188} INFO - [2026-05-16T03:08:55.636+0000] {dag.py:3096} INFO - Sync 1 DAGs
[2026-05-16T03:08:55.655+0000] {logging_mixin.py:188} INFO - [2026-05-16T03:08:55.654+0000] {dag.py:3954} INFO - Setting next_dagrun for newyork_fhv_ingestion to None, run_after=None
[2026-05-16T03:08:55.687+0000] {processor.py:183} INFO - Processing /opt/airflow/dags/newyork_fhv_ingestion.py took 0.137 seconds
