[2026-04-30T09:06:12.966+0000] {local_task_job_runner.py:120} INFO - ::group::Pre task execution logs
[2026-04-30T09:06:13.006+0000] {taskinstance.py:2076} INFO - Dependencies all met for dep_context=non-requeueable deps ti=<TaskInstance: nyc_fhv_silver.clean_and_transform manual__2026-04-30T09:06:11.159238+00:00 [queued]>
[2026-04-30T09:06:13.019+0000] {taskinstance.py:2076} INFO - Dependencies all met for dep_context=requeueable deps ti=<TaskInstance: nyc_fhv_silver.clean_and_transform manual__2026-04-30T09:06:11.159238+00:00 [queued]>
[2026-04-30T09:06:13.033+0000] {taskinstance.py:2306} INFO - Starting attempt 1 of 2
[2026-04-30T09:06:13.052+0000] {taskinstance.py:2330} INFO - Executing <Task(PythonOperator): clean_and_transform> on 2026-04-30 09:06:11.159238+00:00
[2026-04-30T09:06:13.060+0000] {warnings.py:110} WARNING - /home/***/.local/lib/python3.12/site-packages/***/task/task_runner/standard_task_runner.py:61: DeprecationWarning: This process (pid=232) is multi-threaded, use of fork() may lead to deadlocks in the child.
  pid = os.fork()

[2026-04-30T09:06:13.062+0000] {standard_task_runner.py:63} INFO - Started process 233 to run task
[2026-04-30T09:06:13.063+0000] {standard_task_runner.py:90} INFO - Running: ['***', 'tasks', 'run', 'nyc_fhv_silver', 'clean_and_transform', 'manual__2026-04-30T09:06:11.159238+00:00', '--job-id', '28', '--raw', '--subdir', 'DAGS_FOLDER/nyc_fhv_silver.py', '--cfg-path', '/tmp/tmpttpffhb8']
[2026-04-30T09:06:13.065+0000] {standard_task_runner.py:91} INFO - Job 28: Subtask clean_and_transform
[2026-04-30T09:06:13.157+0000] {task_command.py:426} INFO - Running <TaskInstance: nyc_fhv_silver.clean_and_transform manual__2026-04-30T09:06:11.159238+00:00 [running]> on host 129dc407573d
[2026-04-30T09:06:13.297+0000] {taskinstance.py:2648} INFO - Exporting env vars: AIRFLOW_CTX_DAG_OWNER='***' AIRFLOW_CTX_DAG_ID='nyc_fhv_silver' AIRFLOW_CTX_TASK_ID='clean_and_transform' AIRFLOW_CTX_EXECUTION_DATE='2026-04-30T09:06:11.159238+00:00' AIRFLOW_CTX_TRY_NUMBER='1' AIRFLOW_CTX_DAG_RUN_ID='manual__2026-04-30T09:06:11.159238+00:00'
[2026-04-30T09:06:13.298+0000] {taskinstance.py:430} INFO - ::endgroup::
[2026-04-30T09:06:13.323+0000] {logging_mixin.py:188} INFO - [Silver] Reading from: /opt/***/data/bronze/nyc_fhv_base_aggregate_raw.json
[2026-04-30T09:06:13.655+0000] {logging_mixin.py:188} INFO - [Silver] Raw records: 50000
[2026-04-30T09:06:13.659+0000] {logging_mixin.py:188} INFO - [Silver] After cleaning   : 0
[2026-04-30T09:06:13.660+0000] {logging_mixin.py:188} INFO - [Silver] After dedup      : 0
[2026-04-30T09:06:13.661+0000] {logging_mixin.py:188} INFO - [Silver] Removed (dupes)  : 0
[2026-04-30T09:06:13.668+0000] {logging_mixin.py:188} INFO - [Silver] Saved to: /opt/***/data/silver/nyc_fhv_base_aggregate_cleaned.json
[2026-04-30T09:06:13.680+0000] {python.py:237} INFO - Done. Returned value was: 0
[2026-04-30T09:06:13.681+0000] {taskinstance.py:441} INFO - ::group::Post task execution logs
[2026-04-30T09:06:13.731+0000] {taskinstance.py:1206} INFO - Marking task as SUCCESS. dag_id=nyc_fhv_silver, task_id=clean_and_transform, run_id=manual__2026-04-30T09:06:11.159238+00:00, execution_date=20260430T090611, start_date=20260430T090613, end_date=20260430T090613
[2026-04-30T09:06:13.760+0000] {local_task_job_runner.py:240} INFO - Task exited with return code 0
[2026-04-30T09:06:13.780+0000] {taskinstance.py:3498} INFO - 0 downstream tasks scheduled from follow-on schedule check
[2026-04-30T09:06:13.796+0000] {local_task_job_runner.py:222} INFO - ::endgroup::
