[2026-04-30T09:05:40.952+0000] {local_task_job_runner.py:120} INFO - ::group::Pre task execution logs
[2026-04-30T09:05:41.096+0000] {taskinstance.py:2076} INFO - Dependencies all met for dep_context=non-requeueable deps ti=<TaskInstance: nyc_fhv_ingestion.ingest_fhv_base_aggregate manual__2026-04-30T09:05:34.726102+00:00 [queued]>
[2026-04-30T09:05:41.136+0000] {taskinstance.py:2076} INFO - Dependencies all met for dep_context=requeueable deps ti=<TaskInstance: nyc_fhv_ingestion.ingest_fhv_base_aggregate manual__2026-04-30T09:05:34.726102+00:00 [queued]>
[2026-04-30T09:05:41.141+0000] {taskinstance.py:2306} INFO - Starting attempt 1 of 2
[2026-04-30T09:05:41.194+0000] {taskinstance.py:2330} INFO - Executing <Task(PythonOperator): ingest_fhv_base_aggregate> on 2026-04-30 09:05:34.726102+00:00
[2026-04-30T09:05:41.215+0000] {warnings.py:110} WARNING - /home/***/.local/lib/python3.12/site-packages/***/task/task_runner/standard_task_runner.py:61: DeprecationWarning: This process (pid=191) is multi-threaded, use of fork() may lead to deadlocks in the child.
  pid = os.fork()

[2026-04-30T09:05:41.219+0000] {standard_task_runner.py:90} INFO - Running: ['***', 'tasks', 'run', 'nyc_fhv_ingestion', 'ingest_fhv_base_aggregate', 'manual__2026-04-30T09:05:34.726102+00:00', '--job-id', '13', '--raw', '--subdir', 'DAGS_FOLDER/nyc_fhv_ingestion.py', '--cfg-path', '/tmp/tmp7654qxyd']
[2026-04-30T09:05:41.222+0000] {standard_task_runner.py:63} INFO - Started process 199 to run task
[2026-04-30T09:05:41.223+0000] {standard_task_runner.py:91} INFO - Job 13: Subtask ingest_fhv_base_aggregate
[2026-04-30T09:05:41.485+0000] {task_command.py:426} INFO - Running <TaskInstance: nyc_fhv_ingestion.ingest_fhv_base_aggregate manual__2026-04-30T09:05:34.726102+00:00 [running]> on host 129dc407573d
[2026-04-30T09:05:41.721+0000] {taskinstance.py:2648} INFO - Exporting env vars: AIRFLOW_CTX_DAG_OWNER='***' AIRFLOW_CTX_DAG_ID='nyc_fhv_ingestion' AIRFLOW_CTX_TASK_ID='ingest_fhv_base_aggregate' AIRFLOW_CTX_EXECUTION_DATE='2026-04-30T09:05:34.726102+00:00' AIRFLOW_CTX_TRY_NUMBER='1' AIRFLOW_CTX_DAG_RUN_ID='manual__2026-04-30T09:05:34.726102+00:00'
[2026-04-30T09:05:41.733+0000] {taskinstance.py:430} INFO - ::endgroup::
[2026-04-30T09:05:41.907+0000] {logging_mixin.py:188} INFO - [Ingestion] Fetching data from: https://data.cityofnewyork.us/resource/2v9c-2k7f.json
[2026-04-30T09:05:46.187+0000] {logging_mixin.py:188} INFO - [Ingestion] Records fetched: 50000
[2026-04-30T09:05:48.729+0000] {logging_mixin.py:188} INFO - [Ingestion] Saved to: /opt/***/data/bronze/nyc_fhv_base_aggregate_raw.json
[2026-04-30T09:05:48.770+0000] {python.py:237} INFO - Done. Returned value was: 50000
[2026-04-30T09:05:48.781+0000] {taskinstance.py:441} INFO - ::group::Post task execution logs
[2026-04-30T09:05:48.841+0000] {taskinstance.py:1206} INFO - Marking task as SUCCESS. dag_id=nyc_fhv_ingestion, task_id=ingest_fhv_base_aggregate, run_id=manual__2026-04-30T09:05:34.726102+00:00, execution_date=20260430T090534, start_date=20260430T090541, end_date=20260430T090548
[2026-04-30T09:05:48.899+0000] {local_task_job_runner.py:240} INFO - Task exited with return code 0
[2026-04-30T09:05:48.933+0000] {taskinstance.py:3498} INFO - 0 downstream tasks scheduled from follow-on schedule check
[2026-04-30T09:05:48.937+0000] {local_task_job_runner.py:222} INFO - ::endgroup::
