[2026-05-08T19:38:16.182+0000] {local_task_job_runner.py:120} INFO - ::group::Pre task execution logs
[2026-05-08T19:38:16.202+0000] {taskinstance.py:2076} INFO - Dependencies all met for dep_context=non-requeueable deps ti=<TaskInstance: newyork_fhv_pipeline.trigger_silver manual__2026-05-08T19:37:51.283545+00:00 [queued]>
[2026-05-08T19:38:16.210+0000] {taskinstance.py:2076} INFO - Dependencies all met for dep_context=requeueable deps ti=<TaskInstance: newyork_fhv_pipeline.trigger_silver manual__2026-05-08T19:37:51.283545+00:00 [queued]>
[2026-05-08T19:38:16.211+0000] {taskinstance.py:2306} INFO - Starting attempt 1 of 2
[2026-05-08T19:38:16.227+0000] {taskinstance.py:2330} INFO - Executing <Task(TriggerDagRunOperator): trigger_silver> on 2026-05-08 19:37:51.283545+00:00
[2026-05-08T19:38:16.233+0000] {warnings.py:110} WARNING - /home/***/.local/lib/python3.12/site-packages/***/task/task_runner/standard_task_runner.py:61: DeprecationWarning: This process (pid=568) is multi-threaded, use of fork() may lead to deadlocks in the child.
  pid = os.fork()

[2026-05-08T19:38:16.234+0000] {standard_task_runner.py:90} INFO - Running: ['***', 'tasks', 'run', 'newyork_fhv_pipeline', 'trigger_silver', 'manual__2026-05-08T19:37:51.283545+00:00', '--job-id', '67', '--raw', '--subdir', 'DAGS_FOLDER/newyork_fhv_pipeline.py', '--cfg-path', '/tmp/tmpmz4cmhj6']
[2026-05-08T19:38:16.235+0000] {standard_task_runner.py:63} INFO - Started process 569 to run task
[2026-05-08T19:38:16.236+0000] {standard_task_runner.py:91} INFO - Job 67: Subtask trigger_silver
[2026-05-08T19:38:16.294+0000] {task_command.py:426} INFO - Running <TaskInstance: newyork_fhv_pipeline.trigger_silver manual__2026-05-08T19:37:51.283545+00:00 [running]> on host 2c41721f40ae
[2026-05-08T19:38:16.409+0000] {taskinstance.py:2648} INFO - Exporting env vars: AIRFLOW_CTX_DAG_OWNER='***' AIRFLOW_CTX_DAG_ID='newyork_fhv_pipeline' AIRFLOW_CTX_TASK_ID='trigger_silver' AIRFLOW_CTX_EXECUTION_DATE='2026-05-08T19:37:51.283545+00:00' AIRFLOW_CTX_TRY_NUMBER='1' AIRFLOW_CTX_DAG_RUN_ID='manual__2026-05-08T19:37:51.283545+00:00'
[2026-05-08T19:38:16.410+0000] {taskinstance.py:430} INFO - ::endgroup::
[2026-05-08T19:38:16.539+0000] {trigger_dagrun.py:222} INFO - Waiting for newyork_fhv_silver on 2026-05-08 19:38:16.426143+00:00 to become allowed state ['success'] ...
[2026-05-08T19:38:26.548+0000] {trigger_dagrun.py:235} INFO - newyork_fhv_silver finished with allowed state success
[2026-05-08T19:38:26.550+0000] {taskinstance.py:441} INFO - ::group::Post task execution logs
[2026-05-08T19:38:26.560+0000] {taskinstance.py:1206} INFO - Marking task as SUCCESS. dag_id=newyork_fhv_pipeline, task_id=trigger_silver, run_id=manual__2026-05-08T19:37:51.283545+00:00, execution_date=20260508T193751, start_date=20260508T193816, end_date=20260508T193826
[2026-05-08T19:38:26.589+0000] {local_task_job_runner.py:240} INFO - Task exited with return code 0
[2026-05-08T19:38:26.613+0000] {taskinstance.py:3498} INFO - 1 downstream tasks scheduled from follow-on schedule check
[2026-05-08T19:38:26.618+0000] {local_task_job_runner.py:222} INFO - ::endgroup::
