[2026-04-30T09:06:10.736+0000] {local_task_job_runner.py:120} INFO - ::group::Pre task execution logs
[2026-04-30T09:06:10.787+0000] {taskinstance.py:2076} INFO - Dependencies all met for dep_context=non-requeueable deps ti=<TaskInstance: nyc_fhv_pipeline.trigger_silver manual__2026-04-30T08:59:07.261721+00:00 [queued]>
[2026-04-30T09:06:10.810+0000] {taskinstance.py:2076} INFO - Dependencies all met for dep_context=requeueable deps ti=<TaskInstance: nyc_fhv_pipeline.trigger_silver manual__2026-04-30T08:59:07.261721+00:00 [queued]>
[2026-04-30T09:06:10.812+0000] {taskinstance.py:2306} INFO - Starting attempt 1 of 2
[2026-04-30T09:06:10.840+0000] {taskinstance.py:2330} INFO - Executing <Task(TriggerDagRunOperator): trigger_silver> on 2026-04-30 08:59:07.261721+00:00
[2026-04-30T09:06:10.851+0000] {warnings.py:110} WARNING - /home/***/.local/lib/python3.12/site-packages/***/task/task_runner/standard_task_runner.py:61: DeprecationWarning: This process (pid=230) is multi-threaded, use of fork() may lead to deadlocks in the child.
  pid = os.fork()

[2026-04-30T09:06:10.854+0000] {standard_task_runner.py:63} INFO - Started process 231 to run task
[2026-04-30T09:06:10.853+0000] {standard_task_runner.py:90} INFO - Running: ['***', 'tasks', 'run', 'nyc_fhv_pipeline', 'trigger_silver', 'manual__2026-04-30T08:59:07.261721+00:00', '--job-id', '27', '--raw', '--subdir', 'DAGS_FOLDER/nyc_fhv_pipeline.py', '--cfg-path', '/tmp/tmp83apj81q']
[2026-04-30T09:06:10.857+0000] {standard_task_runner.py:91} INFO - Job 27: Subtask trigger_silver
[2026-04-30T09:06:10.954+0000] {task_command.py:426} INFO - Running <TaskInstance: nyc_fhv_pipeline.trigger_silver manual__2026-04-30T08:59:07.261721+00:00 [running]> on host 129dc407573d
[2026-04-30T09:06:11.126+0000] {taskinstance.py:2648} INFO - Exporting env vars: AIRFLOW_CTX_DAG_OWNER='***' AIRFLOW_CTX_DAG_ID='nyc_fhv_pipeline' AIRFLOW_CTX_TASK_ID='trigger_silver' AIRFLOW_CTX_EXECUTION_DATE='2026-04-30T08:59:07.261721+00:00' AIRFLOW_CTX_TRY_NUMBER='1' AIRFLOW_CTX_DAG_RUN_ID='manual__2026-04-30T08:59:07.261721+00:00'
[2026-04-30T09:06:11.128+0000] {taskinstance.py:430} INFO - ::endgroup::
[2026-04-30T09:06:11.287+0000] {trigger_dagrun.py:222} INFO - Waiting for nyc_fhv_silver on 2026-04-30 09:06:11.159238+00:00 to become allowed state ['success'] ...
[2026-04-30T09:06:21.302+0000] {trigger_dagrun.py:235} INFO - nyc_fhv_silver finished with allowed state success
[2026-04-30T09:06:21.306+0000] {taskinstance.py:441} INFO - ::group::Post task execution logs
[2026-04-30T09:06:21.322+0000] {taskinstance.py:1206} INFO - Marking task as SUCCESS. dag_id=nyc_fhv_pipeline, task_id=trigger_silver, run_id=manual__2026-04-30T08:59:07.261721+00:00, execution_date=20260430T085907, start_date=20260430T090610, end_date=20260430T090621
[2026-04-30T09:06:21.604+0000] {local_task_job_runner.py:240} INFO - Task exited with return code 0
[2026-04-30T09:06:21.637+0000] {taskinstance.py:3498} INFO - 1 downstream tasks scheduled from follow-on schedule check
[2026-04-30T09:06:21.662+0000] {local_task_job_runner.py:222} INFO - ::endgroup::
