[2026-04-30T09:05:09.555+0000] {local_task_job_runner.py:120} INFO - ::group::Pre task execution logs
[2026-04-30T09:05:09.656+0000] {taskinstance.py:2076} INFO - Dependencies all met for dep_context=non-requeueable deps ti=<TaskInstance: nyc_fhv_gold.build_gold_metrics manual__2026-04-30T09:05:05.516684+00:00 [queued]>
[2026-04-30T09:05:09.677+0000] {taskinstance.py:2076} INFO - Dependencies all met for dep_context=requeueable deps ti=<TaskInstance: nyc_fhv_gold.build_gold_metrics manual__2026-04-30T09:05:05.516684+00:00 [queued]>
[2026-04-30T09:05:09.679+0000] {taskinstance.py:2306} INFO - Starting attempt 1 of 2
[2026-04-30T09:05:09.705+0000] {taskinstance.py:2330} INFO - Executing <Task(PythonOperator): build_gold_metrics> on 2026-04-30 09:05:05.516684+00:00
[2026-04-30T09:05:09.717+0000] {warnings.py:110} WARNING - /home/***/.local/lib/python3.12/site-packages/***/task/task_runner/standard_task_runner.py:61: DeprecationWarning: This process (pid=180) is multi-threaded, use of fork() may lead to deadlocks in the child.
  pid = os.fork()

[2026-04-30T09:05:09.722+0000] {standard_task_runner.py:63} INFO - Started process 181 to run task
[2026-04-30T09:05:09.721+0000] {standard_task_runner.py:90} INFO - Running: ['***', 'tasks', 'run', 'nyc_fhv_gold', 'build_gold_metrics', 'manual__2026-04-30T09:05:05.516684+00:00', '--job-id', '9', '--raw', '--subdir', 'DAGS_FOLDER/nyc_fhv_gold.py', '--cfg-path', '/tmp/tmp2yd56rwu']
[2026-04-30T09:05:09.723+0000] {standard_task_runner.py:91} INFO - Job 9: Subtask build_gold_metrics
[2026-04-30T09:05:09.818+0000] {task_command.py:426} INFO - Running <TaskInstance: nyc_fhv_gold.build_gold_metrics manual__2026-04-30T09:05:05.516684+00:00 [running]> on host 129dc407573d
[2026-04-30T09:05:09.965+0000] {taskinstance.py:2648} INFO - Exporting env vars: AIRFLOW_CTX_DAG_OWNER='***' AIRFLOW_CTX_DAG_ID='nyc_fhv_gold' AIRFLOW_CTX_TASK_ID='build_gold_metrics' AIRFLOW_CTX_EXECUTION_DATE='2026-04-30T09:05:05.516684+00:00' AIRFLOW_CTX_TRY_NUMBER='1' AIRFLOW_CTX_DAG_RUN_ID='manual__2026-04-30T09:05:05.516684+00:00'
[2026-04-30T09:05:09.967+0000] {taskinstance.py:430} INFO - ::endgroup::
[2026-04-30T09:05:10.065+0000] {logging_mixin.py:188} INFO - [Gold] Reading from: /opt/***/data/silver/nyc_fhv_base_aggregate_cleaned.json
[2026-04-30T09:05:10.067+0000] {taskinstance.py:441} INFO - ::group::Post task execution logs
[2026-04-30T09:05:10.071+0000] {taskinstance.py:2905} ERROR - Task failed with exception
Traceback (most recent call last):
  File "/home/airflow/.local/lib/python3.12/site-packages/airflow/models/taskinstance.py", line 465, in _execute_task
    result = _execute_callable(context=context, **execute_callable_kwargs)
             ^^^^^^^^^^^^^^^^^^^^^^^^^^^^^^^^^^^^^^^^^^^^^^^^^^^^^^^^^^^^^
  File "/home/airflow/.local/lib/python3.12/site-packages/airflow/models/taskinstance.py", line 432, in _execute_callable
    return execute_callable(context=context, **execute_callable_kwargs)
           ^^^^^^^^^^^^^^^^^^^^^^^^^^^^^^^^^^^^^^^^^^^^^^^^^^^^^^^^^^^^
  File "/home/airflow/.local/lib/python3.12/site-packages/airflow/models/baseoperator.py", line 400, in wrapper
    return func(self, *args, **kwargs)
           ^^^^^^^^^^^^^^^^^^^^^^^^^^^
  File "/home/airflow/.local/lib/python3.12/site-packages/airflow/operators/python.py", line 235, in execute
    return_value = self.execute_callable()
                   ^^^^^^^^^^^^^^^^^^^^^^^
  File "/home/airflow/.local/lib/python3.12/site-packages/airflow/operators/python.py", line 252, in execute_callable
    return self.python_callable(*self.op_args, **self.op_kwargs)
           ^^^^^^^^^^^^^^^^^^^^^^^^^^^^^^^^^^^^^^^^^^^^^^^^^^^^^
  File "/opt/airflow/dags/nyc_fhv_gold.py", line 28, in build_gold_metrics
    with open(input_path, "r", encoding="utf-8") as f:
         ^^^^^^^^^^^^^^^^^^^^^^^^^^^^^^^^^^^^^^^
FileNotFoundError: [Errno 2] No such file or directory: '/opt/airflow/data/silver/nyc_fhv_base_aggregate_cleaned.json'
[2026-04-30T09:05:10.096+0000] {taskinstance.py:1206} INFO - Marking task as UP_FOR_RETRY. dag_id=nyc_fhv_gold, task_id=build_gold_metrics, run_id=manual__2026-04-30T09:05:05.516684+00:00, execution_date=20260430T090505, start_date=20260430T090509, end_date=20260430T090510
[2026-04-30T09:05:10.115+0000] {standard_task_runner.py:110} ERROR - Failed to execute job 9 for task build_gold_metrics ([Errno 2] No such file or directory: '/opt/airflow/data/silver/nyc_fhv_base_aggregate_cleaned.json'; 181)
[2026-04-30T09:05:10.149+0000] {local_task_job_runner.py:240} INFO - Task exited with return code 1
[2026-04-30T09:05:10.181+0000] {taskinstance.py:3498} INFO - 0 downstream tasks scheduled from follow-on schedule check
[2026-04-30T09:05:10.185+0000] {local_task_job_runner.py:222} INFO - ::endgroup::
