[2026-04-30T09:10:10.894+0000] {local_task_job_runner.py:120} INFO - ::group::Pre task execution logs
[2026-04-30T09:10:10.923+0000] {taskinstance.py:2076} INFO - Dependencies all met for dep_context=non-requeueable deps ti=<TaskInstance: nyc_fhv_gold.build_gold_metrics manual__2026-04-30T09:05:05.516684+00:00 [queued]>
[2026-04-30T09:10:10.935+0000] {taskinstance.py:2076} INFO - Dependencies all met for dep_context=requeueable deps ti=<TaskInstance: nyc_fhv_gold.build_gold_metrics manual__2026-04-30T09:05:05.516684+00:00 [queued]>
[2026-04-30T09:10:10.936+0000] {taskinstance.py:2306} INFO - Starting attempt 2 of 2
[2026-04-30T09:10:10.954+0000] {taskinstance.py:2330} INFO - Executing <Task(PythonOperator): build_gold_metrics> on 2026-04-30 09:05:05.516684+00:00
[2026-04-30T09:10:10.962+0000] {warnings.py:110} WARNING - /home/***/.local/lib/python3.12/site-packages/***/task/task_runner/standard_task_runner.py:61: DeprecationWarning: This process (pid=295) is multi-threaded, use of fork() may lead to deadlocks in the child.
  pid = os.fork()

[2026-04-30T09:10:10.964+0000] {standard_task_runner.py:63} INFO - Started process 296 to run task
[2026-04-30T09:10:10.964+0000] {standard_task_runner.py:90} INFO - Running: ['***', 'tasks', 'run', 'nyc_fhv_gold', 'build_gold_metrics', 'manual__2026-04-30T09:05:05.516684+00:00', '--job-id', '35', '--raw', '--subdir', 'DAGS_FOLDER/nyc_fhv_gold.py', '--cfg-path', '/tmp/tmp5h0c85g6']
[2026-04-30T09:10:10.968+0000] {standard_task_runner.py:91} INFO - Job 35: Subtask build_gold_metrics
[2026-04-30T09:10:11.060+0000] {task_command.py:426} INFO - Running <TaskInstance: nyc_fhv_gold.build_gold_metrics manual__2026-04-30T09:05:05.516684+00:00 [running]> on host 129dc407573d
[2026-04-30T09:10:11.170+0000] {taskinstance.py:2648} INFO - Exporting env vars: AIRFLOW_CTX_DAG_OWNER='***' AIRFLOW_CTX_DAG_ID='nyc_fhv_gold' AIRFLOW_CTX_TASK_ID='build_gold_metrics' AIRFLOW_CTX_EXECUTION_DATE='2026-04-30T09:05:05.516684+00:00' AIRFLOW_CTX_TRY_NUMBER='2' AIRFLOW_CTX_DAG_RUN_ID='manual__2026-04-30T09:05:05.516684+00:00'
[2026-04-30T09:10:11.172+0000] {taskinstance.py:430} INFO - ::endgroup::
[2026-04-30T09:10:11.192+0000] {logging_mixin.py:188} INFO - [Gold] Reading from: /opt/***/data/silver/nyc_fhv_base_aggregate_cleaned.json
[2026-04-30T09:10:11.197+0000] {logging_mixin.py:188} INFO - [Gold] Silver records: 0
[2026-04-30T09:10:11.202+0000] {logging_mixin.py:188} INFO - [Gold] Total bases        : 0
[2026-04-30T09:10:11.203+0000] {logging_mixin.py:188} INFO - [Gold] Grand total trips  : 0
[2026-04-30T09:10:11.204+0000] {logging_mixin.py:188} INFO - [Gold] Grand total shared : 0
[2026-04-30T09:10:11.204+0000] {logging_mixin.py:188} INFO - [Gold] Saved to           : /opt/***/data/gold/nyc_fhv_base_aggregate_metrics.json
[2026-04-30T09:10:11.205+0000] {python.py:237} INFO - Done. Returned value was: {'total_bases': 0, 'grand_total_dispatched_trips': 0, 'grand_total_shared_trips': 0, 'total_records_processed': 0}
[2026-04-30T09:10:11.206+0000] {taskinstance.py:441} INFO - ::group::Post task execution logs
[2026-04-30T09:10:11.236+0000] {taskinstance.py:1206} INFO - Marking task as SUCCESS. dag_id=nyc_fhv_gold, task_id=build_gold_metrics, run_id=manual__2026-04-30T09:05:05.516684+00:00, execution_date=20260430T090505, start_date=20260430T091010, end_date=20260430T091011
[2026-04-30T09:10:11.302+0000] {local_task_job_runner.py:240} INFO - Task exited with return code 0
[2026-04-30T09:10:11.335+0000] {taskinstance.py:3498} INFO - 0 downstream tasks scheduled from follow-on schedule check
[2026-04-30T09:10:11.338+0000] {local_task_job_runner.py:222} INFO - ::endgroup::
