[2026-05-02T14:43:30.627+0000] {local_task_job_runner.py:120} INFO - ::group::Pre task execution logs
[2026-05-02T14:43:30.658+0000] {taskinstance.py:2076} INFO - Dependencies all met for dep_context=non-requeueable deps ti=<TaskInstance: nyc_fhv_quality_check.check_null_values manual__2026-05-02T14:43:29.653044+00:00 [queued]>
[2026-05-02T14:43:30.669+0000] {taskinstance.py:2076} INFO - Dependencies all met for dep_context=requeueable deps ti=<TaskInstance: nyc_fhv_quality_check.check_null_values manual__2026-05-02T14:43:29.653044+00:00 [queued]>
[2026-05-02T14:43:30.676+0000] {taskinstance.py:2306} INFO - Starting attempt 1 of 2
[2026-05-02T14:43:30.697+0000] {taskinstance.py:2330} INFO - Executing <Task(PythonOperator): check_null_values> on 2026-05-02 14:43:29.653044+00:00
[2026-05-02T14:43:30.706+0000] {warnings.py:110} WARNING - /home/***/.local/lib/python3.12/site-packages/***/task/task_runner/standard_task_runner.py:61: DeprecationWarning: This process (pid=92) is multi-threaded, use of fork() may lead to deadlocks in the child.
  pid = os.fork()

[2026-05-02T14:43:30.708+0000] {standard_task_runner.py:63} INFO - Started process 95 to run task
[2026-05-02T14:43:30.709+0000] {standard_task_runner.py:90} INFO - Running: ['***', 'tasks', 'run', 'nyc_fhv_quality_check', 'check_null_values', 'manual__2026-05-02T14:43:29.653044+00:00', '--job-id', '46', '--raw', '--subdir', 'DAGS_FOLDER/nyc_fhv_quality_check.py', '--cfg-path', '/tmp/tmpqgd5zt8l']
[2026-05-02T14:43:30.710+0000] {standard_task_runner.py:91} INFO - Job 46: Subtask check_null_values
[2026-05-02T14:43:30.796+0000] {task_command.py:426} INFO - Running <TaskInstance: nyc_fhv_quality_check.check_null_values manual__2026-05-02T14:43:29.653044+00:00 [running]> on host 129dc407573d
[2026-05-02T14:43:30.925+0000] {taskinstance.py:2648} INFO - Exporting env vars: AIRFLOW_CTX_DAG_OWNER='***' AIRFLOW_CTX_DAG_ID='nyc_fhv_quality_check' AIRFLOW_CTX_TASK_ID='check_null_values' AIRFLOW_CTX_EXECUTION_DATE='2026-05-02T14:43:29.653044+00:00' AIRFLOW_CTX_TRY_NUMBER='1' AIRFLOW_CTX_DAG_RUN_ID='manual__2026-05-02T14:43:29.653044+00:00'
[2026-05-02T14:43:30.928+0000] {taskinstance.py:430} INFO - ::endgroup::
[2026-05-02T14:43:31.291+0000] {logging_mixin.py:188} INFO - [QC] WARNING: Column 'base_number' has 50000 null values
[2026-05-02T14:43:31.311+0000] {logging_mixin.py:188} INFO - [QC] Null check report: {'base_number': 50000, 'base_name': 0, 'year': 0, 'month': 0, 'total_dispatched_trips': 0, 'unique_dispatched_vehicles': 0}
[2026-05-02T14:43:31.353+0000] {python.py:237} INFO - Done. Returned value was: {'base_number': 50000, 'base_name': 0, 'year': 0, 'month': 0, 'total_dispatched_trips': 0, 'unique_dispatched_vehicles': 0}
[2026-05-02T14:43:31.354+0000] {taskinstance.py:441} INFO - ::group::Post task execution logs
[2026-05-02T14:43:31.387+0000] {taskinstance.py:1206} INFO - Marking task as SUCCESS. dag_id=nyc_fhv_quality_check, task_id=check_null_values, run_id=manual__2026-05-02T14:43:29.653044+00:00, execution_date=20260502T144329, start_date=20260502T144330, end_date=20260502T144331
[2026-05-02T14:43:31.446+0000] {local_task_job_runner.py:240} INFO - Task exited with return code 0
[2026-05-02T14:43:31.486+0000] {taskinstance.py:3498} INFO - 0 downstream tasks scheduled from follow-on schedule check
[2026-05-02T14:43:31.490+0000] {local_task_job_runner.py:222} INFO - ::endgroup::
