[2026-04-30T09:05:39.906+0000] {local_task_job_runner.py:120} INFO - ::group::Pre task execution logs
[2026-04-30T09:05:40.448+0000] {taskinstance.py:2076} INFO - Dependencies all met for dep_context=non-requeueable deps ti=<TaskInstance: nyc_fhv_quality_check.check_row_count manual__2026-04-30T09:05:37.187291+00:00 [queued]>
[2026-04-30T09:05:40.527+0000] {taskinstance.py:2076} INFO - Dependencies all met for dep_context=requeueable deps ti=<TaskInstance: nyc_fhv_quality_check.check_row_count manual__2026-04-30T09:05:37.187291+00:00 [queued]>
[2026-04-30T09:05:40.535+0000] {taskinstance.py:2306} INFO - Starting attempt 1 of 2
[2026-04-30T09:05:40.626+0000] {taskinstance.py:2330} INFO - Executing <Task(PythonOperator): check_row_count> on 2026-04-30 09:05:37.187291+00:00
[2026-04-30T09:05:40.683+0000] {standard_task_runner.py:90} INFO - Running: ['***', 'tasks', 'run', 'nyc_fhv_quality_check', 'check_row_count', 'manual__2026-04-30T09:05:37.187291+00:00', '--job-id', '12', '--raw', '--subdir', 'DAGS_FOLDER/nyc_fhv_quality_check.py', '--cfg-path', '/tmp/tmp81stfs9s']
[2026-04-30T09:05:40.707+0000] {standard_task_runner.py:91} INFO - Job 12: Subtask check_row_count
[2026-04-30T09:05:40.680+0000] {warnings.py:110} WARNING - /home/***/.local/lib/python3.12/site-packages/***/task/task_runner/standard_task_runner.py:61: DeprecationWarning: This process (pid=194) is multi-threaded, use of fork() may lead to deadlocks in the child.
  pid = os.fork()

[2026-04-30T09:05:40.730+0000] {standard_task_runner.py:63} INFO - Started process 197 to run task
[2026-04-30T09:05:41.064+0000] {task_command.py:426} INFO - Running <TaskInstance: nyc_fhv_quality_check.check_row_count manual__2026-04-30T09:05:37.187291+00:00 [running]> on host 129dc407573d
[2026-04-30T09:05:41.288+0000] {taskinstance.py:2648} INFO - Exporting env vars: AIRFLOW_CTX_DAG_OWNER='***' AIRFLOW_CTX_DAG_ID='nyc_fhv_quality_check' AIRFLOW_CTX_TASK_ID='check_row_count' AIRFLOW_CTX_EXECUTION_DATE='2026-04-30T09:05:37.187291+00:00' AIRFLOW_CTX_TRY_NUMBER='1' AIRFLOW_CTX_DAG_RUN_ID='manual__2026-04-30T09:05:37.187291+00:00'
[2026-04-30T09:05:41.292+0000] {taskinstance.py:430} INFO - ::endgroup::
[2026-04-30T09:05:41.436+0000] {taskinstance.py:441} INFO - ::group::Post task execution logs
[2026-04-30T09:05:41.450+0000] {taskinstance.py:2905} ERROR - Task failed with exception
Traceback (most recent call last):
  File "/home/airflow/.local/lib/python3.12/site-packages/airflow/models/taskinstance.py", line 465, in _execute_task
    result = _execute_callable(context=context, **execute_callable_kwargs)
             ^^^^^^^^^^^^^^^^^^^^^^^^^^^^^^^^^^^^^^^^^^^^^^^^^^^^^^^^^^^^^
  File "/home/airflow/.local/lib/python3.12/site-packages/airflow/models/taskinstance.py", line 432, in _execute_callable
    return execute_callable(context=context, **execute_callable_kwargs)
           ^^^^^^^^^^^^^^^^^^^^^^^^^^^^^^^^^^^^^^^^^^^^^^^^^^^^^^^^^^^^
  File "/home/airflow/.local/lib/python3.12/site-packages/airflow/models/baseoperator.py", line 400, in wrapper
    return func(self, *args, **kwargs)
           ^^^^^^^^^^^^^^^^^^^^^^^^^^^
  File "/home/airflow/.local/lib/python3.12/site-packages/airflow/operators/python.py", line 235, in execute
    return_value = self.execute_callable()
                   ^^^^^^^^^^^^^^^^^^^^^^^
  File "/home/airflow/.local/lib/python3.12/site-packages/airflow/operators/python.py", line 252, in execute_callable
    return self.python_callable(*self.op_args, **self.op_kwargs)
           ^^^^^^^^^^^^^^^^^^^^^^^^^^^^^^^^^^^^^^^^^^^^^^^^^^^^^
  File "/opt/airflow/dags/nyc_fhv_quality_check.py", line 69, in check_row_count
    with open(input_path, "r", encoding="utf-8") as f:
         ^^^^^^^^^^^^^^^^^^^^^^^^^^^^^^^^^^^^^^^
FileNotFoundError: [Errno 2] No such file or directory: '/opt/airflow/data/bronze/nyc_fhv_base_aggregate_raw.json'
[2026-04-30T09:05:41.577+0000] {taskinstance.py:1206} INFO - Marking task as UP_FOR_RETRY. dag_id=nyc_fhv_quality_check, task_id=check_row_count, run_id=manual__2026-04-30T09:05:37.187291+00:00, execution_date=20260430T090537, start_date=20260430T090540, end_date=20260430T090541
[2026-04-30T09:05:41.610+0000] {standard_task_runner.py:110} ERROR - Failed to execute job 12 for task check_row_count ([Errno 2] No such file or directory: '/opt/airflow/data/bronze/nyc_fhv_base_aggregate_raw.json'; 197)
[2026-04-30T09:05:41.698+0000] {local_task_job_runner.py:240} INFO - Task exited with return code 1
[2026-04-30T09:05:41.776+0000] {taskinstance.py:3498} INFO - 0 downstream tasks scheduled from follow-on schedule check
[2026-04-30T09:05:41.801+0000] {local_task_job_runner.py:222} INFO - ::endgroup::
