[2026-04-30T09:10:42.546+0000] {local_task_job_runner.py:120} INFO - ::group::Pre task execution logs
[2026-04-30T09:10:42.577+0000] {taskinstance.py:2076} INFO - Dependencies all met for dep_context=non-requeueable deps ti=<TaskInstance: nyc_fhv_quality_check.check_row_count manual__2026-04-30T09:05:37.187291+00:00 [queued]>
[2026-04-30T09:10:42.592+0000] {taskinstance.py:2076} INFO - Dependencies all met for dep_context=requeueable deps ti=<TaskInstance: nyc_fhv_quality_check.check_row_count manual__2026-04-30T09:05:37.187291+00:00 [queued]>
[2026-04-30T09:10:42.593+0000] {taskinstance.py:2306} INFO - Starting attempt 2 of 2
[2026-04-30T09:10:42.614+0000] {taskinstance.py:2330} INFO - Executing <Task(PythonOperator): check_row_count> on 2026-04-30 09:05:37.187291+00:00
[2026-04-30T09:10:42.623+0000] {warnings.py:110} WARNING - /home/***/.local/lib/python3.12/site-packages/***/task/task_runner/standard_task_runner.py:61: DeprecationWarning: This process (pid=306) is multi-threaded, use of fork() may lead to deadlocks in the child.
  pid = os.fork()

[2026-04-30T09:10:42.625+0000] {standard_task_runner.py:63} INFO - Started process 307 to run task
[2026-04-30T09:10:42.626+0000] {standard_task_runner.py:90} INFO - Running: ['***', 'tasks', 'run', 'nyc_fhv_quality_check', 'check_row_count', 'manual__2026-04-30T09:05:37.187291+00:00', '--job-id', '37', '--raw', '--subdir', 'DAGS_FOLDER/nyc_fhv_quality_check.py', '--cfg-path', '/tmp/tmpl6yju616']
[2026-04-30T09:10:42.628+0000] {standard_task_runner.py:91} INFO - Job 37: Subtask check_row_count
[2026-04-30T09:10:42.723+0000] {task_command.py:426} INFO - Running <TaskInstance: nyc_fhv_quality_check.check_row_count manual__2026-04-30T09:05:37.187291+00:00 [running]> on host 129dc407573d
[2026-04-30T09:10:42.837+0000] {taskinstance.py:2648} INFO - Exporting env vars: AIRFLOW_CTX_DAG_OWNER='***' AIRFLOW_CTX_DAG_ID='nyc_fhv_quality_check' AIRFLOW_CTX_TASK_ID='check_row_count' AIRFLOW_CTX_EXECUTION_DATE='2026-04-30T09:05:37.187291+00:00' AIRFLOW_CTX_TRY_NUMBER='2' AIRFLOW_CTX_DAG_RUN_ID='manual__2026-04-30T09:05:37.187291+00:00'
[2026-04-30T09:10:42.840+0000] {taskinstance.py:430} INFO - ::endgroup::
[2026-04-30T09:10:43.191+0000] {logging_mixin.py:188} INFO - [QC] Row count: 50000 (minimum required: 10)
[2026-04-30T09:10:43.222+0000] {python.py:237} INFO - Done. Returned value was: 50000
[2026-04-30T09:10:43.223+0000] {taskinstance.py:441} INFO - ::group::Post task execution logs
[2026-04-30T09:10:43.245+0000] {taskinstance.py:1206} INFO - Marking task as SUCCESS. dag_id=nyc_fhv_quality_check, task_id=check_row_count, run_id=manual__2026-04-30T09:05:37.187291+00:00, execution_date=20260430T090537, start_date=20260430T091042, end_date=20260430T091043
[2026-04-30T09:10:43.283+0000] {local_task_job_runner.py:240} INFO - Task exited with return code 0
[2026-04-30T09:10:43.316+0000] {taskinstance.py:3498} INFO - 0 downstream tasks scheduled from follow-on schedule check
[2026-04-30T09:10:43.319+0000] {local_task_job_runner.py:222} INFO - ::endgroup::
