[2026-05-02T14:43:18.252+0000] {local_task_job_runner.py:120} INFO - ::group::Pre task execution logs
[2026-05-02T14:43:18.279+0000] {taskinstance.py:2076} INFO - Dependencies all met for dep_context=non-requeueable deps ti=<TaskInstance: nyc_fhv_pipeline.trigger_ingestion scheduled__2026-04-01T00:00:00+00:00 [queued]>
[2026-05-02T14:43:18.291+0000] {taskinstance.py:2076} INFO - Dependencies all met for dep_context=requeueable deps ti=<TaskInstance: nyc_fhv_pipeline.trigger_ingestion scheduled__2026-04-01T00:00:00+00:00 [queued]>
[2026-05-02T14:43:18.292+0000] {taskinstance.py:2306} INFO - Starting attempt 1 of 2
[2026-05-02T14:43:18.310+0000] {taskinstance.py:2330} INFO - Executing <Task(TriggerDagRunOperator): trigger_ingestion> on 2026-04-01 00:00:00+00:00
[2026-05-02T14:43:18.319+0000] {warnings.py:110} WARNING - /home/***/.local/lib/python3.12/site-packages/***/task/task_runner/standard_task_runner.py:61: DeprecationWarning: This process (pid=86) is multi-threaded, use of fork() may lead to deadlocks in the child.
  pid = os.fork()

[2026-05-02T14:43:18.322+0000] {standard_task_runner.py:63} INFO - Started process 87 to run task
[2026-05-02T14:43:18.322+0000] {standard_task_runner.py:90} INFO - Running: ['***', 'tasks', 'run', 'nyc_fhv_pipeline', 'trigger_ingestion', 'scheduled__2026-04-01T00:00:00+00:00', '--job-id', '43', '--raw', '--subdir', 'DAGS_FOLDER/nyc_fhv_pipeline.py', '--cfg-path', '/tmp/tmpatbwjku1']
[2026-05-02T14:43:18.324+0000] {standard_task_runner.py:91} INFO - Job 43: Subtask trigger_ingestion
[2026-05-02T14:43:18.424+0000] {task_command.py:426} INFO - Running <TaskInstance: nyc_fhv_pipeline.trigger_ingestion scheduled__2026-04-01T00:00:00+00:00 [running]> on host 129dc407573d
[2026-05-02T14:43:18.564+0000] {taskinstance.py:2648} INFO - Exporting env vars: AIRFLOW_CTX_DAG_OWNER='***' AIRFLOW_CTX_DAG_ID='nyc_fhv_pipeline' AIRFLOW_CTX_TASK_ID='trigger_ingestion' AIRFLOW_CTX_EXECUTION_DATE='2026-04-01T00:00:00+00:00' AIRFLOW_CTX_TRY_NUMBER='1' AIRFLOW_CTX_DAG_RUN_ID='scheduled__2026-04-01T00:00:00+00:00'
[2026-05-02T14:43:18.566+0000] {taskinstance.py:430} INFO - ::endgroup::
[2026-05-02T14:43:18.713+0000] {trigger_dagrun.py:222} INFO - Waiting for nyc_fhv_ingestion on 2026-05-02 14:43:18.601498+00:00 to become allowed state ['success'] ...
[2026-05-02T14:43:28.720+0000] {trigger_dagrun.py:235} INFO - nyc_fhv_ingestion finished with allowed state success
[2026-05-02T14:43:28.721+0000] {taskinstance.py:441} INFO - ::group::Post task execution logs
[2026-05-02T14:43:28.730+0000] {taskinstance.py:1206} INFO - Marking task as SUCCESS. dag_id=nyc_fhv_pipeline, task_id=trigger_ingestion, run_id=scheduled__2026-04-01T00:00:00+00:00, execution_date=20260401T000000, start_date=20260502T144318, end_date=20260502T144328
[2026-05-02T14:43:28.790+0000] {local_task_job_runner.py:240} INFO - Task exited with return code 0
[2026-05-02T14:43:28.815+0000] {taskinstance.py:3498} INFO - 1 downstream tasks scheduled from follow-on schedule check
[2026-05-02T14:43:28.834+0000] {local_task_job_runner.py:222} INFO - ::endgroup::
