[2026-05-08T19:09:11.203+0000] {local_task_job_runner.py:120} INFO - ::group::Pre task execution logs
[2026-05-08T19:09:11.226+0000] {taskinstance.py:2076} INFO - Dependencies all met for dep_context=non-requeueable deps ti=<TaskInstance: newyork_fhv_pipeline.trigger_ingestion manual__2026-05-08T19:09:09.301231+00:00 [queued]>
[2026-05-08T19:09:11.236+0000] {taskinstance.py:2076} INFO - Dependencies all met for dep_context=requeueable deps ti=<TaskInstance: newyork_fhv_pipeline.trigger_ingestion manual__2026-05-08T19:09:09.301231+00:00 [queued]>
[2026-05-08T19:09:11.238+0000] {taskinstance.py:2306} INFO - Starting attempt 1 of 2
[2026-05-08T19:09:11.253+0000] {taskinstance.py:2330} INFO - Executing <Task(TriggerDagRunOperator): trigger_ingestion> on 2026-05-08 19:09:09.301231+00:00
[2026-05-08T19:09:11.258+0000] {warnings.py:110} WARNING - /home/***/.local/lib/python3.12/site-packages/***/task/task_runner/standard_task_runner.py:61: DeprecationWarning: This process (pid=129) is multi-threaded, use of fork() may lead to deadlocks in the child.
  pid = os.fork()

[2026-05-08T19:09:11.260+0000] {standard_task_runner.py:63} INFO - Started process 130 to run task
[2026-05-08T19:09:11.260+0000] {standard_task_runner.py:90} INFO - Running: ['***', 'tasks', 'run', 'newyork_fhv_pipeline', 'trigger_ingestion', 'manual__2026-05-08T19:09:09.301231+00:00', '--job-id', '39', '--raw', '--subdir', 'DAGS_FOLDER/newyork_fhv_pipeline.py', '--cfg-path', '/tmp/tmpsv95ytad']
[2026-05-08T19:09:11.261+0000] {standard_task_runner.py:91} INFO - Job 39: Subtask trigger_ingestion
[2026-05-08T19:09:11.329+0000] {task_command.py:426} INFO - Running <TaskInstance: newyork_fhv_pipeline.trigger_ingestion manual__2026-05-08T19:09:09.301231+00:00 [running]> on host 2c41721f40ae
[2026-05-08T19:09:11.452+0000] {taskinstance.py:2648} INFO - Exporting env vars: AIRFLOW_CTX_DAG_OWNER='***' AIRFLOW_CTX_DAG_ID='newyork_fhv_pipeline' AIRFLOW_CTX_TASK_ID='trigger_ingestion' AIRFLOW_CTX_EXECUTION_DATE='2026-05-08T19:09:09.301231+00:00' AIRFLOW_CTX_TRY_NUMBER='1' AIRFLOW_CTX_DAG_RUN_ID='manual__2026-05-08T19:09:09.301231+00:00'
[2026-05-08T19:09:11.454+0000] {taskinstance.py:430} INFO - ::endgroup::
[2026-05-08T19:09:11.551+0000] {trigger_dagrun.py:222} INFO - Waiting for newyork_fhv_ingestion on 2026-05-08 19:09:11.470494+00:00 to become allowed state ['success'] ...
[2026-05-08T19:09:21.562+0000] {trigger_dagrun.py:222} INFO - Waiting for newyork_fhv_ingestion on 2026-05-08 19:09:11.470494+00:00 to become allowed state ['success'] ...
[2026-05-08T19:09:31.575+0000] {trigger_dagrun.py:222} INFO - Waiting for newyork_fhv_ingestion on 2026-05-08 19:09:11.470494+00:00 to become allowed state ['success'] ...
[2026-05-08T19:09:41.584+0000] {trigger_dagrun.py:222} INFO - Waiting for newyork_fhv_ingestion on 2026-05-08 19:09:11.470494+00:00 to become allowed state ['success'] ...
[2026-05-08T19:09:51.593+0000] {trigger_dagrun.py:222} INFO - Waiting for newyork_fhv_ingestion on 2026-05-08 19:09:11.470494+00:00 to become allowed state ['success'] ...
[2026-05-08T19:10:01.606+0000] {trigger_dagrun.py:222} INFO - Waiting for newyork_fhv_ingestion on 2026-05-08 19:09:11.470494+00:00 to become allowed state ['success'] ...
[2026-05-08T19:10:11.615+0000] {trigger_dagrun.py:222} INFO - Waiting for newyork_fhv_ingestion on 2026-05-08 19:09:11.470494+00:00 to become allowed state ['success'] ...
[2026-05-08T19:10:21.625+0000] {trigger_dagrun.py:222} INFO - Waiting for newyork_fhv_ingestion on 2026-05-08 19:09:11.470494+00:00 to become allowed state ['success'] ...
[2026-05-08T19:10:31.637+0000] {trigger_dagrun.py:222} INFO - Waiting for newyork_fhv_ingestion on 2026-05-08 19:09:11.470494+00:00 to become allowed state ['success'] ...
[2026-05-08T19:10:41.650+0000] {trigger_dagrun.py:222} INFO - Waiting for newyork_fhv_ingestion on 2026-05-08 19:09:11.470494+00:00 to become allowed state ['success'] ...
[2026-05-08T19:10:51.657+0000] {trigger_dagrun.py:222} INFO - Waiting for newyork_fhv_ingestion on 2026-05-08 19:09:11.470494+00:00 to become allowed state ['success'] ...
[2026-05-08T19:11:01.670+0000] {trigger_dagrun.py:222} INFO - Waiting for newyork_fhv_ingestion on 2026-05-08 19:09:11.470494+00:00 to become allowed state ['success'] ...
[2026-05-08T19:11:11.680+0000] {trigger_dagrun.py:222} INFO - Waiting for newyork_fhv_ingestion on 2026-05-08 19:09:11.470494+00:00 to become allowed state ['success'] ...
[2026-05-08T19:11:21.688+0000] {trigger_dagrun.py:222} INFO - Waiting for newyork_fhv_ingestion on 2026-05-08 19:09:11.470494+00:00 to become allowed state ['success'] ...
[2026-05-08T19:11:31.701+0000] {trigger_dagrun.py:222} INFO - Waiting for newyork_fhv_ingestion on 2026-05-08 19:09:11.470494+00:00 to become allowed state ['success'] ...
[2026-05-08T19:11:41.712+0000] {trigger_dagrun.py:222} INFO - Waiting for newyork_fhv_ingestion on 2026-05-08 19:09:11.470494+00:00 to become allowed state ['success'] ...
[2026-05-08T19:11:51.720+0000] {trigger_dagrun.py:222} INFO - Waiting for newyork_fhv_ingestion on 2026-05-08 19:09:11.470494+00:00 to become allowed state ['success'] ...
[2026-05-08T19:12:01.730+0000] {trigger_dagrun.py:222} INFO - Waiting for newyork_fhv_ingestion on 2026-05-08 19:09:11.470494+00:00 to become allowed state ['success'] ...
[2026-05-08T19:12:11.737+0000] {trigger_dagrun.py:222} INFO - Waiting for newyork_fhv_ingestion on 2026-05-08 19:09:11.470494+00:00 to become allowed state ['success'] ...
[2026-05-08T19:12:21.744+0000] {trigger_dagrun.py:222} INFO - Waiting for newyork_fhv_ingestion on 2026-05-08 19:09:11.470494+00:00 to become allowed state ['success'] ...
[2026-05-08T19:12:31.752+0000] {trigger_dagrun.py:222} INFO - Waiting for newyork_fhv_ingestion on 2026-05-08 19:09:11.470494+00:00 to become allowed state ['success'] ...
[2026-05-08T19:12:41.763+0000] {trigger_dagrun.py:222} INFO - Waiting for newyork_fhv_ingestion on 2026-05-08 19:09:11.470494+00:00 to become allowed state ['success'] ...
[2026-05-08T19:12:51.773+0000] {trigger_dagrun.py:222} INFO - Waiting for newyork_fhv_ingestion on 2026-05-08 19:09:11.470494+00:00 to become allowed state ['success'] ...
[2026-05-08T19:13:01.785+0000] {trigger_dagrun.py:222} INFO - Waiting for newyork_fhv_ingestion on 2026-05-08 19:09:11.470494+00:00 to become allowed state ['success'] ...
[2026-05-08T19:13:11.797+0000] {trigger_dagrun.py:222} INFO - Waiting for newyork_fhv_ingestion on 2026-05-08 19:09:11.470494+00:00 to become allowed state ['success'] ...
[2026-05-08T19:13:21.803+0000] {trigger_dagrun.py:222} INFO - Waiting for newyork_fhv_ingestion on 2026-05-08 19:09:11.470494+00:00 to become allowed state ['success'] ...
[2026-05-08T19:13:31.813+0000] {trigger_dagrun.py:222} INFO - Waiting for newyork_fhv_ingestion on 2026-05-08 19:09:11.470494+00:00 to become allowed state ['success'] ...
[2026-05-08T19:13:41.825+0000] {trigger_dagrun.py:222} INFO - Waiting for newyork_fhv_ingestion on 2026-05-08 19:09:11.470494+00:00 to become allowed state ['success'] ...
[2026-05-08T19:13:51.832+0000] {trigger_dagrun.py:222} INFO - Waiting for newyork_fhv_ingestion on 2026-05-08 19:09:11.470494+00:00 to become allowed state ['success'] ...
[2026-05-08T19:14:01.842+0000] {trigger_dagrun.py:222} INFO - Waiting for newyork_fhv_ingestion on 2026-05-08 19:09:11.470494+00:00 to become allowed state ['success'] ...
[2026-05-08T19:14:11.851+0000] {trigger_dagrun.py:222} INFO - Waiting for newyork_fhv_ingestion on 2026-05-08 19:09:11.470494+00:00 to become allowed state ['success'] ...
[2026-05-08T19:14:21.858+0000] {trigger_dagrun.py:222} INFO - Waiting for newyork_fhv_ingestion on 2026-05-08 19:09:11.470494+00:00 to become allowed state ['success'] ...
[2026-05-08T19:14:31.870+0000] {trigger_dagrun.py:222} INFO - Waiting for newyork_fhv_ingestion on 2026-05-08 19:09:11.470494+00:00 to become allowed state ['success'] ...
[2026-05-08T19:14:41.880+0000] {trigger_dagrun.py:222} INFO - Waiting for newyork_fhv_ingestion on 2026-05-08 19:09:11.470494+00:00 to become allowed state ['success'] ...
[2026-05-08T19:14:51.891+0000] {trigger_dagrun.py:222} INFO - Waiting for newyork_fhv_ingestion on 2026-05-08 19:09:11.470494+00:00 to become allowed state ['success'] ...
[2026-05-08T19:15:01.905+0000] {trigger_dagrun.py:222} INFO - Waiting for newyork_fhv_ingestion on 2026-05-08 19:09:11.470494+00:00 to become allowed state ['success'] ...
[2026-05-08T19:15:11.916+0000] {trigger_dagrun.py:222} INFO - Waiting for newyork_fhv_ingestion on 2026-05-08 19:09:11.470494+00:00 to become allowed state ['success'] ...
[2026-05-08T19:15:21.927+0000] {trigger_dagrun.py:222} INFO - Waiting for newyork_fhv_ingestion on 2026-05-08 19:09:11.470494+00:00 to become allowed state ['success'] ...
[2026-05-08T19:15:31.936+0000] {trigger_dagrun.py:222} INFO - Waiting for newyork_fhv_ingestion on 2026-05-08 19:09:11.470494+00:00 to become allowed state ['success'] ...
[2026-05-08T19:15:41.952+0000] {trigger_dagrun.py:222} INFO - Waiting for newyork_fhv_ingestion on 2026-05-08 19:09:11.470494+00:00 to become allowed state ['success'] ...
[2026-05-08T19:15:51.960+0000] {trigger_dagrun.py:222} INFO - Waiting for newyork_fhv_ingestion on 2026-05-08 19:09:11.470494+00:00 to become allowed state ['success'] ...
[2026-05-08T19:16:01.976+0000] {trigger_dagrun.py:222} INFO - Waiting for newyork_fhv_ingestion on 2026-05-08 19:09:11.470494+00:00 to become allowed state ['success'] ...
[2026-05-08T19:16:11.990+0000] {trigger_dagrun.py:222} INFO - Waiting for newyork_fhv_ingestion on 2026-05-08 19:09:11.470494+00:00 to become allowed state ['success'] ...
[2026-05-08T19:16:21.996+0000] {trigger_dagrun.py:222} INFO - Waiting for newyork_fhv_ingestion on 2026-05-08 19:09:11.470494+00:00 to become allowed state ['success'] ...
[2026-05-08T19:16:32.008+0000] {trigger_dagrun.py:222} INFO - Waiting for newyork_fhv_ingestion on 2026-05-08 19:09:11.470494+00:00 to become allowed state ['success'] ...
[2026-05-08T19:16:42.026+0000] {trigger_dagrun.py:222} INFO - Waiting for newyork_fhv_ingestion on 2026-05-08 19:09:11.470494+00:00 to become allowed state ['success'] ...
[2026-05-08T19:16:52.038+0000] {trigger_dagrun.py:222} INFO - Waiting for newyork_fhv_ingestion on 2026-05-08 19:09:11.470494+00:00 to become allowed state ['success'] ...
[2026-05-08T19:17:02.046+0000] {trigger_dagrun.py:222} INFO - Waiting for newyork_fhv_ingestion on 2026-05-08 19:09:11.470494+00:00 to become allowed state ['success'] ...
[2026-05-08T19:17:12.055+0000] {trigger_dagrun.py:222} INFO - Waiting for newyork_fhv_ingestion on 2026-05-08 19:09:11.470494+00:00 to become allowed state ['success'] ...
[2026-05-08T19:17:22.061+0000] {trigger_dagrun.py:222} INFO - Waiting for newyork_fhv_ingestion on 2026-05-08 19:09:11.470494+00:00 to become allowed state ['success'] ...
[2026-05-08T19:17:32.069+0000] {trigger_dagrun.py:222} INFO - Waiting for newyork_fhv_ingestion on 2026-05-08 19:09:11.470494+00:00 to become allowed state ['success'] ...
[2026-05-08T19:17:42.081+0000] {trigger_dagrun.py:222} INFO - Waiting for newyork_fhv_ingestion on 2026-05-08 19:09:11.470494+00:00 to become allowed state ['success'] ...
[2026-05-08T19:17:52.092+0000] {trigger_dagrun.py:222} INFO - Waiting for newyork_fhv_ingestion on 2026-05-08 19:09:11.470494+00:00 to become allowed state ['success'] ...
[2026-05-08T19:18:02.100+0000] {trigger_dagrun.py:222} INFO - Waiting for newyork_fhv_ingestion on 2026-05-08 19:09:11.470494+00:00 to become allowed state ['success'] ...
[2026-05-08T19:18:12.108+0000] {trigger_dagrun.py:222} INFO - Waiting for newyork_fhv_ingestion on 2026-05-08 19:09:11.470494+00:00 to become allowed state ['success'] ...
[2026-05-08T19:18:22.122+0000] {trigger_dagrun.py:222} INFO - Waiting for newyork_fhv_ingestion on 2026-05-08 19:09:11.470494+00:00 to become allowed state ['success'] ...
[2026-05-08T19:18:32.136+0000] {trigger_dagrun.py:222} INFO - Waiting for newyork_fhv_ingestion on 2026-05-08 19:09:11.470494+00:00 to become allowed state ['success'] ...
[2026-05-08T19:18:42.147+0000] {trigger_dagrun.py:222} INFO - Waiting for newyork_fhv_ingestion on 2026-05-08 19:09:11.470494+00:00 to become allowed state ['success'] ...
[2026-05-08T19:18:52.154+0000] {trigger_dagrun.py:222} INFO - Waiting for newyork_fhv_ingestion on 2026-05-08 19:09:11.470494+00:00 to become allowed state ['success'] ...
[2026-05-08T19:19:02.167+0000] {trigger_dagrun.py:222} INFO - Waiting for newyork_fhv_ingestion on 2026-05-08 19:09:11.470494+00:00 to become allowed state ['success'] ...
[2026-05-08T19:19:12.179+0000] {trigger_dagrun.py:222} INFO - Waiting for newyork_fhv_ingestion on 2026-05-08 19:09:11.470494+00:00 to become allowed state ['success'] ...
[2026-05-08T19:19:22.189+0000] {trigger_dagrun.py:222} INFO - Waiting for newyork_fhv_ingestion on 2026-05-08 19:09:11.470494+00:00 to become allowed state ['success'] ...
[2026-05-08T19:19:32.198+0000] {trigger_dagrun.py:222} INFO - Waiting for newyork_fhv_ingestion on 2026-05-08 19:09:11.470494+00:00 to become allowed state ['success'] ...
[2026-05-08T19:19:42.206+0000] {trigger_dagrun.py:222} INFO - Waiting for newyork_fhv_ingestion on 2026-05-08 19:09:11.470494+00:00 to become allowed state ['success'] ...
[2026-05-08T19:19:52.212+0000] {trigger_dagrun.py:222} INFO - Waiting for newyork_fhv_ingestion on 2026-05-08 19:09:11.470494+00:00 to become allowed state ['success'] ...
[2026-05-08T19:20:02.221+0000] {trigger_dagrun.py:222} INFO - Waiting for newyork_fhv_ingestion on 2026-05-08 19:09:11.470494+00:00 to become allowed state ['success'] ...
[2026-05-08T19:20:12.235+0000] {trigger_dagrun.py:222} INFO - Waiting for newyork_fhv_ingestion on 2026-05-08 19:09:11.470494+00:00 to become allowed state ['success'] ...
[2026-05-08T19:20:22.243+0000] {trigger_dagrun.py:222} INFO - Waiting for newyork_fhv_ingestion on 2026-05-08 19:09:11.470494+00:00 to become allowed state ['success'] ...
[2026-05-08T19:20:32.255+0000] {trigger_dagrun.py:222} INFO - Waiting for newyork_fhv_ingestion on 2026-05-08 19:09:11.470494+00:00 to become allowed state ['success'] ...
[2026-05-08T19:20:42.263+0000] {trigger_dagrun.py:222} INFO - Waiting for newyork_fhv_ingestion on 2026-05-08 19:09:11.470494+00:00 to become allowed state ['success'] ...
[2026-05-08T19:20:52.270+0000] {trigger_dagrun.py:222} INFO - Waiting for newyork_fhv_ingestion on 2026-05-08 19:09:11.470494+00:00 to become allowed state ['success'] ...
[2026-05-08T19:21:02.282+0000] {trigger_dagrun.py:222} INFO - Waiting for newyork_fhv_ingestion on 2026-05-08 19:09:11.470494+00:00 to become allowed state ['success'] ...
[2026-05-08T19:21:12.295+0000] {trigger_dagrun.py:222} INFO - Waiting for newyork_fhv_ingestion on 2026-05-08 19:09:11.470494+00:00 to become allowed state ['success'] ...
[2026-05-08T19:21:22.303+0000] {trigger_dagrun.py:222} INFO - Waiting for newyork_fhv_ingestion on 2026-05-08 19:09:11.470494+00:00 to become allowed state ['success'] ...
[2026-05-08T19:21:32.315+0000] {trigger_dagrun.py:222} INFO - Waiting for newyork_fhv_ingestion on 2026-05-08 19:09:11.470494+00:00 to become allowed state ['success'] ...
[2026-05-08T19:21:42.329+0000] {trigger_dagrun.py:222} INFO - Waiting for newyork_fhv_ingestion on 2026-05-08 19:09:11.470494+00:00 to become allowed state ['success'] ...
[2026-05-08T19:21:52.337+0000] {trigger_dagrun.py:222} INFO - Waiting for newyork_fhv_ingestion on 2026-05-08 19:09:11.470494+00:00 to become allowed state ['success'] ...
[2026-05-08T19:22:02.349+0000] {trigger_dagrun.py:222} INFO - Waiting for newyork_fhv_ingestion on 2026-05-08 19:09:11.470494+00:00 to become allowed state ['success'] ...
[2026-05-08T19:22:12.377+0000] {trigger_dagrun.py:222} INFO - Waiting for newyork_fhv_ingestion on 2026-05-08 19:09:11.470494+00:00 to become allowed state ['success'] ...
[2026-05-08T19:22:22.383+0000] {trigger_dagrun.py:222} INFO - Waiting for newyork_fhv_ingestion on 2026-05-08 19:09:11.470494+00:00 to become allowed state ['success'] ...
[2026-05-08T19:22:32.396+0000] {trigger_dagrun.py:222} INFO - Waiting for newyork_fhv_ingestion on 2026-05-08 19:09:11.470494+00:00 to become allowed state ['success'] ...
[2026-05-08T19:22:42.404+0000] {trigger_dagrun.py:222} INFO - Waiting for newyork_fhv_ingestion on 2026-05-08 19:09:11.470494+00:00 to become allowed state ['success'] ...
[2026-05-08T19:22:52.413+0000] {trigger_dagrun.py:222} INFO - Waiting for newyork_fhv_ingestion on 2026-05-08 19:09:11.470494+00:00 to become allowed state ['success'] ...
[2026-05-08T19:23:02.421+0000] {trigger_dagrun.py:222} INFO - Waiting for newyork_fhv_ingestion on 2026-05-08 19:09:11.470494+00:00 to become allowed state ['success'] ...
[2026-05-08T19:23:12.431+0000] {trigger_dagrun.py:222} INFO - Waiting for newyork_fhv_ingestion on 2026-05-08 19:09:11.470494+00:00 to become allowed state ['success'] ...
[2026-05-08T19:23:22.437+0000] {trigger_dagrun.py:222} INFO - Waiting for newyork_fhv_ingestion on 2026-05-08 19:09:11.470494+00:00 to become allowed state ['success'] ...
[2026-05-08T19:23:32.448+0000] {trigger_dagrun.py:222} INFO - Waiting for newyork_fhv_ingestion on 2026-05-08 19:09:11.470494+00:00 to become allowed state ['success'] ...
[2026-05-08T19:23:42.463+0000] {trigger_dagrun.py:222} INFO - Waiting for newyork_fhv_ingestion on 2026-05-08 19:09:11.470494+00:00 to become allowed state ['success'] ...
[2026-05-08T19:23:52.476+0000] {trigger_dagrun.py:222} INFO - Waiting for newyork_fhv_ingestion on 2026-05-08 19:09:11.470494+00:00 to become allowed state ['success'] ...
[2026-05-08T19:24:02.485+0000] {trigger_dagrun.py:222} INFO - Waiting for newyork_fhv_ingestion on 2026-05-08 19:09:11.470494+00:00 to become allowed state ['success'] ...
[2026-05-08T19:24:12.495+0000] {trigger_dagrun.py:222} INFO - Waiting for newyork_fhv_ingestion on 2026-05-08 19:09:11.470494+00:00 to become allowed state ['success'] ...
[2026-05-08T19:24:22.501+0000] {trigger_dagrun.py:222} INFO - Waiting for newyork_fhv_ingestion on 2026-05-08 19:09:11.470494+00:00 to become allowed state ['success'] ...
[2026-05-08T19:24:32.509+0000] {trigger_dagrun.py:222} INFO - Waiting for newyork_fhv_ingestion on 2026-05-08 19:09:11.470494+00:00 to become allowed state ['success'] ...
[2026-05-08T19:24:42.517+0000] {trigger_dagrun.py:222} INFO - Waiting for newyork_fhv_ingestion on 2026-05-08 19:09:11.470494+00:00 to become allowed state ['success'] ...
[2026-05-08T19:24:52.524+0000] {trigger_dagrun.py:222} INFO - Waiting for newyork_fhv_ingestion on 2026-05-08 19:09:11.470494+00:00 to become allowed state ['success'] ...
[2026-05-08T19:25:02.536+0000] {trigger_dagrun.py:222} INFO - Waiting for newyork_fhv_ingestion on 2026-05-08 19:09:11.470494+00:00 to become allowed state ['success'] ...
[2026-05-08T19:25:12.546+0000] {trigger_dagrun.py:222} INFO - Waiting for newyork_fhv_ingestion on 2026-05-08 19:09:11.470494+00:00 to become allowed state ['success'] ...
[2026-05-08T19:25:22.552+0000] {trigger_dagrun.py:222} INFO - Waiting for newyork_fhv_ingestion on 2026-05-08 19:09:11.470494+00:00 to become allowed state ['success'] ...
[2026-05-08T19:25:32.563+0000] {trigger_dagrun.py:222} INFO - Waiting for newyork_fhv_ingestion on 2026-05-08 19:09:11.470494+00:00 to become allowed state ['success'] ...
[2026-05-08T19:25:42.577+0000] {trigger_dagrun.py:222} INFO - Waiting for newyork_fhv_ingestion on 2026-05-08 19:09:11.470494+00:00 to become allowed state ['success'] ...
[2026-05-08T19:25:52.588+0000] {trigger_dagrun.py:222} INFO - Waiting for newyork_fhv_ingestion on 2026-05-08 19:09:11.470494+00:00 to become allowed state ['success'] ...
[2026-05-08T19:26:02.596+0000] {trigger_dagrun.py:222} INFO - Waiting for newyork_fhv_ingestion on 2026-05-08 19:09:11.470494+00:00 to become allowed state ['success'] ...
[2026-05-08T19:26:12.603+0000] {trigger_dagrun.py:222} INFO - Waiting for newyork_fhv_ingestion on 2026-05-08 19:09:11.470494+00:00 to become allowed state ['success'] ...
[2026-05-08T19:26:22.615+0000] {trigger_dagrun.py:222} INFO - Waiting for newyork_fhv_ingestion on 2026-05-08 19:09:11.470494+00:00 to become allowed state ['success'] ...
[2026-05-08T19:26:32.630+0000] {trigger_dagrun.py:222} INFO - Waiting for newyork_fhv_ingestion on 2026-05-08 19:09:11.470494+00:00 to become allowed state ['success'] ...
[2026-05-08T19:26:42.643+0000] {trigger_dagrun.py:222} INFO - Waiting for newyork_fhv_ingestion on 2026-05-08 19:09:11.470494+00:00 to become allowed state ['success'] ...
[2026-05-08T19:26:52.655+0000] {trigger_dagrun.py:222} INFO - Waiting for newyork_fhv_ingestion on 2026-05-08 19:09:11.470494+00:00 to become allowed state ['success'] ...
[2026-05-08T19:27:02.667+0000] {trigger_dagrun.py:222} INFO - Waiting for newyork_fhv_ingestion on 2026-05-08 19:09:11.470494+00:00 to become allowed state ['success'] ...
[2026-05-08T19:27:12.677+0000] {trigger_dagrun.py:222} INFO - Waiting for newyork_fhv_ingestion on 2026-05-08 19:09:11.470494+00:00 to become allowed state ['success'] ...
[2026-05-08T19:27:22.687+0000] {trigger_dagrun.py:222} INFO - Waiting for newyork_fhv_ingestion on 2026-05-08 19:09:11.470494+00:00 to become allowed state ['success'] ...
[2026-05-08T19:27:32.697+0000] {trigger_dagrun.py:222} INFO - Waiting for newyork_fhv_ingestion on 2026-05-08 19:09:11.470494+00:00 to become allowed state ['success'] ...
[2026-05-08T19:27:42.705+0000] {trigger_dagrun.py:222} INFO - Waiting for newyork_fhv_ingestion on 2026-05-08 19:09:11.470494+00:00 to become allowed state ['success'] ...
[2026-05-08T19:27:52.715+0000] {trigger_dagrun.py:222} INFO - Waiting for newyork_fhv_ingestion on 2026-05-08 19:09:11.470494+00:00 to become allowed state ['success'] ...
[2026-05-08T19:28:02.725+0000] {trigger_dagrun.py:222} INFO - Waiting for newyork_fhv_ingestion on 2026-05-08 19:09:11.470494+00:00 to become allowed state ['success'] ...
[2026-05-08T19:28:12.735+0000] {trigger_dagrun.py:222} INFO - Waiting for newyork_fhv_ingestion on 2026-05-08 19:09:11.470494+00:00 to become allowed state ['success'] ...
[2026-05-08T19:28:22.746+0000] {trigger_dagrun.py:222} INFO - Waiting for newyork_fhv_ingestion on 2026-05-08 19:09:11.470494+00:00 to become allowed state ['success'] ...
[2026-05-08T19:28:32.761+0000] {trigger_dagrun.py:222} INFO - Waiting for newyork_fhv_ingestion on 2026-05-08 19:09:11.470494+00:00 to become allowed state ['success'] ...
[2026-05-08T19:28:42.769+0000] {trigger_dagrun.py:222} INFO - Waiting for newyork_fhv_ingestion on 2026-05-08 19:09:11.470494+00:00 to become allowed state ['success'] ...
[2026-05-08T19:28:52.779+0000] {trigger_dagrun.py:222} INFO - Waiting for newyork_fhv_ingestion on 2026-05-08 19:09:11.470494+00:00 to become allowed state ['success'] ...
[2026-05-08T19:29:02.786+0000] {trigger_dagrun.py:222} INFO - Waiting for newyork_fhv_ingestion on 2026-05-08 19:09:11.470494+00:00 to become allowed state ['success'] ...
[2026-05-08T19:29:12.800+0000] {trigger_dagrun.py:222} INFO - Waiting for newyork_fhv_ingestion on 2026-05-08 19:09:11.470494+00:00 to become allowed state ['success'] ...
[2026-05-08T19:29:22.807+0000] {trigger_dagrun.py:222} INFO - Waiting for newyork_fhv_ingestion on 2026-05-08 19:09:11.470494+00:00 to become allowed state ['success'] ...
[2026-05-08T19:29:32.814+0000] {trigger_dagrun.py:222} INFO - Waiting for newyork_fhv_ingestion on 2026-05-08 19:09:11.470494+00:00 to become allowed state ['success'] ...
[2026-05-08T19:29:42.822+0000] {trigger_dagrun.py:222} INFO - Waiting for newyork_fhv_ingestion on 2026-05-08 19:09:11.470494+00:00 to become allowed state ['success'] ...
[2026-05-08T19:29:52.836+0000] {trigger_dagrun.py:222} INFO - Waiting for newyork_fhv_ingestion on 2026-05-08 19:09:11.470494+00:00 to become allowed state ['success'] ...
[2026-05-08T19:30:02.849+0000] {trigger_dagrun.py:222} INFO - Waiting for newyork_fhv_ingestion on 2026-05-08 19:09:11.470494+00:00 to become allowed state ['success'] ...
[2026-05-08T19:30:12.858+0000] {trigger_dagrun.py:222} INFO - Waiting for newyork_fhv_ingestion on 2026-05-08 19:09:11.470494+00:00 to become allowed state ['success'] ...
[2026-05-08T19:30:22.866+0000] {trigger_dagrun.py:222} INFO - Waiting for newyork_fhv_ingestion on 2026-05-08 19:09:11.470494+00:00 to become allowed state ['success'] ...
[2026-05-08T19:30:32.875+0000] {trigger_dagrun.py:222} INFO - Waiting for newyork_fhv_ingestion on 2026-05-08 19:09:11.470494+00:00 to become allowed state ['success'] ...
[2026-05-08T19:30:42.884+0000] {trigger_dagrun.py:222} INFO - Waiting for newyork_fhv_ingestion on 2026-05-08 19:09:11.470494+00:00 to become allowed state ['success'] ...
[2026-05-08T19:30:52.894+0000] {trigger_dagrun.py:222} INFO - Waiting for newyork_fhv_ingestion on 2026-05-08 19:09:11.470494+00:00 to become allowed state ['success'] ...
[2026-05-08T19:31:02.909+0000] {trigger_dagrun.py:222} INFO - Waiting for newyork_fhv_ingestion on 2026-05-08 19:09:11.470494+00:00 to become allowed state ['success'] ...
[2026-05-08T19:31:12.921+0000] {trigger_dagrun.py:222} INFO - Waiting for newyork_fhv_ingestion on 2026-05-08 19:09:11.470494+00:00 to become allowed state ['success'] ...
[2026-05-08T19:31:22.926+0000] {trigger_dagrun.py:222} INFO - Waiting for newyork_fhv_ingestion on 2026-05-08 19:09:11.470494+00:00 to become allowed state ['success'] ...
[2026-05-08T19:31:32.939+0000] {trigger_dagrun.py:222} INFO - Waiting for newyork_fhv_ingestion on 2026-05-08 19:09:11.470494+00:00 to become allowed state ['success'] ...
[2026-05-08T19:31:42.946+0000] {trigger_dagrun.py:222} INFO - Waiting for newyork_fhv_ingestion on 2026-05-08 19:09:11.470494+00:00 to become allowed state ['success'] ...
[2026-05-08T19:31:52.953+0000] {trigger_dagrun.py:222} INFO - Waiting for newyork_fhv_ingestion on 2026-05-08 19:09:11.470494+00:00 to become allowed state ['success'] ...
[2026-05-08T19:32:02.965+0000] {trigger_dagrun.py:222} INFO - Waiting for newyork_fhv_ingestion on 2026-05-08 19:09:11.470494+00:00 to become allowed state ['success'] ...
[2026-05-08T19:32:12.978+0000] {trigger_dagrun.py:222} INFO - Waiting for newyork_fhv_ingestion on 2026-05-08 19:09:11.470494+00:00 to become allowed state ['success'] ...
[2026-05-08T19:32:22.988+0000] {trigger_dagrun.py:222} INFO - Waiting for newyork_fhv_ingestion on 2026-05-08 19:09:11.470494+00:00 to become allowed state ['success'] ...
[2026-05-08T19:32:32.996+0000] {trigger_dagrun.py:222} INFO - Waiting for newyork_fhv_ingestion on 2026-05-08 19:09:11.470494+00:00 to become allowed state ['success'] ...
[2026-05-08T19:32:43.008+0000] {trigger_dagrun.py:222} INFO - Waiting for newyork_fhv_ingestion on 2026-05-08 19:09:11.470494+00:00 to become allowed state ['success'] ...
[2026-05-08T19:32:53.017+0000] {trigger_dagrun.py:222} INFO - Waiting for newyork_fhv_ingestion on 2026-05-08 19:09:11.470494+00:00 to become allowed state ['success'] ...
[2026-05-08T19:33:03.029+0000] {trigger_dagrun.py:222} INFO - Waiting for newyork_fhv_ingestion on 2026-05-08 19:09:11.470494+00:00 to become allowed state ['success'] ...
[2026-05-08T19:33:13.036+0000] {trigger_dagrun.py:222} INFO - Waiting for newyork_fhv_ingestion on 2026-05-08 19:09:11.470494+00:00 to become allowed state ['success'] ...
[2026-05-08T19:33:23.043+0000] {trigger_dagrun.py:222} INFO - Waiting for newyork_fhv_ingestion on 2026-05-08 19:09:11.470494+00:00 to become allowed state ['success'] ...
[2026-05-08T19:33:33.053+0000] {trigger_dagrun.py:222} INFO - Waiting for newyork_fhv_ingestion on 2026-05-08 19:09:11.470494+00:00 to become allowed state ['success'] ...
[2026-05-08T19:33:43.066+0000] {trigger_dagrun.py:222} INFO - Waiting for newyork_fhv_ingestion on 2026-05-08 19:09:11.470494+00:00 to become allowed state ['success'] ...
[2026-05-08T19:33:53.071+0000] {trigger_dagrun.py:222} INFO - Waiting for newyork_fhv_ingestion on 2026-05-08 19:09:11.470494+00:00 to become allowed state ['success'] ...
[2026-05-08T19:34:03.078+0000] {trigger_dagrun.py:222} INFO - Waiting for newyork_fhv_ingestion on 2026-05-08 19:09:11.470494+00:00 to become allowed state ['success'] ...
[2026-05-08T19:34:13.093+0000] {trigger_dagrun.py:222} INFO - Waiting for newyork_fhv_ingestion on 2026-05-08 19:09:11.470494+00:00 to become allowed state ['success'] ...
[2026-05-08T19:34:23.103+0000] {trigger_dagrun.py:222} INFO - Waiting for newyork_fhv_ingestion on 2026-05-08 19:09:11.470494+00:00 to become allowed state ['success'] ...
[2026-05-08T19:34:33.110+0000] {trigger_dagrun.py:222} INFO - Waiting for newyork_fhv_ingestion on 2026-05-08 19:09:11.470494+00:00 to become allowed state ['success'] ...
[2026-05-08T19:34:43.127+0000] {trigger_dagrun.py:235} INFO - newyork_fhv_ingestion finished with allowed state success
[2026-05-08T19:34:43.129+0000] {taskinstance.py:441} INFO - ::group::Post task execution logs
[2026-05-08T19:34:43.151+0000] {taskinstance.py:1206} INFO - Marking task as SUCCESS. dag_id=newyork_fhv_pipeline, task_id=trigger_ingestion, run_id=manual__2026-05-08T19:09:09.301231+00:00, execution_date=20260508T190909, start_date=20260508T190911, end_date=20260508T193443
[2026-05-08T19:34:43.239+0000] {local_task_job_runner.py:240} INFO - Task exited with return code 0
[2026-05-08T19:34:43.282+0000] {taskinstance.py:3498} INFO - 1 downstream tasks scheduled from follow-on schedule check
[2026-05-08T19:34:43.285+0000] {local_task_job_runner.py:222} INFO - ::endgroup::
