[2026-05-08T19:38:28.494+0000] {local_task_job_runner.py:120} INFO - ::group::Pre task execution logs
[2026-05-08T19:38:28.516+0000] {taskinstance.py:2076} INFO - Dependencies all met for dep_context=non-requeueable deps ti=<TaskInstance: newyork_fhv_gold.build_gold_metrics manual__2026-05-08T19:38:27.672894+00:00 [queued]>
[2026-05-08T19:38:28.522+0000] {taskinstance.py:2076} INFO - Dependencies all met for dep_context=requeueable deps ti=<TaskInstance: newyork_fhv_gold.build_gold_metrics manual__2026-05-08T19:38:27.672894+00:00 [queued]>
[2026-05-08T19:38:28.523+0000] {taskinstance.py:2306} INFO - Starting attempt 1 of 2
[2026-05-08T19:38:28.540+0000] {taskinstance.py:2330} INFO - Executing <Task(PythonOperator): build_gold_metrics> on 2026-05-08 19:38:27.672894+00:00
[2026-05-08T19:38:28.551+0000] {warnings.py:110} WARNING - /home/***/.local/lib/python3.12/site-packages/***/task/task_runner/standard_task_runner.py:61: DeprecationWarning: This process (pid=574) is multi-threaded, use of fork() may lead to deadlocks in the child.
  pid = os.fork()

[2026-05-08T19:38:28.554+0000] {standard_task_runner.py:63} INFO - Started process 575 to run task
[2026-05-08T19:38:28.553+0000] {standard_task_runner.py:90} INFO - Running: ['***', 'tasks', 'run', 'newyork_fhv_gold', 'build_gold_metrics', 'manual__2026-05-08T19:38:27.672894+00:00', '--job-id', '70', '--raw', '--subdir', 'DAGS_FOLDER/newyork_fhv_gold.py', '--cfg-path', '/tmp/tmp_sh8dy5m']
[2026-05-08T19:38:28.557+0000] {standard_task_runner.py:91} INFO - Job 70: Subtask build_gold_metrics
[2026-05-08T19:38:28.657+0000] {task_command.py:426} INFO - Running <TaskInstance: newyork_fhv_gold.build_gold_metrics manual__2026-05-08T19:38:27.672894+00:00 [running]> on host 2c41721f40ae
[2026-05-08T19:38:28.778+0000] {taskinstance.py:2648} INFO - Exporting env vars: AIRFLOW_CTX_DAG_OWNER='***' AIRFLOW_CTX_DAG_ID='newyork_fhv_gold' AIRFLOW_CTX_TASK_ID='build_gold_metrics' AIRFLOW_CTX_EXECUTION_DATE='2026-05-08T19:38:27.672894+00:00' AIRFLOW_CTX_TRY_NUMBER='1' AIRFLOW_CTX_DAG_RUN_ID='manual__2026-05-08T19:38:27.672894+00:00'
[2026-05-08T19:38:28.779+0000] {taskinstance.py:430} INFO - ::endgroup::
[2026-05-08T19:38:28.797+0000] {logging_mixin.py:188} INFO - [Gold] Reading from: /opt/***/data/silver/newyork_fhv_base_aggregate_cleaned.json
[2026-05-08T19:38:28.801+0000] {logging_mixin.py:188} INFO - [Gold] Silver records: 0
[2026-05-08T19:38:28.806+0000] {logging_mixin.py:188} INFO - [Gold] Total bases        : 0
[2026-05-08T19:38:28.807+0000] {logging_mixin.py:188} INFO - [Gold] Grand total trips  : 0
[2026-05-08T19:38:28.808+0000] {logging_mixin.py:188} INFO - [Gold] Grand total shared : 0
[2026-05-08T19:38:28.808+0000] {logging_mixin.py:188} INFO - [Gold] Saved to           : /opt/***/data/gold/newyork_fhv_base_aggregate_metrics.json
[2026-05-08T19:38:28.809+0000] {python.py:237} INFO - Done. Returned value was: {'total_bases': 0, 'grand_total_dispatched_trips': 0, 'grand_total_shared_trips': 0, 'total_records_processed': 0}
[2026-05-08T19:38:28.809+0000] {taskinstance.py:441} INFO - ::group::Post task execution logs
[2026-05-08T19:38:28.833+0000] {taskinstance.py:1206} INFO - Marking task as SUCCESS. dag_id=newyork_fhv_gold, task_id=build_gold_metrics, run_id=manual__2026-05-08T19:38:27.672894+00:00, execution_date=20260508T193827, start_date=20260508T193828, end_date=20260508T193828
[2026-05-08T19:38:28.892+0000] {local_task_job_runner.py:240} INFO - Task exited with return code 0
[2026-05-08T19:38:28.917+0000] {taskinstance.py:3498} INFO - 0 downstream tasks scheduled from follow-on schedule check
[2026-05-08T19:38:28.922+0000] {local_task_job_runner.py:222} INFO - ::endgroup::
