[2026-05-02T14:43:19.437+0000] {local_task_job_runner.py:120} INFO - ::group::Pre task execution logs
[2026-05-02T14:43:19.471+0000] {taskinstance.py:2076} INFO - Dependencies all met for dep_context=non-requeueable deps ti=<TaskInstance: nyc_fhv_ingestion.ingest_fhv_base_aggregate manual__2026-05-02T14:43:18.601498+00:00 [queued]>
[2026-05-02T14:43:19.484+0000] {taskinstance.py:2076} INFO - Dependencies all met for dep_context=requeueable deps ti=<TaskInstance: nyc_fhv_ingestion.ingest_fhv_base_aggregate manual__2026-05-02T14:43:18.601498+00:00 [queued]>
[2026-05-02T14:43:19.486+0000] {taskinstance.py:2306} INFO - Starting attempt 1 of 2
[2026-05-02T14:43:19.502+0000] {taskinstance.py:2330} INFO - Executing <Task(PythonOperator): ingest_fhv_base_aggregate> on 2026-05-02 14:43:18.601498+00:00
[2026-05-02T14:43:19.508+0000] {warnings.py:110} WARNING - /home/***/.local/lib/python3.12/site-packages/***/task/task_runner/standard_task_runner.py:61: DeprecationWarning: This process (pid=88) is multi-threaded, use of fork() may lead to deadlocks in the child.
  pid = os.fork()

[2026-05-02T14:43:19.511+0000] {standard_task_runner.py:63} INFO - Started process 89 to run task
[2026-05-02T14:43:19.510+0000] {standard_task_runner.py:90} INFO - Running: ['***', 'tasks', 'run', 'nyc_fhv_ingestion', 'ingest_fhv_base_aggregate', 'manual__2026-05-02T14:43:18.601498+00:00', '--job-id', '44', '--raw', '--subdir', 'DAGS_FOLDER/nyc_fhv_ingestion.py', '--cfg-path', '/tmp/tmpvddis__j']
[2026-05-02T14:43:19.512+0000] {standard_task_runner.py:91} INFO - Job 44: Subtask ingest_fhv_base_aggregate
[2026-05-02T14:43:19.601+0000] {task_command.py:426} INFO - Running <TaskInstance: nyc_fhv_ingestion.ingest_fhv_base_aggregate manual__2026-05-02T14:43:18.601498+00:00 [running]> on host 129dc407573d
[2026-05-02T14:43:19.729+0000] {taskinstance.py:2648} INFO - Exporting env vars: AIRFLOW_CTX_DAG_OWNER='***' AIRFLOW_CTX_DAG_ID='nyc_fhv_ingestion' AIRFLOW_CTX_TASK_ID='ingest_fhv_base_aggregate' AIRFLOW_CTX_EXECUTION_DATE='2026-05-02T14:43:18.601498+00:00' AIRFLOW_CTX_TRY_NUMBER='1' AIRFLOW_CTX_DAG_RUN_ID='manual__2026-05-02T14:43:18.601498+00:00'
[2026-05-02T14:43:19.731+0000] {taskinstance.py:430} INFO - ::endgroup::
[2026-05-02T14:43:19.765+0000] {logging_mixin.py:188} INFO - [Ingestion] Fetching data from: https://data.cityofnewyork.us/resource/2v9c-2k7f.json
[2026-05-02T14:43:23.402+0000] {logging_mixin.py:188} INFO - [Ingestion] Records fetched: 50000
[2026-05-02T14:43:24.707+0000] {logging_mixin.py:188} INFO - [Ingestion] Saved to: /opt/***/data/bronze/nyc_fhv_base_aggregate_raw.json
[2026-05-02T14:43:24.720+0000] {python.py:237} INFO - Done. Returned value was: 50000
[2026-05-02T14:43:24.721+0000] {taskinstance.py:441} INFO - ::group::Post task execution logs
[2026-05-02T14:43:24.757+0000] {taskinstance.py:1206} INFO - Marking task as SUCCESS. dag_id=nyc_fhv_ingestion, task_id=ingest_fhv_base_aggregate, run_id=manual__2026-05-02T14:43:18.601498+00:00, execution_date=20260502T144318, start_date=20260502T144319, end_date=20260502T144324
[2026-05-02T14:43:24.811+0000] {local_task_job_runner.py:240} INFO - Task exited with return code 0
[2026-05-02T14:43:24.827+0000] {taskinstance.py:3498} INFO - 0 downstream tasks scheduled from follow-on schedule check
[2026-05-02T14:43:24.841+0000] {local_task_job_runner.py:222} INFO - ::endgroup::
