[2026-05-08T19:35:06.108+0000] {local_task_job_runner.py:120} INFO - ::group::Pre task execution logs
[2026-05-08T19:35:06.131+0000] {taskinstance.py:2076} INFO - Dependencies all met for dep_context=non-requeueable deps ti=<TaskInstance: newyork_fhv_pipeline.trigger_gold manual__2026-05-08T19:09:09.301231+00:00 [queued]>
[2026-05-08T19:35:06.139+0000] {taskinstance.py:2076} INFO - Dependencies all met for dep_context=requeueable deps ti=<TaskInstance: newyork_fhv_pipeline.trigger_gold manual__2026-05-08T19:09:09.301231+00:00 [queued]>
[2026-05-08T19:35:06.140+0000] {taskinstance.py:2306} INFO - Starting attempt 1 of 2
[2026-05-08T19:35:06.152+0000] {taskinstance.py:2330} INFO - Executing <Task(TriggerDagRunOperator): trigger_gold> on 2026-05-08 19:09:09.301231+00:00
[2026-05-08T19:35:06.157+0000] {warnings.py:110} WARNING - /home/***/.local/lib/python3.12/site-packages/***/task/task_runner/standard_task_runner.py:61: DeprecationWarning: This process (pid=507) is multi-threaded, use of fork() may lead to deadlocks in the child.
  pid = os.fork()

[2026-05-08T19:35:06.159+0000] {standard_task_runner.py:63} INFO - Started process 509 to run task
[2026-05-08T19:35:06.159+0000] {standard_task_runner.py:90} INFO - Running: ['***', 'tasks', 'run', 'newyork_fhv_pipeline', 'trigger_gold', 'manual__2026-05-08T19:09:09.301231+00:00', '--job-id', '57', '--raw', '--subdir', 'DAGS_FOLDER/newyork_fhv_pipeline.py', '--cfg-path', '/tmp/tmphq206dh7']
[2026-05-08T19:35:06.160+0000] {standard_task_runner.py:91} INFO - Job 57: Subtask trigger_gold
[2026-05-08T19:35:06.210+0000] {task_command.py:426} INFO - Running <TaskInstance: newyork_fhv_pipeline.trigger_gold manual__2026-05-08T19:09:09.301231+00:00 [running]> on host 2c41721f40ae
[2026-05-08T19:35:06.289+0000] {taskinstance.py:2648} INFO - Exporting env vars: AIRFLOW_CTX_DAG_OWNER='***' AIRFLOW_CTX_DAG_ID='newyork_fhv_pipeline' AIRFLOW_CTX_TASK_ID='trigger_gold' AIRFLOW_CTX_EXECUTION_DATE='2026-05-08T19:09:09.301231+00:00' AIRFLOW_CTX_TRY_NUMBER='1' AIRFLOW_CTX_DAG_RUN_ID='manual__2026-05-08T19:09:09.301231+00:00'
[2026-05-08T19:35:06.290+0000] {taskinstance.py:430} INFO - ::endgroup::
[2026-05-08T19:35:06.376+0000] {trigger_dagrun.py:222} INFO - Waiting for newyork_fhv_gold on 2026-05-08 19:35:06.301905+00:00 to become allowed state ['success'] ...
[2026-05-08T19:35:16.386+0000] {trigger_dagrun.py:235} INFO - newyork_fhv_gold finished with allowed state success
[2026-05-08T19:35:16.387+0000] {taskinstance.py:441} INFO - ::group::Post task execution logs
[2026-05-08T19:35:16.399+0000] {taskinstance.py:1206} INFO - Marking task as SUCCESS. dag_id=newyork_fhv_pipeline, task_id=trigger_gold, run_id=manual__2026-05-08T19:09:09.301231+00:00, execution_date=20260508T190909, start_date=20260508T193506, end_date=20260508T193516
[2026-05-08T19:35:16.446+0000] {local_task_job_runner.py:240} INFO - Task exited with return code 0
[2026-05-08T19:35:16.459+0000] {taskinstance.py:3498} INFO - 0 downstream tasks scheduled from follow-on schedule check
[2026-05-08T19:35:16.463+0000] {local_task_job_runner.py:222} INFO - ::endgroup::
