[2026-04-30T08:59:12.245+0000] {local_task_job_runner.py:120} INFO - ::group::Pre task execution logs
[2026-04-30T08:59:12.352+0000] {taskinstance.py:2076} INFO - Dependencies all met for dep_context=non-requeueable deps ti=<TaskInstance: nyc_fhv_pipeline.trigger_ingestion scheduled__2026-03-01T00:00:00+00:00 [queued]>
[2026-04-30T08:59:12.388+0000] {taskinstance.py:2076} INFO - Dependencies all met for dep_context=requeueable deps ti=<TaskInstance: nyc_fhv_pipeline.trigger_ingestion scheduled__2026-03-01T00:00:00+00:00 [queued]>
[2026-04-30T08:59:12.390+0000] {taskinstance.py:2306} INFO - Starting attempt 1 of 2
[2026-04-30T08:59:12.441+0000] {taskinstance.py:2330} INFO - Executing <Task(TriggerDagRunOperator): trigger_ingestion> on 2026-03-01 00:00:00+00:00
[2026-04-30T08:59:12.465+0000] {warnings.py:110} WARNING - /home/***/.local/lib/python3.12/site-packages/***/task/task_runner/standard_task_runner.py:61: DeprecationWarning: This process (pid=106) is multi-threaded, use of fork() may lead to deadlocks in the child.
  pid = os.fork()

[2026-04-30T08:59:12.474+0000] {standard_task_runner.py:63} INFO - Started process 108 to run task
[2026-04-30T08:59:12.475+0000] {standard_task_runner.py:90} INFO - Running: ['***', 'tasks', 'run', 'nyc_fhv_pipeline', 'trigger_ingestion', 'scheduled__2026-03-01T00:00:00+00:00', '--job-id', '8', '--raw', '--subdir', 'DAGS_FOLDER/nyc_fhv_pipeline.py', '--cfg-path', '/tmp/tmpq1oorhai']
[2026-04-30T08:59:12.484+0000] {standard_task_runner.py:91} INFO - Job 8: Subtask trigger_ingestion
[2026-04-30T08:59:12.689+0000] {task_command.py:426} INFO - Running <TaskInstance: nyc_fhv_pipeline.trigger_ingestion scheduled__2026-03-01T00:00:00+00:00 [running]> on host 129dc407573d
[2026-04-30T08:59:12.915+0000] {taskinstance.py:2648} INFO - Exporting env vars: AIRFLOW_CTX_DAG_OWNER='***' AIRFLOW_CTX_DAG_ID='nyc_fhv_pipeline' AIRFLOW_CTX_TASK_ID='trigger_ingestion' AIRFLOW_CTX_EXECUTION_DATE='2026-03-01T00:00:00+00:00' AIRFLOW_CTX_TRY_NUMBER='1' AIRFLOW_CTX_DAG_RUN_ID='scheduled__2026-03-01T00:00:00+00:00'
[2026-04-30T08:59:12.917+0000] {taskinstance.py:430} INFO - ::endgroup::
[2026-04-30T08:59:13.094+0000] {trigger_dagrun.py:222} INFO - Waiting for nyc_fhv_ingestion on 2026-04-30 08:59:12.973680+00:00 to become allowed state ['success'] ...
[2026-04-30T08:59:23.104+0000] {trigger_dagrun.py:222} INFO - Waiting for nyc_fhv_ingestion on 2026-04-30 08:59:12.973680+00:00 to become allowed state ['success'] ...
[2026-04-30T08:59:33.114+0000] {trigger_dagrun.py:222} INFO - Waiting for nyc_fhv_ingestion on 2026-04-30 08:59:12.973680+00:00 to become allowed state ['success'] ...
[2026-04-30T08:59:43.124+0000] {trigger_dagrun.py:222} INFO - Waiting for nyc_fhv_ingestion on 2026-04-30 08:59:12.973680+00:00 to become allowed state ['success'] ...
[2026-04-30T08:59:53.137+0000] {trigger_dagrun.py:222} INFO - Waiting for nyc_fhv_ingestion on 2026-04-30 08:59:12.973680+00:00 to become allowed state ['success'] ...
[2026-04-30T09:00:05.354+0000] {trigger_dagrun.py:222} INFO - Waiting for nyc_fhv_ingestion on 2026-04-30 08:59:12.973680+00:00 to become allowed state ['success'] ...
[2026-04-30T09:00:15.366+0000] {trigger_dagrun.py:222} INFO - Waiting for nyc_fhv_ingestion on 2026-04-30 08:59:12.973680+00:00 to become allowed state ['success'] ...
[2026-04-30T09:00:25.379+0000] {trigger_dagrun.py:222} INFO - Waiting for nyc_fhv_ingestion on 2026-04-30 08:59:12.973680+00:00 to become allowed state ['success'] ...
[2026-04-30T09:00:35.391+0000] {trigger_dagrun.py:222} INFO - Waiting for nyc_fhv_ingestion on 2026-04-30 08:59:12.973680+00:00 to become allowed state ['success'] ...
[2026-04-30T09:00:45.403+0000] {trigger_dagrun.py:222} INFO - Waiting for nyc_fhv_ingestion on 2026-04-30 08:59:12.973680+00:00 to become allowed state ['success'] ...
[2026-04-30T09:00:55.439+0000] {trigger_dagrun.py:222} INFO - Waiting for nyc_fhv_ingestion on 2026-04-30 08:59:12.973680+00:00 to become allowed state ['success'] ...
[2026-04-30T09:01:05.451+0000] {trigger_dagrun.py:222} INFO - Waiting for nyc_fhv_ingestion on 2026-04-30 08:59:12.973680+00:00 to become allowed state ['success'] ...
[2026-04-30T09:01:15.464+0000] {trigger_dagrun.py:222} INFO - Waiting for nyc_fhv_ingestion on 2026-04-30 08:59:12.973680+00:00 to become allowed state ['success'] ...
[2026-04-30T09:01:25.479+0000] {trigger_dagrun.py:222} INFO - Waiting for nyc_fhv_ingestion on 2026-04-30 08:59:12.973680+00:00 to become allowed state ['success'] ...
[2026-04-30T09:01:35.509+0000] {trigger_dagrun.py:222} INFO - Waiting for nyc_fhv_ingestion on 2026-04-30 08:59:12.973680+00:00 to become allowed state ['success'] ...
[2026-04-30T09:01:45.531+0000] {trigger_dagrun.py:222} INFO - Waiting for nyc_fhv_ingestion on 2026-04-30 08:59:12.973680+00:00 to become allowed state ['success'] ...
[2026-04-30T09:01:55.554+0000] {trigger_dagrun.py:222} INFO - Waiting for nyc_fhv_ingestion on 2026-04-30 08:59:12.973680+00:00 to become allowed state ['success'] ...
[2026-04-30T09:02:05.580+0000] {trigger_dagrun.py:222} INFO - Waiting for nyc_fhv_ingestion on 2026-04-30 08:59:12.973680+00:00 to become allowed state ['success'] ...
[2026-04-30T09:02:15.596+0000] {trigger_dagrun.py:222} INFO - Waiting for nyc_fhv_ingestion on 2026-04-30 08:59:12.973680+00:00 to become allowed state ['success'] ...
[2026-04-30T09:02:25.615+0000] {trigger_dagrun.py:222} INFO - Waiting for nyc_fhv_ingestion on 2026-04-30 08:59:12.973680+00:00 to become allowed state ['success'] ...
[2026-04-30T09:02:35.644+0000] {trigger_dagrun.py:222} INFO - Waiting for nyc_fhv_ingestion on 2026-04-30 08:59:12.973680+00:00 to become allowed state ['success'] ...
[2026-04-30T09:02:45.657+0000] {trigger_dagrun.py:222} INFO - Waiting for nyc_fhv_ingestion on 2026-04-30 08:59:12.973680+00:00 to become allowed state ['success'] ...
[2026-04-30T09:02:55.681+0000] {trigger_dagrun.py:222} INFO - Waiting for nyc_fhv_ingestion on 2026-04-30 08:59:12.973680+00:00 to become allowed state ['success'] ...
[2026-04-30T09:03:05.692+0000] {trigger_dagrun.py:222} INFO - Waiting for nyc_fhv_ingestion on 2026-04-30 08:59:12.973680+00:00 to become allowed state ['success'] ...
[2026-04-30T09:03:15.709+0000] {trigger_dagrun.py:222} INFO - Waiting for nyc_fhv_ingestion on 2026-04-30 08:59:12.973680+00:00 to become allowed state ['success'] ...
[2026-04-30T09:03:25.730+0000] {trigger_dagrun.py:222} INFO - Waiting for nyc_fhv_ingestion on 2026-04-30 08:59:12.973680+00:00 to become allowed state ['success'] ...
[2026-04-30T09:03:35.749+0000] {trigger_dagrun.py:222} INFO - Waiting for nyc_fhv_ingestion on 2026-04-30 08:59:12.973680+00:00 to become allowed state ['success'] ...
[2026-04-30T09:03:45.774+0000] {trigger_dagrun.py:222} INFO - Waiting for nyc_fhv_ingestion on 2026-04-30 08:59:12.973680+00:00 to become allowed state ['success'] ...
[2026-04-30T09:03:55.791+0000] {trigger_dagrun.py:222} INFO - Waiting for nyc_fhv_ingestion on 2026-04-30 08:59:12.973680+00:00 to become allowed state ['success'] ...
[2026-04-30T09:04:05.815+0000] {trigger_dagrun.py:222} INFO - Waiting for nyc_fhv_ingestion on 2026-04-30 08:59:12.973680+00:00 to become allowed state ['success'] ...
[2026-04-30T09:04:15.842+0000] {trigger_dagrun.py:222} INFO - Waiting for nyc_fhv_ingestion on 2026-04-30 08:59:12.973680+00:00 to become allowed state ['success'] ...
[2026-04-30T09:04:25.863+0000] {trigger_dagrun.py:222} INFO - Waiting for nyc_fhv_ingestion on 2026-04-30 08:59:12.973680+00:00 to become allowed state ['success'] ...
[2026-04-30T09:04:35.884+0000] {trigger_dagrun.py:222} INFO - Waiting for nyc_fhv_ingestion on 2026-04-30 08:59:12.973680+00:00 to become allowed state ['success'] ...
[2026-04-30T09:04:45.895+0000] {trigger_dagrun.py:222} INFO - Waiting for nyc_fhv_ingestion on 2026-04-30 08:59:12.973680+00:00 to become allowed state ['success'] ...
[2026-04-30T09:04:55.911+0000] {trigger_dagrun.py:222} INFO - Waiting for nyc_fhv_ingestion on 2026-04-30 08:59:12.973680+00:00 to become allowed state ['success'] ...
[2026-04-30T09:05:05.965+0000] {trigger_dagrun.py:222} INFO - Waiting for nyc_fhv_ingestion on 2026-04-30 08:59:12.973680+00:00 to become allowed state ['success'] ...
[2026-04-30T09:05:15.987+0000] {trigger_dagrun.py:222} INFO - Waiting for nyc_fhv_ingestion on 2026-04-30 08:59:12.973680+00:00 to become allowed state ['success'] ...
[2026-04-30T09:05:26.017+0000] {trigger_dagrun.py:222} INFO - Waiting for nyc_fhv_ingestion on 2026-04-30 08:59:12.973680+00:00 to become allowed state ['success'] ...
[2026-04-30T09:05:36.059+0000] {trigger_dagrun.py:222} INFO - Waiting for nyc_fhv_ingestion on 2026-04-30 08:59:12.973680+00:00 to become allowed state ['success'] ...
[2026-04-30T09:05:46.085+0000] {trigger_dagrun.py:222} INFO - Waiting for nyc_fhv_ingestion on 2026-04-30 08:59:12.973680+00:00 to become allowed state ['success'] ...
[2026-04-30T09:05:56.106+0000] {trigger_dagrun.py:235} INFO - nyc_fhv_ingestion finished with allowed state success
[2026-04-30T09:05:56.118+0000] {taskinstance.py:441} INFO - ::group::Post task execution logs
[2026-04-30T09:05:56.139+0000] {taskinstance.py:1206} INFO - Marking task as SUCCESS. dag_id=nyc_fhv_pipeline, task_id=trigger_ingestion, run_id=scheduled__2026-03-01T00:00:00+00:00, execution_date=20260301T000000, start_date=20260430T085912, end_date=20260430T090556
[2026-04-30T09:05:56.223+0000] {local_task_job_runner.py:240} INFO - Task exited with return code 0
[2026-04-30T09:05:56.270+0000] {taskinstance.py:3498} INFO - 1 downstream tasks scheduled from follow-on schedule check
[2026-04-30T09:05:56.285+0000] {local_task_job_runner.py:222} INFO - ::endgroup::
