[2026-05-08T19:34:43.729+0000] {local_task_job_runner.py:120} INFO - ::group::Pre task execution logs
[2026-05-08T19:34:43.755+0000] {taskinstance.py:2076} INFO - Dependencies all met for dep_context=non-requeueable deps ti=<TaskInstance: newyork_fhv_quality_check.check_duplicates manual__2026-05-08T19:34:42.756097+00:00 [queued]>
[2026-05-08T19:34:43.768+0000] {taskinstance.py:2076} INFO - Dependencies all met for dep_context=requeueable deps ti=<TaskInstance: newyork_fhv_quality_check.check_duplicates manual__2026-05-08T19:34:42.756097+00:00 [queued]>
[2026-05-08T19:34:43.769+0000] {taskinstance.py:2306} INFO - Starting attempt 1 of 2
[2026-05-08T19:34:43.784+0000] {taskinstance.py:2330} INFO - Executing <Task(PythonOperator): check_duplicates> on 2026-05-08 19:34:42.756097+00:00
[2026-05-08T19:34:43.794+0000] {warnings.py:110} WARNING - /home/***/.local/lib/python3.12/site-packages/***/task/task_runner/standard_task_runner.py:61: DeprecationWarning: This process (pid=473) is multi-threaded, use of fork() may lead to deadlocks in the child.
  pid = os.fork()

[2026-05-08T19:34:43.795+0000] {standard_task_runner.py:90} INFO - Running: ['***', 'tasks', 'run', 'newyork_fhv_quality_check', 'check_duplicates', 'manual__2026-05-08T19:34:42.756097+00:00', '--job-id', '45', '--raw', '--subdir', 'DAGS_FOLDER/newyork_fhv_quality_check.py', '--cfg-path', '/tmp/tmp6g8jb922']
[2026-05-08T19:34:43.796+0000] {standard_task_runner.py:63} INFO - Started process 477 to run task
[2026-05-08T19:34:43.797+0000] {standard_task_runner.py:91} INFO - Job 45: Subtask check_duplicates
[2026-05-08T19:34:43.865+0000] {task_command.py:426} INFO - Running <TaskInstance: newyork_fhv_quality_check.check_duplicates manual__2026-05-08T19:34:42.756097+00:00 [running]> on host 2c41721f40ae
[2026-05-08T19:34:43.957+0000] {taskinstance.py:2648} INFO - Exporting env vars: AIRFLOW_CTX_DAG_OWNER='***' AIRFLOW_CTX_DAG_ID='newyork_fhv_quality_check' AIRFLOW_CTX_TASK_ID='check_duplicates' AIRFLOW_CTX_EXECUTION_DATE='2026-05-08T19:34:42.756097+00:00' AIRFLOW_CTX_TRY_NUMBER='1' AIRFLOW_CTX_DAG_RUN_ID='manual__2026-05-08T19:34:42.756097+00:00'
[2026-05-08T19:34:43.958+0000] {taskinstance.py:430} INFO - ::endgroup::
[2026-05-08T19:34:44.273+0000] {logging_mixin.py:188} INFO - [QC] Total records   : 50000
[2026-05-08T19:34:44.273+0000] {logging_mixin.py:188} INFO - [QC] Unique keys     : 134
[2026-05-08T19:34:44.274+0000] {logging_mixin.py:188} INFO - [QC] Duplicates found: 49866
[2026-05-08T19:34:44.298+0000] {python.py:237} INFO - Done. Returned value was: 49866
[2026-05-08T19:34:44.299+0000] {taskinstance.py:441} INFO - ::group::Post task execution logs
[2026-05-08T19:34:44.318+0000] {taskinstance.py:1206} INFO - Marking task as SUCCESS. dag_id=newyork_fhv_quality_check, task_id=check_duplicates, run_id=manual__2026-05-08T19:34:42.756097+00:00, execution_date=20260508T193442, start_date=20260508T193443, end_date=20260508T193444
[2026-05-08T19:34:44.373+0000] {local_task_job_runner.py:240} INFO - Task exited with return code 0
[2026-05-08T19:34:44.398+0000] {taskinstance.py:3498} INFO - 0 downstream tasks scheduled from follow-on schedule check
[2026-05-08T19:34:44.401+0000] {local_task_job_runner.py:222} INFO - ::endgroup::
