[2026-05-16T02:51:35.751+0000] {local_task_job_runner.py:120} INFO - ::group::Pre task execution logs
[2026-05-16T02:51:35.781+0000] {taskinstance.py:2076} INFO - Dependencies all met for dep_context=non-requeueable deps ti=<TaskInstance: newyork_fhv_pipeline.trigger_silver manual__2026-05-16T02:51:09.535945+00:00 [queued]>
[2026-05-16T02:51:35.792+0000] {taskinstance.py:2076} INFO - Dependencies all met for dep_context=requeueable deps ti=<TaskInstance: newyork_fhv_pipeline.trigger_silver manual__2026-05-16T02:51:09.535945+00:00 [queued]>
[2026-05-16T02:51:35.794+0000] {taskinstance.py:2306} INFO - Starting attempt 1 of 2
[2026-05-16T02:51:35.816+0000] {taskinstance.py:2330} INFO - Executing <Task(TriggerDagRunOperator): trigger_silver> on 2026-05-16 02:51:09.535945+00:00
[2026-05-16T02:51:35.822+0000] {warnings.py:110} WARNING - /home/***/.local/lib/python3.12/site-packages/***/task/task_runner/standard_task_runner.py:61: DeprecationWarning: This process (pid=215) is multi-threaded, use of fork() may lead to deadlocks in the child.
  pid = os.fork()

[2026-05-16T02:51:35.824+0000] {standard_task_runner.py:63} INFO - Started process 216 to run task
[2026-05-16T02:51:35.824+0000] {standard_task_runner.py:90} INFO - Running: ['***', 'tasks', 'run', 'newyork_fhv_pipeline', 'trigger_silver', 'manual__2026-05-16T02:51:09.535945+00:00', '--job-id', '91', '--raw', '--subdir', 'DAGS_FOLDER/newyork_fhv_pipeline.py', '--cfg-path', '/tmp/tmpb07ltddg']
[2026-05-16T02:51:35.826+0000] {standard_task_runner.py:91} INFO - Job 91: Subtask trigger_silver
[2026-05-16T02:51:35.900+0000] {task_command.py:426} INFO - Running <TaskInstance: newyork_fhv_pipeline.trigger_silver manual__2026-05-16T02:51:09.535945+00:00 [running]> on host 63db16498da3
[2026-05-16T02:51:35.999+0000] {taskinstance.py:2648} INFO - Exporting env vars: AIRFLOW_CTX_DAG_OWNER='***' AIRFLOW_CTX_DAG_ID='newyork_fhv_pipeline' AIRFLOW_CTX_TASK_ID='trigger_silver' AIRFLOW_CTX_EXECUTION_DATE='2026-05-16T02:51:09.535945+00:00' AIRFLOW_CTX_TRY_NUMBER='1' AIRFLOW_CTX_DAG_RUN_ID='manual__2026-05-16T02:51:09.535945+00:00'
[2026-05-16T02:51:36.001+0000] {taskinstance.py:430} INFO - ::endgroup::
[2026-05-16T02:51:36.144+0000] {trigger_dagrun.py:222} INFO - Waiting for newyork_fhv_silver on 2026-05-16 02:51:36.017154+00:00 to become allowed state ['success'] ...
[2026-05-16T02:51:46.163+0000] {trigger_dagrun.py:235} INFO - newyork_fhv_silver finished with allowed state success
[2026-05-16T02:51:46.165+0000] {taskinstance.py:441} INFO - ::group::Post task execution logs
[2026-05-16T02:51:46.182+0000] {taskinstance.py:1206} INFO - Marking task as SUCCESS. dag_id=newyork_fhv_pipeline, task_id=trigger_silver, run_id=manual__2026-05-16T02:51:09.535945+00:00, execution_date=20260516T025109, start_date=20260516T025135, end_date=20260516T025146
[2026-05-16T02:51:46.239+0000] {local_task_job_runner.py:240} INFO - Task exited with return code 0
[2026-05-16T02:51:46.281+0000] {taskinstance.py:3498} INFO - 1 downstream tasks scheduled from follow-on schedule check
[2026-05-16T02:51:46.284+0000] {local_task_job_runner.py:222} INFO - ::endgroup::
