[2026-04-30T09:10:47.500+0000] {local_task_job_runner.py:120} INFO - ::group::Pre task execution logs
[2026-04-30T09:10:47.531+0000] {taskinstance.py:2076} INFO - Dependencies all met for dep_context=non-requeueable deps ti=<TaskInstance: nyc_fhv_quality_check.evaluate_quality manual__2026-04-30T09:05:37.187291+00:00 [queued]>
[2026-04-30T09:10:47.543+0000] {taskinstance.py:2076} INFO - Dependencies all met for dep_context=requeueable deps ti=<TaskInstance: nyc_fhv_quality_check.evaluate_quality manual__2026-04-30T09:05:37.187291+00:00 [queued]>
[2026-04-30T09:10:47.545+0000] {taskinstance.py:2306} INFO - Starting attempt 1 of 2
[2026-04-30T09:10:47.563+0000] {taskinstance.py:2330} INFO - Executing <Task(BranchPythonOperator): evaluate_quality> on 2026-04-30 09:05:37.187291+00:00
[2026-04-30T09:10:47.570+0000] {warnings.py:110} WARNING - /home/***/.local/lib/python3.12/site-packages/***/task/task_runner/standard_task_runner.py:61: DeprecationWarning: This process (pid=312) is multi-threaded, use of fork() may lead to deadlocks in the child.
  pid = os.fork()

[2026-04-30T09:10:47.573+0000] {standard_task_runner.py:90} INFO - Running: ['***', 'tasks', 'run', 'nyc_fhv_quality_check', 'evaluate_quality', 'manual__2026-04-30T09:05:37.187291+00:00', '--job-id', '40', '--raw', '--subdir', 'DAGS_FOLDER/nyc_fhv_quality_check.py', '--cfg-path', '/tmp/tmp33bl91gx']
[2026-04-30T09:10:47.574+0000] {standard_task_runner.py:63} INFO - Started process 313 to run task
[2026-04-30T09:10:47.574+0000] {standard_task_runner.py:91} INFO - Job 40: Subtask evaluate_quality
[2026-04-30T09:10:47.656+0000] {task_command.py:426} INFO - Running <TaskInstance: nyc_fhv_quality_check.evaluate_quality manual__2026-04-30T09:05:37.187291+00:00 [running]> on host 129dc407573d
[2026-04-30T09:10:47.760+0000] {taskinstance.py:2648} INFO - Exporting env vars: AIRFLOW_CTX_DAG_OWNER='***' AIRFLOW_CTX_DAG_ID='nyc_fhv_quality_check' AIRFLOW_CTX_TASK_ID='evaluate_quality' AIRFLOW_CTX_EXECUTION_DATE='2026-04-30T09:05:37.187291+00:00' AIRFLOW_CTX_TRY_NUMBER='1' AIRFLOW_CTX_DAG_RUN_ID='manual__2026-04-30T09:05:37.187291+00:00'
[2026-04-30T09:10:47.762+0000] {taskinstance.py:430} INFO - ::endgroup::
[2026-04-30T09:10:47.782+0000] {baseoperator.py:399} WARNING - BranchPythonOperator.execute cannot be called outside TaskInstance!
[2026-04-30T09:10:47.816+0000] {logging_mixin.py:188} INFO - [QC] FAILED ❌ Issues found:
[2026-04-30T09:10:47.817+0000] {logging_mixin.py:188} INFO -   - Null values in critical column: base_number
[2026-04-30T09:10:47.818+0000] {logging_mixin.py:188} INFO -   - Found 49867 duplicate records
[2026-04-30T09:10:47.819+0000] {python.py:237} INFO - Done. Returned value was: qc_failed
[2026-04-30T09:10:47.820+0000] {branch.py:36} INFO - Branch into qc_failed
[2026-04-30T09:10:47.820+0000] {skipmixin.py:178} INFO - Following branch qc_failed
[2026-04-30T09:10:47.845+0000] {skipmixin.py:246} INFO - Skipping tasks [('qc_passed', -1)]
[2026-04-30T09:10:47.874+0000] {taskinstance.py:441} INFO - ::group::Post task execution logs
[2026-04-30T09:10:47.901+0000] {taskinstance.py:1206} INFO - Marking task as SUCCESS. dag_id=nyc_fhv_quality_check, task_id=evaluate_quality, run_id=manual__2026-04-30T09:05:37.187291+00:00, execution_date=20260430T090537, start_date=20260430T091047, end_date=20260430T091047
[2026-04-30T09:10:47.950+0000] {local_task_job_runner.py:240} INFO - Task exited with return code 0
[2026-04-30T09:10:47.991+0000] {taskinstance.py:3498} INFO - 0 downstream tasks scheduled from follow-on schedule check
[2026-04-30T09:10:47.996+0000] {local_task_job_runner.py:222} INFO - ::endgroup::
