[2026-05-08T19:34:53.834+0000] {local_task_job_runner.py:120} INFO - ::group::Pre task execution logs
[2026-05-08T19:34:53.863+0000] {taskinstance.py:2076} INFO - Dependencies all met for dep_context=non-requeueable deps ti=<TaskInstance: newyork_fhv_pipeline.trigger_silver scheduled__2026-04-01T00:00:00+00:00 [queued]>
[2026-05-08T19:34:53.874+0000] {taskinstance.py:2076} INFO - Dependencies all met for dep_context=requeueable deps ti=<TaskInstance: newyork_fhv_pipeline.trigger_silver scheduled__2026-04-01T00:00:00+00:00 [queued]>
[2026-05-08T19:34:53.875+0000] {taskinstance.py:2306} INFO - Starting attempt 1 of 2
[2026-05-08T19:34:53.892+0000] {taskinstance.py:2330} INFO - Executing <Task(TriggerDagRunOperator): trigger_silver> on 2026-04-01 00:00:00+00:00
[2026-05-08T19:34:53.898+0000] {warnings.py:110} WARNING - /home/***/.local/lib/python3.12/site-packages/***/task/task_runner/standard_task_runner.py:61: DeprecationWarning: This process (pid=489) is multi-threaded, use of fork() may lead to deadlocks in the child.
  pid = os.fork()

[2026-05-08T19:34:53.900+0000] {standard_task_runner.py:63} INFO - Started process 490 to run task
[2026-05-08T19:34:53.900+0000] {standard_task_runner.py:90} INFO - Running: ['***', 'tasks', 'run', 'newyork_fhv_pipeline', 'trigger_silver', 'scheduled__2026-04-01T00:00:00+00:00', '--job-id', '52', '--raw', '--subdir', 'DAGS_FOLDER/newyork_fhv_pipeline.py', '--cfg-path', '/tmp/tmpl5b2j0ha']
[2026-05-08T19:34:53.902+0000] {standard_task_runner.py:91} INFO - Job 52: Subtask trigger_silver
[2026-05-08T19:34:53.980+0000] {task_command.py:426} INFO - Running <TaskInstance: newyork_fhv_pipeline.trigger_silver scheduled__2026-04-01T00:00:00+00:00 [running]> on host 2c41721f40ae
[2026-05-08T19:34:54.109+0000] {taskinstance.py:2648} INFO - Exporting env vars: AIRFLOW_CTX_DAG_OWNER='***' AIRFLOW_CTX_DAG_ID='newyork_fhv_pipeline' AIRFLOW_CTX_TASK_ID='trigger_silver' AIRFLOW_CTX_EXECUTION_DATE='2026-04-01T00:00:00+00:00' AIRFLOW_CTX_TRY_NUMBER='1' AIRFLOW_CTX_DAG_RUN_ID='scheduled__2026-04-01T00:00:00+00:00'
[2026-05-08T19:34:54.112+0000] {taskinstance.py:430} INFO - ::endgroup::
[2026-05-08T19:34:54.209+0000] {trigger_dagrun.py:222} INFO - Waiting for newyork_fhv_silver on 2026-05-08 19:34:54.130170+00:00 to become allowed state ['success'] ...
[2026-05-08T19:35:04.219+0000] {trigger_dagrun.py:235} INFO - newyork_fhv_silver finished with allowed state success
[2026-05-08T19:35:04.221+0000] {taskinstance.py:441} INFO - ::group::Post task execution logs
[2026-05-08T19:35:04.230+0000] {taskinstance.py:1206} INFO - Marking task as SUCCESS. dag_id=newyork_fhv_pipeline, task_id=trigger_silver, run_id=scheduled__2026-04-01T00:00:00+00:00, execution_date=20260401T000000, start_date=20260508T193453, end_date=20260508T193504
[2026-05-08T19:35:04.284+0000] {local_task_job_runner.py:240} INFO - Task exited with return code 0
[2026-05-08T19:35:04.320+0000] {taskinstance.py:3498} INFO - 1 downstream tasks scheduled from follow-on schedule check
[2026-05-08T19:35:04.325+0000] {local_task_job_runner.py:222} INFO - ::endgroup::
