[2026-05-16T02:51:27.791+0000] {local_task_job_runner.py:120} INFO - ::group::Pre task execution logs
[2026-05-16T02:51:27.819+0000] {taskinstance.py:2076} INFO - Dependencies all met for dep_context=non-requeueable deps ti=<TaskInstance: newyork_fhv_quality_check.evaluate_quality manual__2026-05-16T02:51:24.203989+00:00 [queued]>
[2026-05-16T02:51:27.831+0000] {taskinstance.py:2076} INFO - Dependencies all met for dep_context=requeueable deps ti=<TaskInstance: newyork_fhv_quality_check.evaluate_quality manual__2026-05-16T02:51:24.203989+00:00 [queued]>
[2026-05-16T02:51:27.832+0000] {taskinstance.py:2306} INFO - Starting attempt 1 of 2
[2026-05-16T02:51:27.849+0000] {taskinstance.py:2330} INFO - Executing <Task(BranchPythonOperator): evaluate_quality> on 2026-05-16 02:51:24.203989+00:00
[2026-05-16T02:51:27.855+0000] {warnings.py:110} WARNING - /home/***/.local/lib/python3.12/site-packages/***/task/task_runner/standard_task_runner.py:61: DeprecationWarning: This process (pid=213) is multi-threaded, use of fork() may lead to deadlocks in the child.
  pid = os.fork()

[2026-05-16T02:51:27.858+0000] {standard_task_runner.py:63} INFO - Started process 214 to run task
[2026-05-16T02:51:27.858+0000] {standard_task_runner.py:90} INFO - Running: ['***', 'tasks', 'run', 'newyork_fhv_quality_check', 'evaluate_quality', 'manual__2026-05-16T02:51:24.203989+00:00', '--job-id', '90', '--raw', '--subdir', 'DAGS_FOLDER/newyork_fhv_quality_check.py', '--cfg-path', '/tmp/tmpk01h2um2']
[2026-05-16T02:51:27.860+0000] {standard_task_runner.py:91} INFO - Job 90: Subtask evaluate_quality
[2026-05-16T02:51:27.935+0000] {task_command.py:426} INFO - Running <TaskInstance: newyork_fhv_quality_check.evaluate_quality manual__2026-05-16T02:51:24.203989+00:00 [running]> on host 63db16498da3
[2026-05-16T02:51:28.039+0000] {taskinstance.py:2648} INFO - Exporting env vars: AIRFLOW_CTX_DAG_OWNER='***' AIRFLOW_CTX_DAG_ID='newyork_fhv_quality_check' AIRFLOW_CTX_TASK_ID='evaluate_quality' AIRFLOW_CTX_EXECUTION_DATE='2026-05-16T02:51:24.203989+00:00' AIRFLOW_CTX_TRY_NUMBER='1' AIRFLOW_CTX_DAG_RUN_ID='manual__2026-05-16T02:51:24.203989+00:00'
[2026-05-16T02:51:28.041+0000] {taskinstance.py:430} INFO - ::endgroup::
[2026-05-16T02:51:28.058+0000] {baseoperator.py:399} WARNING - BranchPythonOperator.execute cannot be called outside TaskInstance!
[2026-05-16T02:51:28.105+0000] {logging_mixin.py:188} INFO - [QC] FAILED ❌ Issues found:
[2026-05-16T02:51:28.106+0000] {logging_mixin.py:188} INFO -   - Null values in critical column: base_number
[2026-05-16T02:51:28.107+0000] {logging_mixin.py:188} INFO -   - Found 49866 duplicate records
[2026-05-16T02:51:28.108+0000] {python.py:237} INFO - Done. Returned value was: qc_failed
[2026-05-16T02:51:28.109+0000] {branch.py:36} INFO - Branch into qc_failed
[2026-05-16T02:51:28.110+0000] {skipmixin.py:178} INFO - Following branch qc_failed
[2026-05-16T02:51:28.135+0000] {skipmixin.py:246} INFO - Skipping tasks [('qc_passed', -1)]
[2026-05-16T02:51:28.168+0000] {taskinstance.py:441} INFO - ::group::Post task execution logs
[2026-05-16T02:51:28.190+0000] {taskinstance.py:1206} INFO - Marking task as SUCCESS. dag_id=newyork_fhv_quality_check, task_id=evaluate_quality, run_id=manual__2026-05-16T02:51:24.203989+00:00, execution_date=20260516T025124, start_date=20260516T025127, end_date=20260516T025128
[2026-05-16T02:51:28.234+0000] {local_task_job_runner.py:240} INFO - Task exited with return code 0
[2026-05-16T02:51:28.262+0000] {taskinstance.py:3498} INFO - 0 downstream tasks scheduled from follow-on schedule check
[2026-05-16T02:51:28.265+0000] {local_task_job_runner.py:222} INFO - ::endgroup::
