[2026-05-16T02:51:47.700+0000] {local_task_job_runner.py:120} INFO - ::group::Pre task execution logs
[2026-05-16T02:51:47.723+0000] {taskinstance.py:2076} INFO - Dependencies all met for dep_context=non-requeueable deps ti=<TaskInstance: newyork_fhv_pipeline.trigger_gold manual__2026-05-16T02:51:09.535945+00:00 [queued]>
[2026-05-16T02:51:47.734+0000] {taskinstance.py:2076} INFO - Dependencies all met for dep_context=requeueable deps ti=<TaskInstance: newyork_fhv_pipeline.trigger_gold manual__2026-05-16T02:51:09.535945+00:00 [queued]>
[2026-05-16T02:51:47.737+0000] {taskinstance.py:2306} INFO - Starting attempt 1 of 2
[2026-05-16T02:51:47.754+0000] {taskinstance.py:2330} INFO - Executing <Task(TriggerDagRunOperator): trigger_gold> on 2026-05-16 02:51:09.535945+00:00
[2026-05-16T02:51:47.760+0000] {warnings.py:110} WARNING - /home/***/.local/lib/python3.12/site-packages/***/task/task_runner/standard_task_runner.py:61: DeprecationWarning: This process (pid=226) is multi-threaded, use of fork() may lead to deadlocks in the child.
  pid = os.fork()

[2026-05-16T02:51:47.764+0000] {standard_task_runner.py:63} INFO - Started process 227 to run task
[2026-05-16T02:51:47.763+0000] {standard_task_runner.py:90} INFO - Running: ['***', 'tasks', 'run', 'newyork_fhv_pipeline', 'trigger_gold', 'manual__2026-05-16T02:51:09.535945+00:00', '--job-id', '93', '--raw', '--subdir', 'DAGS_FOLDER/newyork_fhv_pipeline.py', '--cfg-path', '/tmp/tmp_p0839dp']
[2026-05-16T02:51:47.765+0000] {standard_task_runner.py:91} INFO - Job 93: Subtask trigger_gold
[2026-05-16T02:51:47.839+0000] {task_command.py:426} INFO - Running <TaskInstance: newyork_fhv_pipeline.trigger_gold manual__2026-05-16T02:51:09.535945+00:00 [running]> on host 63db16498da3
[2026-05-16T02:51:47.954+0000] {taskinstance.py:2648} INFO - Exporting env vars: AIRFLOW_CTX_DAG_OWNER='***' AIRFLOW_CTX_DAG_ID='newyork_fhv_pipeline' AIRFLOW_CTX_TASK_ID='trigger_gold' AIRFLOW_CTX_EXECUTION_DATE='2026-05-16T02:51:09.535945+00:00' AIRFLOW_CTX_TRY_NUMBER='1' AIRFLOW_CTX_DAG_RUN_ID='manual__2026-05-16T02:51:09.535945+00:00'
[2026-05-16T02:51:47.956+0000] {taskinstance.py:430} INFO - ::endgroup::
[2026-05-16T02:51:48.049+0000] {trigger_dagrun.py:222} INFO - Waiting for newyork_fhv_gold on 2026-05-16 02:51:47.970954+00:00 to become allowed state ['success'] ...
[2026-05-16T02:51:58.056+0000] {trigger_dagrun.py:235} INFO - newyork_fhv_gold finished with allowed state success
[2026-05-16T02:51:58.057+0000] {taskinstance.py:441} INFO - ::group::Post task execution logs
[2026-05-16T02:51:58.066+0000] {taskinstance.py:1206} INFO - Marking task as SUCCESS. dag_id=newyork_fhv_pipeline, task_id=trigger_gold, run_id=manual__2026-05-16T02:51:09.535945+00:00, execution_date=20260516T025109, start_date=20260516T025147, end_date=20260516T025158
[2026-05-16T02:51:58.109+0000] {local_task_job_runner.py:240} INFO - Task exited with return code 0
[2026-05-16T02:51:58.125+0000] {taskinstance.py:3498} INFO - 0 downstream tasks scheduled from follow-on schedule check
[2026-05-16T02:51:58.129+0000] {local_task_job_runner.py:222} INFO - ::endgroup::
