[2026-05-16T02:51:25.644+0000] {local_task_job_runner.py:120} INFO - ::group::Pre task execution logs
[2026-05-16T02:51:25.670+0000] {taskinstance.py:2076} INFO - Dependencies all met for dep_context=non-requeueable deps ti=<TaskInstance: newyork_fhv_quality_check.check_duplicates manual__2026-05-16T02:51:24.203989+00:00 [queued]>
[2026-05-16T02:51:25.681+0000] {taskinstance.py:2076} INFO - Dependencies all met for dep_context=requeueable deps ti=<TaskInstance: newyork_fhv_quality_check.check_duplicates manual__2026-05-16T02:51:24.203989+00:00 [queued]>
[2026-05-16T02:51:25.682+0000] {taskinstance.py:2306} INFO - Starting attempt 1 of 2
[2026-05-16T02:51:25.698+0000] {taskinstance.py:2330} INFO - Executing <Task(PythonOperator): check_duplicates> on 2026-05-16 02:51:24.203989+00:00
[2026-05-16T02:51:25.704+0000] {warnings.py:110} WARNING - /home/***/.local/lib/python3.12/site-packages/***/task/task_runner/standard_task_runner.py:61: DeprecationWarning: This process (pid=208) is multi-threaded, use of fork() may lead to deadlocks in the child.
  pid = os.fork()

[2026-05-16T02:51:25.706+0000] {standard_task_runner.py:90} INFO - Running: ['***', 'tasks', 'run', 'newyork_fhv_quality_check', 'check_duplicates', 'manual__2026-05-16T02:51:24.203989+00:00', '--job-id', '88', '--raw', '--subdir', 'DAGS_FOLDER/newyork_fhv_quality_check.py', '--cfg-path', '/tmp/tmp44fh1c8t']
[2026-05-16T02:51:25.707+0000] {standard_task_runner.py:63} INFO - Started process 211 to run task
[2026-05-16T02:51:25.708+0000] {standard_task_runner.py:91} INFO - Job 88: Subtask check_duplicates
[2026-05-16T02:51:25.801+0000] {task_command.py:426} INFO - Running <TaskInstance: newyork_fhv_quality_check.check_duplicates manual__2026-05-16T02:51:24.203989+00:00 [running]> on host 63db16498da3
[2026-05-16T02:51:25.901+0000] {taskinstance.py:2648} INFO - Exporting env vars: AIRFLOW_CTX_DAG_OWNER='***' AIRFLOW_CTX_DAG_ID='newyork_fhv_quality_check' AIRFLOW_CTX_TASK_ID='check_duplicates' AIRFLOW_CTX_EXECUTION_DATE='2026-05-16T02:51:24.203989+00:00' AIRFLOW_CTX_TRY_NUMBER='1' AIRFLOW_CTX_DAG_RUN_ID='manual__2026-05-16T02:51:24.203989+00:00'
[2026-05-16T02:51:25.903+0000] {taskinstance.py:430} INFO - ::endgroup::
[2026-05-16T02:51:26.331+0000] {logging_mixin.py:188} INFO - [QC] Total records   : 50000
[2026-05-16T02:51:26.332+0000] {logging_mixin.py:188} INFO - [QC] Unique keys     : 134
[2026-05-16T02:51:26.332+0000] {logging_mixin.py:188} INFO - [QC] Duplicates found: 49866
[2026-05-16T02:51:26.357+0000] {python.py:237} INFO - Done. Returned value was: 49866
[2026-05-16T02:51:26.358+0000] {taskinstance.py:441} INFO - ::group::Post task execution logs
[2026-05-16T02:51:26.378+0000] {taskinstance.py:1206} INFO - Marking task as SUCCESS. dag_id=newyork_fhv_quality_check, task_id=check_duplicates, run_id=manual__2026-05-16T02:51:24.203989+00:00, execution_date=20260516T025124, start_date=20260516T025125, end_date=20260516T025126
[2026-05-16T02:51:26.405+0000] {local_task_job_runner.py:240} INFO - Task exited with return code 0
[2026-05-16T02:51:26.433+0000] {taskinstance.py:3498} INFO - 0 downstream tasks scheduled from follow-on schedule check
[2026-05-16T02:51:26.437+0000] {local_task_job_runner.py:222} INFO - ::endgroup::
