[2026-05-16T02:51:25.623+0000] {local_task_job_runner.py:120} INFO - ::group::Pre task execution logs
[2026-05-16T02:51:25.644+0000] {taskinstance.py:2076} INFO - Dependencies all met for dep_context=non-requeueable deps ti=<TaskInstance: newyork_fhv_quality_check.check_null_values manual__2026-05-16T02:51:24.203989+00:00 [queued]>
[2026-05-16T02:51:25.653+0000] {taskinstance.py:2076} INFO - Dependencies all met for dep_context=requeueable deps ti=<TaskInstance: newyork_fhv_quality_check.check_null_values manual__2026-05-16T02:51:24.203989+00:00 [queued]>
[2026-05-16T02:51:25.654+0000] {taskinstance.py:2306} INFO - Starting attempt 1 of 2
[2026-05-16T02:51:25.671+0000] {taskinstance.py:2330} INFO - Executing <Task(PythonOperator): check_null_values> on 2026-05-16 02:51:24.203989+00:00
[2026-05-16T02:51:25.677+0000] {warnings.py:110} WARNING - /home/***/.local/lib/python3.12/site-packages/***/task/task_runner/standard_task_runner.py:61: DeprecationWarning: This process (pid=207) is multi-threaded, use of fork() may lead to deadlocks in the child.
  pid = os.fork()

[2026-05-16T02:51:25.680+0000] {standard_task_runner.py:63} INFO - Started process 210 to run task
[2026-05-16T02:51:25.679+0000] {standard_task_runner.py:90} INFO - Running: ['***', 'tasks', 'run', 'newyork_fhv_quality_check', 'check_null_values', 'manual__2026-05-16T02:51:24.203989+00:00', '--job-id', '87', '--raw', '--subdir', 'DAGS_FOLDER/newyork_fhv_quality_check.py', '--cfg-path', '/tmp/tmprba3x9xw']
[2026-05-16T02:51:25.681+0000] {standard_task_runner.py:91} INFO - Job 87: Subtask check_null_values
[2026-05-16T02:51:25.758+0000] {task_command.py:426} INFO - Running <TaskInstance: newyork_fhv_quality_check.check_null_values manual__2026-05-16T02:51:24.203989+00:00 [running]> on host 63db16498da3
[2026-05-16T02:51:25.878+0000] {taskinstance.py:2648} INFO - Exporting env vars: AIRFLOW_CTX_DAG_OWNER='***' AIRFLOW_CTX_DAG_ID='newyork_fhv_quality_check' AIRFLOW_CTX_TASK_ID='check_null_values' AIRFLOW_CTX_EXECUTION_DATE='2026-05-16T02:51:24.203989+00:00' AIRFLOW_CTX_TRY_NUMBER='1' AIRFLOW_CTX_DAG_RUN_ID='manual__2026-05-16T02:51:24.203989+00:00'
[2026-05-16T02:51:25.880+0000] {taskinstance.py:430} INFO - ::endgroup::
[2026-05-16T02:51:26.294+0000] {logging_mixin.py:188} INFO - [QC] WARNING: Column 'base_number' has 50000 null values
[2026-05-16T02:51:26.307+0000] {logging_mixin.py:188} INFO - [QC] Null check report: {'base_number': 50000, 'base_name': 0, 'year': 0, 'month': 0, 'total_dispatched_trips': 0, 'unique_dispatched_vehicles': 0}
[2026-05-16T02:51:26.330+0000] {python.py:237} INFO - Done. Returned value was: {'base_number': 50000, 'base_name': 0, 'year': 0, 'month': 0, 'total_dispatched_trips': 0, 'unique_dispatched_vehicles': 0}
[2026-05-16T02:51:26.331+0000] {taskinstance.py:441} INFO - ::group::Post task execution logs
[2026-05-16T02:51:26.351+0000] {taskinstance.py:1206} INFO - Marking task as SUCCESS. dag_id=newyork_fhv_quality_check, task_id=check_null_values, run_id=manual__2026-05-16T02:51:24.203989+00:00, execution_date=20260516T025124, start_date=20260516T025125, end_date=20260516T025126
[2026-05-16T02:51:26.377+0000] {local_task_job_runner.py:240} INFO - Task exited with return code 0
[2026-05-16T02:51:26.406+0000] {taskinstance.py:3498} INFO - 1 downstream tasks scheduled from follow-on schedule check
[2026-05-16T02:51:26.409+0000] {local_task_job_runner.py:222} INFO - ::endgroup::
