[2026-05-02T14:43:30.668+0000] {local_task_job_runner.py:120} INFO - ::group::Pre task execution logs
[2026-05-02T14:43:30.695+0000] {taskinstance.py:2076} INFO - Dependencies all met for dep_context=non-requeueable deps ti=<TaskInstance: nyc_fhv_quality_check.check_duplicates manual__2026-05-02T14:43:29.653044+00:00 [queued]>
[2026-05-02T14:43:30.708+0000] {taskinstance.py:2076} INFO - Dependencies all met for dep_context=requeueable deps ti=<TaskInstance: nyc_fhv_quality_check.check_duplicates manual__2026-05-02T14:43:29.653044+00:00 [queued]>
[2026-05-02T14:43:30.709+0000] {taskinstance.py:2306} INFO - Starting attempt 1 of 2
[2026-05-02T14:43:30.729+0000] {taskinstance.py:2330} INFO - Executing <Task(PythonOperator): check_duplicates> on 2026-05-02 14:43:29.653044+00:00
[2026-05-02T14:43:30.738+0000] {warnings.py:110} WARNING - /home/***/.local/lib/python3.12/site-packages/***/task/task_runner/standard_task_runner.py:61: DeprecationWarning: This process (pid=93) is multi-threaded, use of fork() may lead to deadlocks in the child.
  pid = os.fork()

[2026-05-02T14:43:30.741+0000] {standard_task_runner.py:63} INFO - Started process 96 to run task
[2026-05-02T14:43:30.741+0000] {standard_task_runner.py:90} INFO - Running: ['***', 'tasks', 'run', 'nyc_fhv_quality_check', 'check_duplicates', 'manual__2026-05-02T14:43:29.653044+00:00', '--job-id', '47', '--raw', '--subdir', 'DAGS_FOLDER/nyc_fhv_quality_check.py', '--cfg-path', '/tmp/tmpqn_5rs6o']
[2026-05-02T14:43:30.742+0000] {standard_task_runner.py:91} INFO - Job 47: Subtask check_duplicates
[2026-05-02T14:43:30.822+0000] {task_command.py:426} INFO - Running <TaskInstance: nyc_fhv_quality_check.check_duplicates manual__2026-05-02T14:43:29.653044+00:00 [running]> on host 129dc407573d
[2026-05-02T14:43:30.928+0000] {taskinstance.py:2648} INFO - Exporting env vars: AIRFLOW_CTX_DAG_OWNER='***' AIRFLOW_CTX_DAG_ID='nyc_fhv_quality_check' AIRFLOW_CTX_TASK_ID='check_duplicates' AIRFLOW_CTX_EXECUTION_DATE='2026-05-02T14:43:29.653044+00:00' AIRFLOW_CTX_TRY_NUMBER='1' AIRFLOW_CTX_DAG_RUN_ID='manual__2026-05-02T14:43:29.653044+00:00'
[2026-05-02T14:43:30.930+0000] {taskinstance.py:430} INFO - ::endgroup::
[2026-05-02T14:43:31.287+0000] {logging_mixin.py:188} INFO - [QC] Total records   : 50000
[2026-05-02T14:43:31.288+0000] {logging_mixin.py:188} INFO - [QC] Unique keys     : 133
[2026-05-02T14:43:31.289+0000] {logging_mixin.py:188} INFO - [QC] Duplicates found: 49867
[2026-05-02T14:43:31.334+0000] {python.py:237} INFO - Done. Returned value was: 49867
[2026-05-02T14:43:31.335+0000] {taskinstance.py:441} INFO - ::group::Post task execution logs
[2026-05-02T14:43:31.365+0000] {taskinstance.py:1206} INFO - Marking task as SUCCESS. dag_id=nyc_fhv_quality_check, task_id=check_duplicates, run_id=manual__2026-05-02T14:43:29.653044+00:00, execution_date=20260502T144329, start_date=20260502T144330, end_date=20260502T144331
[2026-05-02T14:43:31.398+0000] {local_task_job_runner.py:240} INFO - Task exited with return code 0
[2026-05-02T14:43:31.442+0000] {taskinstance.py:3498} INFO - 1 downstream tasks scheduled from follow-on schedule check
[2026-05-02T14:43:31.446+0000] {local_task_job_runner.py:222} INFO - ::endgroup::
