[2026-05-08T19:39:22.495+0000] {local_task_job_runner.py:120} INFO - ::group::Pre task execution logs
[2026-05-08T19:39:22.517+0000] {taskinstance.py:2076} INFO - Dependencies all met for dep_context=non-requeueable deps ti=<TaskInstance: newyork_fhv_quality_check.check_null_values manual__2026-05-08T19:39:21.646663+00:00 [queued]>
[2026-05-08T19:39:22.526+0000] {taskinstance.py:2076} INFO - Dependencies all met for dep_context=requeueable deps ti=<TaskInstance: newyork_fhv_quality_check.check_null_values manual__2026-05-08T19:39:21.646663+00:00 [queued]>
[2026-05-08T19:39:22.528+0000] {taskinstance.py:2306} INFO - Starting attempt 1 of 2
[2026-05-08T19:39:22.542+0000] {taskinstance.py:2330} INFO - Executing <Task(PythonOperator): check_null_values> on 2026-05-08 19:39:21.646663+00:00
[2026-05-08T19:39:22.547+0000] {warnings.py:110} WARNING - /home/***/.local/lib/python3.12/site-packages/***/task/task_runner/standard_task_runner.py:61: DeprecationWarning: This process (pid=596) is multi-threaded, use of fork() may lead to deadlocks in the child.
  pid = os.fork()

[2026-05-08T19:39:22.549+0000] {standard_task_runner.py:63} INFO - Started process 599 to run task
[2026-05-08T19:39:22.549+0000] {standard_task_runner.py:90} INFO - Running: ['***', 'tasks', 'run', 'newyork_fhv_quality_check', 'check_null_values', 'manual__2026-05-08T19:39:21.646663+00:00', '--job-id', '74', '--raw', '--subdir', 'DAGS_FOLDER/newyork_fhv_quality_check.py', '--cfg-path', '/tmp/tmph69zbzm5']
[2026-05-08T19:39:22.550+0000] {standard_task_runner.py:91} INFO - Job 74: Subtask check_null_values
[2026-05-08T19:39:22.613+0000] {task_command.py:426} INFO - Running <TaskInstance: newyork_fhv_quality_check.check_null_values manual__2026-05-08T19:39:21.646663+00:00 [running]> on host 2c41721f40ae
[2026-05-08T19:39:22.702+0000] {taskinstance.py:2648} INFO - Exporting env vars: AIRFLOW_CTX_DAG_OWNER='***' AIRFLOW_CTX_DAG_ID='newyork_fhv_quality_check' AIRFLOW_CTX_TASK_ID='check_null_values' AIRFLOW_CTX_EXECUTION_DATE='2026-05-08T19:39:21.646663+00:00' AIRFLOW_CTX_TRY_NUMBER='1' AIRFLOW_CTX_DAG_RUN_ID='manual__2026-05-08T19:39:21.646663+00:00'
[2026-05-08T19:39:22.703+0000] {taskinstance.py:430} INFO - ::endgroup::
[2026-05-08T19:39:23.046+0000] {logging_mixin.py:188} INFO - [QC] WARNING: Column 'base_number' has 50000 null values
[2026-05-08T19:39:23.061+0000] {logging_mixin.py:188} INFO - [QC] Null check report: {'base_number': 50000, 'base_name': 0, 'year': 0, 'month': 0, 'total_dispatched_trips': 0, 'unique_dispatched_vehicles': 0}
[2026-05-08T19:39:23.082+0000] {python.py:237} INFO - Done. Returned value was: {'base_number': 50000, 'base_name': 0, 'year': 0, 'month': 0, 'total_dispatched_trips': 0, 'unique_dispatched_vehicles': 0}
[2026-05-08T19:39:23.083+0000] {taskinstance.py:441} INFO - ::group::Post task execution logs
[2026-05-08T19:39:23.109+0000] {taskinstance.py:1206} INFO - Marking task as SUCCESS. dag_id=newyork_fhv_quality_check, task_id=check_null_values, run_id=manual__2026-05-08T19:39:21.646663+00:00, execution_date=20260508T193921, start_date=20260508T193922, end_date=20260508T193923
[2026-05-08T19:39:23.164+0000] {local_task_job_runner.py:240} INFO - Task exited with return code 0
[2026-05-08T19:39:23.187+0000] {taskinstance.py:3498} INFO - 0 downstream tasks scheduled from follow-on schedule check
[2026-05-08T19:39:23.189+0000] {local_task_job_runner.py:222} INFO - ::endgroup::
