[2026-04-30T09:05:39.318+0000] {local_task_job_runner.py:120} INFO - ::group::Pre task execution logs
[2026-04-30T09:05:39.364+0000] {taskinstance.py:2076} INFO - Dependencies all met for dep_context=non-requeueable deps ti=<TaskInstance: nyc_fhv_quality_check.check_duplicates manual__2026-04-30T09:05:37.187291+00:00 [queued]>
[2026-04-30T09:05:39.381+0000] {taskinstance.py:2076} INFO - Dependencies all met for dep_context=requeueable deps ti=<TaskInstance: nyc_fhv_quality_check.check_duplicates manual__2026-04-30T09:05:37.187291+00:00 [queued]>
[2026-04-30T09:05:39.382+0000] {taskinstance.py:2306} INFO - Starting attempt 1 of 2
[2026-04-30T09:05:39.406+0000] {taskinstance.py:2330} INFO - Executing <Task(PythonOperator): check_duplicates> on 2026-04-30 09:05:37.187291+00:00
[2026-04-30T09:05:39.416+0000] {warnings.py:110} WARNING - /home/***/.local/lib/python3.12/site-packages/***/task/task_runner/standard_task_runner.py:61: DeprecationWarning: This process (pid=193) is multi-threaded, use of fork() may lead to deadlocks in the child.
  pid = os.fork()

[2026-04-30T09:05:39.434+0000] {standard_task_runner.py:90} INFO - Running: ['***', 'tasks', 'run', 'nyc_fhv_quality_check', 'check_duplicates', 'manual__2026-04-30T09:05:37.187291+00:00', '--job-id', '11', '--raw', '--subdir', 'DAGS_FOLDER/nyc_fhv_quality_check.py', '--cfg-path', '/tmp/tmp60j9drs3']
[2026-04-30T09:05:39.454+0000] {standard_task_runner.py:63} INFO - Started process 196 to run task
[2026-04-30T09:05:39.479+0000] {standard_task_runner.py:91} INFO - Job 11: Subtask check_duplicates
[2026-04-30T09:05:39.735+0000] {task_command.py:426} INFO - Running <TaskInstance: nyc_fhv_quality_check.check_duplicates manual__2026-04-30T09:05:37.187291+00:00 [running]> on host 129dc407573d
[2026-04-30T09:05:39.959+0000] {taskinstance.py:2648} INFO - Exporting env vars: AIRFLOW_CTX_DAG_OWNER='***' AIRFLOW_CTX_DAG_ID='nyc_fhv_quality_check' AIRFLOW_CTX_TASK_ID='check_duplicates' AIRFLOW_CTX_EXECUTION_DATE='2026-04-30T09:05:37.187291+00:00' AIRFLOW_CTX_TRY_NUMBER='1' AIRFLOW_CTX_DAG_RUN_ID='manual__2026-04-30T09:05:37.187291+00:00'
[2026-04-30T09:05:39.967+0000] {taskinstance.py:430} INFO - ::endgroup::
[2026-04-30T09:05:40.018+0000] {taskinstance.py:441} INFO - ::group::Post task execution logs
[2026-04-30T09:05:40.021+0000] {taskinstance.py:2905} ERROR - Task failed with exception
Traceback (most recent call last):
  File "/home/airflow/.local/lib/python3.12/site-packages/airflow/models/taskinstance.py", line 465, in _execute_task
    result = _execute_callable(context=context, **execute_callable_kwargs)
             ^^^^^^^^^^^^^^^^^^^^^^^^^^^^^^^^^^^^^^^^^^^^^^^^^^^^^^^^^^^^^
  File "/home/airflow/.local/lib/python3.12/site-packages/airflow/models/taskinstance.py", line 432, in _execute_callable
    return execute_callable(context=context, **execute_callable_kwargs)
           ^^^^^^^^^^^^^^^^^^^^^^^^^^^^^^^^^^^^^^^^^^^^^^^^^^^^^^^^^^^^
  File "/home/airflow/.local/lib/python3.12/site-packages/airflow/models/baseoperator.py", line 400, in wrapper
    return func(self, *args, **kwargs)
           ^^^^^^^^^^^^^^^^^^^^^^^^^^^
  File "/home/airflow/.local/lib/python3.12/site-packages/airflow/operators/python.py", line 235, in execute
    return_value = self.execute_callable()
                   ^^^^^^^^^^^^^^^^^^^^^^^
  File "/home/airflow/.local/lib/python3.12/site-packages/airflow/operators/python.py", line 252, in execute_callable
    return self.python_callable(*self.op_args, **self.op_kwargs)
           ^^^^^^^^^^^^^^^^^^^^^^^^^^^^^^^^^^^^^^^^^^^^^^^^^^^^^
  File "/opt/airflow/dags/nyc_fhv_quality_check.py", line 51, in check_duplicates
    with open(input_path, "r", encoding="utf-8") as f:
         ^^^^^^^^^^^^^^^^^^^^^^^^^^^^^^^^^^^^^^^
FileNotFoundError: [Errno 2] No such file or directory: '/opt/airflow/data/bronze/nyc_fhv_base_aggregate_raw.json'
[2026-04-30T09:05:40.099+0000] {taskinstance.py:1206} INFO - Marking task as UP_FOR_RETRY. dag_id=nyc_fhv_quality_check, task_id=check_duplicates, run_id=manual__2026-04-30T09:05:37.187291+00:00, execution_date=20260430T090537, start_date=20260430T090539, end_date=20260430T090540
[2026-04-30T09:05:40.385+0000] {standard_task_runner.py:110} ERROR - Failed to execute job 11 for task check_duplicates ([Errno 2] No such file or directory: '/opt/airflow/data/bronze/nyc_fhv_base_aggregate_raw.json'; 196)
[2026-04-30T09:05:40.446+0000] {local_task_job_runner.py:240} INFO - Task exited with return code 1
[2026-04-30T09:05:40.468+0000] {local_task_job_runner.py:222} INFO - ::endgroup::
