[2026-04-30T09:06:00.849+0000] {local_task_job_runner.py:120} INFO - ::group::Pre task execution logs
[2026-04-30T09:06:00.948+0000] {taskinstance.py:2076} INFO - Dependencies all met for dep_context=non-requeueable deps ti=<TaskInstance: nyc_fhv_quality_check.check_row_count manual__2026-04-30T09:05:58.554144+00:00 [queued]>
[2026-04-30T09:06:00.968+0000] {taskinstance.py:2076} INFO - Dependencies all met for dep_context=requeueable deps ti=<TaskInstance: nyc_fhv_quality_check.check_row_count manual__2026-04-30T09:05:58.554144+00:00 [queued]>
[2026-04-30T09:06:00.978+0000] {taskinstance.py:2306} INFO - Starting attempt 1 of 2
[2026-04-30T09:06:01.016+0000] {taskinstance.py:2330} INFO - Executing <Task(PythonOperator): check_row_count> on 2026-04-30 09:05:58.554144+00:00
[2026-04-30T09:06:01.032+0000] {warnings.py:110} WARNING - /home/***/.local/lib/python3.12/site-packages/***/task/task_runner/standard_task_runner.py:61: DeprecationWarning: This process (pid=215) is multi-threaded, use of fork() may lead to deadlocks in the child.
  pid = os.fork()

[2026-04-30T09:06:01.037+0000] {standard_task_runner.py:63} INFO - Started process 221 to run task
[2026-04-30T09:06:01.038+0000] {standard_task_runner.py:90} INFO - Running: ['***', 'tasks', 'run', 'nyc_fhv_quality_check', 'check_row_count', 'manual__2026-04-30T09:05:58.554144+00:00', '--job-id', '20', '--raw', '--subdir', 'DAGS_FOLDER/nyc_fhv_quality_check.py', '--cfg-path', '/tmp/tmpdyux882k']
[2026-04-30T09:06:01.046+0000] {standard_task_runner.py:91} INFO - Job 20: Subtask check_row_count
[2026-04-30T09:06:01.283+0000] {task_command.py:426} INFO - Running <TaskInstance: nyc_fhv_quality_check.check_row_count manual__2026-04-30T09:05:58.554144+00:00 [running]> on host 129dc407573d
[2026-04-30T09:06:01.569+0000] {taskinstance.py:2648} INFO - Exporting env vars: AIRFLOW_CTX_DAG_OWNER='***' AIRFLOW_CTX_DAG_ID='nyc_fhv_quality_check' AIRFLOW_CTX_TASK_ID='check_row_count' AIRFLOW_CTX_EXECUTION_DATE='2026-04-30T09:05:58.554144+00:00' AIRFLOW_CTX_TRY_NUMBER='1' AIRFLOW_CTX_DAG_RUN_ID='manual__2026-04-30T09:05:58.554144+00:00'
[2026-04-30T09:06:01.592+0000] {taskinstance.py:430} INFO - ::endgroup::
[2026-04-30T09:06:02.588+0000] {logging_mixin.py:188} INFO - [QC] Row count: 50000 (minimum required: 10)
[2026-04-30T09:06:02.657+0000] {python.py:237} INFO - Done. Returned value was: 50000
[2026-04-30T09:06:02.663+0000] {taskinstance.py:441} INFO - ::group::Post task execution logs
[2026-04-30T09:06:02.730+0000] {taskinstance.py:1206} INFO - Marking task as SUCCESS. dag_id=nyc_fhv_quality_check, task_id=check_row_count, run_id=manual__2026-04-30T09:05:58.554144+00:00, execution_date=20260430T090558, start_date=20260430T090600, end_date=20260430T090602
[2026-04-30T09:06:02.819+0000] {local_task_job_runner.py:240} INFO - Task exited with return code 0
[2026-04-30T09:06:02.914+0000] {taskinstance.py:3498} INFO - 0 downstream tasks scheduled from follow-on schedule check
[2026-04-30T09:06:02.928+0000] {local_task_job_runner.py:222} INFO - ::endgroup::
