[2026-04-30T09:10:45.214+0000] {local_task_job_runner.py:120} INFO - ::group::Pre task execution logs
[2026-04-30T09:10:45.243+0000] {taskinstance.py:2076} INFO - Dependencies all met for dep_context=non-requeueable deps ti=<TaskInstance: nyc_fhv_silver.clean_and_transform manual__2026-04-30T09:05:39.660216+00:00 [queued]>
[2026-04-30T09:10:45.255+0000] {taskinstance.py:2076} INFO - Dependencies all met for dep_context=requeueable deps ti=<TaskInstance: nyc_fhv_silver.clean_and_transform manual__2026-04-30T09:05:39.660216+00:00 [queued]>
[2026-04-30T09:10:45.257+0000] {taskinstance.py:2306} INFO - Starting attempt 2 of 2
[2026-04-30T09:10:45.274+0000] {taskinstance.py:2330} INFO - Executing <Task(PythonOperator): clean_and_transform> on 2026-04-30 09:05:39.660216+00:00
[2026-04-30T09:10:45.283+0000] {warnings.py:110} WARNING - /home/***/.local/lib/python3.12/site-packages/***/task/task_runner/standard_task_runner.py:61: DeprecationWarning: This process (pid=309) is multi-threaded, use of fork() may lead to deadlocks in the child.
  pid = os.fork()

[2026-04-30T09:10:45.285+0000] {standard_task_runner.py:63} INFO - Started process 311 to run task
[2026-04-30T09:10:45.285+0000] {standard_task_runner.py:90} INFO - Running: ['***', 'tasks', 'run', 'nyc_fhv_silver', 'clean_and_transform', 'manual__2026-04-30T09:05:39.660216+00:00', '--job-id', '38', '--raw', '--subdir', 'DAGS_FOLDER/nyc_fhv_silver.py', '--cfg-path', '/tmp/tmpcooza0n1']
[2026-04-30T09:10:45.287+0000] {standard_task_runner.py:91} INFO - Job 38: Subtask clean_and_transform
[2026-04-30T09:10:45.388+0000] {task_command.py:426} INFO - Running <TaskInstance: nyc_fhv_silver.clean_and_transform manual__2026-04-30T09:05:39.660216+00:00 [running]> on host 129dc407573d
[2026-04-30T09:10:45.506+0000] {taskinstance.py:2648} INFO - Exporting env vars: AIRFLOW_CTX_DAG_OWNER='***' AIRFLOW_CTX_DAG_ID='nyc_fhv_silver' AIRFLOW_CTX_TASK_ID='clean_and_transform' AIRFLOW_CTX_EXECUTION_DATE='2026-04-30T09:05:39.660216+00:00' AIRFLOW_CTX_TRY_NUMBER='2' AIRFLOW_CTX_DAG_RUN_ID='manual__2026-04-30T09:05:39.660216+00:00'
[2026-04-30T09:10:45.508+0000] {taskinstance.py:430} INFO - ::endgroup::
[2026-04-30T09:10:45.530+0000] {logging_mixin.py:188} INFO - [Silver] Reading from: /opt/***/data/bronze/nyc_fhv_base_aggregate_raw.json
[2026-04-30T09:10:45.826+0000] {logging_mixin.py:188} INFO - [Silver] Raw records: 50000
[2026-04-30T09:10:45.829+0000] {logging_mixin.py:188} INFO - [Silver] After cleaning   : 0
[2026-04-30T09:10:45.830+0000] {logging_mixin.py:188} INFO - [Silver] After dedup      : 0
[2026-04-30T09:10:45.831+0000] {logging_mixin.py:188} INFO - [Silver] Removed (dupes)  : 0
[2026-04-30T09:10:45.836+0000] {logging_mixin.py:188} INFO - [Silver] Saved to: /opt/***/data/silver/nyc_fhv_base_aggregate_cleaned.json
[2026-04-30T09:10:45.852+0000] {python.py:237} INFO - Done. Returned value was: 0
[2026-04-30T09:10:45.853+0000] {taskinstance.py:441} INFO - ::group::Post task execution logs
[2026-04-30T09:10:45.894+0000] {taskinstance.py:1206} INFO - Marking task as SUCCESS. dag_id=nyc_fhv_silver, task_id=clean_and_transform, run_id=manual__2026-04-30T09:05:39.660216+00:00, execution_date=20260430T090539, start_date=20260430T091045, end_date=20260430T091045
[2026-04-30T09:10:45.943+0000] {local_task_job_runner.py:240} INFO - Task exited with return code 0
[2026-04-30T09:10:45.996+0000] {taskinstance.py:3498} INFO - 0 downstream tasks scheduled from follow-on schedule check
[2026-04-30T09:10:46.006+0000] {local_task_job_runner.py:222} INFO - ::endgroup::
