[2026-04-30T09:05:42.370+0000] {local_task_job_runner.py:120} INFO - ::group::Pre task execution logs
[2026-04-30T09:05:42.421+0000] {taskinstance.py:2076} INFO - Dependencies all met for dep_context=non-requeueable deps ti=<TaskInstance: nyc_fhv_silver.clean_and_transform manual__2026-04-30T09:05:39.660216+00:00 [queued]>
[2026-04-30T09:05:42.446+0000] {taskinstance.py:2076} INFO - Dependencies all met for dep_context=requeueable deps ti=<TaskInstance: nyc_fhv_silver.clean_and_transform manual__2026-04-30T09:05:39.660216+00:00 [queued]>
[2026-04-30T09:05:42.448+0000] {taskinstance.py:2306} INFO - Starting attempt 1 of 2
[2026-04-30T09:05:42.481+0000] {taskinstance.py:2330} INFO - Executing <Task(PythonOperator): clean_and_transform> on 2026-04-30 09:05:39.660216+00:00
[2026-04-30T09:05:42.497+0000] {warnings.py:110} WARNING - /home/***/.local/lib/python3.12/site-packages/***/task/task_runner/standard_task_runner.py:61: DeprecationWarning: This process (pid=198) is multi-threaded, use of fork() may lead to deadlocks in the child.
  pid = os.fork()

[2026-04-30T09:05:42.511+0000] {standard_task_runner.py:90} INFO - Running: ['***', 'tasks', 'run', 'nyc_fhv_silver', 'clean_and_transform', 'manual__2026-04-30T09:05:39.660216+00:00', '--job-id', '15', '--raw', '--subdir', 'DAGS_FOLDER/nyc_fhv_silver.py', '--cfg-path', '/tmp/tmphb9hk9kc']
[2026-04-30T09:05:42.585+0000] {standard_task_runner.py:63} INFO - Started process 201 to run task
[2026-04-30T09:05:42.622+0000] {standard_task_runner.py:91} INFO - Job 15: Subtask clean_and_transform
[2026-04-30T09:05:42.843+0000] {task_command.py:426} INFO - Running <TaskInstance: nyc_fhv_silver.clean_and_transform manual__2026-04-30T09:05:39.660216+00:00 [running]> on host 129dc407573d
[2026-04-30T09:05:43.083+0000] {taskinstance.py:2648} INFO - Exporting env vars: AIRFLOW_CTX_DAG_OWNER='***' AIRFLOW_CTX_DAG_ID='nyc_fhv_silver' AIRFLOW_CTX_TASK_ID='clean_and_transform' AIRFLOW_CTX_EXECUTION_DATE='2026-04-30T09:05:39.660216+00:00' AIRFLOW_CTX_TRY_NUMBER='1' AIRFLOW_CTX_DAG_RUN_ID='manual__2026-04-30T09:05:39.660216+00:00'
[2026-04-30T09:05:43.110+0000] {taskinstance.py:430} INFO - ::endgroup::
[2026-04-30T09:05:43.258+0000] {logging_mixin.py:188} INFO - [Silver] Reading from: /opt/***/data/bronze/nyc_fhv_base_aggregate_raw.json
[2026-04-30T09:05:43.436+0000] {taskinstance.py:441} INFO - ::group::Post task execution logs
[2026-04-30T09:05:43.437+0000] {taskinstance.py:2905} ERROR - Task failed with exception
Traceback (most recent call last):
  File "/home/airflow/.local/lib/python3.12/site-packages/airflow/models/taskinstance.py", line 465, in _execute_task
    result = _execute_callable(context=context, **execute_callable_kwargs)
             ^^^^^^^^^^^^^^^^^^^^^^^^^^^^^^^^^^^^^^^^^^^^^^^^^^^^^^^^^^^^^
  File "/home/airflow/.local/lib/python3.12/site-packages/airflow/models/taskinstance.py", line 432, in _execute_callable
    return execute_callable(context=context, **execute_callable_kwargs)
           ^^^^^^^^^^^^^^^^^^^^^^^^^^^^^^^^^^^^^^^^^^^^^^^^^^^^^^^^^^^^
  File "/home/airflow/.local/lib/python3.12/site-packages/airflow/models/baseoperator.py", line 400, in wrapper
    return func(self, *args, **kwargs)
           ^^^^^^^^^^^^^^^^^^^^^^^^^^^
  File "/home/airflow/.local/lib/python3.12/site-packages/airflow/operators/python.py", line 235, in execute
    return_value = self.execute_callable()
                   ^^^^^^^^^^^^^^^^^^^^^^^
  File "/home/airflow/.local/lib/python3.12/site-packages/airflow/operators/python.py", line 252, in execute_callable
    return self.python_callable(*self.op_args, **self.op_kwargs)
           ^^^^^^^^^^^^^^^^^^^^^^^^^^^^^^^^^^^^^^^^^^^^^^^^^^^^^
  File "/opt/airflow/dags/nyc_fhv_silver.py", line 28, in clean_and_transform
    data = json.load(f)
           ^^^^^^^^^^^^
  File "/usr/local/lib/python3.12/json/__init__.py", line 293, in load
    return loads(fp.read(),
           ^^^^^^^^^^^^^^^^
  File "/usr/local/lib/python3.12/json/__init__.py", line 346, in loads
    return _default_decoder.decode(s)
           ^^^^^^^^^^^^^^^^^^^^^^^^^^
  File "/usr/local/lib/python3.12/json/decoder.py", line 337, in decode
    obj, end = self.raw_decode(s, idx=_w(s, 0).end())
               ^^^^^^^^^^^^^^^^^^^^^^^^^^^^^^^^^^^^^^
  File "/usr/local/lib/python3.12/json/decoder.py", line 353, in raw_decode
    obj, end = self.scan_once(s, idx)
               ^^^^^^^^^^^^^^^^^^^^^^
json.decoder.JSONDecodeError: Expecting ',' delimiter: line 44372 column 42 (char 1227629)
[2026-04-30T09:05:43.476+0000] {taskinstance.py:1206} INFO - Marking task as UP_FOR_RETRY. dag_id=nyc_fhv_silver, task_id=clean_and_transform, run_id=manual__2026-04-30T09:05:39.660216+00:00, execution_date=20260430T090539, start_date=20260430T090542, end_date=20260430T090543
[2026-04-30T09:05:43.515+0000] {standard_task_runner.py:110} ERROR - Failed to execute job 15 for task clean_and_transform (Expecting ',' delimiter: line 44372 column 42 (char 1227629); 201)
[2026-04-30T09:05:43.543+0000] {local_task_job_runner.py:240} INFO - Task exited with return code 1
[2026-04-30T09:05:43.594+0000] {taskinstance.py:3498} INFO - 0 downstream tasks scheduled from follow-on schedule check
[2026-04-30T09:05:43.601+0000] {local_task_job_runner.py:222} INFO - ::endgroup::
