[2026-04-30T09:06:22.756+0000] {local_task_job_runner.py:120} INFO - ::group::Pre task execution logs
[2026-04-30T09:06:22.800+0000] {taskinstance.py:2076} INFO - Dependencies all met for dep_context=non-requeueable deps ti=<TaskInstance: nyc_fhv_pipeline.trigger_gold manual__2026-04-30T08:59:07.261721+00:00 [queued]>
[2026-04-30T09:06:22.821+0000] {taskinstance.py:2076} INFO - Dependencies all met for dep_context=requeueable deps ti=<TaskInstance: nyc_fhv_pipeline.trigger_gold manual__2026-04-30T08:59:07.261721+00:00 [queued]>
[2026-04-30T09:06:22.824+0000] {taskinstance.py:2306} INFO - Starting attempt 1 of 2
[2026-04-30T09:06:22.855+0000] {taskinstance.py:2330} INFO - Executing <Task(TriggerDagRunOperator): trigger_gold> on 2026-04-30 08:59:07.261721+00:00
[2026-04-30T09:06:22.873+0000] {warnings.py:110} WARNING - /home/***/.local/lib/python3.12/site-packages/***/task/task_runner/standard_task_runner.py:61: DeprecationWarning: This process (pid=237) is multi-threaded, use of fork() may lead to deadlocks in the child.
  pid = os.fork()

[2026-04-30T09:06:22.876+0000] {standard_task_runner.py:90} INFO - Running: ['***', 'tasks', 'run', 'nyc_fhv_pipeline', 'trigger_gold', 'manual__2026-04-30T08:59:07.261721+00:00', '--job-id', '31', '--raw', '--subdir', 'DAGS_FOLDER/nyc_fhv_pipeline.py', '--cfg-path', '/tmp/tmpiu8cmu1o']
[2026-04-30T09:06:22.879+0000] {standard_task_runner.py:63} INFO - Started process 239 to run task
[2026-04-30T09:06:22.882+0000] {standard_task_runner.py:91} INFO - Job 31: Subtask trigger_gold
[2026-04-30T09:06:23.004+0000] {task_command.py:426} INFO - Running <TaskInstance: nyc_fhv_pipeline.trigger_gold manual__2026-04-30T08:59:07.261721+00:00 [running]> on host 129dc407573d
[2026-04-30T09:06:23.218+0000] {taskinstance.py:2648} INFO - Exporting env vars: AIRFLOW_CTX_DAG_OWNER='***' AIRFLOW_CTX_DAG_ID='nyc_fhv_pipeline' AIRFLOW_CTX_TASK_ID='trigger_gold' AIRFLOW_CTX_EXECUTION_DATE='2026-04-30T08:59:07.261721+00:00' AIRFLOW_CTX_TRY_NUMBER='1' AIRFLOW_CTX_DAG_RUN_ID='manual__2026-04-30T08:59:07.261721+00:00'
[2026-04-30T09:06:23.220+0000] {taskinstance.py:430} INFO - ::endgroup::
[2026-04-30T09:06:23.370+0000] {trigger_dagrun.py:222} INFO - Waiting for nyc_fhv_gold on 2026-04-30 09:06:23.245195+00:00 to become allowed state ['success'] ...
[2026-04-30T09:06:33.381+0000] {trigger_dagrun.py:235} INFO - nyc_fhv_gold finished with allowed state success
[2026-04-30T09:06:33.382+0000] {taskinstance.py:441} INFO - ::group::Post task execution logs
[2026-04-30T09:06:33.395+0000] {taskinstance.py:1206} INFO - Marking task as SUCCESS. dag_id=nyc_fhv_pipeline, task_id=trigger_gold, run_id=manual__2026-04-30T08:59:07.261721+00:00, execution_date=20260430T085907, start_date=20260430T090622, end_date=20260430T090633
[2026-04-30T09:06:33.463+0000] {local_task_job_runner.py:240} INFO - Task exited with return code 0
[2026-04-30T09:06:33.488+0000] {taskinstance.py:3498} INFO - 0 downstream tasks scheduled from follow-on schedule check
[2026-04-30T09:06:33.505+0000] {local_task_job_runner.py:222} INFO - ::endgroup::
