[2026-04-30T09:05:37.224+0000] {local_task_job_runner.py:120} INFO - ::group::Pre task execution logs
[2026-04-30T09:05:37.267+0000] {taskinstance.py:2076} INFO - Dependencies all met for dep_context=non-requeueable deps ti=<TaskInstance: nyc_fhv_ingestion.ingest_fhv_base_aggregate manual__2026-04-30T08:59:12.973680+00:00 [queued]>
[2026-04-30T09:05:37.290+0000] {taskinstance.py:2076} INFO - Dependencies all met for dep_context=requeueable deps ti=<TaskInstance: nyc_fhv_ingestion.ingest_fhv_base_aggregate manual__2026-04-30T08:59:12.973680+00:00 [queued]>
[2026-04-30T09:05:37.292+0000] {taskinstance.py:2306} INFO - Starting attempt 1 of 2
[2026-04-30T09:05:37.323+0000] {taskinstance.py:2330} INFO - Executing <Task(PythonOperator): ingest_fhv_base_aggregate> on 2026-04-30 08:59:12.973680+00:00
[2026-04-30T09:05:37.339+0000] {standard_task_runner.py:90} INFO - Running: ['***', 'tasks', 'run', 'nyc_fhv_ingestion', 'ingest_fhv_base_aggregate', 'manual__2026-04-30T08:59:12.973680+00:00', '--job-id', '10', '--raw', '--subdir', 'DAGS_FOLDER/nyc_fhv_ingestion.py', '--cfg-path', '/tmp/tmp94eevd7b']
[2026-04-30T09:05:37.336+0000] {warnings.py:110} WARNING - /home/***/.local/lib/python3.12/site-packages/***/task/task_runner/standard_task_runner.py:61: DeprecationWarning: This process (pid=189) is multi-threaded, use of fork() may lead to deadlocks in the child.
  pid = os.fork()

[2026-04-30T09:05:37.342+0000] {standard_task_runner.py:91} INFO - Job 10: Subtask ingest_fhv_base_aggregate
[2026-04-30T09:05:37.344+0000] {standard_task_runner.py:63} INFO - Started process 190 to run task
[2026-04-30T09:05:37.574+0000] {task_command.py:426} INFO - Running <TaskInstance: nyc_fhv_ingestion.ingest_fhv_base_aggregate manual__2026-04-30T08:59:12.973680+00:00 [running]> on host 129dc407573d
[2026-04-30T09:05:37.876+0000] {taskinstance.py:2648} INFO - Exporting env vars: AIRFLOW_CTX_DAG_OWNER='***' AIRFLOW_CTX_DAG_ID='nyc_fhv_ingestion' AIRFLOW_CTX_TASK_ID='ingest_fhv_base_aggregate' AIRFLOW_CTX_EXECUTION_DATE='2026-04-30T08:59:12.973680+00:00' AIRFLOW_CTX_TRY_NUMBER='1' AIRFLOW_CTX_DAG_RUN_ID='manual__2026-04-30T08:59:12.973680+00:00'
[2026-04-30T09:05:37.878+0000] {taskinstance.py:430} INFO - ::endgroup::
[2026-04-30T09:05:37.920+0000] {logging_mixin.py:188} INFO - [Ingestion] Fetching data from: https://data.cityofnewyork.us/resource/2v9c-2k7f.json
[2026-04-30T09:05:42.666+0000] {logging_mixin.py:188} INFO - [Ingestion] Records fetched: 50000
[2026-04-30T09:05:45.912+0000] {logging_mixin.py:188} INFO - [Ingestion] Saved to: /opt/***/data/bronze/nyc_fhv_base_aggregate_raw.json
[2026-04-30T09:05:45.947+0000] {python.py:237} INFO - Done. Returned value was: 50000
[2026-04-30T09:05:45.951+0000] {taskinstance.py:441} INFO - ::group::Post task execution logs
[2026-04-30T09:05:46.007+0000] {taskinstance.py:1206} INFO - Marking task as SUCCESS. dag_id=nyc_fhv_ingestion, task_id=ingest_fhv_base_aggregate, run_id=manual__2026-04-30T08:59:12.973680+00:00, execution_date=20260430T085912, start_date=20260430T090537, end_date=20260430T090546
[2026-04-30T09:05:46.085+0000] {local_task_job_runner.py:240} INFO - Task exited with return code 0
[2026-04-30T09:05:46.147+0000] {taskinstance.py:3498} INFO - 0 downstream tasks scheduled from follow-on schedule check
[2026-04-30T09:05:46.155+0000] {local_task_job_runner.py:222} INFO - ::endgroup::
