[2026-04-30T08:59:12.264+0000] {local_task_job_runner.py:120} INFO - ::group::Pre task execution logs
[2026-04-30T08:59:12.350+0000] {taskinstance.py:2076} INFO - Dependencies all met for dep_context=non-requeueable deps ti=<TaskInstance: nyc_fhv_pipeline.trigger_ingestion manual__2026-04-30T08:59:07.261721+00:00 [queued]>
[2026-04-30T08:59:12.386+0000] {taskinstance.py:2076} INFO - Dependencies all met for dep_context=requeueable deps ti=<TaskInstance: nyc_fhv_pipeline.trigger_ingestion manual__2026-04-30T08:59:07.261721+00:00 [queued]>
[2026-04-30T08:59:12.388+0000] {taskinstance.py:2306} INFO - Starting attempt 1 of 2
[2026-04-30T08:59:12.453+0000] {taskinstance.py:2330} INFO - Executing <Task(TriggerDagRunOperator): trigger_ingestion> on 2026-04-30 08:59:07.261721+00:00
[2026-04-30T08:59:12.473+0000] {warnings.py:110} WARNING - /home/***/.local/lib/python3.12/site-packages/***/task/task_runner/standard_task_runner.py:61: DeprecationWarning: This process (pid=107) is multi-threaded, use of fork() may lead to deadlocks in the child.
  pid = os.fork()

[2026-04-30T08:59:12.474+0000] {standard_task_runner.py:90} INFO - Running: ['***', 'tasks', 'run', 'nyc_fhv_pipeline', 'trigger_ingestion', 'manual__2026-04-30T08:59:07.261721+00:00', '--job-id', '7', '--raw', '--subdir', 'DAGS_FOLDER/nyc_fhv_pipeline.py', '--cfg-path', '/tmp/tmpxaicc31o']
[2026-04-30T08:59:12.481+0000] {standard_task_runner.py:63} INFO - Started process 109 to run task
[2026-04-30T08:59:12.483+0000] {standard_task_runner.py:91} INFO - Job 7: Subtask trigger_ingestion
[2026-04-30T08:59:12.743+0000] {task_command.py:426} INFO - Running <TaskInstance: nyc_fhv_pipeline.trigger_ingestion manual__2026-04-30T08:59:07.261721+00:00 [running]> on host 129dc407573d
[2026-04-30T08:59:12.943+0000] {taskinstance.py:2648} INFO - Exporting env vars: AIRFLOW_CTX_DAG_OWNER='***' AIRFLOW_CTX_DAG_ID='nyc_fhv_pipeline' AIRFLOW_CTX_TASK_ID='trigger_ingestion' AIRFLOW_CTX_EXECUTION_DATE='2026-04-30T08:59:07.261721+00:00' AIRFLOW_CTX_TRY_NUMBER='1' AIRFLOW_CTX_DAG_RUN_ID='manual__2026-04-30T08:59:07.261721+00:00'
[2026-04-30T08:59:12.945+0000] {taskinstance.py:430} INFO - ::endgroup::
[2026-04-30T08:59:13.102+0000] {trigger_dagrun.py:222} INFO - Waiting for nyc_fhv_ingestion on 2026-04-30 08:59:12.974311+00:00 to become allowed state ['success'] ...
[2026-04-30T08:59:23.114+0000] {trigger_dagrun.py:222} INFO - Waiting for nyc_fhv_ingestion on 2026-04-30 08:59:12.974311+00:00 to become allowed state ['success'] ...
[2026-04-30T08:59:33.125+0000] {trigger_dagrun.py:222} INFO - Waiting for nyc_fhv_ingestion on 2026-04-30 08:59:12.974311+00:00 to become allowed state ['success'] ...
[2026-04-30T08:59:43.136+0000] {trigger_dagrun.py:222} INFO - Waiting for nyc_fhv_ingestion on 2026-04-30 08:59:12.974311+00:00 to become allowed state ['success'] ...
[2026-04-30T08:59:53.149+0000] {trigger_dagrun.py:222} INFO - Waiting for nyc_fhv_ingestion on 2026-04-30 08:59:12.974311+00:00 to become allowed state ['success'] ...
[2026-04-30T09:00:05.355+0000] {trigger_dagrun.py:222} INFO - Waiting for nyc_fhv_ingestion on 2026-04-30 08:59:12.974311+00:00 to become allowed state ['success'] ...
[2026-04-30T09:00:15.368+0000] {trigger_dagrun.py:222} INFO - Waiting for nyc_fhv_ingestion on 2026-04-30 08:59:12.974311+00:00 to become allowed state ['success'] ...
[2026-04-30T09:00:25.378+0000] {trigger_dagrun.py:222} INFO - Waiting for nyc_fhv_ingestion on 2026-04-30 08:59:12.974311+00:00 to become allowed state ['success'] ...
[2026-04-30T09:00:35.390+0000] {trigger_dagrun.py:222} INFO - Waiting for nyc_fhv_ingestion on 2026-04-30 08:59:12.974311+00:00 to become allowed state ['success'] ...
[2026-04-30T09:00:45.403+0000] {trigger_dagrun.py:222} INFO - Waiting for nyc_fhv_ingestion on 2026-04-30 08:59:12.974311+00:00 to become allowed state ['success'] ...
[2026-04-30T09:00:55.432+0000] {trigger_dagrun.py:222} INFO - Waiting for nyc_fhv_ingestion on 2026-04-30 08:59:12.974311+00:00 to become allowed state ['success'] ...
[2026-04-30T09:01:05.449+0000] {trigger_dagrun.py:222} INFO - Waiting for nyc_fhv_ingestion on 2026-04-30 08:59:12.974311+00:00 to become allowed state ['success'] ...
[2026-04-30T09:01:15.464+0000] {trigger_dagrun.py:222} INFO - Waiting for nyc_fhv_ingestion on 2026-04-30 08:59:12.974311+00:00 to become allowed state ['success'] ...
[2026-04-30T09:01:25.485+0000] {trigger_dagrun.py:222} INFO - Waiting for nyc_fhv_ingestion on 2026-04-30 08:59:12.974311+00:00 to become allowed state ['success'] ...
[2026-04-30T09:01:35.516+0000] {trigger_dagrun.py:222} INFO - Waiting for nyc_fhv_ingestion on 2026-04-30 08:59:12.974311+00:00 to become allowed state ['success'] ...
[2026-04-30T09:01:45.535+0000] {trigger_dagrun.py:222} INFO - Waiting for nyc_fhv_ingestion on 2026-04-30 08:59:12.974311+00:00 to become allowed state ['success'] ...
[2026-04-30T09:01:55.552+0000] {trigger_dagrun.py:222} INFO - Waiting for nyc_fhv_ingestion on 2026-04-30 08:59:12.974311+00:00 to become allowed state ['success'] ...
[2026-04-30T09:02:05.578+0000] {trigger_dagrun.py:222} INFO - Waiting for nyc_fhv_ingestion on 2026-04-30 08:59:12.974311+00:00 to become allowed state ['success'] ...
[2026-04-30T09:02:15.593+0000] {trigger_dagrun.py:222} INFO - Waiting for nyc_fhv_ingestion on 2026-04-30 08:59:12.974311+00:00 to become allowed state ['success'] ...
[2026-04-30T09:02:25.608+0000] {trigger_dagrun.py:222} INFO - Waiting for nyc_fhv_ingestion on 2026-04-30 08:59:12.974311+00:00 to become allowed state ['success'] ...
[2026-04-30T09:02:35.631+0000] {trigger_dagrun.py:222} INFO - Waiting for nyc_fhv_ingestion on 2026-04-30 08:59:12.974311+00:00 to become allowed state ['success'] ...
[2026-04-30T09:02:45.646+0000] {trigger_dagrun.py:222} INFO - Waiting for nyc_fhv_ingestion on 2026-04-30 08:59:12.974311+00:00 to become allowed state ['success'] ...
[2026-04-30T09:02:55.660+0000] {trigger_dagrun.py:222} INFO - Waiting for nyc_fhv_ingestion on 2026-04-30 08:59:12.974311+00:00 to become allowed state ['success'] ...
[2026-04-30T09:03:05.683+0000] {trigger_dagrun.py:222} INFO - Waiting for nyc_fhv_ingestion on 2026-04-30 08:59:12.974311+00:00 to become allowed state ['success'] ...
[2026-04-30T09:03:15.700+0000] {trigger_dagrun.py:222} INFO - Waiting for nyc_fhv_ingestion on 2026-04-30 08:59:12.974311+00:00 to become allowed state ['success'] ...
[2026-04-30T09:03:25.717+0000] {trigger_dagrun.py:222} INFO - Waiting for nyc_fhv_ingestion on 2026-04-30 08:59:12.974311+00:00 to become allowed state ['success'] ...
[2026-04-30T09:03:35.734+0000] {trigger_dagrun.py:222} INFO - Waiting for nyc_fhv_ingestion on 2026-04-30 08:59:12.974311+00:00 to become allowed state ['success'] ...
[2026-04-30T09:03:45.757+0000] {trigger_dagrun.py:222} INFO - Waiting for nyc_fhv_ingestion on 2026-04-30 08:59:12.974311+00:00 to become allowed state ['success'] ...
[2026-04-30T09:03:55.781+0000] {trigger_dagrun.py:222} INFO - Waiting for nyc_fhv_ingestion on 2026-04-30 08:59:12.974311+00:00 to become allowed state ['success'] ...
[2026-04-30T09:04:05.798+0000] {trigger_dagrun.py:222} INFO - Waiting for nyc_fhv_ingestion on 2026-04-30 08:59:12.974311+00:00 to become allowed state ['success'] ...
[2026-04-30T09:04:15.820+0000] {trigger_dagrun.py:222} INFO - Waiting for nyc_fhv_ingestion on 2026-04-30 08:59:12.974311+00:00 to become allowed state ['success'] ...
[2026-04-30T09:04:25.845+0000] {trigger_dagrun.py:222} INFO - Waiting for nyc_fhv_ingestion on 2026-04-30 08:59:12.974311+00:00 to become allowed state ['success'] ...
[2026-04-30T09:04:35.871+0000] {trigger_dagrun.py:222} INFO - Waiting for nyc_fhv_ingestion on 2026-04-30 08:59:12.974311+00:00 to become allowed state ['success'] ...
[2026-04-30T09:04:45.888+0000] {trigger_dagrun.py:222} INFO - Waiting for nyc_fhv_ingestion on 2026-04-30 08:59:12.974311+00:00 to become allowed state ['success'] ...
[2026-04-30T09:04:55.919+0000] {trigger_dagrun.py:222} INFO - Waiting for nyc_fhv_ingestion on 2026-04-30 08:59:12.974311+00:00 to become allowed state ['success'] ...
[2026-04-30T09:05:05.963+0000] {trigger_dagrun.py:222} INFO - Waiting for nyc_fhv_ingestion on 2026-04-30 08:59:12.974311+00:00 to become allowed state ['success'] ...
[2026-04-30T09:05:15.986+0000] {trigger_dagrun.py:222} INFO - Waiting for nyc_fhv_ingestion on 2026-04-30 08:59:12.974311+00:00 to become allowed state ['success'] ...
[2026-04-30T09:05:26.004+0000] {trigger_dagrun.py:222} INFO - Waiting for nyc_fhv_ingestion on 2026-04-30 08:59:12.974311+00:00 to become allowed state ['success'] ...
[2026-04-30T09:05:36.047+0000] {trigger_dagrun.py:222} INFO - Waiting for nyc_fhv_ingestion on 2026-04-30 08:59:12.974311+00:00 to become allowed state ['success'] ...
[2026-04-30T09:05:46.089+0000] {trigger_dagrun.py:222} INFO - Waiting for nyc_fhv_ingestion on 2026-04-30 08:59:12.974311+00:00 to become allowed state ['success'] ...
[2026-04-30T09:05:56.112+0000] {trigger_dagrun.py:235} INFO - nyc_fhv_ingestion finished with allowed state success
[2026-04-30T09:05:56.118+0000] {taskinstance.py:441} INFO - ::group::Post task execution logs
[2026-04-30T09:05:56.140+0000] {taskinstance.py:1206} INFO - Marking task as SUCCESS. dag_id=nyc_fhv_pipeline, task_id=trigger_ingestion, run_id=manual__2026-04-30T08:59:07.261721+00:00, execution_date=20260430T085907, start_date=20260430T085912, end_date=20260430T090556
[2026-04-30T09:05:56.223+0000] {local_task_job_runner.py:240} INFO - Task exited with return code 0
[2026-04-30T09:05:56.269+0000] {taskinstance.py:3498} INFO - 1 downstream tasks scheduled from follow-on schedule check
[2026-04-30T09:05:56.283+0000] {local_task_job_runner.py:222} INFO - ::endgroup::
