[2026-05-08T19:38:06.560+0000] {local_task_job_runner.py:120} INFO - ::group::Pre task execution logs
[2026-05-08T19:38:06.582+0000] {taskinstance.py:2076} INFO - Dependencies all met for dep_context=non-requeueable deps ti=<TaskInstance: newyork_fhv_quality_check.check_row_count manual__2026-05-08T19:38:05.235023+00:00 [queued]>
[2026-05-08T19:38:06.590+0000] {taskinstance.py:2076} INFO - Dependencies all met for dep_context=requeueable deps ti=<TaskInstance: newyork_fhv_quality_check.check_row_count manual__2026-05-08T19:38:05.235023+00:00 [queued]>
[2026-05-08T19:38:06.592+0000] {taskinstance.py:2306} INFO - Starting attempt 1 of 2
[2026-05-08T19:38:06.606+0000] {taskinstance.py:2330} INFO - Executing <Task(PythonOperator): check_row_count> on 2026-05-08 19:38:05.235023+00:00
[2026-05-08T19:38:06.612+0000] {warnings.py:110} WARNING - /home/***/.local/lib/python3.12/site-packages/***/task/task_runner/standard_task_runner.py:61: DeprecationWarning: This process (pid=553) is multi-threaded, use of fork() may lead to deadlocks in the child.
  pid = os.fork()

[2026-05-08T19:38:06.613+0000] {standard_task_runner.py:63} INFO - Started process 556 to run task
[2026-05-08T19:38:06.613+0000] {standard_task_runner.py:90} INFO - Running: ['***', 'tasks', 'run', 'newyork_fhv_quality_check', 'check_row_count', 'manual__2026-05-08T19:38:05.235023+00:00', '--job-id', '63', '--raw', '--subdir', 'DAGS_FOLDER/newyork_fhv_quality_check.py', '--cfg-path', '/tmp/tmp7fzq6fug']
[2026-05-08T19:38:06.615+0000] {standard_task_runner.py:91} INFO - Job 63: Subtask check_row_count
[2026-05-08T19:38:06.691+0000] {task_command.py:426} INFO - Running <TaskInstance: newyork_fhv_quality_check.check_row_count manual__2026-05-08T19:38:05.235023+00:00 [running]> on host 2c41721f40ae
[2026-05-08T19:38:06.779+0000] {taskinstance.py:2648} INFO - Exporting env vars: AIRFLOW_CTX_DAG_OWNER='***' AIRFLOW_CTX_DAG_ID='newyork_fhv_quality_check' AIRFLOW_CTX_TASK_ID='check_row_count' AIRFLOW_CTX_EXECUTION_DATE='2026-05-08T19:38:05.235023+00:00' AIRFLOW_CTX_TRY_NUMBER='1' AIRFLOW_CTX_DAG_RUN_ID='manual__2026-05-08T19:38:05.235023+00:00'
[2026-05-08T19:38:06.781+0000] {taskinstance.py:430} INFO - ::endgroup::
[2026-05-08T19:38:07.044+0000] {logging_mixin.py:188} INFO - [QC] Row count: 50000 (minimum required: 10)
[2026-05-08T19:38:07.064+0000] {python.py:237} INFO - Done. Returned value was: 50000
[2026-05-08T19:38:07.065+0000] {taskinstance.py:441} INFO - ::group::Post task execution logs
[2026-05-08T19:38:07.086+0000] {taskinstance.py:1206} INFO - Marking task as SUCCESS. dag_id=newyork_fhv_quality_check, task_id=check_row_count, run_id=manual__2026-05-08T19:38:05.235023+00:00, execution_date=20260508T193805, start_date=20260508T193806, end_date=20260508T193807
[2026-05-08T19:38:07.109+0000] {local_task_job_runner.py:240} INFO - Task exited with return code 0
[2026-05-08T19:38:07.144+0000] {taskinstance.py:3498} INFO - 0 downstream tasks scheduled from follow-on schedule check
[2026-05-08T19:38:07.151+0000] {local_task_job_runner.py:222} INFO - ::endgroup::
