[2026-05-08T19:34:54.873+0000] {local_task_job_runner.py:120} INFO - ::group::Pre task execution logs
[2026-05-08T19:34:54.895+0000] {taskinstance.py:2076} INFO - Dependencies all met for dep_context=non-requeueable deps ti=<TaskInstance: newyork_fhv_silver.clean_and_transform manual__2026-05-08T19:34:54.130170+00:00 [queued]>
[2026-05-08T19:34:54.903+0000] {taskinstance.py:2076} INFO - Dependencies all met for dep_context=requeueable deps ti=<TaskInstance: newyork_fhv_silver.clean_and_transform manual__2026-05-08T19:34:54.130170+00:00 [queued]>
[2026-05-08T19:34:54.904+0000] {taskinstance.py:2306} INFO - Starting attempt 1 of 2
[2026-05-08T19:34:54.918+0000] {taskinstance.py:2330} INFO - Executing <Task(PythonOperator): clean_and_transform> on 2026-05-08 19:34:54.130170+00:00
[2026-05-08T19:34:54.926+0000] {warnings.py:110} WARNING - /home/***/.local/lib/python3.12/site-packages/***/task/task_runner/standard_task_runner.py:61: DeprecationWarning: This process (pid=492) is multi-threaded, use of fork() may lead to deadlocks in the child.
  pid = os.fork()

[2026-05-08T19:34:54.928+0000] {standard_task_runner.py:90} INFO - Running: ['***', 'tasks', 'run', 'newyork_fhv_silver', 'clean_and_transform', 'manual__2026-05-08T19:34:54.130170+00:00', '--job-id', '53', '--raw', '--subdir', 'DAGS_FOLDER/newyork_fhv_silver.py', '--cfg-path', '/tmp/tmpgm0shh53']
[2026-05-08T19:34:54.929+0000] {standard_task_runner.py:63} INFO - Started process 493 to run task
[2026-05-08T19:34:54.929+0000] {standard_task_runner.py:91} INFO - Job 53: Subtask clean_and_transform
[2026-05-08T19:34:55.000+0000] {task_command.py:426} INFO - Running <TaskInstance: newyork_fhv_silver.clean_and_transform manual__2026-05-08T19:34:54.130170+00:00 [running]> on host 2c41721f40ae
[2026-05-08T19:34:55.086+0000] {taskinstance.py:2648} INFO - Exporting env vars: AIRFLOW_CTX_DAG_OWNER='***' AIRFLOW_CTX_DAG_ID='newyork_fhv_silver' AIRFLOW_CTX_TASK_ID='clean_and_transform' AIRFLOW_CTX_EXECUTION_DATE='2026-05-08T19:34:54.130170+00:00' AIRFLOW_CTX_TRY_NUMBER='1' AIRFLOW_CTX_DAG_RUN_ID='manual__2026-05-08T19:34:54.130170+00:00'
[2026-05-08T19:34:55.087+0000] {taskinstance.py:430} INFO - ::endgroup::
[2026-05-08T19:34:55.103+0000] {logging_mixin.py:188} INFO - [Silver] Reading from: /opt/***/data/bronze/newyork_fhv_base_aggregate_raw.json
[2026-05-08T19:34:55.325+0000] {logging_mixin.py:188} INFO - [Silver] Raw records: 50000
[2026-05-08T19:34:55.327+0000] {logging_mixin.py:188} INFO - [Silver] After cleaning   : 0
[2026-05-08T19:34:55.328+0000] {logging_mixin.py:188} INFO - [Silver] After dedup      : 0
[2026-05-08T19:34:55.328+0000] {logging_mixin.py:188} INFO - [Silver] Removed (dupes)  : 0
[2026-05-08T19:34:55.332+0000] {logging_mixin.py:188} INFO - [Silver] Saved to: /opt/***/data/silver/newyork_fhv_base_aggregate_cleaned.json
[2026-05-08T19:34:55.341+0000] {python.py:237} INFO - Done. Returned value was: 0
[2026-05-08T19:34:55.342+0000] {taskinstance.py:441} INFO - ::group::Post task execution logs
[2026-05-08T19:34:55.364+0000] {taskinstance.py:1206} INFO - Marking task as SUCCESS. dag_id=newyork_fhv_silver, task_id=clean_and_transform, run_id=manual__2026-05-08T19:34:54.130170+00:00, execution_date=20260508T193454, start_date=20260508T193454, end_date=20260508T193455
[2026-05-08T19:34:55.384+0000] {local_task_job_runner.py:240} INFO - Task exited with return code 0
[2026-05-08T19:34:55.400+0000] {taskinstance.py:3498} INFO - 0 downstream tasks scheduled from follow-on schedule check
[2026-05-08T19:34:55.403+0000] {local_task_job_runner.py:222} INFO - ::endgroup::
