[2026-05-08T19:39:22.498+0000] {local_task_job_runner.py:120} INFO - ::group::Pre task execution logs
[2026-05-08T19:39:22.520+0000] {taskinstance.py:2076} INFO - Dependencies all met for dep_context=non-requeueable deps ti=<TaskInstance: newyork_fhv_quality_check.check_duplicates manual__2026-05-08T19:39:21.646663+00:00 [queued]>
[2026-05-08T19:39:22.529+0000] {taskinstance.py:2076} INFO - Dependencies all met for dep_context=requeueable deps ti=<TaskInstance: newyork_fhv_quality_check.check_duplicates manual__2026-05-08T19:39:21.646663+00:00 [queued]>
[2026-05-08T19:39:22.530+0000] {taskinstance.py:2306} INFO - Starting attempt 1 of 2
[2026-05-08T19:39:22.552+0000] {taskinstance.py:2330} INFO - Executing <Task(PythonOperator): check_duplicates> on 2026-05-08 19:39:21.646663+00:00
[2026-05-08T19:39:22.559+0000] {warnings.py:110} WARNING - /home/***/.local/lib/python3.12/site-packages/***/task/task_runner/standard_task_runner.py:61: DeprecationWarning: This process (pid=598) is multi-threaded, use of fork() may lead to deadlocks in the child.
  pid = os.fork()

[2026-05-08T19:39:22.560+0000] {standard_task_runner.py:90} INFO - Running: ['***', 'tasks', 'run', 'newyork_fhv_quality_check', 'check_duplicates', 'manual__2026-05-08T19:39:21.646663+00:00', '--job-id', '75', '--raw', '--subdir', 'DAGS_FOLDER/newyork_fhv_quality_check.py', '--cfg-path', '/tmp/tmpd_4vkdb8']
[2026-05-08T19:39:22.562+0000] {standard_task_runner.py:63} INFO - Started process 601 to run task
[2026-05-08T19:39:22.564+0000] {standard_task_runner.py:91} INFO - Job 75: Subtask check_duplicates
[2026-05-08T19:39:22.620+0000] {task_command.py:426} INFO - Running <TaskInstance: newyork_fhv_quality_check.check_duplicates manual__2026-05-08T19:39:21.646663+00:00 [running]> on host 2c41721f40ae
[2026-05-08T19:39:22.706+0000] {taskinstance.py:2648} INFO - Exporting env vars: AIRFLOW_CTX_DAG_OWNER='***' AIRFLOW_CTX_DAG_ID='newyork_fhv_quality_check' AIRFLOW_CTX_TASK_ID='check_duplicates' AIRFLOW_CTX_EXECUTION_DATE='2026-05-08T19:39:21.646663+00:00' AIRFLOW_CTX_TRY_NUMBER='1' AIRFLOW_CTX_DAG_RUN_ID='manual__2026-05-08T19:39:21.646663+00:00'
[2026-05-08T19:39:22.707+0000] {taskinstance.py:430} INFO - ::endgroup::
[2026-05-08T19:39:23.060+0000] {logging_mixin.py:188} INFO - [QC] Total records   : 50000
[2026-05-08T19:39:23.060+0000] {logging_mixin.py:188} INFO - [QC] Unique keys     : 134
[2026-05-08T19:39:23.061+0000] {logging_mixin.py:188} INFO - [QC] Duplicates found: 49866
[2026-05-08T19:39:23.085+0000] {python.py:237} INFO - Done. Returned value was: 49866
[2026-05-08T19:39:23.086+0000] {taskinstance.py:441} INFO - ::group::Post task execution logs
[2026-05-08T19:39:23.110+0000] {taskinstance.py:1206} INFO - Marking task as SUCCESS. dag_id=newyork_fhv_quality_check, task_id=check_duplicates, run_id=manual__2026-05-08T19:39:21.646663+00:00, execution_date=20260508T193921, start_date=20260508T193922, end_date=20260508T193923
[2026-05-08T19:39:23.139+0000] {local_task_job_runner.py:240} INFO - Task exited with return code 0
[2026-05-08T19:39:23.165+0000] {taskinstance.py:3498} INFO - 1 downstream tasks scheduled from follow-on schedule check
[2026-05-08T19:39:23.167+0000] {local_task_job_runner.py:222} INFO - ::endgroup::
