[2026-05-16T02:51:37.561+0000] {local_task_job_runner.py:120} INFO - ::group::Pre task execution logs
[2026-05-16T02:51:37.590+0000] {taskinstance.py:2076} INFO - Dependencies all met for dep_context=non-requeueable deps ti=<TaskInstance: newyork_fhv_silver.clean_and_transform manual__2026-05-16T02:51:36.017154+00:00 [queued]>
[2026-05-16T02:51:37.602+0000] {taskinstance.py:2076} INFO - Dependencies all met for dep_context=requeueable deps ti=<TaskInstance: newyork_fhv_silver.clean_and_transform manual__2026-05-16T02:51:36.017154+00:00 [queued]>
[2026-05-16T02:51:37.603+0000] {taskinstance.py:2306} INFO - Starting attempt 1 of 2
[2026-05-16T02:51:37.619+0000] {taskinstance.py:2330} INFO - Executing <Task(PythonOperator): clean_and_transform> on 2026-05-16 02:51:36.017154+00:00
[2026-05-16T02:51:37.625+0000] {warnings.py:110} WARNING - /home/***/.local/lib/python3.12/site-packages/***/task/task_runner/standard_task_runner.py:61: DeprecationWarning: This process (pid=217) is multi-threaded, use of fork() may lead to deadlocks in the child.
  pid = os.fork()

[2026-05-16T02:51:37.627+0000] {standard_task_runner.py:63} INFO - Started process 218 to run task
[2026-05-16T02:51:37.626+0000] {standard_task_runner.py:90} INFO - Running: ['***', 'tasks', 'run', 'newyork_fhv_silver', 'clean_and_transform', 'manual__2026-05-16T02:51:36.017154+00:00', '--job-id', '92', '--raw', '--subdir', 'DAGS_FOLDER/newyork_fhv_silver.py', '--cfg-path', '/tmp/tmp0o1zdzwj']
[2026-05-16T02:51:37.627+0000] {standard_task_runner.py:91} INFO - Job 92: Subtask clean_and_transform
[2026-05-16T02:51:37.700+0000] {task_command.py:426} INFO - Running <TaskInstance: newyork_fhv_silver.clean_and_transform manual__2026-05-16T02:51:36.017154+00:00 [running]> on host 63db16498da3
[2026-05-16T02:51:37.820+0000] {taskinstance.py:2648} INFO - Exporting env vars: AIRFLOW_CTX_DAG_OWNER='***' AIRFLOW_CTX_DAG_ID='newyork_fhv_silver' AIRFLOW_CTX_TASK_ID='clean_and_transform' AIRFLOW_CTX_EXECUTION_DATE='2026-05-16T02:51:36.017154+00:00' AIRFLOW_CTX_TRY_NUMBER='1' AIRFLOW_CTX_DAG_RUN_ID='manual__2026-05-16T02:51:36.017154+00:00'
[2026-05-16T02:51:37.822+0000] {taskinstance.py:430} INFO - ::endgroup::
[2026-05-16T02:51:37.846+0000] {logging_mixin.py:188} INFO - [Silver] Reading from: /opt/***/data/bronze/newyork_fhv_base_aggregate_raw.json
[2026-05-16T02:51:38.115+0000] {logging_mixin.py:188} INFO - [Silver] Raw records: 50000
[2026-05-16T02:51:38.117+0000] {logging_mixin.py:188} INFO - [Silver] After cleaning   : 0
[2026-05-16T02:51:38.118+0000] {logging_mixin.py:188} INFO - [Silver] After dedup      : 0
[2026-05-16T02:51:38.119+0000] {logging_mixin.py:188} INFO - [Silver] Removed (dupes)  : 0
[2026-05-16T02:51:38.126+0000] {logging_mixin.py:188} INFO - [Silver] Saved to: /opt/***/data/silver/newyork_fhv_base_aggregate_cleaned.json
[2026-05-16T02:51:38.138+0000] {python.py:237} INFO - Done. Returned value was: 0
[2026-05-16T02:51:38.139+0000] {taskinstance.py:441} INFO - ::group::Post task execution logs
[2026-05-16T02:51:38.176+0000] {taskinstance.py:1206} INFO - Marking task as SUCCESS. dag_id=newyork_fhv_silver, task_id=clean_and_transform, run_id=manual__2026-05-16T02:51:36.017154+00:00, execution_date=20260516T025136, start_date=20260516T025137, end_date=20260516T025138
[2026-05-16T02:51:38.243+0000] {local_task_job_runner.py:240} INFO - Task exited with return code 0
[2026-05-16T02:51:38.275+0000] {taskinstance.py:3498} INFO - 0 downstream tasks scheduled from follow-on schedule check
[2026-05-16T02:51:38.279+0000] {local_task_job_runner.py:222} INFO - ::endgroup::
