[2026-05-08T19:38:07.829+0000] {local_task_job_runner.py:120} INFO - ::group::Pre task execution logs
[2026-05-08T19:38:07.861+0000] {taskinstance.py:2076} INFO - Dependencies all met for dep_context=non-requeueable deps ti=<TaskInstance: newyork_fhv_quality_check.evaluate_quality manual__2026-05-08T19:38:05.235023+00:00 [queued]>
[2026-05-08T19:38:07.871+0000] {taskinstance.py:2076} INFO - Dependencies all met for dep_context=requeueable deps ti=<TaskInstance: newyork_fhv_quality_check.evaluate_quality manual__2026-05-08T19:38:05.235023+00:00 [queued]>
[2026-05-08T19:38:07.873+0000] {taskinstance.py:2306} INFO - Starting attempt 1 of 2
[2026-05-08T19:38:07.889+0000] {taskinstance.py:2330} INFO - Executing <Task(BranchPythonOperator): evaluate_quality> on 2026-05-08 19:38:05.235023+00:00
[2026-05-08T19:38:07.894+0000] {warnings.py:110} WARNING - /home/***/.local/lib/python3.12/site-packages/***/task/task_runner/standard_task_runner.py:61: DeprecationWarning: This process (pid=559) is multi-threaded, use of fork() may lead to deadlocks in the child.
  pid = os.fork()

[2026-05-08T19:38:07.896+0000] {standard_task_runner.py:63} INFO - Started process 560 to run task
[2026-05-08T19:38:07.896+0000] {standard_task_runner.py:90} INFO - Running: ['***', 'tasks', 'run', 'newyork_fhv_quality_check', 'evaluate_quality', 'manual__2026-05-08T19:38:05.235023+00:00', '--job-id', '66', '--raw', '--subdir', 'DAGS_FOLDER/newyork_fhv_quality_check.py', '--cfg-path', '/tmp/tmpi8oovtve']
[2026-05-08T19:38:07.897+0000] {standard_task_runner.py:91} INFO - Job 66: Subtask evaluate_quality
[2026-05-08T19:38:07.971+0000] {task_command.py:426} INFO - Running <TaskInstance: newyork_fhv_quality_check.evaluate_quality manual__2026-05-08T19:38:05.235023+00:00 [running]> on host 2c41721f40ae
[2026-05-08T19:38:08.076+0000] {taskinstance.py:2648} INFO - Exporting env vars: AIRFLOW_CTX_DAG_OWNER='***' AIRFLOW_CTX_DAG_ID='newyork_fhv_quality_check' AIRFLOW_CTX_TASK_ID='evaluate_quality' AIRFLOW_CTX_EXECUTION_DATE='2026-05-08T19:38:05.235023+00:00' AIRFLOW_CTX_TRY_NUMBER='1' AIRFLOW_CTX_DAG_RUN_ID='manual__2026-05-08T19:38:05.235023+00:00'
[2026-05-08T19:38:08.077+0000] {taskinstance.py:430} INFO - ::endgroup::
[2026-05-08T19:38:08.091+0000] {baseoperator.py:399} WARNING - BranchPythonOperator.execute cannot be called outside TaskInstance!
[2026-05-08T19:38:08.126+0000] {logging_mixin.py:188} INFO - [QC] FAILED ❌ Issues found:
[2026-05-08T19:38:08.127+0000] {logging_mixin.py:188} INFO -   - Null values in critical column: base_number
[2026-05-08T19:38:08.129+0000] {logging_mixin.py:188} INFO -   - Found 49866 duplicate records
[2026-05-08T19:38:08.129+0000] {python.py:237} INFO - Done. Returned value was: qc_failed
[2026-05-08T19:38:08.130+0000] {branch.py:36} INFO - Branch into qc_failed
[2026-05-08T19:38:08.130+0000] {skipmixin.py:178} INFO - Following branch qc_failed
[2026-05-08T19:38:08.147+0000] {skipmixin.py:246} INFO - Skipping tasks [('qc_passed', -1)]
[2026-05-08T19:38:08.173+0000] {taskinstance.py:441} INFO - ::group::Post task execution logs
[2026-05-08T19:38:08.193+0000] {taskinstance.py:1206} INFO - Marking task as SUCCESS. dag_id=newyork_fhv_quality_check, task_id=evaluate_quality, run_id=manual__2026-05-08T19:38:05.235023+00:00, execution_date=20260508T193805, start_date=20260508T193807, end_date=20260508T193808
[2026-05-08T19:38:08.231+0000] {local_task_job_runner.py:240} INFO - Task exited with return code 0
[2026-05-08T19:38:08.256+0000] {taskinstance.py:3498} INFO - 0 downstream tasks scheduled from follow-on schedule check
[2026-05-08T19:38:08.260+0000] {local_task_job_runner.py:222} INFO - ::endgroup::
