[2026-05-08T19:38:04.899+0000] {local_task_job_runner.py:120} INFO - ::group::Pre task execution logs
[2026-05-08T19:38:04.931+0000] {taskinstance.py:2076} INFO - Dependencies all met for dep_context=non-requeueable deps ti=<TaskInstance: newyork_fhv_pipeline.trigger_quality_check manual__2026-05-08T19:37:51.283545+00:00 [queued]>
[2026-05-08T19:38:04.952+0000] {taskinstance.py:2076} INFO - Dependencies all met for dep_context=requeueable deps ti=<TaskInstance: newyork_fhv_pipeline.trigger_quality_check manual__2026-05-08T19:37:51.283545+00:00 [queued]>
[2026-05-08T19:38:04.954+0000] {taskinstance.py:2306} INFO - Starting attempt 1 of 2
[2026-05-08T19:38:04.980+0000] {taskinstance.py:2330} INFO - Executing <Task(TriggerDagRunOperator): trigger_quality_check> on 2026-05-08 19:37:51.283545+00:00
[2026-05-08T19:38:04.992+0000] {warnings.py:110} WARNING - /home/***/.local/lib/python3.12/site-packages/***/task/task_runner/standard_task_runner.py:61: DeprecationWarning: This process (pid=551) is multi-threaded, use of fork() may lead to deadlocks in the child.
  pid = os.fork()

[2026-05-08T19:38:04.994+0000] {standard_task_runner.py:63} INFO - Started process 552 to run task
[2026-05-08T19:38:04.994+0000] {standard_task_runner.py:90} INFO - Running: ['***', 'tasks', 'run', 'newyork_fhv_pipeline', 'trigger_quality_check', 'manual__2026-05-08T19:37:51.283545+00:00', '--job-id', '62', '--raw', '--subdir', 'DAGS_FOLDER/newyork_fhv_pipeline.py', '--cfg-path', '/tmp/tmp1ymxrypr']
[2026-05-08T19:38:04.998+0000] {standard_task_runner.py:91} INFO - Job 62: Subtask trigger_quality_check
[2026-05-08T19:38:05.085+0000] {task_command.py:426} INFO - Running <TaskInstance: newyork_fhv_pipeline.trigger_quality_check manual__2026-05-08T19:37:51.283545+00:00 [running]> on host 2c41721f40ae
[2026-05-08T19:38:05.213+0000] {taskinstance.py:2648} INFO - Exporting env vars: AIRFLOW_CTX_DAG_OWNER='***' AIRFLOW_CTX_DAG_ID='newyork_fhv_pipeline' AIRFLOW_CTX_TASK_ID='trigger_quality_check' AIRFLOW_CTX_EXECUTION_DATE='2026-05-08T19:37:51.283545+00:00' AIRFLOW_CTX_TRY_NUMBER='1' AIRFLOW_CTX_DAG_RUN_ID='manual__2026-05-08T19:37:51.283545+00:00'
[2026-05-08T19:38:05.215+0000] {taskinstance.py:430} INFO - ::endgroup::
[2026-05-08T19:38:05.314+0000] {trigger_dagrun.py:222} INFO - Waiting for newyork_fhv_quality_check on 2026-05-08 19:38:05.235023+00:00 to become allowed state ['success'] ...
[2026-05-08T19:38:15.330+0000] {trigger_dagrun.py:235} INFO - newyork_fhv_quality_check finished with allowed state success
[2026-05-08T19:38:15.331+0000] {taskinstance.py:441} INFO - ::group::Post task execution logs
[2026-05-08T19:38:15.347+0000] {taskinstance.py:1206} INFO - Marking task as SUCCESS. dag_id=newyork_fhv_pipeline, task_id=trigger_quality_check, run_id=manual__2026-05-08T19:37:51.283545+00:00, execution_date=20260508T193751, start_date=20260508T193804, end_date=20260508T193815
[2026-05-08T19:38:15.391+0000] {local_task_job_runner.py:240} INFO - Task exited with return code 0
[2026-05-08T19:38:15.431+0000] {taskinstance.py:3498} INFO - 1 downstream tasks scheduled from follow-on schedule check
[2026-05-08T19:38:15.437+0000] {local_task_job_runner.py:222} INFO - ::endgroup::
