[2026-04-30T09:06:00.646+0000] {local_task_job_runner.py:120} INFO - ::group::Pre task execution logs
[2026-04-30T09:06:00.840+0000] {taskinstance.py:2076} INFO - Dependencies all met for dep_context=non-requeueable deps ti=<TaskInstance: nyc_fhv_quality_check.check_duplicates manual__2026-04-30T09:05:58.554144+00:00 [queued]>
[2026-04-30T09:06:00.873+0000] {taskinstance.py:2076} INFO - Dependencies all met for dep_context=requeueable deps ti=<TaskInstance: nyc_fhv_quality_check.check_duplicates manual__2026-04-30T09:05:58.554144+00:00 [queued]>
[2026-04-30T09:06:00.880+0000] {taskinstance.py:2306} INFO - Starting attempt 1 of 2
[2026-04-30T09:06:00.958+0000] {taskinstance.py:2330} INFO - Executing <Task(PythonOperator): check_duplicates> on 2026-04-30 09:05:58.554144+00:00
[2026-04-30T09:06:00.973+0000] {warnings.py:110} WARNING - /home/***/.local/lib/python3.12/site-packages/***/task/task_runner/standard_task_runner.py:61: DeprecationWarning: This process (pid=216) is multi-threaded, use of fork() may lead to deadlocks in the child.
  pid = os.fork()

[2026-04-30T09:06:00.979+0000] {standard_task_runner.py:63} INFO - Started process 220 to run task
[2026-04-30T09:06:00.977+0000] {standard_task_runner.py:90} INFO - Running: ['***', 'tasks', 'run', 'nyc_fhv_quality_check', 'check_duplicates', 'manual__2026-04-30T09:05:58.554144+00:00', '--job-id', '19', '--raw', '--subdir', 'DAGS_FOLDER/nyc_fhv_quality_check.py', '--cfg-path', '/tmp/tmpttadx755']
[2026-04-30T09:06:00.992+0000] {standard_task_runner.py:91} INFO - Job 19: Subtask check_duplicates
[2026-04-30T09:06:01.228+0000] {task_command.py:426} INFO - Running <TaskInstance: nyc_fhv_quality_check.check_duplicates manual__2026-04-30T09:05:58.554144+00:00 [running]> on host 129dc407573d
[2026-04-30T09:06:01.552+0000] {taskinstance.py:2648} INFO - Exporting env vars: AIRFLOW_CTX_DAG_OWNER='***' AIRFLOW_CTX_DAG_ID='nyc_fhv_quality_check' AIRFLOW_CTX_TASK_ID='check_duplicates' AIRFLOW_CTX_EXECUTION_DATE='2026-04-30T09:05:58.554144+00:00' AIRFLOW_CTX_TRY_NUMBER='1' AIRFLOW_CTX_DAG_RUN_ID='manual__2026-04-30T09:05:58.554144+00:00'
[2026-04-30T09:06:01.586+0000] {taskinstance.py:430} INFO - ::endgroup::
[2026-04-30T09:06:02.653+0000] {logging_mixin.py:188} INFO - [QC] Total records   : 50000
[2026-04-30T09:06:02.660+0000] {logging_mixin.py:188} INFO - [QC] Unique keys     : 133
[2026-04-30T09:06:02.666+0000] {logging_mixin.py:188} INFO - [QC] Duplicates found: 49867
[2026-04-30T09:06:02.734+0000] {python.py:237} INFO - Done. Returned value was: 49867
[2026-04-30T09:06:02.739+0000] {taskinstance.py:441} INFO - ::group::Post task execution logs
[2026-04-30T09:06:02.790+0000] {taskinstance.py:1206} INFO - Marking task as SUCCESS. dag_id=nyc_fhv_quality_check, task_id=check_duplicates, run_id=manual__2026-04-30T09:05:58.554144+00:00, execution_date=20260430T090558, start_date=20260430T090600, end_date=20260430T090602
[2026-04-30T09:06:02.833+0000] {local_task_job_runner.py:240} INFO - Task exited with return code 0
[2026-04-30T09:06:02.885+0000] {local_task_job_runner.py:222} INFO - ::endgroup::
