[2026-05-08T19:09:06.187+0000] {local_task_job_runner.py:120} INFO - ::group::Pre task execution logs
[2026-05-08T19:09:06.212+0000] {taskinstance.py:2076} INFO - Dependencies all met for dep_context=non-requeueable deps ti=<TaskInstance: newyork_fhv_pipeline.trigger_ingestion scheduled__2026-04-01T00:00:00+00:00 [queued]>
[2026-05-08T19:09:06.223+0000] {taskinstance.py:2076} INFO - Dependencies all met for dep_context=requeueable deps ti=<TaskInstance: newyork_fhv_pipeline.trigger_ingestion scheduled__2026-04-01T00:00:00+00:00 [queued]>
[2026-05-08T19:09:06.224+0000] {taskinstance.py:2306} INFO - Starting attempt 1 of 2
[2026-05-08T19:09:06.241+0000] {taskinstance.py:2330} INFO - Executing <Task(TriggerDagRunOperator): trigger_ingestion> on 2026-04-01 00:00:00+00:00
[2026-05-08T19:09:06.247+0000] {warnings.py:110} WARNING - /home/***/.local/lib/python3.12/site-packages/***/task/task_runner/standard_task_runner.py:61: DeprecationWarning: This process (pid=127) is multi-threaded, use of fork() may lead to deadlocks in the child.
  pid = os.fork()

[2026-05-08T19:09:06.251+0000] {standard_task_runner.py:63} INFO - Started process 128 to run task
[2026-05-08T19:09:06.250+0000] {standard_task_runner.py:90} INFO - Running: ['***', 'tasks', 'run', 'newyork_fhv_pipeline', 'trigger_ingestion', 'scheduled__2026-04-01T00:00:00+00:00', '--job-id', '38', '--raw', '--subdir', 'DAGS_FOLDER/newyork_fhv_pipeline.py', '--cfg-path', '/tmp/tmpi9lfkjty']
[2026-05-08T19:09:06.253+0000] {standard_task_runner.py:91} INFO - Job 38: Subtask trigger_ingestion
[2026-05-08T19:09:06.334+0000] {task_command.py:426} INFO - Running <TaskInstance: newyork_fhv_pipeline.trigger_ingestion scheduled__2026-04-01T00:00:00+00:00 [running]> on host 2c41721f40ae
[2026-05-08T19:09:06.420+0000] {taskinstance.py:2648} INFO - Exporting env vars: AIRFLOW_CTX_DAG_OWNER='***' AIRFLOW_CTX_DAG_ID='newyork_fhv_pipeline' AIRFLOW_CTX_TASK_ID='trigger_ingestion' AIRFLOW_CTX_EXECUTION_DATE='2026-04-01T00:00:00+00:00' AIRFLOW_CTX_TRY_NUMBER='1' AIRFLOW_CTX_DAG_RUN_ID='scheduled__2026-04-01T00:00:00+00:00'
[2026-05-08T19:09:06.421+0000] {taskinstance.py:430} INFO - ::endgroup::
[2026-05-08T19:09:06.528+0000] {trigger_dagrun.py:222} INFO - Waiting for newyork_fhv_ingestion on 2026-05-08 19:09:06.450414+00:00 to become allowed state ['success'] ...
[2026-05-08T19:09:16.545+0000] {trigger_dagrun.py:222} INFO - Waiting for newyork_fhv_ingestion on 2026-05-08 19:09:06.450414+00:00 to become allowed state ['success'] ...
[2026-05-08T19:09:26.552+0000] {trigger_dagrun.py:222} INFO - Waiting for newyork_fhv_ingestion on 2026-05-08 19:09:06.450414+00:00 to become allowed state ['success'] ...
[2026-05-08T19:09:36.564+0000] {trigger_dagrun.py:222} INFO - Waiting for newyork_fhv_ingestion on 2026-05-08 19:09:06.450414+00:00 to become allowed state ['success'] ...
[2026-05-08T19:09:46.572+0000] {trigger_dagrun.py:222} INFO - Waiting for newyork_fhv_ingestion on 2026-05-08 19:09:06.450414+00:00 to become allowed state ['success'] ...
[2026-05-08T19:09:56.581+0000] {trigger_dagrun.py:222} INFO - Waiting for newyork_fhv_ingestion on 2026-05-08 19:09:06.450414+00:00 to become allowed state ['success'] ...
[2026-05-08T19:10:06.593+0000] {trigger_dagrun.py:222} INFO - Waiting for newyork_fhv_ingestion on 2026-05-08 19:09:06.450414+00:00 to become allowed state ['success'] ...
[2026-05-08T19:10:16.607+0000] {trigger_dagrun.py:222} INFO - Waiting for newyork_fhv_ingestion on 2026-05-08 19:09:06.450414+00:00 to become allowed state ['success'] ...
[2026-05-08T19:10:26.615+0000] {trigger_dagrun.py:222} INFO - Waiting for newyork_fhv_ingestion on 2026-05-08 19:09:06.450414+00:00 to become allowed state ['success'] ...
[2026-05-08T19:10:36.624+0000] {trigger_dagrun.py:222} INFO - Waiting for newyork_fhv_ingestion on 2026-05-08 19:09:06.450414+00:00 to become allowed state ['success'] ...
[2026-05-08T19:10:46.636+0000] {trigger_dagrun.py:222} INFO - Waiting for newyork_fhv_ingestion on 2026-05-08 19:09:06.450414+00:00 to become allowed state ['success'] ...
[2026-05-08T19:10:56.642+0000] {trigger_dagrun.py:222} INFO - Waiting for newyork_fhv_ingestion on 2026-05-08 19:09:06.450414+00:00 to become allowed state ['success'] ...
[2026-05-08T19:11:06.650+0000] {trigger_dagrun.py:222} INFO - Waiting for newyork_fhv_ingestion on 2026-05-08 19:09:06.450414+00:00 to become allowed state ['success'] ...
[2026-05-08T19:11:16.661+0000] {trigger_dagrun.py:222} INFO - Waiting for newyork_fhv_ingestion on 2026-05-08 19:09:06.450414+00:00 to become allowed state ['success'] ...
[2026-05-08T19:11:26.670+0000] {trigger_dagrun.py:222} INFO - Waiting for newyork_fhv_ingestion on 2026-05-08 19:09:06.450414+00:00 to become allowed state ['success'] ...
[2026-05-08T19:11:36.681+0000] {trigger_dagrun.py:222} INFO - Waiting for newyork_fhv_ingestion on 2026-05-08 19:09:06.450414+00:00 to become allowed state ['success'] ...
[2026-05-08T19:11:46.688+0000] {trigger_dagrun.py:222} INFO - Waiting for newyork_fhv_ingestion on 2026-05-08 19:09:06.450414+00:00 to become allowed state ['success'] ...
[2026-05-08T19:11:56.695+0000] {trigger_dagrun.py:222} INFO - Waiting for newyork_fhv_ingestion on 2026-05-08 19:09:06.450414+00:00 to become allowed state ['success'] ...
[2026-05-08T19:12:06.705+0000] {trigger_dagrun.py:222} INFO - Waiting for newyork_fhv_ingestion on 2026-05-08 19:09:06.450414+00:00 to become allowed state ['success'] ...
[2026-05-08T19:12:16.717+0000] {trigger_dagrun.py:222} INFO - Waiting for newyork_fhv_ingestion on 2026-05-08 19:09:06.450414+00:00 to become allowed state ['success'] ...
[2026-05-08T19:12:26.727+0000] {trigger_dagrun.py:222} INFO - Waiting for newyork_fhv_ingestion on 2026-05-08 19:09:06.450414+00:00 to become allowed state ['success'] ...
[2026-05-08T19:12:36.738+0000] {trigger_dagrun.py:222} INFO - Waiting for newyork_fhv_ingestion on 2026-05-08 19:09:06.450414+00:00 to become allowed state ['success'] ...
[2026-05-08T19:12:46.752+0000] {trigger_dagrun.py:222} INFO - Waiting for newyork_fhv_ingestion on 2026-05-08 19:09:06.450414+00:00 to become allowed state ['success'] ...
[2026-05-08T19:12:56.762+0000] {trigger_dagrun.py:222} INFO - Waiting for newyork_fhv_ingestion on 2026-05-08 19:09:06.450414+00:00 to become allowed state ['success'] ...
[2026-05-08T19:13:06.769+0000] {trigger_dagrun.py:222} INFO - Waiting for newyork_fhv_ingestion on 2026-05-08 19:09:06.450414+00:00 to become allowed state ['success'] ...
[2026-05-08T19:13:16.782+0000] {trigger_dagrun.py:222} INFO - Waiting for newyork_fhv_ingestion on 2026-05-08 19:09:06.450414+00:00 to become allowed state ['success'] ...
[2026-05-08T19:13:26.792+0000] {trigger_dagrun.py:222} INFO - Waiting for newyork_fhv_ingestion on 2026-05-08 19:09:06.450414+00:00 to become allowed state ['success'] ...
[2026-05-08T19:13:36.802+0000] {trigger_dagrun.py:222} INFO - Waiting for newyork_fhv_ingestion on 2026-05-08 19:09:06.450414+00:00 to become allowed state ['success'] ...
[2026-05-08T19:13:46.811+0000] {trigger_dagrun.py:222} INFO - Waiting for newyork_fhv_ingestion on 2026-05-08 19:09:06.450414+00:00 to become allowed state ['success'] ...
[2026-05-08T19:13:56.821+0000] {trigger_dagrun.py:222} INFO - Waiting for newyork_fhv_ingestion on 2026-05-08 19:09:06.450414+00:00 to become allowed state ['success'] ...
[2026-05-08T19:14:06.836+0000] {trigger_dagrun.py:222} INFO - Waiting for newyork_fhv_ingestion on 2026-05-08 19:09:06.450414+00:00 to become allowed state ['success'] ...
[2026-05-08T19:14:16.843+0000] {trigger_dagrun.py:222} INFO - Waiting for newyork_fhv_ingestion on 2026-05-08 19:09:06.450414+00:00 to become allowed state ['success'] ...
[2026-05-08T19:14:26.857+0000] {trigger_dagrun.py:222} INFO - Waiting for newyork_fhv_ingestion on 2026-05-08 19:09:06.450414+00:00 to become allowed state ['success'] ...
[2026-05-08T19:14:36.872+0000] {trigger_dagrun.py:222} INFO - Waiting for newyork_fhv_ingestion on 2026-05-08 19:09:06.450414+00:00 to become allowed state ['success'] ...
[2026-05-08T19:14:46.885+0000] {trigger_dagrun.py:222} INFO - Waiting for newyork_fhv_ingestion on 2026-05-08 19:09:06.450414+00:00 to become allowed state ['success'] ...
[2026-05-08T19:14:56.896+0000] {trigger_dagrun.py:222} INFO - Waiting for newyork_fhv_ingestion on 2026-05-08 19:09:06.450414+00:00 to become allowed state ['success'] ...
[2026-05-08T19:15:06.905+0000] {trigger_dagrun.py:222} INFO - Waiting for newyork_fhv_ingestion on 2026-05-08 19:09:06.450414+00:00 to become allowed state ['success'] ...
[2026-05-08T19:15:16.916+0000] {trigger_dagrun.py:222} INFO - Waiting for newyork_fhv_ingestion on 2026-05-08 19:09:06.450414+00:00 to become allowed state ['success'] ...
[2026-05-08T19:15:26.925+0000] {trigger_dagrun.py:222} INFO - Waiting for newyork_fhv_ingestion on 2026-05-08 19:09:06.450414+00:00 to become allowed state ['success'] ...
[2026-05-08T19:15:36.939+0000] {trigger_dagrun.py:222} INFO - Waiting for newyork_fhv_ingestion on 2026-05-08 19:09:06.450414+00:00 to become allowed state ['success'] ...
[2026-05-08T19:15:46.952+0000] {trigger_dagrun.py:222} INFO - Waiting for newyork_fhv_ingestion on 2026-05-08 19:09:06.450414+00:00 to become allowed state ['success'] ...
[2026-05-08T19:15:56.958+0000] {trigger_dagrun.py:222} INFO - Waiting for newyork_fhv_ingestion on 2026-05-08 19:09:06.450414+00:00 to become allowed state ['success'] ...
[2026-05-08T19:16:06.971+0000] {trigger_dagrun.py:222} INFO - Waiting for newyork_fhv_ingestion on 2026-05-08 19:09:06.450414+00:00 to become allowed state ['success'] ...
[2026-05-08T19:16:16.987+0000] {trigger_dagrun.py:222} INFO - Waiting for newyork_fhv_ingestion on 2026-05-08 19:09:06.450414+00:00 to become allowed state ['success'] ...
[2026-05-08T19:16:26.993+0000] {trigger_dagrun.py:222} INFO - Waiting for newyork_fhv_ingestion on 2026-05-08 19:09:06.450414+00:00 to become allowed state ['success'] ...
[2026-05-08T19:16:37.006+0000] {trigger_dagrun.py:222} INFO - Waiting for newyork_fhv_ingestion on 2026-05-08 19:09:06.450414+00:00 to become allowed state ['success'] ...
[2026-05-08T19:16:47.021+0000] {trigger_dagrun.py:222} INFO - Waiting for newyork_fhv_ingestion on 2026-05-08 19:09:06.450414+00:00 to become allowed state ['success'] ...
[2026-05-08T19:16:57.036+0000] {trigger_dagrun.py:222} INFO - Waiting for newyork_fhv_ingestion on 2026-05-08 19:09:06.450414+00:00 to become allowed state ['success'] ...
[2026-05-08T19:17:07.046+0000] {trigger_dagrun.py:222} INFO - Waiting for newyork_fhv_ingestion on 2026-05-08 19:09:06.450414+00:00 to become allowed state ['success'] ...
[2026-05-08T19:17:17.057+0000] {trigger_dagrun.py:222} INFO - Waiting for newyork_fhv_ingestion on 2026-05-08 19:09:06.450414+00:00 to become allowed state ['success'] ...
[2026-05-08T19:17:27.062+0000] {trigger_dagrun.py:222} INFO - Waiting for newyork_fhv_ingestion on 2026-05-08 19:09:06.450414+00:00 to become allowed state ['success'] ...
[2026-05-08T19:17:37.073+0000] {trigger_dagrun.py:222} INFO - Waiting for newyork_fhv_ingestion on 2026-05-08 19:09:06.450414+00:00 to become allowed state ['success'] ...
[2026-05-08T19:17:47.083+0000] {trigger_dagrun.py:222} INFO - Waiting for newyork_fhv_ingestion on 2026-05-08 19:09:06.450414+00:00 to become allowed state ['success'] ...
[2026-05-08T19:17:57.093+0000] {trigger_dagrun.py:222} INFO - Waiting for newyork_fhv_ingestion on 2026-05-08 19:09:06.450414+00:00 to become allowed state ['success'] ...
[2026-05-08T19:18:07.100+0000] {trigger_dagrun.py:222} INFO - Waiting for newyork_fhv_ingestion on 2026-05-08 19:09:06.450414+00:00 to become allowed state ['success'] ...
[2026-05-08T19:18:17.112+0000] {trigger_dagrun.py:222} INFO - Waiting for newyork_fhv_ingestion on 2026-05-08 19:09:06.450414+00:00 to become allowed state ['success'] ...
[2026-05-08T19:18:27.123+0000] {trigger_dagrun.py:222} INFO - Waiting for newyork_fhv_ingestion on 2026-05-08 19:09:06.450414+00:00 to become allowed state ['success'] ...
[2026-05-08T19:18:37.132+0000] {trigger_dagrun.py:222} INFO - Waiting for newyork_fhv_ingestion on 2026-05-08 19:09:06.450414+00:00 to become allowed state ['success'] ...
[2026-05-08T19:18:47.141+0000] {trigger_dagrun.py:222} INFO - Waiting for newyork_fhv_ingestion on 2026-05-08 19:09:06.450414+00:00 to become allowed state ['success'] ...
[2026-05-08T19:18:57.149+0000] {trigger_dagrun.py:222} INFO - Waiting for newyork_fhv_ingestion on 2026-05-08 19:09:06.450414+00:00 to become allowed state ['success'] ...
[2026-05-08T19:19:07.156+0000] {trigger_dagrun.py:222} INFO - Waiting for newyork_fhv_ingestion on 2026-05-08 19:09:06.450414+00:00 to become allowed state ['success'] ...
[2026-05-08T19:19:17.167+0000] {trigger_dagrun.py:222} INFO - Waiting for newyork_fhv_ingestion on 2026-05-08 19:09:06.450414+00:00 to become allowed state ['success'] ...
[2026-05-08T19:19:27.174+0000] {trigger_dagrun.py:222} INFO - Waiting for newyork_fhv_ingestion on 2026-05-08 19:09:06.450414+00:00 to become allowed state ['success'] ...
[2026-05-08T19:19:37.187+0000] {trigger_dagrun.py:222} INFO - Waiting for newyork_fhv_ingestion on 2026-05-08 19:09:06.450414+00:00 to become allowed state ['success'] ...
[2026-05-08T19:19:47.198+0000] {trigger_dagrun.py:222} INFO - Waiting for newyork_fhv_ingestion on 2026-05-08 19:09:06.450414+00:00 to become allowed state ['success'] ...
[2026-05-08T19:19:57.207+0000] {trigger_dagrun.py:222} INFO - Waiting for newyork_fhv_ingestion on 2026-05-08 19:09:06.450414+00:00 to become allowed state ['success'] ...
[2026-05-08T19:20:07.220+0000] {trigger_dagrun.py:222} INFO - Waiting for newyork_fhv_ingestion on 2026-05-08 19:09:06.450414+00:00 to become allowed state ['success'] ...
[2026-05-08T19:20:17.230+0000] {trigger_dagrun.py:222} INFO - Waiting for newyork_fhv_ingestion on 2026-05-08 19:09:06.450414+00:00 to become allowed state ['success'] ...
[2026-05-08T19:20:27.236+0000] {trigger_dagrun.py:222} INFO - Waiting for newyork_fhv_ingestion on 2026-05-08 19:09:06.450414+00:00 to become allowed state ['success'] ...
[2026-05-08T19:20:37.249+0000] {trigger_dagrun.py:222} INFO - Waiting for newyork_fhv_ingestion on 2026-05-08 19:09:06.450414+00:00 to become allowed state ['success'] ...
[2026-05-08T19:20:47.260+0000] {trigger_dagrun.py:222} INFO - Waiting for newyork_fhv_ingestion on 2026-05-08 19:09:06.450414+00:00 to become allowed state ['success'] ...
[2026-05-08T19:20:57.266+0000] {trigger_dagrun.py:222} INFO - Waiting for newyork_fhv_ingestion on 2026-05-08 19:09:06.450414+00:00 to become allowed state ['success'] ...
[2026-05-08T19:21:07.273+0000] {trigger_dagrun.py:222} INFO - Waiting for newyork_fhv_ingestion on 2026-05-08 19:09:06.450414+00:00 to become allowed state ['success'] ...
[2026-05-08T19:21:17.280+0000] {trigger_dagrun.py:222} INFO - Waiting for newyork_fhv_ingestion on 2026-05-08 19:09:06.450414+00:00 to become allowed state ['success'] ...
[2026-05-08T19:21:27.288+0000] {trigger_dagrun.py:222} INFO - Waiting for newyork_fhv_ingestion on 2026-05-08 19:09:06.450414+00:00 to become allowed state ['success'] ...
[2026-05-08T19:21:37.303+0000] {trigger_dagrun.py:222} INFO - Waiting for newyork_fhv_ingestion on 2026-05-08 19:09:06.450414+00:00 to become allowed state ['success'] ...
[2026-05-08T19:21:47.315+0000] {trigger_dagrun.py:222} INFO - Waiting for newyork_fhv_ingestion on 2026-05-08 19:09:06.450414+00:00 to become allowed state ['success'] ...
[2026-05-08T19:21:57.323+0000] {trigger_dagrun.py:222} INFO - Waiting for newyork_fhv_ingestion on 2026-05-08 19:09:06.450414+00:00 to become allowed state ['success'] ...
[2026-05-08T19:22:07.330+0000] {trigger_dagrun.py:222} INFO - Waiting for newyork_fhv_ingestion on 2026-05-08 19:09:06.450414+00:00 to become allowed state ['success'] ...
[2026-05-08T19:22:17.342+0000] {trigger_dagrun.py:222} INFO - Waiting for newyork_fhv_ingestion on 2026-05-08 19:09:06.450414+00:00 to become allowed state ['success'] ...
[2026-05-08T19:22:27.350+0000] {trigger_dagrun.py:222} INFO - Waiting for newyork_fhv_ingestion on 2026-05-08 19:09:06.450414+00:00 to become allowed state ['success'] ...
[2026-05-08T19:22:38.546+0000] {trigger_dagrun.py:222} INFO - Waiting for newyork_fhv_ingestion on 2026-05-08 19:09:06.450414+00:00 to become allowed state ['success'] ...
[2026-05-08T19:22:48.560+0000] {trigger_dagrun.py:222} INFO - Waiting for newyork_fhv_ingestion on 2026-05-08 19:09:06.450414+00:00 to become allowed state ['success'] ...
[2026-05-08T19:22:58.577+0000] {trigger_dagrun.py:222} INFO - Waiting for newyork_fhv_ingestion on 2026-05-08 19:09:06.450414+00:00 to become allowed state ['success'] ...
[2026-05-08T19:23:08.594+0000] {trigger_dagrun.py:222} INFO - Waiting for newyork_fhv_ingestion on 2026-05-08 19:09:06.450414+00:00 to become allowed state ['success'] ...
[2026-05-08T19:23:18.603+0000] {trigger_dagrun.py:222} INFO - Waiting for newyork_fhv_ingestion on 2026-05-08 19:09:06.450414+00:00 to become allowed state ['success'] ...
[2026-05-08T19:23:28.623+0000] {trigger_dagrun.py:222} INFO - Waiting for newyork_fhv_ingestion on 2026-05-08 19:09:06.450414+00:00 to become allowed state ['success'] ...
[2026-05-08T19:23:38.637+0000] {trigger_dagrun.py:222} INFO - Waiting for newyork_fhv_ingestion on 2026-05-08 19:09:06.450414+00:00 to become allowed state ['success'] ...
[2026-05-08T19:23:48.646+0000] {trigger_dagrun.py:222} INFO - Waiting for newyork_fhv_ingestion on 2026-05-08 19:09:06.450414+00:00 to become allowed state ['success'] ...
[2026-05-08T19:23:58.660+0000] {trigger_dagrun.py:222} INFO - Waiting for newyork_fhv_ingestion on 2026-05-08 19:09:06.450414+00:00 to become allowed state ['success'] ...
[2026-05-08T19:24:08.675+0000] {trigger_dagrun.py:222} INFO - Waiting for newyork_fhv_ingestion on 2026-05-08 19:09:06.450414+00:00 to become allowed state ['success'] ...
[2026-05-08T19:24:18.689+0000] {trigger_dagrun.py:222} INFO - Waiting for newyork_fhv_ingestion on 2026-05-08 19:09:06.450414+00:00 to become allowed state ['success'] ...
[2026-05-08T19:24:28.700+0000] {trigger_dagrun.py:222} INFO - Waiting for newyork_fhv_ingestion on 2026-05-08 19:09:06.450414+00:00 to become allowed state ['success'] ...
[2026-05-08T19:24:38.712+0000] {trigger_dagrun.py:222} INFO - Waiting for newyork_fhv_ingestion on 2026-05-08 19:09:06.450414+00:00 to become allowed state ['success'] ...
[2026-05-08T19:24:48.724+0000] {trigger_dagrun.py:222} INFO - Waiting for newyork_fhv_ingestion on 2026-05-08 19:09:06.450414+00:00 to become allowed state ['success'] ...
[2026-05-08T19:24:58.735+0000] {trigger_dagrun.py:222} INFO - Waiting for newyork_fhv_ingestion on 2026-05-08 19:09:06.450414+00:00 to become allowed state ['success'] ...
[2026-05-08T19:25:08.749+0000] {trigger_dagrun.py:222} INFO - Waiting for newyork_fhv_ingestion on 2026-05-08 19:09:06.450414+00:00 to become allowed state ['success'] ...
[2026-05-08T19:25:18.763+0000] {trigger_dagrun.py:222} INFO - Waiting for newyork_fhv_ingestion on 2026-05-08 19:09:06.450414+00:00 to become allowed state ['success'] ...
[2026-05-08T19:25:28.775+0000] {trigger_dagrun.py:222} INFO - Waiting for newyork_fhv_ingestion on 2026-05-08 19:09:06.450414+00:00 to become allowed state ['success'] ...
[2026-05-08T19:25:38.786+0000] {trigger_dagrun.py:222} INFO - Waiting for newyork_fhv_ingestion on 2026-05-08 19:09:06.450414+00:00 to become allowed state ['success'] ...
[2026-05-08T19:25:48.814+0000] {trigger_dagrun.py:222} INFO - Waiting for newyork_fhv_ingestion on 2026-05-08 19:09:06.450414+00:00 to become allowed state ['success'] ...
[2026-05-08T19:25:58.826+0000] {trigger_dagrun.py:222} INFO - Waiting for newyork_fhv_ingestion on 2026-05-08 19:09:06.450414+00:00 to become allowed state ['success'] ...
[2026-05-08T19:26:08.835+0000] {trigger_dagrun.py:222} INFO - Waiting for newyork_fhv_ingestion on 2026-05-08 19:09:06.450414+00:00 to become allowed state ['success'] ...
[2026-05-08T19:26:18.848+0000] {trigger_dagrun.py:222} INFO - Waiting for newyork_fhv_ingestion on 2026-05-08 19:09:06.450414+00:00 to become allowed state ['success'] ...
[2026-05-08T19:26:28.855+0000] {trigger_dagrun.py:222} INFO - Waiting for newyork_fhv_ingestion on 2026-05-08 19:09:06.450414+00:00 to become allowed state ['success'] ...
[2026-05-08T19:26:38.865+0000] {trigger_dagrun.py:222} INFO - Waiting for newyork_fhv_ingestion on 2026-05-08 19:09:06.450414+00:00 to become allowed state ['success'] ...
[2026-05-08T19:26:48.871+0000] {trigger_dagrun.py:222} INFO - Waiting for newyork_fhv_ingestion on 2026-05-08 19:09:06.450414+00:00 to become allowed state ['success'] ...
[2026-05-08T19:26:58.882+0000] {trigger_dagrun.py:222} INFO - Waiting for newyork_fhv_ingestion on 2026-05-08 19:09:06.450414+00:00 to become allowed state ['success'] ...
[2026-05-08T19:27:08.895+0000] {trigger_dagrun.py:222} INFO - Waiting for newyork_fhv_ingestion on 2026-05-08 19:09:06.450414+00:00 to become allowed state ['success'] ...
[2026-05-08T19:27:20.308+0000] {trigger_dagrun.py:222} INFO - Waiting for newyork_fhv_ingestion on 2026-05-08 19:09:06.450414+00:00 to become allowed state ['success'] ...
[2026-05-08T19:27:30.331+0000] {trigger_dagrun.py:222} INFO - Waiting for newyork_fhv_ingestion on 2026-05-08 19:09:06.450414+00:00 to become allowed state ['success'] ...
[2026-05-08T19:27:40.344+0000] {trigger_dagrun.py:222} INFO - Waiting for newyork_fhv_ingestion on 2026-05-08 19:09:06.450414+00:00 to become allowed state ['success'] ...
[2026-05-08T19:27:50.358+0000] {trigger_dagrun.py:222} INFO - Waiting for newyork_fhv_ingestion on 2026-05-08 19:09:06.450414+00:00 to become allowed state ['success'] ...
[2026-05-08T19:28:00.376+0000] {trigger_dagrun.py:222} INFO - Waiting for newyork_fhv_ingestion on 2026-05-08 19:09:06.450414+00:00 to become allowed state ['success'] ...
[2026-05-08T19:28:10.388+0000] {trigger_dagrun.py:222} INFO - Waiting for newyork_fhv_ingestion on 2026-05-08 19:09:06.450414+00:00 to become allowed state ['success'] ...
[2026-05-08T19:28:20.396+0000] {trigger_dagrun.py:222} INFO - Waiting for newyork_fhv_ingestion on 2026-05-08 19:09:06.450414+00:00 to become allowed state ['success'] ...
[2026-05-08T19:28:30.412+0000] {trigger_dagrun.py:222} INFO - Waiting for newyork_fhv_ingestion on 2026-05-08 19:09:06.450414+00:00 to become allowed state ['success'] ...
[2026-05-08T19:28:40.422+0000] {trigger_dagrun.py:222} INFO - Waiting for newyork_fhv_ingestion on 2026-05-08 19:09:06.450414+00:00 to become allowed state ['success'] ...
[2026-05-08T19:28:50.430+0000] {trigger_dagrun.py:222} INFO - Waiting for newyork_fhv_ingestion on 2026-05-08 19:09:06.450414+00:00 to become allowed state ['success'] ...
[2026-05-08T19:29:00.439+0000] {trigger_dagrun.py:222} INFO - Waiting for newyork_fhv_ingestion on 2026-05-08 19:09:06.450414+00:00 to become allowed state ['success'] ...
[2026-05-08T19:29:10.452+0000] {trigger_dagrun.py:222} INFO - Waiting for newyork_fhv_ingestion on 2026-05-08 19:09:06.450414+00:00 to become allowed state ['success'] ...
[2026-05-08T19:29:20.463+0000] {trigger_dagrun.py:222} INFO - Waiting for newyork_fhv_ingestion on 2026-05-08 19:09:06.450414+00:00 to become allowed state ['success'] ...
[2026-05-08T19:29:30.471+0000] {trigger_dagrun.py:222} INFO - Waiting for newyork_fhv_ingestion on 2026-05-08 19:09:06.450414+00:00 to become allowed state ['success'] ...
[2026-05-08T19:29:40.480+0000] {trigger_dagrun.py:222} INFO - Waiting for newyork_fhv_ingestion on 2026-05-08 19:09:06.450414+00:00 to become allowed state ['success'] ...
[2026-05-08T19:29:50.494+0000] {trigger_dagrun.py:222} INFO - Waiting for newyork_fhv_ingestion on 2026-05-08 19:09:06.450414+00:00 to become allowed state ['success'] ...
[2026-05-08T19:30:00.504+0000] {trigger_dagrun.py:222} INFO - Waiting for newyork_fhv_ingestion on 2026-05-08 19:09:06.450414+00:00 to become allowed state ['success'] ...
[2026-05-08T19:30:10.514+0000] {trigger_dagrun.py:222} INFO - Waiting for newyork_fhv_ingestion on 2026-05-08 19:09:06.450414+00:00 to become allowed state ['success'] ...
[2026-05-08T19:30:20.522+0000] {trigger_dagrun.py:222} INFO - Waiting for newyork_fhv_ingestion on 2026-05-08 19:09:06.450414+00:00 to become allowed state ['success'] ...
[2026-05-08T19:30:30.532+0000] {trigger_dagrun.py:222} INFO - Waiting for newyork_fhv_ingestion on 2026-05-08 19:09:06.450414+00:00 to become allowed state ['success'] ...
[2026-05-08T19:30:40.543+0000] {trigger_dagrun.py:222} INFO - Waiting for newyork_fhv_ingestion on 2026-05-08 19:09:06.450414+00:00 to become allowed state ['success'] ...
[2026-05-08T19:30:50.550+0000] {trigger_dagrun.py:222} INFO - Waiting for newyork_fhv_ingestion on 2026-05-08 19:09:06.450414+00:00 to become allowed state ['success'] ...
[2026-05-08T19:31:00.562+0000] {trigger_dagrun.py:222} INFO - Waiting for newyork_fhv_ingestion on 2026-05-08 19:09:06.450414+00:00 to become allowed state ['success'] ...
[2026-05-08T19:31:10.572+0000] {trigger_dagrun.py:222} INFO - Waiting for newyork_fhv_ingestion on 2026-05-08 19:09:06.450414+00:00 to become allowed state ['success'] ...
[2026-05-08T19:31:20.584+0000] {trigger_dagrun.py:222} INFO - Waiting for newyork_fhv_ingestion on 2026-05-08 19:09:06.450414+00:00 to become allowed state ['success'] ...
[2026-05-08T19:31:30.596+0000] {trigger_dagrun.py:222} INFO - Waiting for newyork_fhv_ingestion on 2026-05-08 19:09:06.450414+00:00 to become allowed state ['success'] ...
[2026-05-08T19:31:40.606+0000] {trigger_dagrun.py:222} INFO - Waiting for newyork_fhv_ingestion on 2026-05-08 19:09:06.450414+00:00 to become allowed state ['success'] ...
[2026-05-08T19:31:50.616+0000] {trigger_dagrun.py:222} INFO - Waiting for newyork_fhv_ingestion on 2026-05-08 19:09:06.450414+00:00 to become allowed state ['success'] ...
[2026-05-08T19:32:00.626+0000] {trigger_dagrun.py:222} INFO - Waiting for newyork_fhv_ingestion on 2026-05-08 19:09:06.450414+00:00 to become allowed state ['success'] ...
[2026-05-08T19:32:10.637+0000] {trigger_dagrun.py:222} INFO - Waiting for newyork_fhv_ingestion on 2026-05-08 19:09:06.450414+00:00 to become allowed state ['success'] ...
[2026-05-08T19:32:20.645+0000] {trigger_dagrun.py:222} INFO - Waiting for newyork_fhv_ingestion on 2026-05-08 19:09:06.450414+00:00 to become allowed state ['success'] ...
[2026-05-08T19:32:30.653+0000] {trigger_dagrun.py:222} INFO - Waiting for newyork_fhv_ingestion on 2026-05-08 19:09:06.450414+00:00 to become allowed state ['success'] ...
[2026-05-08T19:32:40.661+0000] {trigger_dagrun.py:222} INFO - Waiting for newyork_fhv_ingestion on 2026-05-08 19:09:06.450414+00:00 to become allowed state ['success'] ...
[2026-05-08T19:32:50.667+0000] {trigger_dagrun.py:222} INFO - Waiting for newyork_fhv_ingestion on 2026-05-08 19:09:06.450414+00:00 to become allowed state ['success'] ...
[2026-05-08T19:33:00.676+0000] {trigger_dagrun.py:222} INFO - Waiting for newyork_fhv_ingestion on 2026-05-08 19:09:06.450414+00:00 to become allowed state ['success'] ...
[2026-05-08T19:33:10.686+0000] {trigger_dagrun.py:222} INFO - Waiting for newyork_fhv_ingestion on 2026-05-08 19:09:06.450414+00:00 to become allowed state ['success'] ...
[2026-05-08T19:33:20.693+0000] {trigger_dagrun.py:222} INFO - Waiting for newyork_fhv_ingestion on 2026-05-08 19:09:06.450414+00:00 to become allowed state ['success'] ...
[2026-05-08T19:33:30.705+0000] {trigger_dagrun.py:222} INFO - Waiting for newyork_fhv_ingestion on 2026-05-08 19:09:06.450414+00:00 to become allowed state ['success'] ...
[2026-05-08T19:33:40.715+0000] {trigger_dagrun.py:222} INFO - Waiting for newyork_fhv_ingestion on 2026-05-08 19:09:06.450414+00:00 to become allowed state ['success'] ...
[2026-05-08T19:33:50.723+0000] {trigger_dagrun.py:222} INFO - Waiting for newyork_fhv_ingestion on 2026-05-08 19:09:06.450414+00:00 to become allowed state ['success'] ...
[2026-05-08T19:34:00.731+0000] {trigger_dagrun.py:222} INFO - Waiting for newyork_fhv_ingestion on 2026-05-08 19:09:06.450414+00:00 to become allowed state ['success'] ...
[2026-05-08T19:34:10.742+0000] {trigger_dagrun.py:222} INFO - Waiting for newyork_fhv_ingestion on 2026-05-08 19:09:06.450414+00:00 to become allowed state ['success'] ...
[2026-05-08T19:34:20.751+0000] {trigger_dagrun.py:222} INFO - Waiting for newyork_fhv_ingestion on 2026-05-08 19:09:06.450414+00:00 to become allowed state ['success'] ...
[2026-05-08T19:34:30.764+0000] {trigger_dagrun.py:222} INFO - Waiting for newyork_fhv_ingestion on 2026-05-08 19:09:06.450414+00:00 to become allowed state ['success'] ...
[2026-05-08T19:34:40.772+0000] {trigger_dagrun.py:235} INFO - newyork_fhv_ingestion finished with allowed state success
[2026-05-08T19:34:40.774+0000] {taskinstance.py:441} INFO - ::group::Post task execution logs
[2026-05-08T19:34:40.787+0000] {taskinstance.py:1206} INFO - Marking task as SUCCESS. dag_id=newyork_fhv_pipeline, task_id=trigger_ingestion, run_id=scheduled__2026-04-01T00:00:00+00:00, execution_date=20260401T000000, start_date=20260508T190906, end_date=20260508T193440
[2026-05-08T19:34:40.856+0000] {local_task_job_runner.py:240} INFO - Task exited with return code 0
[2026-05-08T19:34:40.917+0000] {taskinstance.py:3498} INFO - 1 downstream tasks scheduled from follow-on schedule check
[2026-05-08T19:34:40.920+0000] {local_task_job_runner.py:222} INFO - ::endgroup::
