[2026-05-08T19:34:43.696+0000] {local_task_job_runner.py:120} INFO - ::group::Pre task execution logs
[2026-05-08T19:34:43.722+0000] {taskinstance.py:2076} INFO - Dependencies all met for dep_context=non-requeueable deps ti=<TaskInstance: newyork_fhv_quality_check.check_row_count manual__2026-05-08T19:34:42.756097+00:00 [queued]>
[2026-05-08T19:34:43.732+0000] {taskinstance.py:2076} INFO - Dependencies all met for dep_context=requeueable deps ti=<TaskInstance: newyork_fhv_quality_check.check_row_count manual__2026-05-08T19:34:42.756097+00:00 [queued]>
[2026-05-08T19:34:43.733+0000] {taskinstance.py:2306} INFO - Starting attempt 1 of 2
[2026-05-08T19:34:43.750+0000] {taskinstance.py:2330} INFO - Executing <Task(PythonOperator): check_row_count> on 2026-05-08 19:34:42.756097+00:00
[2026-05-08T19:34:43.756+0000] {warnings.py:110} WARNING - /home/***/.local/lib/python3.12/site-packages/***/task/task_runner/standard_task_runner.py:61: DeprecationWarning: This process (pid=471) is multi-threaded, use of fork() may lead to deadlocks in the child.
  pid = os.fork()

[2026-05-08T19:34:43.758+0000] {standard_task_runner.py:90} INFO - Running: ['***', 'tasks', 'run', 'newyork_fhv_quality_check', 'check_row_count', 'manual__2026-05-08T19:34:42.756097+00:00', '--job-id', '44', '--raw', '--subdir', 'DAGS_FOLDER/newyork_fhv_quality_check.py', '--cfg-path', '/tmp/tmpn6ss5dzw']
[2026-05-08T19:34:43.759+0000] {standard_task_runner.py:63} INFO - Started process 476 to run task
[2026-05-08T19:34:43.759+0000] {standard_task_runner.py:91} INFO - Job 44: Subtask check_row_count
[2026-05-08T19:34:43.838+0000] {task_command.py:426} INFO - Running <TaskInstance: newyork_fhv_quality_check.check_row_count manual__2026-05-08T19:34:42.756097+00:00 [running]> on host 2c41721f40ae
[2026-05-08T19:34:43.928+0000] {taskinstance.py:2648} INFO - Exporting env vars: AIRFLOW_CTX_DAG_OWNER='***' AIRFLOW_CTX_DAG_ID='newyork_fhv_quality_check' AIRFLOW_CTX_TASK_ID='check_row_count' AIRFLOW_CTX_EXECUTION_DATE='2026-05-08T19:34:42.756097+00:00' AIRFLOW_CTX_TRY_NUMBER='1' AIRFLOW_CTX_DAG_RUN_ID='manual__2026-05-08T19:34:42.756097+00:00'
[2026-05-08T19:34:43.931+0000] {taskinstance.py:430} INFO - ::endgroup::
[2026-05-08T19:34:44.241+0000] {logging_mixin.py:188} INFO - [QC] Row count: 50000 (minimum required: 10)
[2026-05-08T19:34:44.266+0000] {python.py:237} INFO - Done. Returned value was: 50000
[2026-05-08T19:34:44.266+0000] {taskinstance.py:441} INFO - ::group::Post task execution logs
[2026-05-08T19:34:44.287+0000] {taskinstance.py:1206} INFO - Marking task as SUCCESS. dag_id=newyork_fhv_quality_check, task_id=check_row_count, run_id=manual__2026-05-08T19:34:42.756097+00:00, execution_date=20260508T193442, start_date=20260508T193443, end_date=20260508T193444
[2026-05-08T19:34:44.334+0000] {local_task_job_runner.py:240} INFO - Task exited with return code 0
[2026-05-08T19:34:44.362+0000] {taskinstance.py:3498} INFO - 1 downstream tasks scheduled from follow-on schedule check
[2026-05-08T19:34:44.364+0000] {local_task_job_runner.py:222} INFO - ::endgroup::
