[2026-04-30T09:05:41.388+0000] {local_task_job_runner.py:120} INFO - ::group::Pre task execution logs
[2026-04-30T09:05:41.556+0000] {taskinstance.py:2076} INFO - Dependencies all met for dep_context=non-requeueable deps ti=<TaskInstance: nyc_fhv_ingestion.ingest_fhv_base_aggregate manual__2026-04-30T08:59:12.974311+00:00 [queued]>
[2026-04-30T09:05:41.593+0000] {taskinstance.py:2076} INFO - Dependencies all met for dep_context=requeueable deps ti=<TaskInstance: nyc_fhv_ingestion.ingest_fhv_base_aggregate manual__2026-04-30T08:59:12.974311+00:00 [queued]>
[2026-04-30T09:05:41.609+0000] {taskinstance.py:2306} INFO - Starting attempt 1 of 2
[2026-04-30T09:05:41.696+0000] {taskinstance.py:2330} INFO - Executing <Task(PythonOperator): ingest_fhv_base_aggregate> on 2026-04-30 08:59:12.974311+00:00
[2026-04-30T09:05:41.729+0000] {warnings.py:110} WARNING - /home/***/.local/lib/python3.12/site-packages/***/task/task_runner/standard_task_runner.py:61: DeprecationWarning: This process (pid=192) is multi-threaded, use of fork() may lead to deadlocks in the child.
  pid = os.fork()

[2026-04-30T09:05:41.733+0000] {standard_task_runner.py:90} INFO - Running: ['***', 'tasks', 'run', 'nyc_fhv_ingestion', 'ingest_fhv_base_aggregate', 'manual__2026-04-30T08:59:12.974311+00:00', '--job-id', '14', '--raw', '--subdir', 'DAGS_FOLDER/nyc_fhv_ingestion.py', '--cfg-path', '/tmp/tmpbbfv4a70']
[2026-04-30T09:05:41.740+0000] {standard_task_runner.py:63} INFO - Started process 200 to run task
[2026-04-30T09:05:41.753+0000] {standard_task_runner.py:91} INFO - Job 14: Subtask ingest_fhv_base_aggregate
[2026-04-30T09:05:42.072+0000] {task_command.py:426} INFO - Running <TaskInstance: nyc_fhv_ingestion.ingest_fhv_base_aggregate manual__2026-04-30T08:59:12.974311+00:00 [running]> on host 129dc407573d
[2026-04-30T09:05:42.296+0000] {taskinstance.py:2648} INFO - Exporting env vars: AIRFLOW_CTX_DAG_OWNER='***' AIRFLOW_CTX_DAG_ID='nyc_fhv_ingestion' AIRFLOW_CTX_TASK_ID='ingest_fhv_base_aggregate' AIRFLOW_CTX_EXECUTION_DATE='2026-04-30T08:59:12.974311+00:00' AIRFLOW_CTX_TRY_NUMBER='1' AIRFLOW_CTX_DAG_RUN_ID='manual__2026-04-30T08:59:12.974311+00:00'
[2026-04-30T09:05:42.305+0000] {taskinstance.py:430} INFO - ::endgroup::
[2026-04-30T09:05:42.450+0000] {logging_mixin.py:188} INFO - [Ingestion] Fetching data from: https://data.cityofnewyork.us/resource/2v9c-2k7f.json
[2026-04-30T09:05:47.741+0000] {logging_mixin.py:188} INFO - [Ingestion] Records fetched: 50000
[2026-04-30T09:05:50.032+0000] {logging_mixin.py:188} INFO - [Ingestion] Saved to: /opt/***/data/bronze/nyc_fhv_base_aggregate_raw.json
[2026-04-30T09:05:50.059+0000] {python.py:237} INFO - Done. Returned value was: 50000
[2026-04-30T09:05:50.064+0000] {taskinstance.py:441} INFO - ::group::Post task execution logs
[2026-04-30T09:05:50.112+0000] {taskinstance.py:1206} INFO - Marking task as SUCCESS. dag_id=nyc_fhv_ingestion, task_id=ingest_fhv_base_aggregate, run_id=manual__2026-04-30T08:59:12.974311+00:00, execution_date=20260430T085912, start_date=20260430T090541, end_date=20260430T090550
[2026-04-30T09:05:50.187+0000] {local_task_job_runner.py:240} INFO - Task exited with return code 0
[2026-04-30T09:05:50.219+0000] {taskinstance.py:3498} INFO - 0 downstream tasks scheduled from follow-on schedule check
[2026-04-30T09:05:50.223+0000] {local_task_job_runner.py:222} INFO - ::endgroup::
