[2026-05-08T19:38:06.567+0000] {local_task_job_runner.py:120} INFO - ::group::Pre task execution logs
[2026-05-08T19:38:06.588+0000] {taskinstance.py:2076} INFO - Dependencies all met for dep_context=non-requeueable deps ti=<TaskInstance: newyork_fhv_quality_check.check_duplicates manual__2026-05-08T19:38:05.235023+00:00 [queued]>
[2026-05-08T19:38:06.600+0000] {taskinstance.py:2076} INFO - Dependencies all met for dep_context=requeueable deps ti=<TaskInstance: newyork_fhv_quality_check.check_duplicates manual__2026-05-08T19:38:05.235023+00:00 [queued]>
[2026-05-08T19:38:06.601+0000] {taskinstance.py:2306} INFO - Starting attempt 1 of 2
[2026-05-08T19:38:06.614+0000] {taskinstance.py:2330} INFO - Executing <Task(PythonOperator): check_duplicates> on 2026-05-08 19:38:05.235023+00:00
[2026-05-08T19:38:06.621+0000] {warnings.py:110} WARNING - /home/***/.local/lib/python3.12/site-packages/***/task/task_runner/standard_task_runner.py:61: DeprecationWarning: This process (pid=554) is multi-threaded, use of fork() may lead to deadlocks in the child.
  pid = os.fork()

[2026-05-08T19:38:06.624+0000] {standard_task_runner.py:63} INFO - Started process 557 to run task
[2026-05-08T19:38:06.623+0000] {standard_task_runner.py:90} INFO - Running: ['***', 'tasks', 'run', 'newyork_fhv_quality_check', 'check_duplicates', 'manual__2026-05-08T19:38:05.235023+00:00', '--job-id', '64', '--raw', '--subdir', 'DAGS_FOLDER/newyork_fhv_quality_check.py', '--cfg-path', '/tmp/tmpstf1ncvq']
[2026-05-08T19:38:06.625+0000] {standard_task_runner.py:91} INFO - Job 64: Subtask check_duplicates
[2026-05-08T19:38:06.702+0000] {task_command.py:426} INFO - Running <TaskInstance: newyork_fhv_quality_check.check_duplicates manual__2026-05-08T19:38:05.235023+00:00 [running]> on host 2c41721f40ae
[2026-05-08T19:38:06.786+0000] {taskinstance.py:2648} INFO - Exporting env vars: AIRFLOW_CTX_DAG_OWNER='***' AIRFLOW_CTX_DAG_ID='newyork_fhv_quality_check' AIRFLOW_CTX_TASK_ID='check_duplicates' AIRFLOW_CTX_EXECUTION_DATE='2026-05-08T19:38:05.235023+00:00' AIRFLOW_CTX_TRY_NUMBER='1' AIRFLOW_CTX_DAG_RUN_ID='manual__2026-05-08T19:38:05.235023+00:00'
[2026-05-08T19:38:06.787+0000] {taskinstance.py:430} INFO - ::endgroup::
[2026-05-08T19:38:07.055+0000] {logging_mixin.py:188} INFO - [QC] Total records   : 50000
[2026-05-08T19:38:07.056+0000] {logging_mixin.py:188} INFO - [QC] Unique keys     : 134
[2026-05-08T19:38:07.057+0000] {logging_mixin.py:188} INFO - [QC] Duplicates found: 49866
[2026-05-08T19:38:07.083+0000] {python.py:237} INFO - Done. Returned value was: 49866
[2026-05-08T19:38:07.084+0000] {taskinstance.py:441} INFO - ::group::Post task execution logs
[2026-05-08T19:38:07.103+0000] {taskinstance.py:1206} INFO - Marking task as SUCCESS. dag_id=newyork_fhv_quality_check, task_id=check_duplicates, run_id=manual__2026-05-08T19:38:05.235023+00:00, execution_date=20260508T193805, start_date=20260508T193806, end_date=20260508T193807
[2026-05-08T19:38:07.163+0000] {local_task_job_runner.py:240} INFO - Task exited with return code 0
[2026-05-08T19:38:07.202+0000] {taskinstance.py:3498} INFO - 1 downstream tasks scheduled from follow-on schedule check
[2026-05-08T19:38:07.205+0000] {local_task_job_runner.py:222} INFO - ::endgroup::
