[2026-04-30T09:06:34.032+0000] {local_task_job_runner.py:120} INFO - ::group::Pre task execution logs
[2026-04-30T09:06:34.068+0000] {taskinstance.py:2076} INFO - Dependencies all met for dep_context=non-requeueable deps ti=<TaskInstance: nyc_fhv_gold.build_gold_metrics manual__2026-04-30T09:06:33.173389+00:00 [queued]>
[2026-04-30T09:06:34.085+0000] {taskinstance.py:2076} INFO - Dependencies all met for dep_context=requeueable deps ti=<TaskInstance: nyc_fhv_gold.build_gold_metrics manual__2026-04-30T09:06:33.173389+00:00 [queued]>
[2026-04-30T09:06:34.087+0000] {taskinstance.py:2306} INFO - Starting attempt 1 of 2
[2026-04-30T09:06:34.106+0000] {taskinstance.py:2330} INFO - Executing <Task(PythonOperator): build_gold_metrics> on 2026-04-30 09:06:33.173389+00:00
[2026-04-30T09:06:34.113+0000] {warnings.py:110} WARNING - /home/***/.local/lib/python3.12/site-packages/***/task/task_runner/standard_task_runner.py:61: DeprecationWarning: This process (pid=251) is multi-threaded, use of fork() may lead to deadlocks in the child.
  pid = os.fork()

[2026-04-30T09:06:34.115+0000] {standard_task_runner.py:63} INFO - Started process 252 to run task
[2026-04-30T09:06:34.115+0000] {standard_task_runner.py:90} INFO - Running: ['***', 'tasks', 'run', 'nyc_fhv_gold', 'build_gold_metrics', 'manual__2026-04-30T09:06:33.173389+00:00', '--job-id', '34', '--raw', '--subdir', 'DAGS_FOLDER/nyc_fhv_gold.py', '--cfg-path', '/tmp/tmpb687wgbj']
[2026-04-30T09:06:34.117+0000] {standard_task_runner.py:91} INFO - Job 34: Subtask build_gold_metrics
[2026-04-30T09:06:34.197+0000] {task_command.py:426} INFO - Running <TaskInstance: nyc_fhv_gold.build_gold_metrics manual__2026-04-30T09:06:33.173389+00:00 [running]> on host 129dc407573d
[2026-04-30T09:06:34.355+0000] {taskinstance.py:2648} INFO - Exporting env vars: AIRFLOW_CTX_DAG_OWNER='***' AIRFLOW_CTX_DAG_ID='nyc_fhv_gold' AIRFLOW_CTX_TASK_ID='build_gold_metrics' AIRFLOW_CTX_EXECUTION_DATE='2026-04-30T09:06:33.173389+00:00' AIRFLOW_CTX_TRY_NUMBER='1' AIRFLOW_CTX_DAG_RUN_ID='manual__2026-04-30T09:06:33.173389+00:00'
[2026-04-30T09:06:34.359+0000] {taskinstance.py:430} INFO - ::endgroup::
[2026-04-30T09:06:34.388+0000] {logging_mixin.py:188} INFO - [Gold] Reading from: /opt/***/data/silver/nyc_fhv_base_aggregate_cleaned.json
[2026-04-30T09:06:34.399+0000] {logging_mixin.py:188} INFO - [Gold] Silver records: 0
[2026-04-30T09:06:34.435+0000] {logging_mixin.py:188} INFO - [Gold] Total bases        : 0
[2026-04-30T09:06:34.444+0000] {logging_mixin.py:188} INFO - [Gold] Grand total trips  : 0
[2026-04-30T09:06:34.458+0000] {logging_mixin.py:188} INFO - [Gold] Grand total shared : 0
[2026-04-30T09:06:34.460+0000] {logging_mixin.py:188} INFO - [Gold] Saved to           : /opt/***/data/gold/nyc_fhv_base_aggregate_metrics.json
[2026-04-30T09:06:34.468+0000] {python.py:237} INFO - Done. Returned value was: {'total_bases': 0, 'grand_total_dispatched_trips': 0, 'grand_total_shared_trips': 0, 'total_records_processed': 0}
[2026-04-30T09:06:34.471+0000] {taskinstance.py:441} INFO - ::group::Post task execution logs
[2026-04-30T09:06:34.530+0000] {taskinstance.py:1206} INFO - Marking task as SUCCESS. dag_id=nyc_fhv_gold, task_id=build_gold_metrics, run_id=manual__2026-04-30T09:06:33.173389+00:00, execution_date=20260430T090633, start_date=20260430T090634, end_date=20260430T090634
[2026-04-30T09:06:34.612+0000] {local_task_job_runner.py:240} INFO - Task exited with return code 0
[2026-04-30T09:06:34.641+0000] {taskinstance.py:3498} INFO - 0 downstream tasks scheduled from follow-on schedule check
[2026-04-30T09:06:34.644+0000] {local_task_job_runner.py:222} INFO - ::endgroup::
